13:32:52 === Full Run: S1 → S2 → S3（所有 bug） → S4 ===

13:32:52 --- S1 Recon ---
13:32:52 === recon (bug_id=-) ===
13:32:52 [recon] → 调用 GLM...
13:32:58 [recon] ← GLM(5.5s): 调工具[elf_info, checksec, identify_libc, sections, list_strings, global_vars, got_plt]
13:32:58 [recon] 我先并行收集基础信息：ELF 头、保护机制、libc、段表、字符串、全局变量、GOT/PLT。
13:32:58 [recon]   → 工具 elf_info({"binary": "/work/workspace/0016-2021-T3-seccomp1-20260908-133252/target"})
13:32:58 [recon]   → 工具 checksec({"binary": "/work/workspace/0016-2021-T3-seccomp1-20260908-133252/target"})
13:32:58 [recon]   → 工具 identify_libc({"binary": "/work/workspace/0016-2021-T3-seccomp1-20260908-133252/target"})
13:32:58 [recon]   → 工具 sections({"binary": "/work/workspace/0016-2021-T3-seccomp1-20260908-133252/target"})
13:32:58 [recon]   → 工具 list_strings({"binary": "/work/workspace/0016-2021-T3-seccomp1-20260908-133252/target", "max_lines": 200})
13:32:58 [recon]   → 工具 global_vars({"binary": "/work/workspace/0016-2021-T3-seccomp1-20260908-133252/target", "max_lines": 80})
13:32:58 [recon]   → 工具 got_plt({"binary": "/work/workspace/0016-2021-T3-seccomp1-20260908-133252/target"})
13:32:58 [recon]   ← list_strings(0.0s): /lib64/ld-linux-x86-64.so.2 ⏎ mfUa ⏎ _ITM_deregisterTMCloneTable ⏎ __gmon_start__ ⏎ _ITM_registerTMCloneTable ⏎ seccomp_load ⏎ seccomp_rule_add ⏎ secc...(1604 chars)
13:32:58 [recon]   ← sections(0.0s): There are 30 section headers, starting at offset 0x3bf8: ⏎  ⏎ Section Headers: ⏎   [Nr] Name              Type             Address           Offset ⏎ ...(4667 chars)
13:32:58 [recon]   ← global_vars(0.0s):     15: 0000000000004080     8 OBJECT  GLOBAL DEFAULT   25 stdout@GLIBC_2.2.5 (2) ⏎     17: 0000000000004090     8 OBJECT  GLOBAL DEFAULT   25 stdin@G...(1209 chars)
13:32:58 [recon]   ← got_plt(0.0s): [{"offset": "0000000000003dd8", "type": "R_X86_64_RELATIVE", "value": "*ABS*+0x00000000000011c0"}, {"offset": "0000000000003de0", "type": "R_X86_64_RE...(1956 chars)
13:32:58 [recon]   ← elf_info(0.0s): /work/workspace/0016-2021-T3-seccomp1-20260908-133252/target: ELF 64-bit LSB pie executable, x86-64, version 1 (SYSV), dynamically linked, interpreter...(3844 chars)
13:32:58 [recon]   ← identify_libc(0.0s): 	libc.so.6 => /lib/x86_64-linux-gnu/libc.so.6 (0x000075861d8ab000) ⏎ ===LIBC VERSION=== ⏎ GNU C Library (Ubuntu GLIBC 2.39-0ubuntu8.8) stable release ...(166 chars)
13:32:58 [recon]   ← checksec(0.2s): [*] '/work/workspace/0016-2021-T3-seccomp1-20260908-133252/target' ⏎     Arch:       amd64-64-little ⏎     RELRO:      Partial RELRO ⏎     Stack:     ...(249 chars)
13:32:58 [recon] → 调用 GLM...
13:33:01 [recon] ← GLM(3.3s): 调工具[disassemble, disassemble, cfg, probe_io, symbols]
13:33:01 [recon] 基础信息已收集。这是一个 seccomp + shellcode 题。现在反汇编关键函数（main、setup_seccomp）并构建 CFG，同时探测 I/O 行为。
13:33:01 [recon]   → 工具 disassemble({"binary": "/work/workspace/0016-2021-T3-seccomp1-20260908-133252/target", "function": "main", "lines": 200})
13:33:01 [recon]   → 工具 disassemble({"binary": "/work/workspace/0016-2021-T3-seccomp1-20260908-133252/target", "function": "setup_seccomp", "lines": 200})
13:33:01 [recon]   → 工具 cfg({"binary": "/work/workspace/0016-2021-T3-seccomp1-20260908-133252/target"})
13:33:01 [recon]   → 工具 probe_io({"binary": "/work/workspace/0016-2021-T3-seccomp1-20260908-133252/target", "input": "AAAA", "max_lines": 40})
13:33:01 [recon]   → 工具 symbols({"binary": "/work/workspace/0016-2021-T3-seccomp1-20260908-133252/target", "max_lines": 80})
13:33:01 [recon]   ← disassemble(0.0s): 000000000000146d <main>: ⏎     146d:	push   rbp ⏎     146e:	mov    rbp,rsp ⏎     1471:	sub    rsp,0x10 ⏎     1475:	mov    DWORD PTR [rbp-0x4],0x1000 ⏎...(1390 chars)
13:33:01 [recon]   ← disassemble(0.0s): 00000000000011c5 <setup_seccomp>: ⏎     11c5:	push   rbp ⏎     11c6:	mov    rbp,rsp ⏎     11c9:	sub    rsp,0x50 ⏎     11cd:	mov    edi,0x0 ⏎     11d2:...(4130 chars)
13:33:01 [recon]   ← probe_io(0.0s): 00000000: 4769 7665 206d 6520 796f 7572 2073 6865  Give me your she ⏎ 00000010: 6c6c 636f 6465 2028 6d61 783a 2034 3039  llcode (max: 409 ⏎ 00000020: ...(228 chars)
13:33:01 [recon]   ← symbols(0.0s): 0000000000003de8 d _DYNAMIC ⏎ 0000000000004000 d _GLOBAL_OFFSET_TABLE_ ⏎ 0000000000002000 R _IO_stdin_used ⏎                  w _ITM_deregisterTMClone...(1796 chars)
13:33:02 [recon]   ← cfg(1.0s): [{"name": "_init", "addr": "0x401000", "blocks": 3, "calls": ["UnresolvableCallTarget"]}, {"name": "sub_401020", "addr": "0x401020", "blocks": 1, "cal...(3982 chars)
13:33:02 [recon] → 调用 GLM...
13:33:09 [recon] ← GLM(6.8s): 调工具[disassemble, disassemble, execute]
13:33:09 [recon] 关键信息已收集。现在反汇编 init 函数确认 alarm 超时和 seccomp 调用，并查 libseccomp.so.2 的解析路径（依赖解析链必查项）。
13:33:09 [recon]   → 工具 disassemble({"binary": "/work/workspace/0016-2021-T3-seccomp1-20260908-133252/target", "function": "init", "lines": 100})
13:33:09 [recon]   → 工具 disassemble({"binary": "/work/workspace/0016-2021-T3-seccomp1-20260908-133252/target", "function": "_abort", "lines": 50})
13:33:09 [recon]   → 工具 execute({"command": "echo \"=== readelf -d (NEEDED/RPATH) ===\"; readelf -d /work/workspace/0016-2021-T3-seccomp1-20260908-133252/target 2>/dev/null | grep -i)
13:33:09 [recon]   ← disassemble(0.0s): 00000000000013f8 <init>: ⏎     13f8:	push   rbp ⏎     13f9:	mov    rbp,rsp ⏎     13fc:	mov    rax,QWORD PTR [rip+0x2c8d]        # 4090 <stdin@GLIBC_2....(946 chars)
13:33:09 [recon]   ← disassemble(0.0s): 00000000000013ca <_abort>: ⏎     13ca:	push   rbp ⏎     13cb:	mov    rbp,rsp ⏎     13ce:	sub    rsp,0x10 ⏎     13d2:	mov    QWORD PTR [rbp-0x8],rdi ⏎ ...(419 chars)
13:33:09 [recon]   ← execute(0.0s): === readelf -d (NEEDED/RPATH) === ⏎  0x0000000000000001 (NEEDED)             Shared library: [libseccomp.so.2] ⏎  0x0000000000000001 (NEEDED)         ...(1524 chars)
13:33:09 [recon] → 调用 GLM...
13:34:32 [recon] ← GLM(82.9s): 调工具[submit_final_result]
13:34:32 [recon] 所有关键信息已收集完毕。这是一个典型的 seccomp 沙箱 shellcode 题：mmap RWX 内存 → read shellcode → 跳转执行，但 seccomp 限制了系统调用。让我整理 seccomp 规则（白名单/黑名单）并提交完整报告。  seccomp 规则分析（`secco
13:34:32 [recon] ✓ submit_final_result 收到最终报告（ReconReport 校验通过，18707 chars）
13:34:32 [recon] → 调用 GLM...
13:34:38 [recon] ← GLM(6.2s)
13:34:38 [recon] S1 侦察完成。报告已提交。核心发现摘要：  **二进制性质**：seccomp 沙箱 shellcode 题（源文件 seccomp.c）。`main` 流程：`init()` → 打印提示 → `mmap(0, 0x1000, RWX, MAP_PRIVATE|MAP_ANONYMOUS)` →
13:34:38 [stage1] 保存 → /work/workspace/0016-2021-T3-seccomp1-20260908-133252/stage1.json
13:34:38 --- S2 Semantic ---
13:34:38 === semantic (bug_id=-) ===
13:34:38 [semantic] → 调用 GLM...
13:34:42 [semantic] ← GLM(3.5s): 调工具[disassemble, disassemble]
13:34:42 [semantic] 我将分析这个二进制文件。根据 S1 的结果，这是一个 seccomp 沙箱挑战，它读取 shellcode 到 RWX mmap 页面并执行它。让我反汇编关键函数以验证事实并分析 seccomp 规则是否存在漏洞。
13:34:42 [semantic]   → 工具 disassemble({"binary": "/work/workspace/0016-2021-T3-seccomp1-20260908-133252/target", "function": "setup_seccomp", "lines": 200})
13:34:42 [semantic]   → 工具 disassemble({"binary": "/work/workspace/0016-2021-T3-seccomp1-20260908-133252/target", "function": "main", "lines": 100})
13:34:42 [semantic]   ← disassemble(0.0s): 000000000000146d <main>: ⏎     146d:	push   rbp ⏎     146e:	mov    rbp,rsp ⏎     1471:	sub    rsp,0x10 ⏎     1475:	mov    DWORD PTR [rbp-0x4],0x1000 ⏎...(1390 chars)
13:34:42 [semantic]   ← disassemble(0.0s): 00000000000011c5 <setup_seccomp>: ⏎     11c5:	push   rbp ⏎     11c6:	mov    rbp,rsp ⏎     11c9:	sub    rsp,0x50 ⏎     11cd:	mov    edi,0x0 ⏎     11d2:...(4130 chars)
13:34:42 [semantic] → 调用 GLM...
13:34:46 [semantic] ← GLM(4.1s): 调工具[disassemble, disassemble]
13:34:46 [semantic] 现在让我仔细分析一下 seccomp 规则。我需要验证每个 `seccomp_rule_add` 调用的确切参数。让我更仔细地查看规则结构，以理解参数约束。
13:34:46 [semantic]   → 工具 disassemble({"binary": "/work/workspace/0016-2021-T3-seccomp1-20260908-133252/target", "function": "init", "lines": 50})
13:34:46 [semantic]   → 工具 disassemble({"binary": "/work/workspace/0016-2021-T3-seccomp1-20260908-133252/target", "function": "_abort", "lines": 30})
13:34:46 [semantic]   ← disassemble(0.0s): 00000000000013ca <_abort>: ⏎     13ca:	push   rbp ⏎     13cb:	mov    rbp,rsp ⏎     13ce:	sub    rsp,0x10 ⏎     13d2:	mov    QWORD PTR [rbp-0x8],rdi ⏎ ...(419 chars)
13:34:46 [semantic]   ← disassemble(0.0s): 00000000000013f8 <init>: ⏎     13f8:	push   rbp ⏎     13f9:	mov    rbp,rsp ⏎     13fc:	mov    rax,QWORD PTR [rip+0x2c8d]        # 4090 <stdin@GLIBC_2....(946 chars)
13:34:46 [semantic] → 调用 GLM...
13:34:50 [semantic] ← GLM(3.8s): 调工具[read_file]
13:34:50 [semantic] 现在让我仔细分析 seccomp 规则。查看 `setup_seccomp` 的反汇编，我需要追踪每个 `seccomp_rule_add` 调用。函数签名是 `seccomp_rule_add(ctx, action, syscall, arg_count, ...)`。让我仔细追踪寄存器以了解每
13:34:50 [semantic]   → 工具 read_file({"file_path": "/work/workspace/0016-2021-T3-seccomp1-20260908-133252/target", "limit": 5, "offset": 0})
13:34:50 [semantic]   ← read_file(0.0s): Error: Error reading file '/work/workspace/0016-2021-T3-seccomp1-20260908-133252/target': 'utf-8' codec can't decode byte 0xe0 in position 24: invalid...(168 chars)
13:34:50 [semantic] → 调用 GLM...
13:35:00 [semantic] ← GLM(10.2s): 调工具[disassemble]
13:35:00 [semantic] 让我仔细分析一下 seccomp 规则。查看 `setup_seccomp` 的反汇编，我需要追踪每个 `seccomp_rule_add` 调用的参数。函数签名为：  `seccomp_rule_add(scmp_filter_ctx ctx, uint32_t action, int sysca
13:35:00 [semantic]   → 工具 disassemble({"binary": "/work/workspace/0016-2021-T3-seccomp1-20260908-133252/target", "function": "setup_seccomp", "lines": 80})
13:35:00 [semantic]   ← disassemble(0.0s): 00000000000011c5 <setup_seccomp>: ⏎     11c5:	push   rbp ⏎     11c6:	mov    rbp,rsp ⏎     11c9:	sub    rsp,0x50 ⏎     11cd:	mov    edi,0x0 ⏎     11d2:...(2826 chars)
13:35:00 [semantic] → 调用 GLM...
13:35:35 [semantic] ← GLM(35.0s): 调工具[execute]
13:35:35 [semantic] 现在我已经清楚了。让我仔细分析一下 seccomp 规则。让我追踪每一条 `seccomp_rule_add` 调用：  `seccomp_rule_add` 的函数签名是： ```c int seccomp_rule_add(scmp_filter_ctx ctx, uint32_t action
13:35:35 [semantic]   → 工具 execute({"command": "grep -r \"SCMP_CMP\" /usr/include/seccomp.h 2>/dev/null || grep -r \"SCMP_CMP\" /usr/include/x86_64-linux-gnu/seccomp.h 2>/dev/null || fi)
13:35:35 [semantic]   ← execute(0.0s): 	_SCMP_CMP_MIN = 0, ⏎ 	SCMP_CMP_NE = 1,		/**< not equal */ ⏎ 	SCMP_CMP_LT = 2,		/**< less than */ ⏎ 	SCMP_CMP_LE = 3,		/**< less than or equal */ ⏎ 	S...(1602 chars)
13:35:35 [semantic] → 调用 GLM...
13:35:56 [semantic] ← GLM(20.9s): 调工具[disassemble]
13:35:56 [semantic] 这改变了一切！枚举值是： - `SCMP_CMP_NE = 1` (not equal) - `SCMP_CMP_LT = 2` (less than) - `SCMP_CMP_LE = 3` (less than or equal) - `SCMP_CMP_EQ = 4` (equal) - `S
13:35:56 [semantic]   → 工具 disassemble({"binary": "/work/workspace/0016-2021-T3-seccomp1-20260908-133252/target", "function": "setup_seccomp", "lines": 50})
13:35:56 [semantic]   ← disassemble(0.0s): 00000000000011c5 <setup_seccomp>: ⏎     11c5:	push   rbp ⏎     11c6:	mov    rbp,rsp ⏎     11c9:	sub    rsp,0x50 ⏎     11cd:	mov    edi,0x0 ⏎     11d2:...(1767 chars)
13:35:56 [semantic] → 调用 GLM...
13:36:23 [semantic] ← GLM(27.5s): 调工具[symbols]
13:36:23 [semantic] 现在让我仔细验证第二个结构体（read 规则）。查看 0x12a6-0x12ed：  ``` 12a6:	mov    QWORD PTR [rbp-0x50],0x0    ; arg=0 (low dword), op=0 (high dword initially) 12ae:	mov    
13:36:23 [semantic]   → 工具 symbols({"binary": "/work/workspace/0016-2021-T3-seccomp1-20260908-133252/target", "filter": "T", "max_lines": 30})
13:36:23 [semantic]   ← symbols(0.0s): 0000000000004000 d _GLOBAL_OFFSET_TABLE_ ⏎ 0000000000002000 R _IO_stdin_used ⏎                  w _ITM_deregisterTMCloneTable ⏎                  w _IT...(1119 chars)
13:36:23 [semantic] → 调用 GLM...
13:37:29 [semantic] ← GLM(65.9s): 调工具[submit_final_result]
13:37:29 [semantic] 很好。函数包括：`main`、`init`、`setup_seccomp`、`_abort`、`_start`、`__libc_csu_init`、`__libc_csu_fini` 以及一些辅助函数。我已经分析了所有相关函数。  现在让我整理一下我的分析。让我再验证一件事——`_abort` 函数
13:37:29 [semantic] ✓ submit_final_result 收到最终报告（VulnerabilityReport 校验通过，10897 chars）
13:37:29 [semantic] → 调用 GLM...
13:37:35 [semantic] ← GLM(5.3s)
13:37:35 [semantic] S2 语义漏洞分析已完成。核心发现总结：  **BUG-001: SECCOMP_SANDBOX_BYPASS_FD_REUSE (高危)**  通过对 `setup_seccomp()` 函数的逐指令反汇编分析，发现 seccomp 沙箱存在文件描述符重用绕过漏洞：  1. **read 系统调用
13:37:35 [stage2] 保存 → /work/workspace/0016-2021-T3-seccomp1-20260908-133252/stage2.json
13:37:35 --- S3 Primitive（所有 bug） ---
13:37:35 === impact (bug_id=BUG-001) ===
13:37:35 [impact:BUG-001] → 调用 GLM...
13:37:40 [impact:BUG-001] ← GLM(5.5s): 调工具[disassemble, disassemble]
13:37:40 [impact:BUG-001] 我将分析 BUG-001（通过 fd 重用绕过 seccomp 沙箱）并推导/验证其原语。  让我先理解二进制结构和 seccomp 规则，然后构建一个验证 PoC。
13:37:40 [impact:BUG-001]   → 工具 disassemble({"binary": "/work/workspace/0016-2021-T3-seccomp1-20260908-133252/target", "function": "setup_seccomp", "lines": 200})
13:37:40 [impact:BUG-001]   → 工具 disassemble({"binary": "/work/workspace/0016-2021-T3-seccomp1-20260908-133252/target", "function": "main", "lines": 100})
13:37:40 [impact:BUG-001]   ← disassemble(0.0s): 000000000000146d <main>: ⏎     146d:	push   rbp ⏎     146e:	mov    rbp,rsp ⏎     1471:	sub    rsp,0x10 ⏎     1475:	mov    DWORD PTR [rbp-0x4],0x1000 ⏎...(1390 chars)
13:37:40 [impact:BUG-001]   ← disassemble(0.0s): 00000000000011c5 <setup_seccomp>: ⏎     11c5:	push   rbp ⏎     11c6:	mov    rbp,rsp ⏎     11c9:	sub    rsp,0x50 ⏎     11cd:	mov    edi,0x0 ⏎     11d2:...(4130 chars)
13:37:40 [impact:BUG-001] → 调用 GLM...
13:37:48 [impact:BUG-001] ← GLM(7.4s): 调工具[execute, probe_io]
13:37:48 [impact:BUG-001] 很好。我已经确认了反汇编结果。现在让我来验证 seccomp 规则：  1. **write(1)**: `seccomp_rule_add(ctx, ALLOW, 1, 1, {arg=0, op=SCMP_CMP_EQ(4), datum_a=1})` — write 仅在 fd==1 时被允许
13:37:48 [impact:BUG-001]   → 工具 execute({"command": "ls -la /flag* /home/*/flag* 2>/dev/null; echo \"---\"; ls -la /work/workspace/0016-2021-T3-seccomp1-20260908-133252/"})
13:37:48 [impact:BUG-001]   → 工具 probe_io({"binary": "/work/workspace/0016-2021-T3-seccomp1-20260908-133252/target", "input": "AAAA"})
13:37:48 [impact:BUG-001]   ← probe_io(0.0s): 00000000: 4769 7665 206d 6520 796f 7572 2073 6865  Give me your she ⏎ 00000010: 6c6c 636f 6465 2028 6d61 783a 2034 3039  llcode (max: 409 ⏎ 00000020: ...(228 chars)
13:37:48 [impact:BUG-001]   ← execute(0.0s): -rw-r--r-- 1 root root 23 Sep  5 10:54 /flag.txt ⏎ --- ⏎ total 128 ⏎ drwxrwxrwx 1 ubuntu ubuntu  4096 Sep  8 13:37 . ⏎ drwxrwxrwx 1 ubuntu ubuntu  409...(445 chars)
13:37:48 [impact:BUG-001] → 调用 GLM...
13:38:07 [impact:BUG-001] ← GLM(19.2s): 调工具[write_file]
13:38:07 [impact:BUG-001] 在 `/flag.txt` 处有一个 flag 文件。程序会打印提示信息，读取 shellcode 并执行。现在让我编写验证 PoC。该 shellcode 将执行以下操作： 1. `close(0)` — 释放 fd 0 2. `open("/flag.txt", O_RDONLY)` — 重用 
13:38:07 [impact:BUG-001]   → 工具 write_file({"content": "#!/usr/bin/env python3\n\"\"\"\nS3 Primitive Verification PoC for BUG-001: SECCOMP_SANDBOX_BYPASS_FD_REUSE\n\nBUG: seccomp sandbox restri)
13:38:07 [impact:BUG-001]   ← write_file(0.0s): Updated file /work/workspace/0016-2021-T3-seccomp1-20260908-133252/poc-BUG-001.py
13:38:07 [impact:BUG-001] → 调用 GLM...
13:38:09 [impact:BUG-001] ← GLM(2.0s): 调工具[run_script]
13:38:09 [impact:BUG-001]   → 工具 run_script({"path": "/work/workspace/0016-2021-T3-seccomp1-20260908-133252/poc-BUG-001.py", "timeout": 30})
13:38:09 [impact:BUG-001]   ← run_script(0.2s): rc=1 ⏎ --- stdout (summarized) --- ⏎ (empty) ⏎ --- stderr (summarized) --- ⏎ Traceback (most recent call last): ⏎   File "/work/workspace/0016-2021-T3...(590 chars)
13:38:09 [impact:BUG-001] → 调用 GLM...
13:38:25 [impact:BUG-001] ← GLM(15.8s): 调工具[write_file]
13:38:25 [impact:BUG-001] `shellcraft.amd64.linux.syscall` 返回的是一个字符串，而不是字节。我需要用 `asm()` 将其包裹起来。让我来修复这个问题：
13:38:25 [impact:BUG-001]   → 工具 write_file({"content": "#!/usr/bin/env python3\n\"\"\"\nS3 Primitive Verification PoC for BUG-001: SECCOMP_SANDBOX_BYPASS_FD_REUSE\n\nBUG: seccomp sandbox restri)
13:38:25 [impact:BUG-001]   ← write_file(0.0s): Updated file /work/workspace/0016-2021-T3-seccomp1-20260908-133252/poc-BUG-001.py
13:38:25 [impact:BUG-001] → 调用 GLM...
13:38:29 [impact:BUG-001] ← GLM(4.3s): 调工具[run_script]
13:38:29 [impact:BUG-001]   → 工具 run_script({"path": "/work/workspace/0016-2021-T3-seccomp1-20260908-133252/poc-BUG-001.py", "timeout": 30})
13:38:29 [impact:BUG-001]   ← run_script(0.3s): rc=1 ⏎ --- stdout (summarized) --- ⏎ (empty) ⏎ --- stderr (summarized) --- ⏎ Traceback (most recent call last): ⏎   File "/work/workspace/0016-2021-T3...(3219 chars)
13:38:29 [impact:BUG-001] → 调用 GLM...
13:38:50 [impact:BUG-001] ← GLM(21.0s): 调工具[write_file]
13:38:50 [impact:BUG-001] `shellcraft.syscall` 无法直接处理 `bytes` 类型的路径参数。我需要手动将路径压入栈中。让我改用原始汇编代码来重写：
13:38:50 [impact:BUG-001]   → 工具 write_file({"content": "#!/usr/bin/env python3\n\"\"\"\nS3 Primitive Verification PoC for BUG-001: SECCOMP_SANDBOX_BYPASS_FD_REUSE\n\nBUG: seccomp sandbox restri)
13:38:50 [impact:BUG-001]   ← write_file(0.0s): Updated file /work/workspace/0016-2021-T3-seccomp1-20260908-133252/poc-BUG-001.py
13:38:50 [impact:BUG-001] → 调用 GLM...
13:38:53 [impact:BUG-001] ← GLM(3.1s): 调工具[run_script]
13:38:53 [impact:BUG-001]   → 工具 run_script({"path": "/work/workspace/0016-2021-T3-seccomp1-20260908-133252/poc-BUG-001.py", "timeout": 30})
13:38:54 [impact:BUG-001]   ← run_script(0.2s): rc=0 ⏎ --- stdout (summarized) --- ⏎ [*] Shellcode length: 116 bytes ⏎  ⏎ === PRIM-001: Seccomp fd-reuse bypass (ARB_READ) === ⏎ [+] Starting local pr...(808 chars)
13:38:54 [impact:BUG-001] → 调用 GLM...
13:39:00 [impact:BUG-001] ← GLM(6.4s): 调工具[execute]
13:39:00 [impact:BUG-001] 我们收到了 1 个字节 (`\n`)。这意味着 `open` 和 `read` 系统调用（syscalls）执行成功了（没有触发 `seccomp` 终止），但读取的内容只有 1 个字节。问题很可能是 `open` 返回的文件描述符（fd）不是 0，或者文件路径不对。让我检查一下——实际上，`ope
13:39:00 [impact:BUG-001]   → 工具 execute({"command": "xxd /flag.txt; echo \"---\"; wc -c /flag.txt"})
13:39:00 [impact:BUG-001]   ← execute(0.0s): 00000000: 7465 7374 5f66 6c61 675f 636f 6e74 656e  test_flag_conten ⏎ 00000010: 745f 6865 7265 0a                        t_here. ⏎ --- ⏎ 23 /flag.txt ...(191 chars)
13:39:00 [impact:BUG-001] → 调用 GLM...
13:39:07 [impact:BUG-001] ← GLM(7.2s): 调工具[gdb_run]
13:39:07 [impact:BUG-001] 该文件包含 23 个字节，内容为 `test_flag_content_here\n`。我们只收到了 1 个字节 (`\n`)。问题很可能出在栈上的路径字符串上。让我检查一下：我压入了 `/`，然后是 `flag.txt`，接着是 null。但栈是向下生长的，所以 `push` 会递减 `rsp`。
13:39:07 [impact:BUG-001]   → 工具 gdb_run({"binary": "/work/workspace/0016-2021-T3-seccomp1-20260908-133252/target", "commands": "b *main+0x93; run; x/20i $rax; info registers rax rdi rsi rdx")
13:39:07 [impact:BUG-001]   ← gdb_run(0.1s): Breakpoint 1 at 0x1500 ⏎ [Thread debugging using libthread_db enabled] ⏎ Using host libthread_db library "/lib/x86_64-linux-gnu/libthread_db.so.1". ⏎ ...(1170 chars)
13:39:07 [impact:BUG-001] → 调用 GLM...
13:39:35 [impact:BUG-001] ← GLM(28.2s): 调工具[write_file]
13:39:35 [impact:BUG-001] 很好，断点在 `call rax` 处生效，且 `mmap` 缓冲区位于 `0x7ffff7fba000`。现在让我用实际的 shellcode 进行测试。问题可能在于 `sendline` 添加了一个 `\n`，它被当作 shellcode 的一部分读取了。但更重要的是，让我检查一下我的 shel
13:39:35 [impact:BUG-001]   → 工具 write_file({"content": "#!/usr/bin/env python3\n\"\"\"\nS3 Primitive Verification PoC for BUG-001: SECCOMP_SANDBOX_BYPASS_FD_REUSE\n\nBUG: seccomp sandbox restri)
13:39:35 [impact:BUG-001]   ← write_file(0.0s): Updated file /work/workspace/0016-2021-T3-seccomp1-20260908-133252/poc-BUG-001.py
13:39:35 [impact:BUG-001] → 调用 GLM...
13:39:41 [impact:BUG-001] ← GLM(6.0s): 调工具[run_script]
13:39:41 [impact:BUG-001]   → 工具 run_script({"path": "/work/workspace/0016-2021-T3-seccomp1-20260908-133252/poc-BUG-001.py", "timeout": 30})
13:39:42 [impact:BUG-001]   ← run_script(0.2s): rc=0 ⏎ --- stdout (summarized) --- ⏎ [*] Shellcode length: 131 bytes ⏎  ⏎ === PRIM-001: Seccomp fd-reuse bypass (ARB_READ) === ⏎ [+] Starting local pr...(921 chars)
13:39:42 [impact:BUG-001] → 调用 GLM...
13:40:15 [impact:BUG-001] ← GLM(33.7s): 调工具[write_file]
13:40:15 [impact:BUG-001] PoC 运行成功。我们收到了 24 字节的数据：`\ntest_flag_content_here\n`。开头的 `\n` 来自 `send`（shellcode 末尾没有换行符，但 `read` 系统调用读取了文件内容）。实际上，开头的 `\n` 很可能是 `sendline`/`send` 交互
13:40:15 [impact:BUG-001]   → 工具 write_file({"content": "#!/usr/bin/env python3\n\"\"\"\nS3 Primitive Verification PoC for BUG-001: SECCOMP_SANDBOX_BYPASS_FD_REUSE\n\nBUG: seccomp sandbox restri)
13:40:15 [impact:BUG-001]   ← write_file(0.0s): Updated file /work/workspace/0016-2021-T3-seccomp1-20260908-133252/poc-BUG-001.py
13:40:15 [impact:BUG-001] → 调用 GLM...
13:40:17 [impact:BUG-001] ← GLM(1.9s): 调工具[run_script]
13:40:17 [impact:BUG-001]   → 工具 run_script({"path": "/work/workspace/0016-2021-T3-seccomp1-20260908-133252/poc-BUG-001.py", "timeout": 30})
13:40:19 [impact:BUG-001]   ← run_script(2.2s): rc=0 ⏎ --- stdout (summarized) --- ⏎ ============================================================ ⏎ === PRIM-001: ARB_READ via seccomp fd-reuse bypass...(1780 chars)
13:40:19 [impact:BUG-001] → 调用 GLM...
13:40:25 [impact:BUG-001] ← GLM(5.5s): 调工具[execute, checksec]
13:40:25 [impact:BUG-001] 两个原语均已验证：  **PRIM-001 (ARB_READ)**: 成功读取了 `/flag.txt` 的内容 (`test_flag_content_here`)，通过 `close(0)+open("/flag.txt")` 重用 fd 0，绕过了 seccomp 的 `fd==0` 读取限
13:40:25 [impact:BUG-001]   → 工具 execute({"command": "ls -la /work/workspace/0016-2021-T3-seccomp1-20260908-133252/poc-BUG-001.py; echo \"---\"; cat /tmp/s3_write_test | xxd"})
13:40:25 [impact:BUG-001]   → 工具 checksec({"binary": "/work/workspace/0016-2021-T3-seccomp1-20260908-133252/target"})
13:40:25 [impact:BUG-001]   ← execute(0.0s): -rwxrwxrwx 1 ubuntu ubuntu 7630 Sep  8 13:40 /work/workspace/0016-2021-T3-seccomp1-20260908-133252/poc-BUG-001.py ⏎ --- ⏎ 00000000: 5333 5f41 5242 5f5...(291 chars)
13:40:25 [impact:BUG-001]   ← checksec(0.1s): [*] '/work/workspace/0016-2021-T3-seccomp1-20260908-133252/target' ⏎     Arch:       amd64-64-little ⏎     RELRO:      Partial RELRO ⏎     Stack:     ...(249 chars)
13:40:25 [impact:BUG-001] → 调用 GLM...
13:41:31 [impact:BUG-001] ← GLM(65.6s): 调工具[submit_final_result]
13:41:31 [impact:BUG-001] 所有证据已收集完毕。PoC 文件已放置到位，两个原语均已通过动态证据验证。现在我来提交最终结果：
13:41:31 [impact:BUG-001] ✓ submit_final_result 收到最终报告（PrimitiveReport 校验通过，16585 chars）
13:41:31 [impact:BUG-001] → 调用 GLM...
13:41:39 [impact:BUG-001] ← GLM(8.3s)
13:41:39 [impact:BUG-001] S3 Primitive 分析与验证已完成。以下是工作总结：  ## BUG-001: SECCOMP_SANDBOX_BYPASS_FD_REUSE  ### 已验证原语  **PRIM-001: ARB_READ (已验证)** - **链路**: seccomp 将 `read()` 限制为 
13:41:39 [stage3] 保存 → /work/workspace/0016-2021-T3-seccomp1-20260908-133252/stage3.json
13:41:39 --- S4 Exploit ---
13:41:39 === exploit (bug_id=-) ===
13:41:39 [exploit] → 调用 GLM...
13:41:46 [exploit] ← GLM(6.6s): 调工具[read_file, ls]
13:41:46 [exploit] 我来分析这个任务。这是一个 seccomp 沙箱逃逸挑战，核心漏洞是 fd 重用绕过 seccomp 的 fd==0/fd==1 约束。S3 已经验证了 ARB_READ 和 ARB_WRITE 两个原语。  让我先读取匹配的 skill，然后检查环境。
13:41:46 [exploit]   → 工具 read_file({"file_path": "/work/leanagent/skills/data-only/SKILL.md", "limit": 1000})
13:41:46 [exploit]   → 工具 ls({"path": "/work/workspace/0016-2021-T3-seccomp1-20260908-133252"})
13:41:46 [exploit]   ← read_file(0.0s):  1  --- ⏎  2  name: data-only ⏎  3  description: 任意写→篡改数据达成目标（不控控制流，绕CFI）。通用方法论。 ⏎  4  --- ⏎  5   ⏎  6  # Data-Only Attack / BOP ⏎  7   ⏎  8  ## 适用条件 ...(1142 chars)
13:41:46 [exploit]   ← ls(0.0s): ['/work/workspace/0016-2021-T3-seccomp1-20260908-133252/full_run.log', '/work/workspace/0016-2021-T3-seccomp1-20260908-133252/poc-BUG-001.py', '/work/...(413 chars)
13:41:46 [exploit] → 调用 GLM...
13:41:50 [exploit] ← GLM(3.9s): 调工具[read_file, execute]
13:41:50 [exploit] 这个挑战的本质是：seccomp 沙箱限制了 read 只能 fd==0、write 只能 fd==1，但 close/open 无限制。通过 close(0)+open(flag) 重用 fd 0，然后 read(0) 读 flag，write(1) 输出到 stdout。这是 data-only
13:41:50 [exploit]   → 工具 read_file({"file_path": "/work/workspace/0016-2021-T3-seccomp1-20260908-133252/poc-BUG-001.py"})
13:41:50 [exploit]   → 工具 execute({"command": "ls -la /flag* /home/*/flag* 2>/dev/null; cat /flag.txt 2>/dev/null; cat /flag 2>/dev/null"})
13:41:50 [exploit]   ← read_file(0.0s):   1  #!/usr/bin/env python3 ⏎   2  """ ⏎   3  S3 Primitive Verification PoC for BUG-001: SECCOMP_SANDBOX_BYPASS_FD_REUSE ⏎   4   ⏎   5  BUG: seccomp s...(4249 chars)
13:41:50 [exploit]   ← execute(0.0s): -rw-r--r-- 1 root root 23 Sep  5 10:54 /flag.txt ⏎ test_flag_content_here ⏎  ⏎ Exit code: 1 ⏎ [Command failed with exit code 1]
13:41:50 [exploit] → 调用 GLM...
13:42:16 [exploit] ← GLM(26.1s): 调工具[write_file]
13:42:16 [exploit] Flag 文件确认在 `/flag.txt`，内容是 `test_flag_content_here`。S3 的 PoC 已经验证了原语。现在我需要编写最终的 exploit.py，它应该是一个完整的、自包含的利用脚本。  这个挑战的利用路线非常直接： 1. 发送 shellcode 到 RWX 页
13:42:16 [exploit]   → 工具 write_file({"content": "#!/usr/bin/env python3\n\"\"\"\nS4 Exploit: SECCOMP_SANDBOX_BYPASS_FD_REUSE (BUG-001)\n\nTarget: seccomp challenge binary\n  - Reads shel)
13:42:16 [exploit]   ← write_file(0.0s): Updated file /work/workspace/0016-2021-T3-seccomp1-20260908-133252/exploit.py
13:42:16 [exploit] → 调用 GLM...
13:42:18 [exploit] ← GLM(2.6s): 调工具[run_script]
13:42:18 [exploit] 现在运行 exploit.py 验证：
13:42:18 [exploit]   → 工具 run_script({"path": "/work/workspace/0016-2021-T3-seccomp1-20260908-133252/exploit.py", "timeout": 30})
13:42:19 [exploit]   ← run_script(0.2s): rc=1 ⏎ --- stdout (summarized) --- ⏎  ⏎ ============================================================ ⏎ [*] Exploit attempt 1/3 ⏎ =====================...(3181 chars)
13:42:19 [exploit] → 调用 GLM...
13:42:38 [exploit] ← GLM(19.2s): 调工具[write_file]
13:42:38 [exploit] 问题是 pwntools 的 `asm()` 在处理 `.ascii` 中的 null 字符时有问题。我需要改用不同的方式构建 shellcode——用字节拼接而不是在 asm 字符串中嵌入路径。让我用更可靠的方式：手动构建 shellcode 或用 `Shellcraft` 风格。
13:42:38 [exploit]   → 工具 write_file({"content": "#!/usr/bin/env python3\n\"\"\"\nS4 Exploit: SECCOMP_SANDBOX_BYPASS_FD_REUSE (BUG-001)\n\nTarget: seccomp challenge binary\n  - Reads shel)
13:42:38 [exploit]   ← write_file(0.0s): Updated file /work/workspace/0016-2021-T3-seccomp1-20260908-133252/exploit.py
13:42:38 [exploit] → 调用 GLM...
13:42:40 [exploit] ← GLM(1.8s): 调工具[run_script]
13:42:40 [exploit]   → 工具 run_script({"path": "/work/workspace/0016-2021-T3-seccomp1-20260908-133252/exploit.py", "timeout": 30})
13:42:40 [exploit]   ← run_script(0.2s): rc=0 ⏎ --- stdout (summarized) --- ⏎ --- key evidence --- ⏎ [+] LEANAGENT_SUCCESS ⏎ --- rest --- ⏎  ⏎ ================================================...(917 chars)
13:42:40 [exploit] → 调用 GLM...
13:43:49 [exploit] ← GLM(69.6s): 调工具[submit_final_result]
13:43:49 [exploit] Exploit 成功！Flag 内容 `test_flag_content_here` 已成功读取并输出到 stdout。  关键证据： - Shellcode 大小：104 字节 - 接收到 23 字节输出 - Raw hex: `746573745f666c61675f636f6e74656e7
13:43:49 [exploit] ✓ submit_final_result 收到最终报告（ExploitReport 校验通过，14526 chars）
13:43:49 [exploit] → 调用 GLM...
13:43:53 [exploit] ← GLM(3.8s)
13:43:53 [exploit] Exploit 已成功完成并提交。总结：  **利用路线**：DATA_ONLY — Seccomp FD-Reuse ORW Flag Exfiltration  **核心漏洞**：seccomp 沙箱的 read() 限制为 fd==0、write() 限制为 fd==1（SCMP_CMP_EQ
13:43:53 ✅ Exploit 成功（status=COMPLETED, result_status=EXPLOIT_SUCCESS）。
13:43:53 [stage4] 保存 → /work/workspace/0016-2021-T3-seccomp1-20260908-133252/stage4.json
13:44:07 📄 渗透报告：/work/workspace/0016-2021-T3-seccomp1-20260908-133252/report.md
=== 主 agent 汇总 ===
分析完成！以下是结果摘要：

## 漏洞分析结果

| 项目 | 结果 |
|------|------|
| **二进制路径** | `/work/ctf2/0016-2021-T3-seccomp1/target` |
| **Exploit 成功** | ✅ 是 |
| **Workspace** | `/work/workspace/0016-2021-T3-seccomp1-20260908-133252/` |
| **Exploit 脚本** | `/work/workspace/0016-2021-T3-seccomp1-20260908-133252/exploit.py` |
| **完整报告** | `/work/workspace/0016-2021-T3-seccomp1-20260908-133252/report.md` |

### 总结

对 `/work/ctf2/0016-2021-T3-seccomp1/target` 完成了 S1-S4 全流程漏洞分析（侦察 → 语义 → 原语验证 → exploit），**exploit 成功**。完整的 stage 产物（stage1-4.json）、exploit 脚本和详细报告均保存在 workspace 目录中，可查看 `report.md` 获取漏洞细节和利用路径。
