/work/leanagent/schemas.py:25: UserWarning: Field name "schema" in "BinaryInfo" shadows an attribute in parent "BaseModel"
  class BinaryInfo(BaseModel):
/work/leanagent/schemas.py:42: UserWarning: Field name "schema" in "BugReport" shadows an attribute in parent "BaseModel"
  class BugReport(BaseModel):
/work/leanagent/schemas.py:80: UserWarning: Field name "schema" in "ImpactReport" shadows an attribute in parent "BaseModel"
  class ImpactReport(BaseModel):
/work/leanagent/schemas.py:97: UserWarning: Field name "schema" in "StrategyReport" shadows an attribute in parent "BaseModel"
  class StrategyReport(BaseModel):
/work/leanagent/schemas.py:111: UserWarning: Field name "schema" in "ReconReport" shadows an attribute in parent "BaseModel"
  class ReconReport(BaseModel):
/work/leanagent/schemas.py:135: UserWarning: Field name "schema" in "VulnerabilityReport" shadows an attribute in parent "BaseModel"
  class VulnerabilityReport(BaseModel):
/work/leanagent/schemas.py:153: UserWarning: Field name "schema" in "PrimitiveReport" shadows an attribute in parent "BaseModel"
  class PrimitiveReport(BaseModel):
[11:22:42] [hide] /work/0001-2020-1. ROP/exploit → /tmp/_leanagent_hidden/work_0001-2020-1. ROP_exploit
[11:22:42] [hide] /work/0010-2021-30-fortunecookie1/exploit → /tmp/_leanagent_hidden/work_0010-2021-30-fortunecookie1_exploit
[11:22:42] [hide] /work/0011-2021-31-fortunecookie2/exploit → /tmp/_leanagent_hidden/work_0011-2021-31-fortunecookie2_exploit

=== semantic (bug_id=-) ===
[11:22:42]	[[semantic]] → 调用 GLM...
[11:22:46]	[[semantic]] ← GLM 响应 (3.6s)
	[[semantic]] 我将分析该二进制文件的漏洞。让我先检查关键函数的反汇编代码，以验证 S1 的发现并追踪数据流。
[11:22:46]	[[semantic]] → 工具 disassemble({'binary': '/work/test/target', 'function': 'edit_cookie', 'lines': 120})
[11:22:46]	[[semantic]] → 工具 disassemble({'binary': '/work/test/target', 'function': 'read_cookie', 'lines': 80})
[11:22:46]	[[semantic]] → 工具 disassemble({'binary': '/work/test/target', 'function': 'eat_cookie', 'lines': 120})
[11:22:46]	[[semantic]] ← [tool:disassemble] content='0000000000001751 <read_cookie>:\n    1751:\tpush   rbp\n    1752:\tmov    rbp,rsp\n    1755:\tsub    rsp,0x10\n    1759:\tmov    rax,QWORD PTR fs:0x28\n    1762:\tmov    QWORD PTR [rbp-0x8],r
[11:22:46]	[[semantic]] ← [tool:disassemble] content='00000000000014e1 <eat_cookie>:\n    14e1:\tpush   rbp\n    14e2:\tmov    rbp,rsp\n    14e5:\tsub    rsp,0x10\n    14e9:\tmov    rax,QWORD PTR fs:0x28\n    14f2:\tmov    QWORD PTR [rbp-0x8],ra
[11:22:46]	[[semantic]] ← [tool:disassemble] content='0000000000001628 <edit_cookie>:\n    1628:\tpush   rbp\n    1629:\tmov    rbp,rsp\n    162c:\tsub    rsp,0x20\n    1630:\tmov    rax,QWORD PTR fs:0x28\n    1639:\tmov    QWORD PTR [rbp-0x8],r
[11:22:46]	[[semantic]] → 调用 GLM...
[11:22:49]	[[semantic]] ← GLM 响应 (2.8s)
	[[semantic]] 很好。反汇编结果证实了 S1 的发现。现在让我来验证关键细节：`edit_cookie` 和 `read_cookie` 中的索引检查使用了 `jl`（有符号比较），且没有下界检查。让我检查 `create_cookie` 函数，并验证负索引处的 BSS 布局。
[11:22:49]	[[semantic]] → 工具 disassemble({'binary': '/work/test/target', 'function': 'init', 'lines': 100})
[11:22:49]	[[semantic]] → 工具 disassemble({'binary': '/work/test/target', 'function': 'create_cookie', 'lines': 100})
[11:22:49]	[[semantic]] ← [tool:disassemble] content='0000000000001232 <init>:\n    1232:\tpush   rbp\n    1233:\tmov    rbp,rsp\n    1236:\tsub    rsp,0x10\n    123a:\tmov    rax,QWORD PTR fs:0x28\n    1243:\tmov    QWORD PTR [rbp-0x8],rax\n   
[11:22:49]	[[semantic]] ← [tool:disassemble] content='0000000000001399 <create_cookie>:\n    1399:\tpush   rbp\n    139a:\tmov    rbp,rsp\n    139d:\tsub    rsp,0x20\n    13a1:\tmov    rax,QWORD PTR fs:0x28\n    13aa:\tmov    QWORD PTR [rbp-0x8]
[11:22:49]	[[semantic]] → 调用 GLM...
[11:22:55]	[[semantic]] ← GLM 响应 (5.7s)
	[[semantic]] 现在我已经掌握了所有关键函数的完整反汇编代码。让我来验证一下关于负索引的关键数据流。我需要检查 `msg[-1]` 处的内容（即 0x4058 处的内容，位于 `completed.0` 区域）以及负偏移量处的 `msg_size[-1]`。让我使用 GDB 来检查 BSS 布局和负索引的行为。
[11:22:55]	[[semantic]] → 工具 gdb_run({'binary': '/work/test/target', 'commands': 'b *edit_cookie+0x6a; run; x/8gx 0x4040; x/8gx 0x4050; x/4gx 0x4060; x/4wx 0x415c; x/4wx 0x4160; x/2gx 0x4)
[11:22:55]	[[semantic]] ← [tool:gdb_run] content='Breakpoint 1 at 0x1692\n[Thread debugging using libthread_db enabled]\nUsing host libthread_db library "/lib/x86_64-linux-gnu/libthread_db.so.1".\n==Fortune Cookie==\n1. Eat one cookie!!\n2. 
[11:22:55]	[[semantic]] → 调用 GLM...
[11:22:58]	[[semantic]] ← GLM 响应 (3.4s)
	[[semantic]] 地址是 PIE 相对地址。让我使用运行时基地址来检查实际的内存内容。
[11:22:58]	[[semantic]] → 工具 gdb_run({'binary': '/work/test/target', 'commands': 'b *edit_cookie+0x6a; run; info proc mappings; p/x &msg; p/x &msg_size; p/x &cookie_num; p/x &urandom; p/x)
[11:22:58]	[[semantic]] ← [tool:gdb_run] content='Breakpoint 1 at 0x1692\n[Thread debugging using libthread_db enabled]\nUsing host libthread_db library "/lib/x86_64-linux-gnu/libthread_db.so.1".\n==Fortune Cookie==\n1. Eat one cookie!!\n2. 
[11:22:58]	[[semantic]] → 调用 GLM...
[11:23:03]	[[semantic]] ← GLM 响应 (4.8s)
	[[semantic]] 现在我已经获取了运行时基地址。BSS 段位于 0x555555558000。让我检查一下负索引处的内存内容，以了解负索引访问的具体内容。
[11:23:03]	[[semantic]] → 工具 gdb_run({'binary': '/work/test/target', 'commands': 'b *edit_cookie+0x6a; run; x/8gx 0x555555558020; x/8gx 0x555555558050; x/8gx 0x555555558060; x/8wx 0x55555)
[11:23:03]	[[semantic]] ← [tool:gdb_run] content='Breakpoint 1 at 0x1692\n[Thread debugging using libthread_db enabled]\nUsing host libthread_db library "/lib/x86_64-linux-gnu/libthread_db.so.1".\n==Fortune Cookie==\n1. Eat one cookie!!\n2. 
[11:23:03]	[[semantic]] → 调用 GLM...
[11:23:11]	[[semantic]] ← GLM 响应 (7.8s)
	[[semantic]] 太好了！现在我已经掌握了运行时的完整内存布局。让我来分析一下负索引访问的情况：

- `msg[-1]` = 0x555555558058 → 内容为 0x0000000000000000（0x4050 处的填充/零）
- `msg[-2]` = 0x555555558050 → 内容为 0x0000000000000000
- `msg[-3]` = 0x555555558048 → 内容为 0x00007ffff7fa74e0 (stderr 指针！)
- `msg[-4]` = 0x555555558040 → 内容为 0x00007ffff7fa74e0 (stderr)
- `msg
[11:23:11]	[[semantic]] → 工具 gdb_run({'binary': '/work/test/target', 'commands': 'b *edit_cookie+0xb6; run; printf "At msg_size read:\\n"; p/x $rdx; x/1wx ($rdx+$rax); printf "rdx=index*4)
[11:23:11]	[[semantic]] ← [tool:gdb_run] content='Breakpoint 1 at 0x16de\n[Thread debugging using libthread_db enabled]\nUsing host libthread_db library "/lib/x86_64-linux-gnu/libthread_db.so.1".\n==Fortune Cookie==\n1. Eat one cookie!!\n2. 
[11:23:11]	[[semantic]] → 调用 GLM...
[11:23:15]	[[semantic]] ← GLM 响应 (3.6s)
	[[semantic]] 有趣！当索引为 -3 时，`msg_size[-3]` 读取的是地址 `0x4160 + (-3*4) = 0x4154` 处的值。让我更仔细地检查一下实际的数据流。断点位于 `read` 调用之前。让我设置一个更早的断点来追踪索引计算过程。
[11:23:15]	[[semantic]] → 工具 gdb_run({'binary': '/work/test/target', 'commands': 'b *edit_cookie+0x7f; run; printf "index in rbp-0x10:\\n"; x/1gx $rbp-0x10; printf "cookie_num:\\n"; x/1gx)
[11:23:15]	[[semantic]] ← [tool:gdb_run] content='Breakpoint 1 at 0x16a7\n[Thread debugging using libthread_db enabled]\nUsing host libthread_db library "/lib/x86_64-linux-gnu/libthread_db.so.1".\n==Fortune Cookie==\n1. Eat one cookie!!\n2. 
[11:23:15]	[[semantic]] → 调用 GLM...
[11:23:20]	[[semantic]] ← GLM 响应 (5.2s)
	[[semantic]] 索引为 -3 (0xfffffffffffffffd)。比较操作 `cmp rdx, rax`（其中 rdx=-3，rax=5）使用了 `jl`（有符号小于则跳转）。由于 -3 < 5（有符号比较），检查通过。现在让我追踪一下 `msg_size[-3]` 和 `msg[-3]` 实际读取的内容。
[11:23:20]	[[semantic]] → 工具 gdb_run({'binary': '/work/test/target', 'commands': 'b *edit_cookie+0x8f; run; printf "At msg_size[idx] computation:\\n"; printf "rax = index = "; p/x $rax; p)
[11:23:20]	[[semantic]] ← [tool:gdb_run] content='Breakpoint 1 at 0x16b7\n[Thread debugging using libthread_db enabled]\nUsing host libthread_db library "/lib/x86_64-linux-gnu/libthread_db.so.1".\n==Fortune Cookie==\n1. Eat one cookie!!\n2. 
[11:23:20]	[[semantic]] → 调用 GLM...
[11:23:29]	[[semantic]] ← GLM 响应 (8.8s)
	[[semantic]] 程序崩溃了，因为 `msg[-3]` 指向 `0x555555558048`，该地址包含 `stderr` 指针 `0x00007ffff7fa74e0`。当 `read()` 尝试使用该值作为目标缓冲区时，它试图写入一个 `FILE` 结构，从而导致了 `SIGSEGV`。让我更仔细地验证一下负索引处的 `msg_size` 值，并检查哪些负索引会产生有效的指针值。
[11:23:29]	[[semantic]] → 工具 gdb_run({'binary': '/work/test/target', 'commands': 'b *edit_cookie+0x6a; run; printf "=== BSS layout around msg ===\\n"; x/16gx 0x555555558020; printf "\\n==)
[11:23:29]	[[semantic]] ← [tool:gdb_run] content='Breakpoint 1 at 0x1692\n[Thread debugging using libthread_db enabled]\nUsing host libthread_db library "/lib/x86_64-linux-gnu/libthread_db.so.1".\n==Fortune Cookie==\n1. Eat one cookie!!\n2. 
[11:23:29]	[[semantic]] → 调用 GLM...
[11:23:39]	[[semantic]] ← GLM 响应 (10.5s)
	[[semantic]] 现在我已经掌握了完整的情况。让我来分析一下关键发现：

1. **负索引 OOB**：`edit_cookie` 和 `read_cookie` 均使用 `jl`（有符号比较）来检查 `cookie_index < cookie_num`。负索引可以通过此检查。

2. **负索引处的 `msg[]`**：
   - `msg[-1]` 到 `msg[-3]`：值为 0（NULL 指针）→ 解引用时会导致 NULL 指针解引用崩溃
   - `msg[-4]`：包含 `stderr` FILE* 指针 → 指向 libc 中的 FILE 结构体
   - `msg[-6]`：包含 `stdin
[11:23:39]	[[semantic]] → 工具 gdb_run({'binary': '/work/test/target', 'commands': 'b *eat_cookie+0xad; b *eat_cookie+0x145; run; printf "=== Before free, at free(msg[idx]) ===\\n"; printf )
[11:23:39]	[[semantic]] ← [tool:gdb_run] content='Breakpoint 1 at 0x158e\nBreakpoint 2 at 0x1626\n[Thread debugging using libthread_db enabled]\nUsing host libthread_db library "/lib/x86_64-linux-gnu/libthread_db.so.1".\n==Fortune Cookie==\n
[11:23:39]	[[semantic]] → 调用 GLM...
[11:23:48]	[[semantic]] ← GLM 响应 (8.3s)
	[[semantic]] 现在我可以清楚地看到 UAF 场景了。当 `random_index == cookie_num-1`（即 4）时：
- `msg[4]` (0x555555559580) 被 `free()` 释放
- 然后 `msg[4] = msg[cookie_num-1] = msg[4]` —— 自赋值，被释放的指针仍然存在
- `msg_size[4] = msg_size[4]` —— 自赋值
- `cookie_num` 递减至 4

被释放的指针 `0x555555559580` 仍然存在于 `msg[4]` 中，但 `cookie_num` 现在是 4，因此索引 4 超出了 `edit_
[11:23:48]	[[semantic]] → 工具 gdb_run({'binary': '/work/test/target', 'commands': 'b *eat_cookie+0xad; b *eat_cookie+0x145; run; printf "=== Scenario: idx != cookie_num-1 ===\\n"; printf ")
[11:23:48]	[[semantic]] ← [tool:gdb_run] content='Breakpoint 1 at 0x158e\nBreakpoint 2 at 0x1626\n[Thread debugging using libthread_db enabled]\nUsing host libthread_db library "/lib/x86_64-linux-gnu/libthread_db.so.1".\n==Fortune Cookie==\n
[11:23:48]	[[semantic]] → 调用 GLM...
[11:23:55]	[[semantic]] ← GLM 响应 (6.9s)
	[[semantic]] 现在我可以清楚地看到 UAF 场景了。当 `random_index == cookie_num-1`（即 4）时：
- `msg[4]` (0x555555559580) 被 `free()` 释放
- 然后 `msg[4] = msg[cookie_num-1] = msg[4]` —— 自赋值，被释放的指针仍然存在
- `msg_size[4] = msg_size[4]` —— 自赋值
- `cookie_num` 递减至 4

被释放的指针 `0x555555559580` 仍然存在于 `msg[4]` 中，但 `cookie_num` 现在是 4，因此索引 4 超出了 `edit_
[11:23:55]	[[semantic]] → 工具 gdb_run({'binary': '/work/test/target', 'commands': 'b *eat_cookie+0x145; run; printf "=== After eat #1 ===\\n"; printf "idx = "; x/1wx $rbp-0xc; printf "cook)
[11:23:55]	[[semantic]] ← [tool:gdb_run] content='Breakpoint 1 at 0x1626\n[Thread debugging using libthread_db enabled]\nUsing host libthread_db library "/lib/x86_64-linux-gnu/libthread_db.so.1".\n==Fortune Cookie==\n1. Eat one cookie!!\n2. 
[11:23:55]	[[semantic]] → 调用 GLM...
[11:24:04]	[[semantic]] ← GLM 响应 (8.6s)
	[[semantic]] 现在我可以清楚地看到重复指针的问题了。在第一次 eat（索引=1）之后：
- `msg[1]` 被释放，然后 `msg[1] = msg[3]` (0x555555559580)
- `msg[3]` 仍然包含 0x555555559580（现在 `msg[1]` 和 `msg[3]` 都指向同一个指针）
- `cookie_num` = 4，因此 `msg[3]` 仍然可访问（3 < 4）

在第二次 eat（索引=2）之后：
- `msg[2]` 被释放，然后 `msg[2] = msg[2]`（自赋值，因为 `cookie_num-1=2`）
- 现在被释放的指针 0x555555559
[11:24:04]	[[semantic]] → 工具 gdb_run({'binary': '/work/test/target', 'commands': 'b *eat_cookie+0x145; run; printf "=== After eat #1 ===\\n"; printf "idx = "; x/1wx $rbp-0xc; printf "cook)
[11:24:04]	[[semantic]] ← [tool:gdb_run] content='Breakpoint 1 at 0x1626\n[Thread debugging using libthread_db enabled]\nUsing host libthread_db library "/lib/x86_64-linux-gnu/libthread_db.so.1".\n==Fortune Cookie==\n1. Eat one cookie!!\n2. 
[11:24:04]	[[semantic]] → 调用 GLM...
[11:24:15]	[[semantic]] ← GLM 响应 (11.6s)
	[[semantic]] 太棒了！现在我看到了关键场景：

**第一次 eat (idx=4, cookie_num=5)**：`random_index = 4 = cookie_num-1`。`msg[4]` 被释放，然后进行自赋值 `msg[4] = msg[4]`。`cookie_num` 变为 4。现在 `msg[4]` 包含了一个悬空指针，但 `idx=4` 不再满足 `< 4`，因此 `edit_cookie`/`read_cookie` 无法直接访问它。然而，`create_cookie` 会写入 `msg[cookie_num] = msg[4]`，从而覆盖该悬空指针。

**第二次 eat (idx
[11:24:15]	[[semantic]] → 工具 gdb_run({'binary': '/work/test/target', 'commands': 'b *eat_cookie+0x145; run; printf "=== After eat #1 (idx=4, self-assign) ===\\n"; printf "idx = "; x/1wx $)
[11:24:15]	[[semantic]] ← [tool:gdb_run] content='Breakpoint 1 at 0x1626\n[Thread debugging using libthread_db enabled]\nUsing host libthread_db library "/lib/x86_64-linux-gnu/libthread_db.so.1".\n==Fortune Cookie==\n1. Eat one cookie!!\n2. 
[11:24:15]	[[semantic]] → 调用 GLM...
[11:24:25]	[[semantic]] ← GLM 响应 (9.3s)
	[[semantic]] 现在我发现了一个关键场景。在第一次 eat (idx=0) 之后：
- `msg[0]` (0x555555559480) 被释放，然后 `msg[0] = msg[3]` (0x555555559540)
- `msg[3]` 仍然包含 0x555555559540
- `cookie_num` = 4，因此 `msg[3]` 仍然可访问 (3 < 4)
- 现在 `msg[0]` 和 `msg[3]` 都指向 0x555555559540

在第二次 eat (idx=1) 之后：
- `msg[1]` (0x5555555594e0) 被释放，然后 `msg[1] = msg[2]` (
[11:24:25]	[[semantic]] → 工具 gdb_run({'binary': '/work/test/target', 'commands': 'b *read_cookie+0x6a; run; printf "=== At read_cookie with idx=-4 (stderr) ===\\n"; printf "index = "; x/1)
[11:24:25]	[[semantic]] ← [tool:gdb_run] content='Breakpoint 1 at 0x17bb\n[Thread debugging using libthread_db enabled]\nUsing host libthread_db library "/lib/x86_64-linux-gnu/libthread_db.so.1".\n==Fortune Cookie==\n1. Eat one cookie!!\n2. 
[11:24:25]	[[semantic]] → 调用 GLM...
[11:24:31]	[[semantic]] ← GLM 响应 (6.5s)
	[[semantic]] `read_cookie` 在索引为 -4 时成功通过了检查，并将 `stderr` FILE* 指针 (0x00007ffff7fa74e0) 作为字符串打印出来。输出显示 "û" —— 这是 FILE 结构体开头的字节被解释为字符串。这证实了通过 `read_cookie` 中的负索引读取 FILE 结构体内容会导致 **INFO_LEAK**。

现在让我来验证 `edit_cookie` 在负索引指向 FILE* 指针时的行为。关键问题在于 `msg_size[-4]` 返回什么值，以及 `read()` 是否会尝试写入 FILE 结构体。
[11:24:31]	[[semantic]] → 工具 gdb_run({'binary': '/work/test/target', 'commands': 'b *edit_cookie+0x6a; run; printf "=== Checking msg_size at negative indices ===\\n"; printf "msg_size[-4])
[11:24:31]	[[semantic]] ← [tool:gdb_run] content='Breakpoint 1 at 0x1692\n[Thread debugging using libthread_db enabled]\nUsing host libthread_db library "/lib/x86_64-linux-gnu/libthread_db.so.1".\n==Fortune Cookie==\n1. Eat one cookie!!\n2. 
[11:24:31]	[[semantic]] → 调用 GLM...
[11:24:38]	[[semantic]] ← GLM 响应 (6.5s)
	[[semantic]] 现在我已经掌握了所有关键事实。让我再验证一个关键细节：当 `msg_size[idx]` 为 0 时，`edit_cookie` 中的 `read()` 调用会使用 `msg_size[idx]-1`。由于 `msg_size` 是 `int32` 类型，`0 - 1 = -1`，然后 `movsxd` 会将其符号扩展为 `0xFFFFFFFFFFFFFFFF`。但是 `read()` 接收的是 `size_t`（无符号）参数，因此这会变成一个巨大的值。让我验证一下 `read()` 是否真的会尝试写入 FILE 结构体。
[11:24:38]	[[semantic]] → 工具 gdb_run({'binary': '/work/test/target', 'commands': 'b *edit_cookie+0xb6; run; printf "=== At read() call in edit_cookie with idx=-4 ===\\n"; printf "rdi (fd))
[11:24:38]	[[semantic]] ← [tool:gdb_run] content='Breakpoint 1 at 0x16de\n[Thread debugging using libthread_db enabled]\nUsing host libthread_db library "/lib/x86_64-linux-gnu/libthread_db.so.1".\n==Fortune Cookie==\n1. Eat one cookie!!\n2. 
[11:24:38]	[[semantic]] → 调用 GLM...
[11:24:43]	[[semantic]] ← GLM 响应 (5.0s)
	[[semantic]] 这证实了该漏洞。当 `edit_cookie` 被调用且索引为 -4 时：
- `rsi` (缓冲区) = 0x7ffff7fa74e0 (指向 libc 中 `stderr` FILE 结构体的指针)
- `rdx` (大小) = 0xffffffffffffffff (因为 `msg_size[-4]`=0，0-1=-1，符号扩展)

`read(0, stderr_FILE_struct, 0xFFFFFFFFFFFFFFFF)` 调用尝试将用户输入写入 FILE 结构体。`read()` 系统调用会写入用户提供的字节，直到达到请求的大小或 EOF。由于用户只发送了 "AAAA\n" (
[11:24:43]	[[semantic]] → 工具 run_binary({'binary': '/work/test/target', 'stdin': '4\n-4\n5\n', 'timeout': 10})
[11:24:43]	[[semantic]] ← [tool:run_binary] content='rc=0  stdout_len=282\n--- stdout (hex + ascii per line, 16B/行) ---\n0000  3d 3d 46 6f 72 74 75 6e 65 20 43 6f 6f 6b 69 65  |==Fortune Cookie|\n0010  3d 3d 0a 31 2e 20 45 61 74 20 6f 6e 65 20 
[11:24:43]	[[semantic]] → 调用 GLM...
[11:24:49]	[[semantic]] ← GLM 响应 (6.2s)
	[[semantic]] 信息泄露已确认。在偏移量 0x94 处，输出包含字节 `87 20 ad fb`，这些字节是 `stderr` FILE 结构体内容（libc 地址）的一部分。`printf("%s", msg[-4])` 调用将 FILE 结构体的字节作为字符串打印，直到遇到 NULL 字节，从而泄露了 libc 内存内容。

现在让我再验证一件事——`edit_cookie` 的负索引是否也能通过 `msg_size` 数组达到导致堆溢出的场景。S1 提到了 U003：`msg_size[-1]` 读取的是 `msg` 数组末尾的字节（堆指针）。让我检查一下：
[11:24:49]	[[semantic]] → 工具 gdb_run({'binary': '/work/test/target', 'commands': 'b *edit_cookie+0x6a; run; printf "=== msg_size[-1] reads from msg[252..255] ===\\n"; printf "msg_size[-1])
[11:24:49]	[[semantic]] ← [tool:gdb_run] content='Breakpoint 1 at 0x1692\n[Thread debugging using libthread_db enabled]\nUsing host libthread_db library "/lib/x86_64-linux-gnu/libthread_db.so.1".\n==Fortune Cookie==\n1. Eat one cookie!!\n2. 
[11:24:49]	[[semantic]] → 调用 GLM...
[11:24:59]	[[semantic]] ← GLM 响应 (9.3s)
	[[semantic]] 现在让我检查一下 `msg_size` 数组是否可以通过正索引越界访问。如果 `cookie_num` 小于 32，`edit_cookie` 会检查 `idx < cookie_num`，但 `msg_size` 数组有 32 个元素。如果 `cookie_num` 为 5，索引 0-4 是有效的。但是，如果 `cookie_num` 可以通过 `create_cookie` 增加到 32，那么索引 0-31 都是有效的。`msg_size` 数组在索引 31 处结束，而 `msg` 数组也在索引 31 处结束。因此，正索引 OOB 需要索引 >= 32，这会被 `cookie_num <=
[11:24:59]	[[semantic]] → 工具 gdb_run({'binary': '/work/test/target', 'commands': 'b *edit_cookie+0x6a; run; printf "=== After creating cookies to fill msg[5..7] ===\\n"; printf "msg array)
[11:24:59]	[[semantic]] ← [tool:gdb_run] content='Breakpoint 1 at 0x1692\n[Thread debugging using libthread_db enabled]\nUsing host libthread_db library "/lib/x86_64-linux-gnu/libthread_db.so.1".\n==Fortune Cookie==\n1. Eat one cookie!!\n2. 
[11:24:59]	[[semantic]] → 调用 GLM...
[11:25:07]	[[semantic]] ← GLM 响应 (8.4s)
	[[semantic]] `msg[31]` 仍然是 0，因为只创建了 8 个 cookie（索引 0-7）。`msg_size` 的负索引仍然读取到的是 0。要使 `msg_size` 的负索引非零，我们需要填充 `msg[31]`，这需要 32 个 cookie。但 `create_cookie` 限制 `cookie_num <= 31`，所以最多只能有 32 个条目（索引 0-31）。如果我们填满所有 32 个槽位，`msg[31]` 将包含一个堆指针，而 `msg_size[-1]` 将读取该堆指针的低 4 字节。

让我验证一下这个场景：
[11:25:07]	[[semantic]] → 工具 gdb_run({'binary': '/work/test/target', 'commands': 'b *edit_cookie+0x6a; run; printf "=== After filling all 32 slots (cookie_num=32) ===\\n"; printf "msg[31])
[11:25:07]	[[semantic]] ← [tool:gdb_run] content='w cookie msg.\n5. exit\n==================\n>\nHow long is the message?Input your message: Done!\n\n==Fortune Cookie==\n1. Eat one cookie!!\n2. Make new cookie.\n3. Edit cookie msg.\n4. View 
[11:25:07]	[[semantic]] → 调用 GLM...
[11:25:13]	[[semantic]] ← GLM 响应 (5.6s)
	[[semantic]] 嗯，`msg[31]` 仍然是 0。让我检查一下原因——也许 `create_cookie` 的检查 `cookie_num <= 0x1f` (31) 意味着它只允许最多 32 个条目（索引 0-31），但 `init` 已经创建了 5 个，所以我们可以再创建 27 个，总共达到 32 个。让我检查一下 `cookie_num`：
[11:25:13]	[[semantic]] → 工具 gdb_run({'binary': '/work/test/target', 'commands': 'b *edit_cookie+0x6a; run; printf "cookie_num = "; x/1gx 0x5555555581e8; printf "msg[30] = "; x/1gx 0x5555)
[11:25:13]	[[semantic]] ← [tool:gdb_run] content=' exit\n==================\n>\nHow long is the message?Input your message: Done!\n\n==Fortune Cookie==\n1. Eat one cookie!!\n2. Make new cookie.\n3. Edit cookie msg.\n4. View cookie msg.\n5. e
[11:25:13]	[[semantic]] → 调用 GLM...
[11:25:21]	[[semantic]] ← GLM 响应 (7.8s)
	[[semantic]] 现在 `msg[31]` = 0x0000555555559910（一个堆指针）。让我检查一下 `msg_size[-1]` 现在读取的内容：
[11:25:21]	[[semantic]] → 工具 gdb_run({'binary': '/work/test/target', 'commands': 'b *edit_cookie+0x6a; run; printf "=== With all 32 slots filled ===\\n"; printf "msg[31] = "; x/1gx 0x5555)
[11:25:21]	[[semantic]] ← [tool:gdb_run] content='iew cookie msg.\n5. exit\n==================\n>\nHow long is the message?Input your message: Done!\n\n==Fortune Cookie==\n1. Eat one cookie!!\n2. Make new cookie.\n3. Edit cookie msg.\n4. Vie
[11:25:21]	[[semantic]] → 调用 GLM...
[11:25:29]	[[semantic]] ← GLM 响应 (8.5s)
	[[semantic]] 现在我有了关键的见解：
- `msg_size[-1]` = 0x00005555（`msg[31]` 堆指针的低 4 字节）→ 大小 = 0x5555 - 1 = 0x5554
- `msg_size[-2]` = 0x55559910（`msg[31]` 堆指针的高 4 字节）→ 大小 = 0x55559910 - 1 = 巨大值
- 但是 `msg[-1]` 和 `msg[-2]` 都是 0（空指针）→ 空指针解引用崩溃

因此，`msg_size` 的负索引路径无法直接导致堆溢出，因为相应的 `msg` 负索引包含空指针。关键的漏洞路径是通过 `msg[-4]`、`msg[-6]`、`
[11:25:29]	[[semantic]] → 工具 gdb_run({'binary': '/work/test/target', 'commands': 'b *edit_cookie+0xb6; run; printf "=== At read() call with idx=-4 (stderr FILE*) ===\\n"; printf "rsi (buf)
[11:25:29]	[[semantic]] ← [tool:gdb_run] content='Breakpoint 1 at 0x16de\n[Thread debugging using libthread_db enabled]\nUsing host libthread_db library "/lib/x86_64-linux-gnu/libthread_db.so.1".\n==Fortune Cookie==\n1. Eat one cookie!!\n2. 
[11:25:29]	[[semantic]] → 调用 GLM...
[11:26:44]	[[semantic]] ← GLM 响应 (75.0s)
	[[semantic]] 程序没有崩溃——它成功向 `stderr` FILE 结构体写入了 5 个字节（"AAAA\n"）。`read()` 系统调用返回 5（读取的字节数），随后程序检查 `buf[5-1]`（即 '\n'）并将其替换为 '\0'。这意味着 FILE 结构体的前 5 个字节被覆盖为 "AAAA\0"。

这是一个已确认的内存损坏漏洞——攻击者可以写入任意字节到 libc 中的 FILE 结构体。写入的数据由攻击者控制（来自 `stdin`），且写入大小可能非常大（0xFFFFFFFFFFFFFFFF），尽管 `read()` 实际上只会写入攻击者发送的字节数。

现在我已经掌握了所有漏洞的完整证据。
[11:26:44] [semantic] ✓ VulnerabilityReport 校验通过
[11:26:44] [restore] /work/0001-2020-1. ROP/exploit
[11:26:44] [restore] /work/0010-2021-30-fortunecookie1/exploit
[11:26:44] [restore] /work/0011-2021-31-fortunecookie2/exploit
{
  "stage": 2,
  "binary": "/work/test/target",
  "success": true,
  "error": null,
  "ctx_json": "{\"binary_info\":null,\"recon_report\":{\"schema\":\"ReconReport\",\"version\":\"1.0\",\"stage\":\"S1\",\"status\":\"COMPLETED\",\"binary\":{\"path\":\"/work/test/target\",\"arch\":\"amd64\",\"bits\":64,\"endianness\":\"little\",\"entry\":\"0x1110\",\"dynamic\":true,\"stripped\":false,\"interpreter\":\"/lib64/ld-linux-x86-64.so.2\",\"compiler\":\"GCC 10.2.0 (Debian 10.2.0-16)\",\"source_file\":\"fortunecookie.c\"},\"security\":{\"relro\":{\"value\":\"full\",\"source\":\"ELF\"},\"nx\":{\"value\":true,\"source\":\"ELF\"},\"canary\":{\"value\":true,\"source\":\"ELF\"},\"pie\":{\"value\":true,\"source\":\"ELF\"},\"fortify\":{\"value\":\"unknown\",\"source\":\"ELF\"},\"cet\":{\"ibt\":{\"value\":\"unknown\",\"source\":\"ELF\"},\"shstk\":{\"value\":\"unknown\",\"source\":\"ELF\"}},\"aslr\":{\"value\":\"unknown\",\"source\":\"UNKNOWN\"}},\"runtime\":{\"libc\":{\"version\":\"2.39\",\"path\":\"/lib/x86_64-linux-gnu/libc.so.6\",\"source\":\"RUNTIME\",\"distro\":\"Ubuntu GLIBC 2.39-0ubuntu8.8\"},\"loader\":{\"path\":\"/lib64/ld-linux-x86-64.so.2\",\"source\":\"RUNTIME\"},\"libraries\":[\"libc.so.6\"]},\"interface\":{\"entry_function\":\"main\",\"input_sources\":[\"stdin\"],\"menu\":[{\"option\":\"1\",\"label\":\"Eat one cookie!!\",\"function\":\"eat_cookie\"},{\"option\":\"2\",\"label\":\"Make new cookie.\",\"function\":\"create_cookie\"},{\"option\":\"3\",\"label\":\"Edit cookie msg.\",\"function\":\"edit_cookie\"},{\"option\":\"4\",\"label\":\"View cookie msg.\",\"function\":\"read_cookie\"},{\"option\":\"5\",\"label\":\"exit\",\"function\":\"exit\"}],\"user_controlled_inputs\":[{\"name\":\"menu_choice\",\"source\":\"scanf(%lld)\",\"function\":\"main\",\"type\":\"int64\"},{\"name\":\"cookie_size\",\"source\":\"scanf(%lld)\",\"function\":\"create_cookie\",\"type\":\"int64\",\"range\":\"1-256\"},{\"name\":\"cookie_index_edit\",\"source\":\"scanf(%lld)\",\"function\":\"edit_cookie\",\"type\":\"int64\"},{\"name\":\"cookie_index_read\",\"source\":\"scanf(%lld)\",\"function\":\"read_cookie\",\"type\":\"int64\"},{\"name\":\"message_data\",\"source\":\"read(0, buf, size)\",\"function\":\"create_cookie\",\"type\":\"bytes\"},{\"name\":\"edit_data\",\"source\":\"read(0, buf, msg_size[idx]-1)\",\"function\":\"edit_cookie\",\"type\":\"bytes\"}]},\"memory\":{\"sections\":[{\"name\":\".text\",\"address\":\"0x1110\",\"size\":\"0x891\",\"permissions\":\"R-X\",\"writable\":false,\"executable\":true,\"readable\":true},{\"name\":\".rodata\",\"address\":\"0x2000\",\"size\":\"0x266\",\"permissions\":\"R--\",\"writable\":false,\"executable\":false,\"readable\":true},{\"name\":\".data\",\"address\":\"0x4000\",\"size\":\"0x10\",\"permissions\":\"RW-\",\"writable\":true,\"executable\":false,\"readable\":true},{\"name\":\".bss\",\"address\":\"0x4020\",\"size\":\"0x1d0\",\"permissions\":\"RW-\",\"writable\":true,\"executable\":false,\"readable\":true},{\"name\":\".got\",\"address\":\"0x3f58\",\"size\":\"0xa8\",\"permissions\":\"RW-\",\"writable\":true,\"executable\":false,\"readable\":true},{\"name\":\".plt\",\"address\":\"0x1020\",\"size\":\"0xe0\",\"permissions\":\"R-X\",\"writable\":false,\"executable\":true,\"readable\":true},{\"name\":\".init\",\"address\":\"0x1000\",\"size\":\"0x17\",\"permissions\":\"R-X\",\"writable\":false,\"executable\":true,\"readable\":true},{\"name\":\".fini\",\"address\":\"0x19a4\",\"size\":\"0x9\",\"permissions\":\"R-X\",\"writable\":false,\"executable\":true,\"readable\":true},{\"name\":\".init_array\",\"address\":\"0x3d58\",\"size\":\"0x8\",\"permissions\":\"RW-\",\"writable\":true,\"executable\":false,\"readable\":true},{\"name\":\".fini_array\",\"address\":\"0x3d60\",\"size\":\"0x8\",\"permissions\":\"RW-\",\"writable\":true,\"executable\":false,\"readable\":true},{\"name\":\".eh_frame\",\"address\":\"0x22e0\",\"size\":\"0x1e0\",\"permissions\":\"R--\",\"writable\":false,\"executable\":false,\"readable\":true},{\"name\":\".eh_frame_hdr\",\"address\":\"0x2268\",\"size\":\"0x74\",\"permissions\":\"R--\",\"writable\":false,\"executable\":false,\"readable\":true}],\"globals\":[{\"name\":\"stdout\",\"address\":\"0x4020\",\"size\":8,\"section\":\".bss\",\"type\":\"FILE*\"},{\"name\":\"stdin\",\"address\":\"0x4030\",\"size\":8,\"section\":\".bss\",\"type\":\"FILE*\"},{\"name\":\"stderr\",\"address\":\"0x4040\",\"size\":8,\"section\":\".bss\",\"type\":\"FILE*\"},{\"name\":\"completed.0\",\"address\":\"0x4048\",\"size\":1,\"section\":\".bss\",\"type\":\"char\"},{\"name\":\"msg\",\"address\":\"0x4060\",\"size\":256,\"section\":\".bss\",\"type\":\"pointer_array\",\"element_type\":\"char*\",\"element_size\":8,\"count\":32,\"total_size\":256},{\"name\":\"msg_size\",\"address\":\"0x4160\",\"size\":128,\"section\":\".bss\",\"type\":\"int_array\",\"element_type\":\"int32\",\"element_size\":4,\"count\":32,\"total_size\":128},{\"name\":\"urandom\",\"address\":\"0x41e0\",\"size\":8,\"section\":\".bss\",\"type\":\"FILE*\"},{\"name\":\"cookie_num\",\"address\":\"0x41e8\",\"size\":8,\"section\":\".bss\",\"type\":\"int64\"}],\"layout_note\":\"BSS layout: stdout@0x4020, stdin@0x4030, stderr@0x4040, completed.0@0x4048, msg[32]@0x4060-0x415f, msg_size[32]@0x4160-0x41df, urandom@0x41e0, cookie_num@0x41e8. msg and msg_size are adjacent arrays of 32 elements each. cookie_num is at 0x41e8, 8 bytes after urandom.\",\"got\":[{\"offset\":\"0x3f70\",\"symbol\":\"free\"},{\"offset\":\"0x3f78\",\"symbol\":\"puts\"},{\"offset\":\"0x3f80\",\"symbol\":\"fread\"},{\"offset\":\"0x3f88\",\"symbol\":\"__stack_chk_fail\"},{\"offset\":\"0x3f90\",\"symbol\":\"printf\"},{\"offset\":\"0x3f98\",\"symbol\":\"alarm\"},{\"offset\":\"0x3fa0\",\"symbol\":\"read\"},{\"offset\":\"0x3fa8\",\"symbol\":\"calloc\"},{\"offset\":\"0x3fb0\",\"symbol\":\"setvbuf\"},{\"offset\":\"0x3fb8\",\"symbol\":\"fopen\"},{\"offset\":\"0x3fc0\",\"symbol\":\"__isoc99_scanf\"},{\"offset\":\"0x3fc8\",\"symbol\":\"exit\"},{\"offset\":\"0x3fd0\",\"symbol\":\"strdup\"}],\"plt\":[{\"address\":\"0x1030\",\"symbol\":\"free\"},{\"address\":\"0x1040\",\"symbol\":\"puts\"},{\"address\":\"0x1050\",\"symbol\":\"fread\"},{\"address\":\"0x1060\",\"symbol\":\"__stack_chk_fail\"},{\"address\":\"0x1070\",\"symbol\":\"printf\"},{\"address\":\"0x1080\",\"symbol\":\"alarm\"},{\"address\":\"0x1090\",\"symbol\":\"read\"},{\"address\":\"0x10a0\",\"symbol\":\"calloc\"},{\"address\":\"0x10b0\",\"symbol\":\"setvbuf\"},{\"address\":\"0x10c0\",\"symbol\":\"fopen\"},{\"address\":\"0x10d0\",\"symbol\":\"__isoc99_scanf\"},{\"address\":\"0x10e0\",\"symbol\":\"exit\"},{\"address\":\"0x10f0\",\"symbol\":\"strdup\"}]},\"functions\":[{\"name\":\"init\",\"address\":\"0x1232\",\"callers\":[\"main\"],\"callees\":[\"setvbuf\",\"alarm\",\"fopen\",\"_abort\",\"strdup\",\"__stack_chk_fail\"],\"inputs\":[],\"checks\":[\"urandom != NULL (fopen result)\"],\"memory_operations\":[{\"operation\":\"WRITE\",\"destination\":\"urandom (0x41e0)\",\"size\":8,\"destination_type\":\"global\"},{\"operation\":\"WRITE\",\"destination\":\"msg[0..4] (0x4060..0x4080)\",\"size\":8,\"destination_type\":\"global_array_element\"},{\"operation\":\"WRITE\",\"destination\":\"msg_size[0..4] (0x4160..0x4170)\",\"size\":4,\"destination_type\":\"global_array_element\"},{\"operation\":\"WRITE\",\"destination\":\"cookie_num (0x41e8)\",\"size\":8,\"destination_type\":\"global\"}],\"calls\":[\"setvbuf\",\"alarm\",\"fopen\",\"_abort\",\"strdup\",\"__stack_chk_fail\"]},{\"name\":\"create_cookie\",\"address\":\"0x1399\",\"callers\":[\"main\"],\"callees\":[\"printf\",\"_abort\",\"__isoc99_scanf\",\"calloc\",\"read\",\"puts\",\"__stack_chk_fail\"],\"inputs\":[{\"name\":\"cookie_size\",\"source\":\"scanf(%lld)\"},{\"name\":\"message_data\",\"source\":\"read(0, buf, cookie_size)\"}],\"checks\":[\"cookie_num <= 0x1f (31)\",\"cookie_size <= 0x100 (256)\"],\"memory_operations\":[{\"operation\":\"ALLOC\",\"destination\":\"heap (calloc(cookie_size, 1))\",\"size\":\"user_controlled (1-256)\",\"destination_type\":\"heap\"},{\"operation\":\"WRITE\",\"destination\":\"heap buffer (read(0, buf, cookie_size))\",\"size\":\"user_controlled (1-256)\",\"destination_type\":\"heap\"},{\"operation\":\"WRITE\",\"destination\":\"msg[cookie_num] (0x4060 + cookie_num*8)\",\"size\":8,\"destination_type\":\"global_array_element\"},{\"operation\":\"WRITE\",\"destination\":\"msg_size[cookie_num] (0x4160 + cookie_num*4)\",\"size\":4,\"destination_type\":\"global_array_element\"},{\"operation\":\"WRITE\",\"destination\":\"cookie_num (0x41e8)\",\"size\":8,\"destination_type\":\"global\"}],\"calls\":[\"printf\",\"_abort\",\"__isoc99_scanf\",\"calloc\",\"read\",\"puts\",\"__stack_chk_fail\"]},{\"name\":\"eat_cookie\",\"address\":\"0x14e1\",\"callers\":[\"main\"],\"callees\":[\"_abort\",\"fread\",\"printf\",\"free\",\"__stack_chk_fail\"],\"inputs\":[{\"name\":\"random_byte\",\"source\":\"fread(urandom, 1, 1)\"}],\"checks\":[\"cookie_num != 0\"],\"memory_operations\":[{\"operation\":\"READ\",\"source\":\"urandom (fread 1 byte)\",\"size\":1,\"source_type\":\"file\"},{\"operation\":\"READ\",\"source\":\"msg[random_index] (0x4060 + idx*8)\",\"size\":8,\"source_type\":\"global_array_element\"},{\"operation\":\"READ\",\"source\":\"msg[random_index] content (printf %s)\",\"size\":\"string\",\"source_type\":\"heap_dereference\"},{\"operation\":\"FREE\",\"destination\":\"msg[random_index] (heap pointer)\",\"destination_type\":\"heap\"},{\"operation\":\"READ\",\"source\":\"msg[cookie_num-1] (0x4060 + (cookie_num-1)*8)\",\"size\":8,\"source_type\":\"global_array_element\"},{\"operation\":\"WRITE\",\"destination\":\"msg[random_index] (0x4060 + idx*8)\",\"size\":8,\"destination_type\":\"global_array_element\",\"note\":\"msg[random_index] = msg[cookie_num-1] (swap-remove)\"},{\"operation\":\"READ\",\"source\":\"msg_size[cookie_num-1] (0x4160 + (cookie_num-1)*4)\",\"size\":4,\"source_type\":\"global_array_element\"},{\"operation\":\"WRITE\",\"destination\":\"msg_size[random_index] (0x4160 + idx*4)\",\"size\":4,\"destination_type\":\"global_array_element\",\"note\":\"msg_size[random_index] = msg_size[cookie_num-1]\"},{\"operation\":\"WRITE\",\"destination\":\"cookie_num (0x41e8)\",\"size\":8,\"destination_type\":\"global\",\"note\":\"cookie_num--\"}],\"calls\":[\"_abort\",\"fread\",\"printf\",\"free\",\"__stack_chk_fail\"]},{\"name\":\"edit_cookie\",\"address\":\"0x1628\",\"callers\":[\"main\"],\"callees\":[\"printf\",\"__isoc99_scanf\",\"_abort\",\"read\",\"puts\",\"__stack_chk_fail\"],\"inputs\":[{\"name\":\"cookie_index\",\"source\":\"scanf(%lld)\"},{\"name\":\"edit_data\",\"source\":\"read(0, msg[cookie_index], msg_size[cookie_index]-1)\"}],\"checks\":[\"cookie_index < cookie_num (signed comparison, jl)\"],\"memory_operations\":[{\"operation\":\"READ\",\"source\":\"msg_size[cookie_index] (0x4160 + cookie_index*4)\",\"size\":4,\"source_type\":\"global_array_element\"},{\"operation\":\"READ\",\"source\":\"msg[cookie_index] (0x4060 + cookie_index*8)\",\"size\":8,\"source_type\":\"global_array_element\"},{\"operation\":\"WRITE\",\"destination\":\"heap buffer pointed by msg[cookie_index]\",\"size\":\"msg_size[cookie_index]-1\",\"destination_type\":\"heap_dereference\"}],\"calls\":[\"printf\",\"__isoc99_scanf\",\"_abort\",\"read\",\"puts\",\"__stack_chk_fail\"]},{\"name\":\"read_cookie\",\"address\":\"0x1751\",\"callers\":[\"main\"],\"callees\":[\"printf\",\"__isoc99_scanf\",\"_abort\",\"__stack_chk_fail\"],\"inputs\":[{\"name\":\"cookie_index\",\"source\":\"scanf(%lld)\"}],\"checks\":[\"cookie_index < cookie_num (signed comparison, jl)\"],\"memory_operations\":[{\"operation\":\"READ\",\"source\":\"msg[cookie_index] (0x4060 + cookie_index*8)\",\"size\":8,\"source_type\":\"global_array_element\"},{\"operation\":\"READ\",\"source\":\"msg[cookie_index] content (printf %s)\",\"size\":\"string\",\"source_type\":\"heap_dereference\"}],\"calls\":[\"printf\",\"__isoc99_scanf\",\"_abort\",\"__stack_chk_fail\"]},{\"name\":\"menu\",\"address\":\"0x17fd\",\"callers\":[\"main\"],\"callees\":[\"puts\",\"__stack_chk_fail\"],\"inputs\":[],\"checks\":[],\"memory_operations\":[],\"calls\":[\"puts\",\"__stack_chk_fail\"]},{\"name\":\"main\",\"address\":\"0x187f\",\"callers\":[\"_start\"],\"callees\":[\"init\",\"menu\",\"__isoc99_scanf\",\"eat_cookie\",\"create_cookie\",\"edit_cookie\",\"read_cookie\",\"exit\"],\"inputs\":[{\"name\":\"menu_choice\",\"source\":\"scanf(%lld)\"}],\"checks\":[\"menu_choice == 1..5 (switch)\"],\"memory_operations\":[],\"calls\":[\"init\",\"menu\",\"__isoc99_scanf\",\"eat_cookie\",\"create_cookie\",\"edit_cookie\",\"read_cookie\",\"exit\"]},{\"name\":\"_abort\",\"address\":\"0x11f5\",\"callers\":[\"init\",\"create_cookie\",\"eat_cookie\",\"edit_cookie\",\"read_cookie\"],\"callees\":[\"printf\",\"exit\"],\"inputs\":[{\"name\":\"error_msg\",\"source\":\"parameter\"}],\"checks\":[],\"memory_operations\":[],\"calls\":[\"printf\",\"exit\"]}],\"attack_surfaces\":[{\"function\":\"edit_cookie\",\"input\":\"cookie_index (scanf %lld)\",\"operation\":\"attacker-controlled index reaches msg[cookie_index] pointer dereference and msg_size[cookie_index] size read, then read(0, msg[cookie_index], msg_size[cookie_index]-1) writes to heap\",\"risk\":\"HIGH\",\"reason\":\"cookie_index is signed int64 from scanf, checked with signed jl against cookie_num. Negative index passes the check and indexes into msg[] array before its start, potentially reaching other global data. The indexed pointer is dereferenced for read() write and the indexed msg_size is used as write length.\"},{\"function\":\"read_cookie\",\"input\":\"cookie_index (scanf %lld)\",\"operation\":\"attacker-controlled index reaches msg[cookie_index] pointer dereference used as printf %s argument\",\"risk\":\"HIGH\",\"reason\":\"cookie_index is signed int64 from scanf, checked with signed jl against cookie_num. Negative index passes the check and indexes into msg[] array before its start. The indexed value is dereferenced as a string pointer in printf.\"},{\"function\":\"eat_cookie\",\"input\":\"random_byte (fread from /dev/urandom)\",\"operation\":\"random index selects msg[random_idx] for free() and swap-remove with msg[cookie_num-1]\",\"risk\":\"MEDIUM\",\"reason\":\"Index is random (not attacker-controlled), but the swap-remove pattern (msg[random_idx] = msg[cookie_num-1]) combined with free() of the selected pointer creates a potential UAF/double-free scenario if the same pointer appears at multiple indices. The freed pointer is overwritten by the last element, but if random_idx == cookie_num-1, the pointer is freed then the same slot is written with the freed pointer value.\"},{\"function\":\"create_cookie\",\"input\":\"cookie_size (scanf %lld)\",\"operation\":\"calloc(cookie_size, 1) then read(0, buf, cookie_size)\",\"risk\":\"LOW\",\"reason\":\"cookie_size is checked <= 0x100 (256) with jle (signed). calloc and read use the same size. No obvious overflow.\"}],\"facts\":[{\"id\":\"F001\",\"type\":\"FACT\",\"description\":\"Binary is ELF64 PIE, dynamically linked, not stripped, compiled with GCC 10.2.0\",\"source\":\"ELF\"},{\"id\":\"F002\",\"type\":\"FACT\",\"description\":\"Security: Full RELRO, NX enabled, Canary found, PIE enabled\",\"source\":\"ELF\"},{\"id\":\"F003\",\"type\":\"FACT\",\"description\":\"libc is Ubuntu GLIBC 2.39-0ubuntu8.8 at /lib/x86_64-linux-gnu/libc.so.6\",\"source\":\"RUNTIME\"},{\"id\":\"F004\",\"type\":\"FACT\",\"description\":\"BSS layout: msg[32] (char* array) at 0x4060-0x415f (256 bytes), msg_size[32] (int32 array) at 0x4160-0x41df (128 bytes), urandom (FILE*) at 0x41e0, cookie_num (int64) at 0x41e8\",\"source\":\"ELF\"},{\"id\":\"F005\",\"type\":\"FACT\",\"description\":\"init() pre-populates 5 cookies: msg[0..4] via strdup, msg_size[0..4] = {0x50, 0x30, 0x18, 0x38, 0x40}, cookie_num = 5\",\"source\":\"DISASSEMBLY\"},{\"id\":\"F006\",\"type\":\"FACT\",\"description\":\"create_cookie checks cookie_num <= 0x1f (max 32 entries) and cookie_size <= 0x100 (max 256 bytes), uses calloc(cookie_size,1) then read(0,buf,cookie_size)\",\"source\":\"DISASSEMBLY\"},{\"id\":\"F007\",\"type\":\"FACT\",\"description\":\"eat_cookie reads 1 random byte from /dev/urandom, computes random_index = random_byte % cookie_num, prints msg[random_index], frees msg[random_index], then does swap-remove: msg[random_index] = msg[cookie_num-1], msg_size[random_index] = msg_size[cookie_num-1], cookie_num--\",\"source\":\"DISASSEMBLY\"},{\"id\":\"F008\",\"type\":\"FACT\",\"description\":\"edit_cookie reads cookie_index via scanf(%lld), checks cookie_index < cookie_num using signed jl (no lower bound check), then reads msg_size[cookie_index]-1 bytes via read(0, msg[cookie_index], msg_size[cookie_index]-1)\",\"source\":\"DISASSEMBLY\"},{\"id\":\"F009\",\"type\":\"FACT\",\"description\":\"read_cookie reads cookie_index via scanf(%lld), checks cookie_index < cookie_num using signed jl (no lower bound check), then prints msg[cookie_index] via printf(%s)\",\"source\":\"DISASSEMBLY\"},{\"id\":\"F010\",\"type\":\"FACT\",\"description\":\"edit_cookie and read_cookie both use signed comparison jl (jump if less) for index check: cmp rdx, rax; jl. This means negative indices pass the check since negative < cookie_num in signed comparison\",\"source\":\"DISASSEMBLY\"},{\"id\":\"F011\",\"type\":\"FACT\",\"description\":\"msg array (0x4060, 32 elements of 8 bytes) and msg_size array (0x4160, 32 elements of 4 bytes) are adjacent in BSS. msg_size starts exactly at msg+0x100\",\"source\":\"ELF\"},{\"id\":\"F012\",\"type\":\"FACT\",\"description\":\"cookie_num at 0x41e8 is 8 bytes after urandom at 0x41e0, both after msg_size array end at 0x41df\",\"source\":\"ELF\"},{\"id\":\"F013\",\"type\":\"FACT\",\"description\":\"Runtime confirmed: program shows menu with 5 options, initial cookie_num=5, view cookie shows fortune messages, prompt format is 'Which cookie?[0-N]: '\",\"source\":\"RUNTIME\"},{\"id\":\"F014\",\"type\":\"FACT\",\"description\":\"main loop: calls init() once, then loops menu() -> scanf(%lld) -> dispatch to eat/create/edit/read/exit, loops back to menu() after each action except exit\",\"source\":\"DISASSEMBLY\"},{\"id\":\"F015\",\"type\":\"FACT\",\"description\":\"alarm(60) called in init(), setting 60-second timeout\",\"source\":\"DISASSEMBLY\"},{\"id\":\"F016\",\"type\":\"FACT\",\"description\":\"GOT is at 0x3f58, size 0xa8 (13 entries), writable but Full RELRO means it is made read-only after relocation\",\"source\":\"ELF\"},{\"id\":\"F017\",\"type\":\"DERIVED\",\"description\":\"Negative index in edit_cookie/read_cookie can reach addresses before msg[0] (0x4060). For example, index -1 reaches msg[-1] at 0x4058 (completed.0 area), index -3 reaches 0x4048, etc. The msg_size array at 0x4160 can also be reached with positive out-of-bounds indices beyond cookie_num if cookie_num < 32.\",\"source\":\"DISASSEMBLY\"},{\"id\":\"F018\",\"type\":\"DERIVED\",\"description\":\"In eat_cookie, when random_index == cookie_num-1 (the last element), the sequence is: free(msg[cookie_num-1]) then msg[cookie_num-1] = msg[cookie_num-1] (self-assignment of freed pointer), msg_size[cookie_num-1] = msg_size[cookie_num-1] (self-assignment), cookie_num--. The freed pointer remains in the msg array at the same index (now cookie_num-1 after decrement, i.e. still accessible if new cookies are created).\",\"source\":\"DISASSEMBLY\"}],\"uncertainties\":[{\"id\":\"U001\",\"description\":\"Whether negative index in edit_cookie can reach msg_size array or other exploitable data. msg[-1] = 0x4058 which is in completed.0/padding area. Need to verify what values are at negative offsets and whether they form valid pointers.\",\"reason\":\"Static analysis shows the indexing is possible but the content at negative offsets needs runtime verification\"},{\"id\":\"U002\",\"description\":\"Whether eat_cookie's swap-remove creates a exploitable UAF when random_index == cookie_num-1. The freed pointer is self-assigned back, but cookie_num is decremented making it 'out of range' for edit/read. However create_cookie would reuse that slot.\",\"reason\":\"Need S2 to analyze the control flow and determine if the freed pointer can be accessed again through create_cookie reusing the slot\"},{\"id\":\"U003\",\"description\":\"Whether msg_size values at negative offsets (if reachable via negative index in edit_cookie) could provide a large write size. msg_size[-1] at 0x415c would read 4 bytes from the end of msg array (which contains heap pointers).\",\"reason\":\"The msg array contains heap pointers from strdup/calloc; interpreting the low 4 bytes of a heap pointer as msg_size could yield a large value, enabling heap overflow via read()\"},{\"id\":\"U004\",\"description\":\"ASLR status cannot be confirmed from static analysis. PIE is enabled but ASLR depends on kernel configuration.\",\"reason\":\"ASLR is a runtime OS feature, not determinable from ELF alone\"},{\"id\":\"U005\",\"description\":\"FORTIFY_SOURCE status unclear - no __chk symbols observed but cannot definitively confirm absence\",\"reason\":\"checksec does not report FORTIFY, and no __*_chk symbols in PLT, but absence of evidence is not definitive\"}],\"raw\":{\"elf\":\"ELF64 PIE, x86-64, dynamically linked, interpreter /lib64/ld-linux-x86-64.so.2, not stripped, GCC 10.2.0, entry=0x1110\",\"sections\":\"29 sections: .text@0x1110(RX,0x891), .rodata@0x2000(R,0x266), .data@0x4000(RW,0x10), .bss@0x4020(RW,0x1d0), .got@0x3f58(RW,0xa8), .plt@0x1020(RX,0xe0)\",\"symbols\":\"Key: _abort@0x11f5, init@0x1232, create_cookie@0x1399, eat_cookie@0x14e1, edit_cookie@0x1628, read_cookie@0x1751, menu@0x17fd, main@0x187f. Globals: msg[32]@0x4060(256B), msg_size[32]@0x4160(128B), urandom@0x41e0, cookie_num@0x41e8\",\"disassembly\":\"edit_cookie: scanf(%lld)->cookie_index, cmp rdx,cookie_num; jl (signed, no lower bound), read(0, msg[cookie_index], msg_size[cookie_index]-1). read_cookie: scanf(%lld)->cookie_index, cmp rdx,cookie_num; jl (signed, no lower bound), printf(%s, msg[cookie_index]). eat_cookie: fread(urandom,1,1)->random_byte, idx=random_byte%cookie_num, printf(%s,msg[idx]), free(msg[idx]), msg[idx]=msg[cookie_num-1], msg_size[idx]=msg_size[cookie_num-1], cookie_num--. create_cookie: scanf(%lld)->size, check size<=0x100, calloc(size,1), read(0,buf,size), msg[cookie_num]=buf, msg_size[cookie_num]=size, cookie_num++\"}},\"vulnerability_report\":{\"schema\":\"VulnerabilityReport\",\"version\":\"1.0\",\"status\":\"COMPLETED\",\"summary\":{\"total_bugs\":2,\"high_severity\":1,\"medium_severity\":1,\"low_severity\":0},\"vulnerabilities\":[{\"bug_id\":\"BUG-001\",\"title\":\"OOB_SIGNEDNESS_MISMATCH_IN_INDEX_CHECK\",\"root_cause\":{\"type\":\"Signedness Error\",\"description\":\"edit_cookie and read_cookie read cookie_index as a signed int64 via scanf(\\\"%lld\\\") and validate it against cookie_num using a signed comparison (jl / jump-if-less). Since jl performs signed comparison, any negative index satisfies the condition (negative < positive in signed arithmetic). There is no lower-bound check (no test for index >= 0). This allows attacker-controlled negative indices to access memory before the msg[] array in BSS, reaching global FILE* pointers (stdout, stdin, stderr) stored at lower addresses.\"},\"affected_functions\":[\"edit_cookie\",\"read_cookie\"],\"affected_objects\":[\"msg[32] (char* array at BSS 0x4060)\",\"msg_size[32] (int32 array at BSS 0x4160)\",\"stdout (FILE* at BSS 0x4020)\",\"stdin (FILE* at BSS 0x4030)\",\"stderr (FILE* at BSS 0x4040)\"],\"attack_surface\":{\"input\":\"cookie_index via scanf(\\\"%lld\\\") in edit_cookie and read_cookie\",\"entry_function\":\"main (menu option 3 or 4)\",\"data_flow\":[\"Attacker sends menu choice 3 (edit) or 4 (read)\",\"scanf(\\\"%lld\\\") reads cookie_index as signed int64 into stack variable\",\"cookie_index compared to cookie_num using 'cmp rdx,rax; jl' (signed less-than)\",\"Negative index passes check because negative < cookie_num in signed comparison\",\"edit_cookie: msg_size[cookie_index] is read (4 bytes from BSS at 0x4160 + idx*4), decremented by 1, sign-extended to 64-bit via movsxd, used as size argument to read()\",\"edit_cookie: msg[cookie_index] is read (8 bytes from BSS at 0x4060 + idx*8), used as buffer pointer argument to read(0, buf, size)\",\"read_cookie: msg[cookie_index] is read (8 bytes from BSS at 0x4060 + idx*8), passed to printf(\\\"%s\\\") as string argument\"]},\"security_check\":{\"expected\":\"Index should be validated with both lower bound (>= 0) and upper bound (< cookie_num) using unsigned comparison\",\"actual\":\"Only upper bound check via signed jl (jump-if-less): cmp rdx, rax; jl. No lower bound check. Negative values pass because signed comparison treats them as less than cookie_num.\",\"missing_or_incorrect\":\"Missing lower-bound check (index >= 0). The signed comparison jl allows negative indices to bypass the boundary check.\"},\"vulnerable_operation\":{\"operation\":\"OOB array access and pointer dereference\",\"address\":\"edit_cookie: 0x16a7 (msg_size[idx] read), 0x16c3 (msg[idx] read), 0x16de (read() call); read_cookie: 0x17bb (msg[idx] read), 0x17e1 (printf call)\",\"expression\":\"edit_cookie: read(0, msg[cookie_index], msg_size[cookie_index]-1); read_cookie: printf(\\\"%s\\\", msg[cookie_index])\",\"target\":\"msg[cookie_index] dereferences a pointer read from BSS at address 0x4060 + cookie_index*8. For negative indices, this reads FILE* pointers (stdout/stdin/stderr) stored at lower BSS addresses.\",\"size\":\"edit_cookie: msg_size[cookie_index]-1 bytes. For negative indices where msg_size is 0, size becomes 0-1=-1, sign-extended to 0xFFFFFFFFFFFFFFFF (effectively unlimited). read_cookie: unbounded string read via printf %s.\"},\"impact\":[{\"type\":\"MEMORY_CORRUPTION\",\"status\":\"CANDIDATE\",\"reason\":\"In edit_cookie with index -4, msg[-4] reads the stderr FILE* pointer (0x4020+0x20=0x4040, value=libc FILE struct address). msg_size[-4] reads 0 from BSS padding. read(0, FILE_struct_ptr, 0xFFFFFFFFFFFFFFFF) writes attacker-controlled bytes from stdin directly into the FILE structure in libc writable memory. GDB confirmed: rsi=0x7ffff7fa74e0 (stderr FILE struct), rdx=0xffffffffffffffff. The program did not crash, confirming successful write to FILE structure. Similarly, index -6 targets stdin FILE* and index -8 targets stdout FILE*.\"},{\"type\":\"INFO_LEAK\",\"status\":\"CANDIDATE\",\"reason\":\"In read_cookie with index -4, msg[-4] reads the stderr FILE* pointer. printf(\\\"%s\\\", FILE_struct_ptr) prints bytes from the FILE structure until a NUL byte is encountered, leaking libc internal memory contents including libc addresses. Runtime confirmed: output contained bytes 0x87 0x20 0xad 0xfb from the FILE structure, which are libc address bytes.\"},{\"type\":\"CRASH\",\"status\":\"CANDIDATE\",\"reason\":\"In edit_cookie with index -1 or -2, msg[-1]/msg[-2] reads 0x0000000000000000 (NULL pointer from BSS padding). read(0, NULL, 0xFFFFFFFFFFFFFFFF) causes SIGSEGV. GDB confirmed SIGSEGV at edit_cookie+0xd7 when attempting to dereference NULL.\"}],\"evidence\":[{\"id\":\"E001\",\"type\":\"STATIC\",\"function\":\"edit_cookie\",\"address\":\"0x1681-0x1684\",\"description\":\"Index check: 'cmp rdx,rax; jl 1692' uses signed comparison jl (jump-if-less). cookie_index (rdx) is from scanf(\\\"%lld\\\") as signed int64. No lower-bound check exists. Negative values pass because -N < cookie_num in signed arithmetic.\"},{\"id\":\"E002\",\"type\":\"STATIC\",\"function\":\"read_cookie\",\"address\":\"0x17aa-0x17ad\",\"description\":\"Index check: 'cmp rdx,rax; jl 17bb' uses signed comparison jl. Same signedness mismatch as edit_cookie. No lower-bound check.\"},{\"id\":\"E003\",\"type\":\"STATIC\",\"function\":\"edit_cookie\",\"address\":\"0x16a7-0x16de\",\"description\":\"Data flow: msg_size[cookie_index] read at 0x16a7 (lea rdx,[rax*4]; lea rax,msg_size; mov eax,[rdx+rax]; sub eax,1; movsxd rdx,eax), then msg[cookie_index] read at 0x16c3 (lea rcx,[rax*8]; lea rax,msg; mov rax,[rcx+rax]), then read(0, msg[idx], msg_size[idx]-1) at 0x16de. Negative index accesses BSS before msg array.\"},{\"id\":\"E004\",\"type\":\"DYNAMIC\",\"function\":\"edit_cookie\",\"address\":\"0x16de\",\"description\":\"GDB breakpoint at read() call with index=-4: rsi=0x7ffff7fa74e0 (stderr FILE struct address in libc), rdx=0xffffffffffffffff (size from msg_size[-4]=0, 0-1=-1, sign-extended). Program did not crash, confirming write to FILE structure succeeded.\"},{\"id\":\"E005\",\"type\":\"DYNAMIC\",\"function\":\"read_cookie\",\"address\":\"0x17e1\",\"description\":\"Runtime output with index=-4: printf(\\\"%s\\\", stderr_FILE_ptr) printed bytes 0x87 0x20 0xad 0xfb from the FILE structure, confirming information leak of libc memory contents.\"},{\"id\":\"E006\",\"type\":\"STATIC\",\"function\":\"edit_cookie\",\"address\":\"0x4060-0x4020\",\"description\":\"BSS layout: msg[32] at 0x4060, stdout at 0x4020, stdin at 0x4030, stderr at 0x4040. msg[-4] = *(0x4060-32) = *(0x4040) = stderr FILE*. msg[-6] = *(0x4030) = stdin FILE*. msg[-8] = *(0x4020) = stdout FILE*. These are valid libc pointers that can be dereferenced.\"},{\"id\":\"E007\",\"type\":\"DYNAMIC\",\"function\":\"edit_cookie\",\"address\":\"0x16de\",\"description\":\"GDB confirmed msg_size[-4] at 0x4150 = 0x00000000 (BSS padding). Therefore read size = 0-1 = -1, sign-extended via movsxd to 0xFFFFFFFFFFFFFFFF, passed as size_t to read().\"},{\"id\":\"E008\",\"type\":\"DYNAMIC\",\"function\":\"edit_cookie\",\"address\":\"0x1705\",\"description\":\"GDB confirmed SIGSEGV at 0x1705 (edit_cookie+0xd7) with index=-3: msg[-3] at 0x4048 = 0x0000000000000000 (NULL). read(0, NULL, huge) causes NULL pointer dereference.\"}],\"confidence\":\"HIGH\",\"verification_required\":[\"Determine exact FILE structure fields overwritten by read() at offset 0 of stderr/stdin/stdout FILE structures and their security implications\",\"Verify whether the write to FILE structure can corrupt function pointers or vtable pointers within the FILE structure\",\"Assess whether the info leak from read_cookie can reliably disclose libc base address for ASLR bypass\"]},{\"bug_id\":\"BUG-002\",\"title\":\"HEAP_USE_AFTER_FREE_VIA_SWAP_REMOVE_SELF_ASSIGNMENT\",\"root_cause\":{\"type\":\"Use-After-Free\",\"description\":\"eat_cookie implements a swap-remove pattern: it frees msg[random_index], then assigns msg[random_index] = msg[cookie_num-1] and msg_size[random_index] = msg_size[cookie_num-1], then decrements cookie_num. When random_index == cookie_num-1 (the last element), the freed pointer is self-assigned back to the same slot (msg[idx] = msg[idx]), leaving a dangling pointer in the msg array. After cookie_num--, this slot is at index cookie_num (new value), which is out of bounds for edit_cookie/read_cookie (they check idx < cookie_num). However, create_cookie writes to msg[cookie_num], overwriting the dangling pointer. Additionally, when random_index != cookie_num-1, the freed pointer is overwritten by msg[cookie_num-1]'s value, but msg[cookie_num-1] retains its original value, creating a duplicate pointer at two indices. If the duplicate is later freed via eat_cookie selecting the other copy, a double-free occurs.\"},\"affected_functions\":[\"eat_cookie\"],\"affected_objects\":[\"msg[32] (char* array at BSS 0x4060)\",\"msg_size[32] (int32 array at BSS 0x4160)\",\"cookie_num (int64 at BSS 0x41e8)\"],\"attack_surface\":{\"input\":\"random_byte from /dev/urandom via fread (not directly attacker-controlled)\",\"entry_function\":\"main (menu option 1)\",\"data_flow\":[\"eat_cookie reads 1 random byte from /dev/urandom\",\"Computes random_index = random_byte % cookie_num\",\"Prints msg[random_index] via printf\",\"Frees msg[random_index] via free()\",\"Performs swap-remove: msg[random_index] = msg[cookie_num-1], msg_size[random_index] = msg_size[cookie_num-1]\",\"Decrements cookie_num\",\"When random_index == cookie_num-1: freed pointer is self-assigned back, dangling pointer remains in msg array at index that becomes out-of-bounds after decrement\",\"When random_index != cookie_num-1: freed pointer is overwritten, but msg[cookie_num-1] still holds same value as msg[random_index] (duplicate pointer)\"]},\"security_check\":{\"expected\":\"After freeing msg[random_index], the freed pointer should be cleared (set to NULL) and the slot should not retain a dangling reference. The swap-remove should not create duplicate pointers.\",\"actual\":\"No NULL-ification of freed pointer. Self-assignment when random_index == cookie_num-1 leaves dangling pointer. Swap-remove creates duplicate pointers when random_index != cookie_num-1.\",\"missing_or_incorrect\":\"Missing NULL-ification of freed pointer. Missing check for random_index == cookie_num-1 to avoid self-assignment of freed pointer.\"},\"vulnerable_operation\":{\"operation\":\"free(msg[random_index]) followed by dangling pointer retention\",\"address\":\"0x158e (free call), 0x15b4-0x15c6 (swap-assign msg), 0x15e7-0x15fc (swap-assign msg_size), 0x160a (cookie_num--)\",\"expression\":\"free(msg[idx]); msg[idx] = msg[cookie_num-1]; msg_size[idx] = msg_size[cookie_num-1]; cookie_num--;\",\"target\":\"msg[random_index] heap pointer\",\"size\":\"8 bytes (pointer)\"},\"impact\":[{\"type\":\"MEMORY_CORRUPTION\",\"status\":\"THEORETICAL\",\"reason\":\"When random_index == cookie_num-1, the freed heap pointer remains in msg[cookie_num-1] (which becomes msg[cookie_num] after decrement). create_cookie will reuse this slot (msg[cookie_num] = new_ptr), overwriting the dangling pointer. If the freed chunk is reallocated and the new allocation is used via edit_cookie before the slot is overwritten, a use-after-free write could corrupt the new allocation's data. However, the slot is at index cookie_num (out of bounds for edit/read), so direct access requires create_cookie to overwrite it first, which eliminates the dangling pointer.\"},{\"type\":\"DATA_CORRUPTION\",\"status\":\"THEORETICAL\",\"reason\":\"When random_index != cookie_num-1, the swap-remove creates a duplicate pointer: msg[random_index] and msg[cookie_num-1] both point to the same heap block (the one originally at msg[cookie_num-1]). The freed block (originally at msg[random_index]) is gone. If eat_cookie later selects msg[cookie_num-1] (now at a different index after decrements) and frees it, while msg[random_index] still holds the same pointer, a double-free occurs. This is probabilistic because the index is random.\"}],\"evidence\":[{\"id\":\"E009\",\"type\":\"STATIC\",\"function\":\"eat_cookie\",\"address\":\"0x158e-0x160a\",\"description\":\"Swap-remove sequence: free(msg[idx]) at 0x158e, then msg[idx] = msg[cookie_num-1] at 0x15b4-0x15c6, msg_size[idx] = msg_size[cookie_num-1] at 0x15e7-0x15fc, cookie_num-- at 0x160a. No NULL-ification of freed pointer.\"},{\"id\":\"E010\",\"type\":\"DYNAMIC\",\"function\":\"eat_cookie\",\"address\":\"0x1626\",\"description\":\"GDB confirmed: when idx=4 and cookie_num=5 (idx == cookie_num-1), after free(msg[4]) and self-assignment, msg[4] still contains the freed pointer 0x555555559580. cookie_num becomes 4, making index 4 out of bounds for edit/read but accessible by create_cookie.\"},{\"id\":\"E011\",\"type\":\"DYNAMIC\",\"function\":\"eat_cookie\",\"address\":\"0x1626\",\"description\":\"GDB confirmed: when idx=0 and cookie_num=5, after free(msg[0]) and swap-remove (msg[0]=msg[4]=0x555555559540), both msg[0] and msg[3] contain 0x555555559540 (duplicate pointer). cookie_num=4, so both indices 0 and 3 are accessible (0<4, 3<4).\"}],\"confidence\":\"MEDIUM\",\"verification_required\":[\"Verify whether the dangling pointer at msg[cookie_num] after self-assignment can be accessed before create_cookie overwrites it (e.g., via negative index from BUG-001)\",\"Determine probability of double-free via duplicate pointers given random index selection\",\"Assess whether the 60-second alarm timeout limits the feasibility of probabilistic UAF exploitation\"]},{\"bug_id\":\"BUG-003\",\"title\":\"INTEGER_UNDERFLOW_IN_EDIT_SIZE_CALCULATION\",\"root_cause\":{\"type\":\"Integer Underflow\",\"description\":\"In edit_cookie, the write size for read() is computed as msg_size[cookie_index] - 1. msg_size is an int32 array. When msg_size[cookie_index] is 0 (which occurs at negative indices where BSS padding is zero, or at uninitialized positive indices), the subtraction 0 - 1 = -1 (int32). This value is then sign-extended to int64 via 'movsxd rdx, eax', producing 0xFFFFFFFFFFFFFFFF. This is passed as the size_t (unsigned) third argument to read(), resulting in an effectively unlimited read size.\"},\"affected_functions\":[\"edit_cookie\"],\"affected_objects\":[\"msg_size[32] (int32 array at BSS 0x4160)\"],\"attack_surface\":{\"input\":\"cookie_index via scanf(\\\"%lld\\\") in edit_cookie (combined with BUG-001 negative index)\",\"entry_function\":\"main (menu option 3)\",\"data_flow\":[\"Attacker sends menu choice 3 (edit)\",\"scanf reads negative cookie_index (e.g., -4)\",\"msg_size[cookie_index] read from BSS: for negative indices, reads 0 from BSS padding\",\"msg_size[cookie_index] - 1 = 0 - 1 = -1 (int32 0xFFFFFFFF)\",\"movsxd sign-extends to 0xFFFFFFFFFFFFFFFF (int64)\",\"read(0, msg[cookie_index], 0xFFFFFFFFFFFFFFFF) called with unlimited size\"]},\"security_check\":{\"expected\":\"Size should be validated to be > 0 before subtraction, or unsigned arithmetic should be used with a check for zero.\",\"actual\":\"No validation of msg_size[cookie_index] before subtraction. Direct subtraction of 1 from potentially zero value, followed by signed sign-extension to 64-bit.\",\"missing_or_incorrect\":\"Missing check for msg_size[cookie_index] == 0 before computing size = msg_size[cookie_index] - 1. Missing unsigned conversion to prevent sign-extension of negative result.\"},\"vulnerable_operation\":{\"operation\":\"read() with unlimited size\",\"address\":\"0x16b6-0x16de\",\"description\":\"msg_size[idx] read at 0x16b6 (mov eax, [rdx+rax]), sub eax,1 at 0x16b9, movsxd rdx,eax at 0x16bc, read(0, buf, rdx) at 0x16de\",\"expression\":\"read(0, msg[cookie_index], (int64)(msg_size[cookie_index] - 1))\",\"target\":\"Heap buffer or FILE structure pointed by msg[cookie_index]\",\"size\":\"0xFFFFFFFFFFFFFFFF (effectively unlimited) when msg_size[cookie_index] == 0\"},\"impact\":[{\"type\":\"MEMORY_CORRUPTION\",\"status\":\"CANDIDATE\",\"reason\":\"When combined with BUG-001 (negative index), the unlimited read size allows writing an arbitrary number of attacker-controlled bytes to the target buffer. For index -4 (stderr FILE*), this writes unlimited bytes to the FILE structure in libc. For valid heap indices where msg_size is correctly set, the size is bounded. The underflow only occurs when msg_size[idx] is 0, which happens at negative indices or uninitialized slots.\"}],\"evidence\":[{\"id\":\"E012\",\"type\":\"STATIC\",\"function\":\"edit_cookie\",\"address\":\"0x16b6-0x16bc\",\"description\":\"Size computation: 'mov eax, [rdx+rax]' (read msg_size[idx] as int32), 'sub eax, 1' (subtract 1, underflows if 0), 'movsxd rdx, eax' (sign-extend int32 to int64, producing 0xFFFFFFFFFFFFFFFF for -1).\"},{\"id\":\"E013\",\"type\":\"DYNAMIC\",\"function\":\"edit_cookie\",\"address\":\"0x16de\",\"description\":\"GDB confirmed: with index=-4, rdx (size argument to read) = 0xffffffffffffffff. msg_size[-4] was 0x00000000, so 0-1=-1, sign-extended to 0xFFFFFFFFFFFFFFFF.\"}],\"confidence\":\"HIGH\",\"verification_required\":[\"This bug is a contributing factor to BUG-001's MEMORY_CORRUPTION impact. It amplifies the write capability when combined with the negative index vulnerability. Verify whether any code path can set msg_size[idx] to 0 for a valid (positive) index, which would enable unlimited heap write without needing the negative index.\"]}],\"non_vulnerabilities\":[{\"function\":\"create_cookie\",\"description\":\"cookie_size is read via scanf(\\\"%lld\\\") and checked with 'cmp rax, 0x100; jle' (signed <= 256). calloc(cookie_size, 1) allocates exactly cookie_size bytes. read(0, buf, cookie_size) reads at most cookie_size bytes. The size check and allocation use the same value with no mismatch.\",\"reason\":\"The size check (<=256) and allocation (calloc(size,1)) and read (read(0,buf,size)) all use the same cookie_size value. No integer overflow possible since max is 256. No buffer overflow since read size equals allocation size. The check uses jle (signed) but cookie_size is expected to be positive, and negative values would cause calloc to fail (returning NULL) which would crash on read, not create an exploitable condition.\"},{\"function\":\"main\",\"description\":\"menu_choice is read via scanf(\\\"%lld\\\") and dispatched via switch statement checking values 1-5.\",\"reason\":\"The switch statement only dispatches to functions for choices 1-5. Invalid choices fall through to default which loops back to menu. No memory operations performed on invalid input.\"}],\"unresolved\":[{\"description\":\"Whether the write to FILE structure via edit_cookie negative index can corrupt function pointers within the FILE structure (e.g., __read_ptr, __write_ptr, __seek_ptr vtable pointers)\",\"reason\":\"The FILE structure layout depends on glibc version (2.39). The exact offset of function pointers within the FILE structure needs to be verified against the specific glibc version.\",\"required_next_step\":\"Analyze the _IO_FILE structure layout in glibc 2.39 to determine which fields are overwritten by read() at offset 0 and whether function pointers or buffer pointers are affected.\"},{\"description\":\"Whether the probabilistic UAF in eat_cookie can be reliably triggered within the 60-second alarm timeout\",\"reason\":\"The random index from /dev/urandom makes the UAF probabilistic. The probability of hitting random_index == cookie_num-1 depends on cookie_num, and multiple eat operations may be needed.\",\"required_next_step\":\"Calculate the probability of triggering the self-assignment UAF condition and determine if it is feasible within the time constraint.\"},{\"description\":\"Whether the duplicate pointer scenario in eat_cookie can lead to a double-free\",\"reason\":\"When random_index != cookie_num-1, a duplicate pointer is created. If eat_cookie later selects the other copy and frees it, a double-free occurs. The probability depends on the random index selection and the number of eat operations.\",\"required_next_step\":\"Analyze the probability of selecting the duplicate pointer in subsequent eat_cookie calls and verify whether glibc 2.39's tcache double-free detection would prevent exploitation.\"}]},\"primitive_reports\":[],\"target_bug\":\"\",\"bug_reports\":[],\"impact_reports\":[],\"strategy_reports\":[],\"final_exploit_path\":\"\",\"final_report\":{}}",
  "vulnerability_report": {
    "schema": "VulnerabilityReport",
    "version": "1.0",
    "status": "COMPLETED",
    "summary": {
      "total_bugs": 2,
      "high_severity": 1,
      "medium_severity": 1,
      "low_severity": 0
    },
    "vulnerabilities": [
      {
        "bug_id": "BUG-001",
        "title": "OOB_SIGNEDNESS_MISMATCH_IN_INDEX_CHECK",
        "root_cause": {
          "type": "Signedness Error",
          "description": "edit_cookie and read_cookie read cookie_index as a signed int64 via scanf(\"%lld\") and validate it against cookie_num using a signed comparison (jl / jump-if-less). Since jl performs signed comparison, any negative index satisfies the condition (negative < positive in signed arithmetic). There is no lower-bound check (no test for index >= 0). This allows attacker-controlled negative indices to access memory before the msg[] array in BSS, reaching global FILE* pointers (stdout, stdin, stderr) stored at lower addresses."
        },
        "affected_functions": [
          "edit_cookie",
          "read_cookie"
        ],
        "affected_objects": [
          "msg[32] (char* array at BSS 0x4060)",
          "msg_size[32] (int32 array at BSS 0x4160)",
          "stdout (FILE* at BSS 0x4020)",
          "stdin (FILE* at BSS 0x4030)",
          "stderr (FILE* at BSS 0x4040)"
        ],
        "attack_surface": {
          "input": "cookie_index via scanf(\"%lld\") in edit_cookie and read_cookie",
          "entry_function": "main (menu option 3 or 4)",
          "data_flow": [
            "Attacker sends menu choice 3 (edit) or 4 (read)",
            "scanf(\"%lld\") reads cookie_index as signed int64 into stack variable",
            "cookie_index compared to cookie_num using 'cmp rdx,rax; jl' (signed less-than)",
            "Negative index passes check because negative < cookie_num in signed comparison",
            "edit_cookie: msg_size[cookie_index] is read (4 bytes from BSS at 0x4160 + idx*4), decremented by 1, sign-extended to 64-bit via movsxd, used as size argument to read()",
            "edit_cookie: msg[cookie_index] is read (8 bytes from BSS at 0x4060 + idx*8), used as buffer pointer argument to read(0, buf, size)",
            "read_cookie: msg[cookie_index] is read (8 bytes from BSS at 0x4060 + idx*8), passed to printf(\"%s\") as string argument"
          ]
        },
        "security_check": {
          "expected": "Index should be validated with both lower bound (>= 0) and upper bound (< cookie_num) using unsigned comparison",
          "actual": "Only upper bound check via signed jl (jump-if-less): cmp rdx, rax; jl. No lower bound check. Negative values pass because signed comparison treats them as less than cookie_num.",
          "missing_or_incorrect": "Missing lower-bound check (index >= 0). The signed comparison jl allows negative indices to bypass the boundary check."
        },
        "vulnerable_operation": {
          "operation": "OOB array access and pointer dereference",
          "address": "edit_cookie: 0x16a7 (msg_size[idx] read), 0x16c3 (msg[idx] read), 0x16de (read() call); read_cookie: 0x17bb (msg[idx] read), 0x17e1 (printf call)",
          "expression": "edit_cookie: read(0, msg[cookie_index], msg_size[cookie_index]-1); read_cookie: printf(\"%s\", msg[cookie_index])",
          "target": "msg[cookie_index] dereferences a pointer read from BSS at address 0x4060 + cookie_index*8. For negative indices, this reads FILE* pointers (stdout/stdin/stderr) stored at lower BSS addresses.",
          "size": "edit_cookie: msg_size[cookie_index]-1 bytes. For negative indices where msg_size is 0, size becomes 0-1=-1, sign-extended to 0xFFFFFFFFFFFFFFFF (effectively unlimited). read_cookie: unbounded string read via printf %s."
        },
        "impact": [
          {
            "type": "MEMORY_CORRUPTION",
            "status": "CANDIDATE",
            "reason": "In edit_cookie with index -4, msg[-4] reads the stderr FILE* pointer (0x4020+0x20=0x4040, value=libc FILE struct address). msg_size[-4] reads 0 from BSS padding. read(0, FILE_struct_ptr, 0xFFFFFFFFFFFFFFFF) writes attacker-controlled bytes from stdin directly into the FILE structure in libc writable memory. GDB confirmed: rsi=0x7ffff7fa74e0 (stderr FILE struct), rdx=0xffffffffffffffff. The program did not crash, confirming successful write to FILE structure. Similarly, index -6 targets stdin FILE* and index -8 targets stdout FILE*."
          },
          {
            "type": "INFO_LEAK",
            "status": "CANDIDATE",
            "reason": "In read_cookie with index -4, msg[-4] reads the stderr FILE* pointer. printf(\"%s\", FILE_struct_ptr) prints bytes from the FILE structure until a NUL byte is encountered, leaking libc internal memory contents including libc addresses. Runtime confirmed: output contained bytes 0x87 0x20 0xad 0xfb from the FILE structure, which are libc address bytes."
          },
          {
            "type": "CRASH",
            "status": "CANDIDATE",
            "reason": "In edit_cookie with index -1 or -2, msg[-1]/msg[-2] reads 0x0000000000000000 (NULL pointer from BSS padding). read(0, NULL, 0xFFFFFFFFFFFFFFFF) causes SIGSEGV. GDB confirmed SIGSEGV at edit_cookie+0xd7 when attempting to dereference NULL."
          }
        ],
        "evidence": [
          {
            "id": "E001",
            "type": "STATIC",
            "function": "edit_cookie",
            "address": "0x1681-0x1684",
            "description": "Index check: 'cmp rdx,rax; jl 1692' uses signed comparison jl (jump-if-less). cookie_index (rdx) is from scanf(\"%lld\") as signed int64. No lower-bound check exists. Negative values pass because -N < cookie_num in signed arithmetic."
          },
          {
            "id": "E002",
            "type": "STATIC",
            "function": "read_cookie",
            "address": "0x17aa-0x17ad",
            "description": "Index check: 'cmp rdx,rax; jl 17bb' uses signed comparison jl. Same signedness mismatch as edit_cookie. No lower-bound check."
          },
          {
            "id": "E003",
            "type": "STATIC",
            "function": "edit_cookie",
            "address": "0x16a7-0x16de",
            "description": "Data flow: msg_size[cookie_index] read at 0x16a7 (lea rdx,[rax*4]; lea rax,msg_size; mov eax,[rdx+rax]; sub eax,1; movsxd rdx,eax), then msg[cookie_index] read at 0x16c3 (lea rcx,[rax*8]; lea rax,msg; mov rax,[rcx+rax]), then read(0, msg[idx], msg_size[idx]-1) at 0x16de. Negative index accesses BSS before msg array."
          },
          {
            "id": "E004",
            "type": "DYNAMIC",
            "function": "edit_cookie",
            "address": "0x16de",
            "description": "GDB breakpoint at read() call with index=-4: rsi=0x7ffff7fa74e0 (stderr FILE struct address in libc), rdx=0xffffffffffffffff (size from msg_size[-4]=0, 0-1=-1, sign-extended). Program did not crash, confirming write to FILE structure succeeded."
          },
          {
            "id": "E005",
            "type": "DYNAMIC",
            "function": "read_cookie",
            "address": "0x17e1",
            "description": "Runtime output with index=-4: printf(\"%s\", stderr_FILE_ptr) printed bytes 0x87 0x20 0xad 0xfb from the FILE structure, confirming information leak of libc memory contents."
          },
          {
            "id": "E006",
            "type": "STATIC",
            "function": "edit_cookie",
            "address": "0x4060-0x4020",
            "description": "BSS layout: msg[32] at 0x4060, stdout at 0x4020, stdin at 0x4030, stderr at 0x4040. msg[-4] = *(0x4060-32) = *(0x4040) = stderr FILE*. msg[-6] = *(0x4030) = stdin FILE*. msg[-8] = *(0x4020) = stdout FILE*. These are valid libc pointers that can be dereferenced."
          },
          {
            "id": "E007",
            "type": "DYNAMIC",
            "function": "edit_cookie",
            "address": "0x16de",
            "description": "GDB confirmed msg_size[-4] at 0x4150 = 0x00000000 (BSS padding). Therefore read size = 0-1 = -1, sign-extended via movsxd to 0xFFFFFFFFFFFFFFFF, passed as size_t to read()."
          },
          {
            "id": "E008",
            "type": "DYNAMIC",
            "function": "edit_cookie",
            "address": "0x1705",
            "description": "GDB confirmed SIGSEGV at 0x1705 (edit_cookie+0xd7) with index=-3: msg[-3] at 0x4048 = 0x0000000000000000 (NULL). read(0, NULL, huge) causes NULL pointer dereference."
          }
        ],
        "confidence": "HIGH",
        "verification_required": [
          "Determine exact FILE structure fields overwritten by read() at offset 0 of stderr/stdin/stdout FILE structures and their security implications",
          "Verify whether the write to FILE structure can corrupt function pointers or vtable pointers within the FILE structure",
          "Assess whether the info leak from read_cookie can reliably disclose libc base address for ASLR bypass"
        ]
      },
      {
        "bug_id": "BUG-002",
        "title": "HEAP_USE_AFTER_FREE_VIA_SWAP_REMOVE_SELF_ASSIGNMENT",
        "root_cause": {
          "type": "Use-After-Free",
          "description": "eat_cookie implements a swap-remove pattern: it frees msg[random_index], then assigns msg[random_index] = msg[cookie_num-1] and msg_size[random_index] = msg_size[cookie_num-1], then decrements cookie_num. When random_index == cookie_num-1 (the last element), the freed pointer is self-assigned back to the same slot (msg[idx] = msg[idx]), leaving a dangling pointer in the msg array. After cookie_num--, this slot is at index cookie_num (new value), which is out of bounds for edit_cookie/read_cookie (they check idx < cookie_num). However, create_cookie writes to msg[cookie_num], overwriting the dangling pointer. Additionally, when random_index != cookie_num-1, the freed pointer is overwritten by msg[cookie_num-1]'s value, but msg[cookie_num-1] retains its original value, creating a duplicate pointer at two indices. If the duplicate is later freed via eat_cookie selecting the other copy, a double-free occurs."
        },
        "affected_functions": [
          "eat_cookie"
        ],
        "affected_objects": [
          "msg[32] (char* array at BSS 0x4060)",
          "msg_size[32] (int32 array at BSS 0x4160)",
          "cookie_num (int64 at BSS 0x41e8)"
        ],
        "attack_surface": {
          "input": "random_byte from /dev/urandom via fread (not directly attacker-controlled)",
          "entry_function": "main (menu option 1)",
          "data_flow": [
            "eat_cookie reads 1 random byte from /dev/urandom",
            "Computes random_index = random_byte % cookie_num",
            "Prints msg[random_index] via printf",
            "Frees msg[random_index] via free()",
            "Performs swap-remove: msg[random_index] = msg[cookie_num-1], msg_size[random_index] = msg_size[cookie_num-1]",
            "Decrements cookie_num",
            "When random_index == cookie_num-1: freed pointer is self-assigned back, dangling pointer remains in msg array at index that becomes out-of-bounds after decrement",
            "When random_index != cookie_num-1: freed pointer is overwritten, but msg[cookie_num-1] still holds same value as msg[random_index] (duplicate pointer)"
          ]
        },
        "security_check": {
          "expected": "After freeing msg[random_index], the freed pointer should be cleared (set to NULL) and the slot should not retain a dangling reference. The swap-remove should not create duplicate pointers.",
          "actual": "No NULL-ification of freed pointer. Self-assignment when random_index == cookie_num-1 leaves dangling pointer. Swap-remove creates duplicate pointers when random_index != cookie_num-1.",
          "missing_or_incorrect": "Missing NULL-ification of freed pointer. Missing check for random_index == cookie_num-1 to avoid self-assignment of freed pointer."
        },
        "vulnerable_operation": {
          "operation": "free(msg[random_index]) followed by dangling pointer retention",
          "address": "0x158e (free call), 0x15b4-0x15c6 (swap-assign msg), 0x15e7-0x15fc (swap-assign msg_size), 0x160a (cookie_num--)",
          "expression": "free(msg[idx]); msg[idx] = msg[cookie_num-1]; msg_size[idx] = msg_size[cookie_num-1]; cookie_num--;",
          "target": "msg[random_index] heap pointer",
          "size": "8 bytes (pointer)"
        },
        "impact": [
          {
            "type": "MEMORY_CORRUPTION",
            "status": "THEORETICAL",
            "reason": "When random_index == cookie_num-1, the freed heap pointer remains in msg[cookie_num-1] (which becomes msg[cookie_num] after decrement). create_cookie will reuse this slot (msg[cookie_num] = new_ptr), overwriting the dangling pointer. If the freed chunk is reallocated and the new allocation is used via edit_cookie before the slot is overwritten, a use-after-free write could corrupt the new allocation's data. However, the slot is at index cookie_num (out of bounds for edit/read), so direct access requires create_cookie to overwrite it first, which eliminates the dangling pointer."
          },
          {
            "type": "DATA_CORRUPTION",
            "status": "THEORETICAL",
            "reason": "When random_index != cookie_num-1, the swap-remove creates a duplicate pointer: msg[random_index] and msg[cookie_num-1] both point to the same heap block (the one originally at msg[cookie_num-1]). The freed block (originally at msg[random_index]) is gone. If eat_cookie later selects msg[cookie_num-1] (now at a different index after decrements) and frees it, while msg[random_index] still holds the same pointer, a double-free occurs. This is probabilistic because the index is random."
          }
        ],
        "evidence": [
          {
            "id": "E009",
            "type": "STATIC",
            "function": "eat_cookie",
            "address": "0x158e-0x160a",
            "description": "Swap-remove sequence: free(msg[idx]) at 0x158e, then msg[idx] = msg[cookie_num-1] at 0x15b4-0x15c6, msg_size[idx] = msg_size[cookie_num-1] at 0x15e7-0x15fc, cookie_num-- at 0x160a. No NULL-ification of freed pointer."
          },
          {
            "id": "E010",
            "type": "DYNAMIC",
            "function": "eat_cookie",
            "address": "0x1626",
            "description": "GDB confirmed: when idx=4 and cookie_num=5 (idx == cookie_num-1), after free(msg[4]) and self-assignment, msg[4] still contains the freed pointer 0x555555559580. cookie_num becomes 4, making index 4 out of bounds for edit/read but accessible by create_cookie."
          },
          {
            "id": "E011",
            "type": "DYNAMIC",
            "function": "eat_cookie",
            "address": "0x1626",
            "description": "GDB confirmed: when idx=0 and cookie_num=5, after free(msg[0]) and swap-remove (msg[0]=msg[4]=0x555555559540), both msg[0] and msg[3] contain 0x555555559540 (duplicate pointer). cookie_num=4, so both indices 0 and 3 are accessible (0<4, 3<4)."
          }
        ],
        "confidence": "MEDIUM",
        "verification_required": [
          "Verify whether the dangling pointer at msg[cookie_num] after self-assignment can be accessed before create_cookie overwrites it (e.g., via negative index from BUG-001)",
          "Determine probability of double-free via duplicate pointers given random index selection",
          "Assess whether the 60-second alarm timeout limits the feasibility of probabilistic UAF exploitation"
        ]
      },
      {
        "bug_id": "BUG-003",
        "title": "INTEGER_UNDERFLOW_IN_EDIT_SIZE_CALCULATION",
        "root_cause": {
          "type": "Integer Underflow",
          "description": "In edit_cookie, the write size for read() is computed as msg_size[cookie_index] - 1. msg_size is an int32 array. When msg_size[cookie_index] is 0 (which occurs at negative indices where BSS padding is zero, or at uninitialized positive indices), the subtraction 0 - 1 = -1 (int32). This value is then sign-extended to int64 via 'movsxd rdx, eax', producing 0xFFFFFFFFFFFFFFFF. This is passed as the size_t (unsigned) third argument to read(), resulting in an effectively unlimited read size."
        },
        "affected_functions": [
          "edit_cookie"
        ],
        "affected_objects": [
          "msg_size[32] (int32 array at BSS 0x4160)"
        ],
        "attack_surface": {
          "input": "cookie_index via scanf(\"%lld\") in edit_cookie (combined with BUG-001 negative index)",
          "entry_function": "main (menu option 3)",
          "data_flow": [
            "Attacker sends menu choice 3 (edit)",
            "scanf reads negative cookie_index (e.g., -4)",
            "msg_size[cookie_index] read from BSS: for negative indices, reads 0 from BSS padding",
            "msg_size[cookie_index] - 1 = 0 - 1 = -1 (int32 0xFFFFFFFF)",
            "movsxd sign-extends to 0xFFFFFFFFFFFFFFFF (int64)",
            "read(0, msg[cookie_index], 0xFFFFFFFFFFFFFFFF) called with unlimited size"
          ]
        },
        "security_check": {
          "expected": "Size should be validated to be > 0 before subtraction, or unsigned arithmetic should be used with a check for zero.",
          "actual": "No validation of msg_size[cookie_index] before subtraction. Direct subtraction of 1 from potentially zero value, followed by signed sign-extension to 64-bit.",
          "missing_or_incorrect": "Missing check for msg_size[cookie_index] == 0 before computing size = msg_size[cookie_index] - 1. Missing unsigned conversion to prevent sign-extension of negative result."
        },
        "vulnerable_operation": {
          "operation": "read() with unlimited size",
          "address": "0x16b6-0x16de",
          "description": "msg_size[idx] read at 0x16b6 (mov eax, [rdx+rax]), sub eax,1 at 0x16b9, movsxd rdx,eax at 0x16bc, read(0, buf, rdx) at 0x16de",
          "expression": "read(0, msg[cookie_index], (int64)(msg_size[cookie_index] - 1))",
          "target": "Heap buffer or FILE structure pointed by msg[cookie_index]",
          "size": "0xFFFFFFFFFFFFFFFF (effectively unlimited) when msg_size[cookie_index] == 0"
        },
        "impact": [
          {
            "type": "MEMORY_CORRUPTION",
            "status": "CANDIDATE",
            "reason": "When combined with BUG-001 (negative index), the unlimited read size allows writing an arbitrary number of attacker-controlled bytes to the target buffer. For index -4 (stderr FILE*), this writes unlimited bytes to the FILE structure in libc. For valid heap indices where msg_size is correctly set, the size is bounded. The underflow only occurs when msg_size[idx] is 0, which happens at negative indices or uninitialized slots."
          }
        ],
        "evidence": [
          {
            "id": "E012",
            "type": "STATIC",
            "function": "edit_cookie",
            "address": "0x16b6-0x16bc",
            "description": "Size computation: 'mov eax, [rdx+rax]' (read msg_size[idx] as int32), 'sub eax, 1' (subtract 1, underflows if 0), 'movsxd rdx, eax' (sign-extend int32 to int64, producing 0xFFFFFFFFFFFFFFFF for -1)."
          },
          {
            "id": "E013",
            "type": "DYNAMIC",
            "function": "edit_cookie",
            "address": "0x16de",
            "description": "GDB confirmed: with index=-4, rdx (size argument to read) = 0xffffffffffffffff. msg_size[-4] was 0x00000000, so 0-1=-1, sign-extended to 0xFFFFFFFFFFFFFFFF."
          }
        ],
        "confidence": "HIGH",
        "verification_required": [
          "This bug is a contributing factor to BUG-001's MEMORY_CORRUPTION impact. It amplifies the write capability when combined with the negative index vulnerability. Verify whether any code path can set msg_size[idx] to 0 for a valid (positive) index, which would enable unlimited heap write without needing the negative index."
        ]
      }
    ],
    "non_vulnerabilities": [
      {
        "function": "create_cookie",
        "description": "cookie_size is read via scanf(\"%lld\") and checked with 'cmp rax, 0x100; jle' (signed <= 256). calloc(cookie_size, 1) allocates exactly cookie_size bytes. read(0, buf, cookie_size) reads at most cookie_size bytes. The size check and allocation use the same value with no mismatch.",
        "reason": "The size check (<=256) and allocation (calloc(size,1)) and read (read(0,buf,size)) all use the same cookie_size value. No integer overflow possible since max is 256. No buffer overflow since read size equals allocation size. The check uses jle (signed) but cookie_size is expected to be positive, and negative values would cause calloc to fail (returning NULL) which would crash on read, not create an exploitable condition."
      },
      {
        "function": "main",
        "description": "menu_choice is read via scanf(\"%lld\") and dispatched via switch statement checking values 1-5.",
        "reason": "The switch statement only dispatches to functions for choices 1-5. Invalid choices fall through to default which loops back to menu. No memory operations performed on invalid input."
      }
    ],
    "unresolved": [
      {
        "description": "Whether the write to FILE structure via edit_cookie negative index can corrupt function pointers within the FILE structure (e.g., __read_ptr, __write_ptr, __seek_ptr vtable pointers)",
        "reason": "The FILE structure layout depends on glibc version (2.39). The exact offset of function pointers within the FILE structure needs to be verified against the specific glibc version.",
        "required_next_step": "Analyze the _IO_FILE structure layout in glibc 2.39 to determine which fields are overwritten by read() at offset 0 and whether function pointers or buffer pointers are affected."
      },
      {
        "description": "Whether the probabilistic UAF in eat_cookie can be reliably triggered within the 60-second alarm timeout",
        "reason": "The random index from /dev/urandom makes the UAF probabilistic. The probability of hitting random_index == cookie_num-1 depends on cookie_num, and multiple eat operations may be needed.",
        "required_next_step": "Calculate the probability of triggering the self-assignment UAF condition and determine if it is feasible within the time constraint."
      },
      {
        "description": "Whether the duplicate pointer scenario in eat_cookie can lead to a double-free",
        "reason": "When random_index != cookie_num-1, a duplicate pointer is created. If eat_cookie later selects the other copy and frees it, a double-free occurs. The probability depends on the random index selection and the number of eat operations.",
        "required_next_step": "Analyze the probability of selecting the duplicate pointer in subsequent eat_cookie calls and verify whether glibc 2.39's tcache double-free detection would prevent exploitation."
      }
    ]
  },
  "_saved": "/work/test/stage2.json"
}
