/work/leanagent/schemas.py:25: UserWarning: Field name "schema" in "BinaryInfo" shadows an attribute in parent "BaseModel"
  class BinaryInfo(BaseModel):
/work/leanagent/schemas.py:42: UserWarning: Field name "schema" in "BugReport" shadows an attribute in parent "BaseModel"
  class BugReport(BaseModel):
/work/leanagent/schemas.py:80: UserWarning: Field name "schema" in "ImpactReport" shadows an attribute in parent "BaseModel"
  class ImpactReport(BaseModel):
/work/leanagent/schemas.py:97: UserWarning: Field name "schema" in "StrategyReport" shadows an attribute in parent "BaseModel"
  class StrategyReport(BaseModel):
[19:01:34] [heal] /work/0001-2020-1. ROP/exploit
[19:01:34] [heal] /work/0010-2021-30-fortunecookie1/exploit
[19:01:34] [heal] /work/0011-2021-31-fortunecookie2/exploit
[19:01:34] [hide] /work/0001-2020-1. ROP/exploit → /tmp/_leanagent_hidden/work_0001-2020-1. ROP_exploit
[19:01:34] [hide] /work/0010-2021-30-fortunecookie1/exploit → /tmp/_leanagent_hidden/work_0010-2021-30-fortunecookie1_exploit
[19:01:34] [hide] /work/0011-2021-31-fortunecookie2/exploit → /tmp/_leanagent_hidden/work_0011-2021-31-fortunecookie2_exploit

=== semantic (bug_id=-) ===
[19:01:34]	[[semantic]] → 调用 GLM...
[19:01:37]	[[semantic]] ← GLM 响应 (2.5s)
	[[semantic]] I'll analyze this binary systematically. Let me start by examining the key functions and global variables.
[19:01:37]	[[semantic]] → 工具 disassemble({'binary': '/work/test/target', 'function': 'main', 'lines': 60})
[19:01:37]	[[semantic]] → 工具 disassemble({'binary': '/work/test/target', 'function': 'menu', 'lines': 40})
[19:01:37]	[[semantic]] → 工具 disassemble({'binary': '/work/test/target', 'function': 'create_cookie', 'lines': 80})
[19:01:37]	[[semantic]] ← [tool:disassemble] content='000000000000187f <main>:\n    187f:\tpush   rbp\n    1880:\tmov    rbp,rsp\n    1883:\tsub    rsp,0x10\n    1887:\tmov    rax,QWORD PTR fs:0x28\n    1890:\tmov    QWORD PTR [rbp-0x8],rax\n   
[19:01:37]	[[semantic]] ← [tool:disassemble] content='00000000000017fd <menu>:\n    17fd:\tpush   rbp\n    17fe:\tmov    rbp,rsp\n    1801:\tsub    rsp,0x10\n    1805:\tmov    rax,QWORD PTR fs:0x28\n    180e:\tmov    QWORD PTR [rbp-0x8],rax\n   
[19:01:37]	[[semantic]] ← [tool:disassemble] content='0000000000001399 <create_cookie>:\n    1399:\tpush   rbp\n    139a:\tmov    rbp,rsp\n    139d:\tsub    rsp,0x20\n    13a1:\tmov    rax,QWORD PTR fs:0x28\n    13aa:\tmov    QWORD PTR [rbp-0x8]
[19:01:37]	[[semantic]] → 调用 GLM...
[19:01:39]	[[semantic]] ← GLM 响应 (2.6s)
	[[semantic]] Now let me examine the other key functions: eat_cookie, edit_cookie, read_cookie, and init.
[19:01:39]	[[semantic]] → 工具 disassemble({'binary': '/work/test/target', 'function': 'eat_cookie', 'lines': 80})
[19:01:39]	[[semantic]] → 工具 disassemble({'binary': '/work/test/target', 'function': 'edit_cookie', 'lines': 80})
[19:01:39]	[[semantic]] → 工具 disassemble({'binary': '/work/test/target', 'function': 'read_cookie', 'lines': 80})
[19:01:39]	[[semantic]] → 工具 disassemble({'binary': '/work/test/target', 'function': 'init', 'lines': 60})
[19:01:39]	[[semantic]] ← [tool:disassemble] content='0000000000001628 <edit_cookie>:\n    1628:\tpush   rbp\n    1629:\tmov    rbp,rsp\n    162c:\tsub    rsp,0x20\n    1630:\tmov    rax,QWORD PTR fs:0x28\n    1639:\tmov    QWORD PTR [rbp-0x8],r
[19:01:39]	[[semantic]] ← [tool:disassemble] content='00000000000014e1 <eat_cookie>:\n    14e1:\tpush   rbp\n    14e2:\tmov    rbp,rsp\n    14e5:\tsub    rsp,0x10\n    14e9:\tmov    rax,QWORD PTR fs:0x28\n    14f2:\tmov    QWORD PTR [rbp-0x8],ra
[19:01:39]	[[semantic]] ← [tool:disassemble] content='0000000000001232 <init>:\n    1232:\tpush   rbp\n    1233:\tmov    rbp,rsp\n    1236:\tsub    rsp,0x10\n    123a:\tmov    rax,QWORD PTR fs:0x28\n    1243:\tmov    QWORD PTR [rbp-0x8],rax\n   
[19:01:39]	[[semantic]] ← [tool:disassemble] content='0000000000001751 <read_cookie>:\n    1751:\tpush   rbp\n    1752:\tmov    rbp,rsp\n    1755:\tsub    rsp,0x10\n    1759:\tmov    rax,QWORD PTR fs:0x28\n    1762:\tmov    QWORD PTR [rbp-0x8],r
[19:01:39]	[[semantic]] → 调用 GLM...
[19:01:41]	[[semantic]] ← GLM 响应 (2.2s)
	[[semantic]] Now I have a clear picture. Let me verify the key details about the `edit_cookie` index check and the `eat_cookie` UAF pattern. Let me check the strings to confirm format strings and the scanf format.
[19:01:41]	[[semantic]] → 工具 list_strings({'binary': '/work/test/target', 'max_lines': 80})
[19:01:41]	[[semantic]] ← [tool:list_strings] content='/lib64/ld-linux-x86-64.so.2\nmfUa\nexit\nfopen\n__isoc99_scanf\nputs\n__stack_chk_fail\nstdin\nstrdup\nprintf\ncalloc\nstdout\nstderr\nalarm\nfread\n__cxa_finalize\nsetvbuf\n__libc_start_main
[19:01:41]	[[semantic]] → 调用 GLM...
[19:02:13]	[[semantic]] ← GLM 响应 (31.1s)
	[[semantic]] Now I have all the information I need. Let me analyze the vulnerabilities:

**1. `edit_cookie` — signed index allows negative/OOB access (CWE-129)**
- At `0x1671`: `scanf("%llu", &idx)` reads into `rbp-0x10` as unsigned 64-bit
- At `0x1681`: `cmp rdx, rax` / `jl 0x1692` — checks `idx < cookie_num` (
[19:02:13] [semantic] ✓ BugReport 校验通过
[19:02:13] [semantic] ✓ BugReport 校验通过
[19:02:13] [semantic] ✓ BugReport 校验通过
[19:02:13] [restore] /work/0001-2020-1. ROP/exploit
[19:02:13] [restore] /work/0010-2021-30-fortunecookie1/exploit
[19:02:13] [restore] /work/0011-2021-31-fortunecookie2/exploit
{
  "stage": 2,
  "binary": "/work/test/target",
  "success": true,
  "error": null,
  "ctx_json": "{\"binary_info\":{\"schema\":\"BinaryInfo\",\"version\":\"1.0\",\"binary_path\":\"/work/test/target\",\"arch\":\"amd64\",\"bits\":64,\"libc_version\":\"2.39\",\"mitigation\":{\"relro\":\"full\",\"nx\":true,\"canary\":true,\"pie\":true,\"fortify\":false,\"glibc\":\"2.39\",\"aslr\":true,\"cet\":{\"shstk\":false,\"ibt\":false}},\"global_vars\":\"    18: 0000000000004020     8 OBJECT  GLOBAL DEFAULT   24 stdout@GLIBC_2.2.5 (2)\\n    20: 0000000000004030     8 OBJECT  GLOBAL DEFAULT   24 stdin@GLIBC_2.2.5 (2)\\n    21: 0000000000004040     8 OBJECT  GLOBAL DEFAULT   24 stderr@GLIBC_2.2.5 (2)\\n    30: 0000000000004048     1 OBJECT  LOCAL  DEFAULT   24 completed.0\\n    31: 0000000000003d60     0 OBJECT  LOCAL  DEFAULT   20 __do_global_dtors_aux_fini_array_entry\\n    33: 0000000000003d58     0 OBJECT  LOCAL  DEFAULT   19 __frame_dummy_init_array_entry\\n    36: 00000000000024bc     0 OBJECT  LOCAL  DEFAULT   18 __FRAME_END__\\n    39: 0000000000003d68     0 OBJECT  LOCAL  DEFAULT   21 _DYNAMIC\\n    42: 0000000000003f58     0 OBJECT  LOCAL  DEFAULT   22 _GLOBAL_OFFSET_TABLE_\\n    48: 0000000000004020     8 OBJECT  GLOBAL DEFAULT   24 stdout@@GLIBC_2.2.5\\n    50: 00000000000041e8     8 OBJECT  GLOBAL DEFAULT   24 cookie_num\\n    53: 0000000000004030     8 OBJECT  GLOBAL DEFAULT   24 stdin@@GLIBC_2.2.5\\n    61: 00000000000041e0     8 OBJECT  GLOBAL DEFAULT   24 urandom\\n    68: 0000000000004008     0 OBJECT  GLOBAL HIDDEN    23 __dso_handle\\n    69: 0000000000002000     4 OBJECT  GLOBAL DEFAULT   16 _IO_stdin_used\\n    78: 0000000000004160   128 OBJECT  GLOBAL DEFAULT   24 msg_size\\n    81: 0000000000004010     0 OBJECT  GLOBAL HIDDEN    23 __TMC_END__\\n    87: 0000000000004060   256 OBJECT  GLOBAL DEFAULT   24 msg\\n    88: 0000000000004040     8 OBJECT  GLOBAL DEFAULT   24 stderr@@GLIBC_2.2.5\\n\",\"sections\":\"There are 29 section headers, starting at offset 0x3d10:\\n\\nSection Headers:\\n  [Nr] Name              Type             Address           Offset\\n       Size              EntSize          Flags  Link  Info  Align\\n  [ 0]                   NULL             0000000000000000  00000000\\n       0000000000000000  0000000000000000           0     0     0\\n  [ 1] .interp           PROGBITS         00000000000002a8  000002a8\\n       000000000000001c  0000000000000000   A       0     0     1\\n  [ 2] .note.gnu.bu[...] NOTE             00000000000002c4  000002c4\\n       0000000000000024  0000000000000000   A       0     0     4\\n  [ 3] .note.ABI-tag     NOTE             00000000000002e8  000002e8\\n       0000000000000020  0000000000000000   A       0     0     4\\n  [ 4] .gnu.hash         GNU_HASH         0000000000000308  00000308\\n       0000000000000034  0000000000000000   A       5     0     8\\n  [ 5] .dynsym           DYNSYM           0000000000000340  00000340\\n       0000000000000210  0000000000000018   A       6     1     8\\n  [ 6] .dynstr           STRTAB           0000000000000550  00000550\\n       0000000000000103  0000000000000000   A       0     0     1\\n  [ 7] .gnu.version      VERSYM           0000000000000654  00000654\\n       000000000000002c  0000000000000002   A       5     0     2\\n  [ 8] .gnu.version_r    VERNEED          0000000000000680  00000680\\n       0000000000000040  0000000000000000   A       6     1     8\\n  [ 9] .rela.dyn         RELA             00000000000006c0  000006c0\\n       0000000000000108  0000000000000018   A       5     0     8\\n  [10] .rela.plt         RELA             00000000000007c8  000007c8\\n       0000000000000138  0000000000000018  AI       5    22     8\\n  [11] .init             PROGBITS         0000000000001000  00001000\\n       0000000000000017  0000000000000000  AX       0     0     4\\n  [12] .plt              PROGBITS         0000000000001020  00001020\\n       00000000000000e0  0000000000000010  AX       0     0     16\\n  [13] .plt.got          PROGBITS         0000000000001100  00001100\\n       0000000000000008  0000000000000008  AX       0     0     8\\n  [14] .text             PROGBITS         0000000000001110  00001110\\n       0000000000000891  0000000000000000  AX       0     0     16\\n  [15] .fini             PROGBITS         00000000000019a4  000019a4\\n       0000000000000009  0000000000000000  AX       0     0     4\\n  [16] .rodata           PROGBITS         0000000000002000  00002000\\n       0000000000000266  0000000000000000   A       0     0     8\\n  [17] .eh_frame_hdr     PROGBITS         0000000000002268  00002268\\n       0000000000000074  0000000000000000   A       0     0     4\\n  [18] .eh_frame         PROGBITS         00000000000022e0  000022e0\\n       00000000000001e0  0000000000000000   A       0     0     8\\n  [19] .init_array       INIT_ARRAY       0000000000003d58  00002d58\\n       0000000000000008  0000000000000008  WA       0     0     8\\n  [20] .fini_array       FINI_ARRAY       0000000000003d60  00002d60\\n       0000000000000008  0000000000000008  WA       0     0     8\\n  [21] .dynamic          DYNAMIC          0000000000003d68  00002d68\\n       00000000000001f0  0000000000000010  WA       6     0     8\\n  [22] .got              PROGBITS         0000000000003f58  00002f58\\n       00000000000000a8  0000000000000008  WA       0     0     8\\n  [23] .data             PROGBITS         0000000000004000  00003000\\n       0000000000000010  0000000000000000  WA       0     0     8\\n  [24] .bss              NOBITS           0000000000004020  00003010\\n       00000000000001d0  0000000000000000  WA       0     0     32\\n  [25] .comment          PROGBITS         0000000000000000  00003010\\n       000000000000001f  0000000000000001  MS       0     0     1\\n  [26] .symtab           SYMTAB           0000000000000000  00003030\\n       0000000000000858  0000000000000018          27    44     8\\n  [27] .strtab           STRTAB           0000000000000000  00003888\\n       0000000000000384  0000000000000000           0     0     1\\n  [28] .shstrtab         STRTAB           0000000000000000  00003c0c\\n       00000000000000fe  0000000000000000           0     0     1\\nKey to Flags:\\n  W (write), A (alloc), X (execute), M (merge), S (strings), I (info),\\n  L (link order), O (extra OS processing required), G (group), T (TLS),\\n  C (compressed), x (unknown), o (OS specific), E (exclude),\\n  D (mbind), l (large), p (processor specific)\\n\",\"symbols\":\"0000000000003d68 d _DYNAMIC\\n0000000000003f58 d _GLOBAL_OFFSET_TABLE_\\n0000000000002000 R _IO_stdin_used\\n                 w _ITM_deregisterTMCloneTable\\n                 w _ITM_registerTMCloneTable\\n00000000000024bc r __FRAME_END__\\n0000000000002268 r __GNU_EH_FRAME_HDR\\n0000000000004010 D __TMC_END__\\n0000000000004010 B __bss_start\\n                 w __cxa_finalize@@GLIBC_2.2.5\\n0000000000004000 D __data_start\\n00000000000011b0 t __do_global_dtors_aux\\n0000000000003d60 d __do_global_dtors_aux_fini_array_entry\\n0000000000004008 D __dso_handle\\n0000000000003d58 d __frame_dummy_init_array_entry\\n                 w __gmon_start__\\n0000000000003d60 d __init_array_end\\n0000000000003d58 d __init_array_start\\n                 U __isoc99_scanf@@GLIBC_2.7\\n00000000000019a0 T __libc_csu_fini\\n0000000000001940 T __libc_csu_init\\n                 U __libc_start_main@@GLIBC_2.2.5\\n                 U __stack_chk_fail@@GLIBC_2.4\\n00000000000011f5 T _abort\\n0000000000004010 D _edata\\n00000000000041f0 B _end\\n00000000000019a4 T _fini\\n0000000000001000 t _init\\n0000000000001110 T _start\\n                 U alarm@@GLIBC_2.2.5\\n                 U calloc@@GLIBC_2.2.5\\n0000000000004048 b completed.0\\n00000000000041e8 B cookie_num\\n0000000000001399 T create_cookie\\n0000000000004000 W data_start\\n0000000000001140 t deregister_tm_clones\\n00000000000014e1 T eat_cookie\\n0000000000001628 T edit_cookie\\n                 U exit@@GLIBC_2.2.5\\n                 U fopen@@GLIBC_2.2.5\\n00000000000011f0 t frame_dummy\\n                 U fread@@GLIBC_2.2.5\\n                 U free@@GLIBC_2.2.5\\n0000000000001232 T init\\n000000000000187f T main\\n00000000000017fd T menu\\n0000000000004060 B msg\\n0000000000004160 B msg_size\\n                 U printf@@GLIBC_2.2.5\\n                 U puts@@GLIBC_2.2.5\\n                 U read@@GLIBC_2.2.5\\n0000000000001751 T read_cookie\\n0000000000001170 t register_tm_clones\\n                 U setvbuf@@GLIBC_2.2.5\\n0000000000004040 B stderr@@GLIBC_2.2.5\\n0000000000004030 B stdin@@GLIBC_2.2.5\\n0000000000004020 B stdout@@GLIBC_2.2.5\\n                 U strdup@@GLIBC_2.2.5\\n00000000000041e0 B urandom\\n\"},\"bug_reports\":[{\"schema\":\"BugReport\",\"version\":\"2.0\",\"bug_id\":\"BUG-001\",\"bug_type\":\"Out-of-Bounds Array Index (signed comparison with unsigned input)\",\"root_cause\":{\"type\":\"signed_comparison_unsigned_input\",\"variable\":\"idx (rbp-0x10)\",\"detail\":\"edit_cookie reads index via scanf('%llu', &idx) as unsigned 64-bit, then checks idx < cookie_num using signed 'jl' (0x1684). A value like 0xFFFFFFFFFFFFFFFF (-1 signed) passes the check, enabling OOB read/write into msg[] and msg_size[] arrays.\"},\"affected_functions\":[\"edit_cookie\"],\"cwe\":\"CWE-129\",\"confidence\":0.92,\"edit_semantic\":\"write\",\"read_semantic\":\"\",\"idx_bound\":\"msg[32] / msg_size[32] (cookie_num max 0x20, arrays at 0x4060/0x4160)\",\"evidence\":[{\"function\":\"edit_cookie\",\"location\":\"0x1671\",\"instruction\":\"call __isoc99_scanf@plt  # %llu into rbp-0x10 (unsigned read)\"},{\"function\":\"edit_cookie\",\"location\":\"0x1681\",\"instruction\":\"cmp rdx,rax  # rdx=user idx, rax=cookie_num\"},{\"function\":\"edit_cookie\",\"location\":\"0x1684\",\"instruction\":\"jl 0x1692  # signed less-than: negative/large unsigned passes\"},{\"function\":\"edit_cookie\",\"location\":\"0x16b6\",\"instruction\":\"mov eax,DWORD PTR [rdx+rax*1]  # OOB read msg_size[idx]\"},{\"function\":\"edit_cookie\",\"location\":\"0x16d2\",\"instruction\":\"mov rax,QWORD PTR [rcx+rax*1]  # OOB read msg[idx] pointer\"},{\"function\":\"edit_cookie\",\"location\":\"0x16de\",\"instruction\":\"call read@plt  # write into OOB-fetched pointer\"}]},{\"schema\":\"BugReport\",\"version\":\"2.0\",\"bug_id\":\"BUG-002\",\"bug_type\":\"Out-of-Bounds Array Index (signed comparison with unsigned input)\",\"root_cause\":{\"type\":\"signed_comparison_unsigned_input\",\"variable\":\"idx (rbp-0x10)\",\"detail\":\"read_cookie reads index via scanf('%llu', &idx) as unsigned 64-bit, then checks idx < cookie_num using signed 'jl' (0x17aa). A value like 0xFFFFFFFFFFFFFFFF (-1 signed) passes the check, enabling OOB read of msg[] pointer and subsequent info leak via printf.\"},\"affected_functions\":[\"read_cookie\"],\"cwe\":\"CWE-129\",\"confidence\":0.92,\"edit_semantic\":\"\",\"read_semantic\":\"leak\",\"idx_bound\":\"msg[32] (cookie_num max 0x20, array at 0x4060)\",\"evidence\":[{\"function\":\"read_cookie\",\"location\":\"0x179a\",\"instruction\":\"call __isoc99_scanf@plt  # %llu into rbp-0x10 (unsigned read)\"},{\"function\":\"read_cookie\",\"location\":\"0x17aa\",\"instruction\":\"cmp rdx,rax  # rdx=user idx, rax=cookie_num\"},{\"function\":\"read_cookie\",\"location\":\"0x17ad\",\"instruction\":\"jl 0x17bb  # signed less-than: negative/large unsigned passes\"},{\"function\":\"read_cookie\",\"location\":\"0x17ce\",\"instruction\":\"mov rax,QWORD PTR [rdx+rax*1]  # OOB read msg[idx] pointer\"},{\"function\":\"read_cookie\",\"location\":\"0x17e1\",\"instruction\":\"call printf@plt  # print OOB-fetched pointer as string → info leak\"}]},{\"schema\":\"BugReport\",\"version\":\"2.0\",\"bug_id\":\"BUG-003\",\"bug_type\":\"Use-After-Free / Double-Free (dangling pointer after swap-remove)\",\"root_cause\":{\"type\":\"dangling_pointer_swap_remove\",\"variable\":\"msg[cookie_num-1]\",\"detail\":\"eat_cookie frees msg[idx] then swaps msg[cookie_num-1] into msg[idx] without nulling the old last slot. After cookie_num--, both msg[idx] and the old last slot (now at index cookie_num) reference the same live chunk. A subsequent eat_cookie that randomly selects one of the duplicate slots frees it while the other slot retains the dangling pointer, enabling UAF read/write or double-free.\"},\"affected_functions\":[\"eat_cookie\"],\"cwe\":\"CWE-416\",\"confidence\":0.85,\"edit_semantic\":\"\",\"read_semantic\":\"\",\"idx_bound\":\"\",\"evidence\":[{\"function\":\"eat_cookie\",\"location\":\"0x158e\",\"instruction\":\"call free@plt  # free(msg[idx])\"},{\"function\":\"eat_cookie\",\"location\":\"0x15b0\",\"instruction\":\"mov rax,QWORD PTR [rcx+rax*1]  # read msg[cookie_num-1]\"},{\"function\":\"eat_cookie\",\"location\":\"0x15c6\",\"instruction\":\"mov QWORD PTR [rcx+rdx*1],rax  # msg[idx]=msg[cookie_num-1] (swap, old last NOT nulled)\"},{\"function\":\"eat_cookie\",\"location\":\"0x160a\",\"instruction\":\"mov QWORD PTR [rip+0x2bd7],rax  # cookie_num-- (old last slot still holds duplicate pointer)\"}]}],\"impact_reports\":[],\"strategy_reports\":[],\"final_exploit_path\":\"\",\"final_report\":{}}",
  "bug_ids": [
    "BUG-001",
    "BUG-002",
    "BUG-003"
  ],
  "_saved": "/work/test/stage2.json"
}
